loading runs/round9_final.bin ...
resumed 1 stage(s)
patterns=16  weights/stage=268435456  stages=1  memory=3.00 GiB  threads=7  alpha=0.100  TC=on
ep 2000           87s  mean    270614  max   530956  V    216126  |d|     401    239k mv/s  1024  99.6  2048  99.0  4096  97.6  8192  93.5  16k  70.2  32k   0.1
ep 4000          174s  mean    271368  max   516192  V    216104  |d|     399    240k mv/s  1024 100.0  2048  99.7  4096  97.9  8192  93.9  16k  69.5  32k   0.1
ep 6000          260s  mean    271194  max   559348  V    216181  |d|     398    240k mv/s  1024  99.8  2048  99.3  4096  97.8  8192  93.7  16k  71.0  32k   0.1
ep 8000          344s  mean    266337  max   514068  V    216860  |d|     397    242k mv/s  1024  99.8  2048  99.2  4096  97.3  8192  93.1  16k  67.8  32k   0.1
ep 10000         427s  mean    268467  max   511148  V    216389  |d|     399    243k mv/s  1024  99.8  2048  99.5  4096  97.3  8192  92.5  16k  69.3  32k   0.1
ep 12000         512s  mean    267948  max   524480  V    215980  |d|     397    243k mv/s  1024  99.7  2048  99.3  4096  97.2  8192  92.1  16k  68.6  32k   0.1
ep 14000         597s  mean    270821  max   434504  V    215899  |d|     400    243k mv/s  1024  99.8  2048  99.2  4096  97.5  8192  92.8  16k  69.8  32k   0.0
ep 16000         682s  mean    268290  max   387156  V    216446  |d|     397    243k mv/s  1024  99.8  2048  99.2  4096  97.0  8192  92.8  16k  69.0  32k   0.0
ep 18000         768s  mean    270975  max   386852  V    215700  |d|     401    243k mv/s  1024  99.6  2048  99.0  4096  97.2  8192  92.9  16k  70.6  32k   0.0
ep 20000         853s  mean    268228  max   387212  V    216389  |d|     399    243k mv/s  1024  99.7  2048  99.2  4096  97.2  8192  92.8  16k  69.3  32k   0.0
ep 22000         939s  mean    271277  max   531664  V    216261  |d|     396    243k mv/s  1024  99.9  2048  99.3  4096  97.3  8192  92.7  16k  70.9  32k   0.1
ep 24000        1024s  mean    271062  max   533008  V    216205  |d|     398    243k mv/s  1024  99.7  2048  99.1  4096  97.7  8192  93.0  16k  70.3  32k   0.1
ep 26000        1109s  mean    269219  max   484444  V    216014  |d|     402    243k mv/s  1024  99.8  2048  99.2  4096  97.5  8192  92.4  16k  69.7  32k   0.1
ep 28000        1195s  mean    273310  max   560768  V    215889  |d|     399    243k mv/s  1024  99.8  2048  99.1  4096  97.9  8192  94.0  16k  70.4  32k   0.1
ep 30000        1281s  mean    268954  max   387444  V    216318  |d|     400    243k mv/s  1024  99.7  2048  99.2  4096  97.3  8192  91.9  16k  69.7  32k   0.0
ep 32000        1365s  mean    266747  max   554700  V    216510  |d|     400    244k mv/s  1024 100.0  2048  99.2  4096  98.0  8192  92.8  16k  67.5  32k   0.1
ep 34000        1449s  mean    270479  max   488976  V    216393  |d|     397    244k mv/s  1024  99.8  2048  99.2  4096  97.6  8192  93.3  16k  69.3  32k   0.1
ep 36000        1534s  mean    270661  max   512220  V    215981  |d|     402    244k mv/s  1024  99.8  2048  99.3  4096  97.6  8192  92.3  16k  69.9  32k   0.1
ep 38000        1620s  mean    271221  max   560656  V    216533  |d|     394    244k mv/s  1024  99.8  2048  99.4  4096  97.1  8192  92.3  16k  71.2  32k   0.1
ep 40000        1706s  mean    269322  max   481304  V    216438  |d|     400    244k mv/s  1024  99.9  2048  99.5  4096  97.8  8192  93.7  16k  68.9  32k   0.1
ep 42000        1791s  mean    265241  max   387260  V    216832  |d|     400    244k mv/s  1024  99.8  2048  99.0  4096  96.8  8192  92.2  16k  67.8  32k   0.0
ep 44000        1877s  mean    271525  max   527140  V    216421  |d|     400    243k mv/s  1024  99.9  2048  99.7  4096  97.8  8192  93.6  16k  70.5  32k   0.1
ep 46000        1963s  mean    271956  max   503736  V    216180  |d|     402    243k mv/s  1024  99.9  2048  99.5  4096  97.5  8192  93.4  16k  71.0  32k   0.1
ep 48000        2049s  mean    272578  max   387248  V    216476  |d|     397    243k mv/s  1024 100.0  2048  99.6  4096  98.2  8192  93.8  16k  71.0  32k   0.0
ep 50000        2133s  mean    269997  max   582960  V    216588  |d|     401    244k mv/s  1024  99.8  2048  99.2  4096  97.7  8192  92.8  16k  70.5  32k   0.1
ep 52000        2219s  mean    270863  max   525084  V    216494  |d|     400    244k mv/s  1024  99.8  2048  99.5  4096  97.5  8192  93.8  16k  70.3  32k   0.1
ep 54000        2303s  mean    267012  max   522288  V    216840  |d|     399    244k mv/s  1024  99.8  2048  99.3  4096  97.2  8192  92.3  16k  68.7  32k   0.1
ep 56000        2388s  mean    270013  max   529404  V    216378  |d|     401    244k mv/s  1024  99.9  2048  99.5  4096  97.7  8192  93.0  16k  68.9  32k   0.1
checkpoint -> runs/r11_ctl.bin (ep 57680)
ep 58000        2474s  mean    272028  max   563768  V    216526  |d|     398    244k mv/s  1024  99.9  2048  99.7  4096  98.0  8192  92.9  16k  70.5  32k   0.1
ep 60000        2560s  mean    272075  max   502756  V    216664  |d|     398    244k mv/s  1024  99.8  2048  99.5  4096  97.7  8192  94.2  16k  70.5  32k   0.1
ep 62000        2646s  mean    270096  max   530180  V    216647  |d|     398    244k mv/s  1024  99.9  2048  99.5  4096  97.6  8192  93.1  16k  69.5  32k   0.1
ep 64000        2733s  mean    271206  max   512692  V    216834  |d|     397    244k mv/s  1024  99.8  2048  99.5  4096  98.1  8192  94.0  16k  70.5  32k   0.1
ep 66000        2819s  mean    267233  max   509704  V    216822  |d|     398    243k mv/s  1024  99.9  2048  99.4  4096  97.5  8192  93.0  16k  67.3  32k   0.1
ep 68000        2906s  mean    272354  max   552768  V    216765  |d|     399    243k mv/s  1024  99.8  2048  99.7  4096  98.2  8192  93.8  16k  70.8  32k   0.1
ep 70000        2991s  mean    269254  max   408772  V    216893  |d|     401    243k mv/s  1024  99.7  2048  98.8  4096  97.3  8192  93.7  16k  69.3  32k   0.0
ep 72000        3076s  mean    269433  max   578480  V    216880  |d|     400    243k mv/s  1024  99.8  2048  99.2  4096  97.6  8192  92.6  16k  69.5  32k   0.1
ep 74000        3162s  mean    270640  max   486704  V    217209  |d|     395    243k mv/s  1024 100.0  2048  99.7  4096  98.3  8192  94.1  16k  70.2  32k   0.1
ep 76000        3247s  mean    269783  max   464204  V    216736  |d|     400    243k mv/s  1024  99.8  2048  99.4  4096  97.8  8192  93.5  16k  68.8  32k   0.1
ep 78000        3332s  mean    269236  max   532848  V    216993  |d|     399    243k mv/s  1024  99.8  2048  99.3  4096  98.0  8192  92.7  16k  70.1  32k   0.1
ep 80000        3417s  mean    268749  max   386668  V    217334  |d|     396    243k mv/s  1024  99.8  2048  99.2  4096  97.8  8192  93.2  16k  69.7  32k   0.0
ep 82000        3502s  mean    265904  max   533008  V    217683  |d|     396    243k mv/s  1024  99.8  2048  99.2  4096  97.2  8192  92.2  16k  69.6  32k   0.1
ep 84000        3586s  mean    268018  max   533484  V    217073  |d|     400    243k mv/s  1024  99.8  2048  99.3  4096  97.5  8192  92.7  16k  69.1  32k   0.3
ep 86000        3671s  mean    270998  max   557416  V    216676  |d|     402    243k mv/s  1024  99.8  2048  99.5  4096  97.8  8192  93.1  16k  70.1  32k   0.1
ep 88000        3758s  mean    271469  max   534276  V    216894  |d|     401    243k mv/s  1024  99.7  2048  99.0  4096  97.3  8192  93.3  16k  70.8  32k   0.2
ep 90000        3843s  mean    268300  max   508684  V    216901  |d|     401    243k mv/s  1024  99.9  2048  99.2  4096  97.7  8192  92.3  16k  69.0  32k   0.1
ep 92000        3929s  mean    270545  max   489872  V    216846  |d|     401    243k mv/s  1024  99.9  2048  99.5  4096  97.8  8192  92.8  16k  69.5  32k   0.1
ep 94000        4016s  mean    274067  max   526432  V    216575  |d|     405    243k mv/s  1024 100.0  2048  99.3  4096  97.7  8192  94.0  16k  72.0  32k   0.1
ep 96000        4101s  mean    270880  max   530176  V    216942  |d|     396    243k mv/s  1024  99.8  2048  99.3  4096  97.7  8192  93.9  16k  69.3  32k   0.1
ep 98000        4186s  mean    270000  max   524420  V    217348  |d|     398    243k mv/s  1024  99.9  2048  99.7  4096  97.8  8192  93.1  16k  69.9  32k   0.1
ep 100000       4273s  mean    269989  max   486484  V    217133  |d|     400    243k mv/s  1024  99.9  2048  99.5  4096  97.4  8192  93.2  16k  70.4  32k   0.1
ep 102000       4357s  mean    268659  max   531556  V    216975  |d|     401    243k mv/s  1024  99.8  2048  99.3  4096  97.2  8192  92.4  16k  69.3  32k   0.1
ep 104000       4443s  mean    270395  max   517956  V    217139  |d|     398    243k mv/s  1024  99.8  2048  99.5  4096  97.5  8192  92.7  16k  71.0  32k   0.1
ep 106000       4528s  mean    268428  max   388432  V    217481  |d|     396    243k mv/s  1024  99.5  2048  98.7  4096  96.8  8192  93.0  16k  70.0  32k   0.0
ep 108000       4612s  mean    264916  max   515476  V    217625  |d|     401    243k mv/s  1024  99.9  2048  99.3  4096  96.8  8192  91.7  16k  68.0  32k   0.1
ep 110000       4697s  mean    268707  max   387472  V    217400  |d|     401    243k mv/s  1024  99.9  2048  99.3  4096  97.5  8192  92.8  16k  69.7  32k   0.0
ep 112000       4782s  mean    271455  max   523696  V    216733  |d|     403    243k mv/s  1024  99.9  2048  99.3  4096  97.5  8192  92.7  16k  70.0  32k   0.1
ep 114000       4868s  mean    271410  max   563836  V    216860  |d|     402    243k mv/s  1024  99.8  2048  99.2  4096  97.7  8192  92.8  16k  71.0  32k   0.1
checkpoint -> runs/r11_ctl.bin (ep 115254)
ep 116000       4951s  mean    265387  max   483612  V    217672  |d|     399    243k mv/s  1024  99.7  2048  99.0  4096  96.9  8192  92.6  16k  67.8  32k   0.1
ep 118000       5037s  mean    270195  max   525996  V    217541  |d|     398    243k mv/s  1024  99.8  2048  99.3  4096  97.8  8192  93.9  16k  69.2  32k   0.1
ep 120000       5122s  mean    267591  max   533168  V    217561  |d|     397    243k mv/s  1024  99.6  2048  99.0  4096  97.4  8192  92.7  16k  68.7  32k   0.1
ep 122000       5206s  mean    268615  max   561580  V    217826  |d|     396    243k mv/s  1024  99.7  2048  99.2  4096  97.8  8192  92.8  16k  69.5  32k   0.1
ep 124000       5293s  mean    274626  max   385544  V    216744  |d|     401    243k mv/s  1024  99.9  2048  99.5  4096  98.0  8192  94.0  16k  71.3  32k   0.0
ep 126000       5378s  mean    268900  max   584136  V    217246  |d|     402    243k mv/s  1024 100.0  2048  99.2  4096  96.8  8192  92.7  16k  69.2  32k   0.1
ep 128000       5464s  mean    271378  max   387312  V    217102  |d|     401    243k mv/s  1024  99.6  2048  99.0  4096  97.5  8192  93.0  16k  70.9  32k   0.0
ep 130000       5547s  mean    268109  max   571244  V    217218  |d|     399    243k mv/s  1024  99.8  2048  99.3  4096  97.0  8192  91.8  16k  69.1  32k   0.1
ep 132000       5632s  mean    269626  max   530748  V    217371  |d|     400    243k mv/s  1024  99.9  2048  99.4  4096  98.1  8192  93.1  16k  70.2  32k   0.1
ep 134000       5718s  mean    269798  max   494052  V    217416  |d|     402    243k mv/s  1024  99.8  2048  99.2  4096  97.6  8192  92.8  16k  70.0  32k   0.1
ep 136000       5803s  mean    271892  max   534200  V    217081  |d|     402    244k mv/s  1024  99.9  2048  99.4  4096  97.7  8192  93.3  16k  70.3  32k   0.1
ep 138000       5888s  mean    269791  max   488656  V    217662  |d|     400    244k mv/s  1024  99.8  2048  99.2  4096  97.3  8192  93.3  16k  69.9  32k   0.1
ep 140000       5974s  mean    273854  max   387524  V    216785  |d|     404    244k mv/s  1024  99.8  2048  99.5  4096  98.5  8192  93.6  16k  70.9  32k   0.0
ep 142000       6060s  mean    272898  max   519712  V    216867  |d|     401    244k mv/s  1024 100.0  2048  99.3  4096  97.2  8192  93.0  16k  71.2  32k   0.2
ep 144000       6146s  mean    269934  max   557244  V    217535  |d|     398    244k mv/s  1024  99.9  2048  99.5  4096  97.8  8192  93.2  16k  69.7  32k   0.1
ep 146000       6231s  mean    269587  max   484992  V    217779  |d|     397    244k mv/s  1024  99.8  2048  99.5  4096  97.7  8192  93.0  16k  69.8  32k   0.1
ep 148000       6318s  mean    274639  max   386112  V    217080  |d|     401    244k mv/s  1024 100.0  2048  99.5  4096  98.2  8192  94.2  16k  71.6  32k   0.0
ep 150000       6404s  mean    272109  max   388156  V    217400  |d|     396    244k mv/s  1024  99.8  2048  99.3  4096  97.7  8192  93.6  16k  71.0  32k   0.0
ep 152000       6489s  mean    270948  max   532800  V    217647  |d|     398    244k mv/s  1024  99.7  2048  99.2  4096  97.6  8192  93.3  16k  70.9  32k   0.1
ep 154000       6574s  mean    270348  max   387100  V    217376  |d|     400    244k mv/s  1024  99.7  2048  99.3  4096  97.3  8192  92.8  16k  70.2  32k   0.0
ep 156000       6658s  mean    269547  max   387084  V    217489  |d|     400    244k mv/s  1024  99.8  2048  99.5  4096  97.6  8192  92.2  16k  69.8  32k   0.0
ep 158000       6743s  mean    273464  max   552640  V    217465  |d|     397    244k mv/s  1024  99.9  2048  99.7  4096  98.2  8192  93.5  16k  71.2  32k   0.1
ep 160000       6827s  mean    268265  max   469000  V    217780  |d|     397    244k mv/s  1024  99.7  2048  99.0  4096  97.3  8192  92.9  16k  68.8  32k   0.1
ep 162000       6914s  mean    273600  max   528556  V    217609  |d|     396    244k mv/s  1024 100.0  2048  99.7  4096  98.2  8192  94.1  16k  71.0  32k   0.1
ep 164000       6998s  mean    268499  max   387064  V    217962  |d|     398    244k mv/s  1024  99.9  2048  99.4  4096  97.2  8192  93.0  16k  69.5  32k   0.0
ep 166000       7082s  mean    266096  max   385640  V    218527  |d|     399    244k mv/s  1024  99.8  2048  99.3  4096  97.5  8192  92.8  16k  69.0  32k   0.0
ep 168000       7168s  mean    270059  max   530064  V    217364  |d|     402    244k mv/s  1024  99.8  2048  99.2  4096  96.7  8192  92.2  16k  70.5  32k   0.1
ep 170000       7253s  mean    270864  max   587592  V    217261  |d|     402    244k mv/s  1024  99.8  2048  99.2  4096  97.0  8192  92.2  16k  70.5  32k   0.2
ep 172000       7338s  mean    268162  max   556480  V    217974  |d|     400    244k mv/s  1024  99.7  2048  99.0  4096  97.5  8192  92.7  16k  69.3  32k   0.1
checkpoint -> runs/r11_ctl.bin (ep 172992)
ep 174000       7424s  mean    272334  max   387284  V    218036  |d|     393    244k mv/s  1024  99.8  2048  99.4  4096  97.9  8192  94.0  16k  70.7  32k   0.0
ep 176000       7510s  mean    269924  max   580420  V    217726  |d|     397    244k mv/s  1024 100.0  2048  99.2  4096  97.5  8192  92.9  16k  70.0  32k   0.1
ep 178000       7596s  mean    272983  max   528140  V    217477  |d|     396    244k mv/s  1024  99.8  2048  99.3  4096  97.8  8192  93.3  16k  70.7  32k   0.1
ep 180000       7681s  mean    269503  max   558228  V    217793  |d|     400    244k mv/s  1024  99.8  2048  99.5  4096  97.2  8192  92.8  16k  69.7  32k   0.1
ep 182000       7767s  mean    273883  max   387224  V    217421  |d|     401    244k mv/s  1024  99.8  2048  98.9  4096  97.3  8192  94.1  16k  71.6  32k   0.0
ep 184000       7853s  mean    268417  max   555476  V    218099  |d|     398    244k mv/s  1024  99.9  2048  99.4  4096  97.8  8192  92.4  16k  68.8  32k   0.1
ep 186000       7939s  mean    273204  max   522064  V    217581  |d|     401    244k mv/s  1024  99.9  2048  99.5  4096  98.0  8192  93.8  16k  71.5  32k   0.1
ep 188000       8025s  mean    270863  max   559812  V    218127  |d|     396    244k mv/s  1024  99.8  2048  99.2  4096  97.8  8192  93.8  16k  70.0  32k   0.1
ep 190000       8110s  mean    270991  max   488152  V    217802  |d|     400    244k mv/s  1024  99.7  2048  99.4  4096  97.8  8192  93.7  16k  70.0  32k   0.1
ep 192000       8196s  mean    271867  max   492332  V    217565  |d|     403    244k mv/s  1024  99.8  2048  99.0  4096  97.7  8192  93.1  16k  70.9  32k   0.1
ep 194000       8282s  mean    268838  max   519852  V    217727  |d|     401    244k mv/s  1024  99.7  2048  99.1  4096  97.3  8192  91.7  16k  69.8  32k   0.2
ep 196000       8366s  mean    269187  max   386996  V    218091  |d|     396    244k mv/s  1024  99.8  2048  99.2  4096  97.2  8192  92.0  16k  70.0  32k   0.0
ep 198000       8452s  mean    272212  max   504048  V    217807  |d|     398    244k mv/s  1024  99.7  2048  99.5  4096  97.8  8192  93.1  16k  70.9  32k   0.1
ep 200000       8537s  mean    266593  max   524520  V    218563  |d|     395    244k mv/s  1024  99.8  2048  99.2  4096  97.3  8192  92.5  16k  68.3  32k   0.1
ep 202000       8625s  mean    272282  max   387204  V    217892  |d|     397    244k mv/s  1024  99.7  2048  99.3  4096  97.7  8192  93.0  16k  71.3  32k   0.0
ep 204000       8711s  mean    271678  max   387160  V    218010  |d|     401    244k mv/s  1024  99.9  2048  99.5  4096  97.8  8192  93.3  16k  71.7  32k   0.0
ep 206000       8796s  mean    272114  max   513160  V    217827  |d|     401    244k mv/s  1024  99.6  2048  99.2  4096  97.8  8192  93.9  16k  70.7  32k   0.1
ep 208000       8881s  mean    271303  max   437604  V    217869  |d|     400    244k mv/s  1024  99.8  2048  99.4  4096  97.3  8192  93.3  16k  70.3  32k   0.0
ep 210000       8965s  mean    270631  max   513200  V    218461  |d|     396    244k mv/s  1024  99.8  2048  99.4  4096  97.4  8192  93.0  16k  71.2  32k   0.1
ep 212000       9049s  mean    272327  max   436272  V    218029  |d|     398    244k mv/s  1024  99.8  2048  99.4  4096  97.8  8192  93.2  16k  71.8  32k   0.0
ep 214000       9134s  mean    269928  max   390332  V    218234  |d|     397    244k mv/s  1024 100.0  2048  99.2  4096  97.7  8192  93.0  16k  70.1  32k   0.0
ep 216000       9219s  mean    270155  max   560600  V    218076  |d|     397    244k mv/s  1024  99.8  2048  99.1  4096  97.0  8192  93.2  16k  69.8  32k   0.1
ep 218000       9303s  mean    270857  max   554384  V    218064  |d|     400    244k mv/s  1024 100.0  2048  99.2  4096  97.2  8192  93.0  16k  70.8  32k   0.1
ep 220000       9389s  mean    271547  max   523860  V    217957  |d|     401    244k mv/s  1024  99.8  2048  99.3  4096  97.4  8192  93.4  16k  71.2  32k   0.1
ep 222000       9475s  mean    271288  max   483152  V    218132  |d|     397    244k mv/s  1024  99.8  2048  99.2  4096  97.7  8192  93.2  16k  70.2  32k   0.1
ep 224000       9560s  mean    270187  max   387296  V    218085  |d|     401    244k mv/s  1024  99.8  2048  99.5  4096  97.2  8192  92.6  16k  70.5  32k   0.0
ep 226000       9645s  mean    269384  max   387428  V    218309  |d|     399    244k mv/s  1024  99.9  2048  99.5  4096  96.8  8192  92.3  16k  70.3  32k   0.0
ep 228000       9730s  mean    273086  max   568672  V    217817  |d|     401    244k mv/s  1024  99.8  2048  99.0  4096  97.2  8192  93.2  16k  71.3  32k   0.2
ep 230000       9813s  mean    270215  max   387280  V    218296  |d|     399    244k mv/s  1024  99.9  2048  99.2  4096  96.8  8192  93.0  16k  70.2  32k   0.0
checkpoint -> runs/r11_ctl.bin (ep 230646)
ep 232000       9900s  mean    272336  max   585948  V    218004  |d|     401    244k mv/s  1024 100.0  2048  99.6  4096  98.0  8192  93.7  16k  70.2  32k   0.1
ep 234000       9984s  mean    268394  max   436812  V    218582  |d|     400    244k mv/s  1024 100.0  2048  99.2  4096  97.5  8192  93.3  16k  69.3  32k   0.0
ep 236000      10070s  mean    274357  max   386948  V    217846  |d|     398    244k mv/s  1024  99.8  2048  99.4  4096  98.0  8192  93.5  16k  71.7  32k   0.0
ep 238000      10156s  mean    271475  max   492932  V    218228  |d|     400    244k mv/s  1024  99.8  2048  99.3  4096  97.8  8192  92.9  16k  70.3  32k   0.1
ep 240000      10240s  mean    266948  max   467332  V    218751  |d|     399    244k mv/s  1024  99.9  2048  99.5  4096  97.6  8192  92.4  16k  68.7  32k   0.1
ep 242000      10324s  mean    269585  max   469468  V    218476  |d|     399    244k mv/s  1024 100.0  2048  99.3  4096  98.0  8192  93.4  16k  69.6  32k   0.1
ep 244000      10409s  mean    269806  max   490724  V    218255  |d|     400    244k mv/s  1024  99.8  2048  99.3  4096  97.5  8192  92.2  16k  70.2  32k   0.1
ep 246000      10492s  mean    268234  max   386984  V    218593  |d|     402    244k mv/s  1024  99.5  2048  99.0  4096  97.8  8192  92.5  16k  69.4  32k   0.0
ep 248000      10577s  mean    268657  max   414272  V    218332  |d|     402    244k mv/s  1024  99.6  2048  99.0  4096  97.7  8192  92.3  16k  69.5  32k   0.0
ep 250000      10664s  mean    276288  max   554444  V    217809  |d|     399    244k mv/s  1024  99.6  2048  99.5  4096  97.8  8192  93.2  16k  73.4  32k   0.1
ep 252000      10749s  mean    267454  max   534296  V    218505  |d|     400    244k mv/s  1024  99.9  2048  99.5  4096  97.0  8192  92.2  16k  69.0  32k   0.1
ep 254000      10835s  mean    272154  max   510988  V    218278  |d|     400    244k mv/s  1024 100.0  2048  99.5  4096  97.5  8192  93.5  16k  70.9  32k   0.1
ep 256000      10919s  mean    266435  max   549964  V    218524  |d|     401    244k mv/s  1024  99.8  2048  99.2  4096  96.8  8192  91.9  16k  68.4  32k   0.1
ep 258000      11005s  mean    271169  max   492380  V    218277  |d|     401    244k mv/s  1024  99.8  2048  99.3  4096  97.5  8192  93.2  16k  70.2  32k   0.1
ep 260000      11090s  mean    272734  max   508312  V    217987  |d|     405    244k mv/s  1024  99.9  2048  99.4  4096  97.8  8192  93.4  16k  71.1  32k   0.1
ep 262000      11176s  mean    272379  max   386880  V    217856  |d|     403    244k mv/s  1024  99.9  2048  99.3  4096  97.5  8192  93.2  16k  70.0  32k   0.0
ep 264000      11263s  mean    270062  max   571496  V    218510  |d|     398    244k mv/s  1024 100.0  2048  99.5  4096  97.2  8192  92.5  16k  70.3  32k   0.1
ep 266000      11348s  mean    270385  max   533136  V    218716  |d|     401    244k mv/s  1024  99.8  2048  99.3  4096  97.2  8192  93.7  16k  70.7  32k   0.2
ep 268000      11433s  mean    272444  max   533360  V    218083  |d|     400    244k mv/s  1024  99.8  2048  99.3  4096  97.2  8192  92.7  16k  71.2  32k   0.2
ep 270000      11517s  mean    269974  max   601132  V    218758  |d|     399    244k mv/s  1024  99.9  2048  99.5  4096  98.2  8192  93.5  16k  68.5  32k   0.1
ep 272000      11603s  mean    269659  max   609868  V    218671  |d|     403    244k mv/s  1024  99.8  2048  99.5  4096  97.6  8192  93.5  16k  69.0  32k   0.1
ep 274000      11689s  mean    271442  max   524336  V    218403  |d|     402    244k mv/s  1024  99.8  2048  99.2  4096  97.6  8192  93.2  16k  70.5  32k   0.1
ep 276000      11776s  mean    274469  max   387428  V    218172  |d|     402    244k mv/s  1024  99.8  2048  99.5  4096  98.2  8192  94.0  16k  71.5  32k   0.0
ep 278000      11863s  mean    272845  max   522032  V    218205  |d|     402    244k mv/s  1024  99.7  2048  99.2  4096  97.8  8192  94.2  16k  71.1  32k   0.2
ep 280000      11947s  mean    268352  max   489248  V    218802  |d|     401    244k mv/s  1024  99.8  2048  99.2  4096  98.0  8192  92.0  16k  70.1  32k   0.1
ep 282000      12034s  mean    273785  max   418948  V    218470  |d|     401    244k mv/s  1024  99.8  2048  99.5  4096  97.8  8192  94.0  16k  71.5  32k   0.0
ep 284000      12118s  mean    274083  max   583616  V    218608  |d|     400    244k mv/s  1024 100.0  2048  99.5  4096  98.0  8192  93.7  16k  72.1  32k   0.1
ep 286000      12206s  mean    272610  max   406668  V    218588  |d|     398    244k mv/s  1024  99.8  2048  99.2  4096  97.5  8192  93.5  16k  71.1  32k   0.0
ep 288000      12291s  mean    268247  max   536300  V    219168  |d|     396    244k mv/s  1024  99.8  2048  99.2  4096  97.6  8192  92.7  16k  69.2  32k   0.1
checkpoint -> runs/r11_ctl.bin (ep 288260)
ep 290000      12379s  mean    272909  max   509208  V    218461  |d|     401    244k mv/s  1024  99.8  2048  99.5  4096  97.8  8192  94.0  16k  70.8  32k   0.1
ep 292000      12465s  mean    271723  max   568352  V    218773  |d|     400    244k mv/s  1024  99.8  2048  99.5  4096  97.8  8192  93.3  16k  71.2  32k   0.1
ep 294000      12552s  mean    276644  max   572728  V    218234  |d|     399    244k mv/s  1024  99.9  2048  99.5  4096  98.2  8192  94.5  16k  72.5  32k   0.1
ep 296000      12638s  mean    272187  max   571796  V    218699  |d|     400    244k mv/s  1024  99.8  2048  99.0  4096  97.8  8192  93.7  16k  71.0  32k   0.1
ep 298000      12725s  mean    270958  max   513272  V    218743  |d|     400    244k mv/s  1024  99.6  2048  98.8  4096  97.2  8192  92.7  16k  70.6  32k   0.1
ep 300000      12810s  mean    268774  max   532892  V    219193  |d|     397    244k mv/s  1024  99.8  2048  99.3  4096  97.2  8192  93.0  16k  69.9  32k   0.1
ep 302000      12896s  mean    270854  max   570640  V    218699  |d|     404    244k mv/s  1024  99.9  2048  99.7  4096  97.9  8192  93.5  16k  70.2  32k   0.1
ep 304000      12983s  mean    271080  max   386928  V    218817  |d|     400    244k mv/s  1024  99.6  2048  99.0  4096  97.3  8192  93.2  16k  70.6  32k   0.0
ep 306000      13067s  mean    265511  max   386792  V    219254  |d|     401    244k mv/s  1024  99.8  2048  99.5  4096  97.2  8192  91.8  16k  68.5  32k   0.0
ep 308000      13153s  mean    270233  max   533904  V    219075  |d|     399    244k mv/s  1024 100.0  2048  99.5  4096  97.5  8192  92.7  16k  71.0  32k   0.1
ep 310000      13239s  mean    271620  max   504404  V    218699  |d|     399    244k mv/s  1024  99.8  2048  99.3  4096  97.2  8192  92.7  16k  70.7  32k   0.1
ep 312000      13325s  mean    274765  max   387132  V    218950  |d|     397    244k mv/s  1024  99.8  2048  99.4  4096  98.2  8192  94.4  16k  72.2  32k   0.0
ep 314000      13411s  mean    274326  max   487656  V    218566  |d|     398    244k mv/s  1024  99.8  2048  99.6  4096  97.8  8192  93.5  16k  71.5  32k   0.1
ep 316000      13496s  mean    273655  max   386944  V    218613  |d|     398    244k mv/s  1024  99.8  2048  99.2  4096  97.6  8192  93.0  16k  72.2  32k   0.0
ep 318000      13581s  mean    270971  max   509372  V    219155  |d|     399    244k mv/s  1024 100.0  2048  99.4  4096  97.6  8192  93.7  16k  70.7  32k   0.1
ep 320000      13666s  mean    271999  max   483984  V    218745  |d|     400    244k mv/s  1024  99.8  2048  99.5  4096  97.8  8192  93.6  16k  70.9  32k   0.1
ep 322000      13750s  mean    268096  max   409300  V    219189  |d|     402    244k mv/s  1024  99.8  2048  99.6  4096  97.2  8192  92.9  16k  69.7  32k   0.0
ep 324000      13834s  mean    268441  max   534620  V    219205  |d|     401    244k mv/s  1024  99.8  2048  99.2  4096  97.0  8192  92.4  16k  69.8  32k   0.1
ep 326000      13919s  mean    271718  max   533032  V    218975  |d|     400    244k mv/s  1024 100.0  2048  99.3  4096  97.6  8192  94.0  16k  70.5  32k   0.1
ep 328000      14005s  mean    268610  max   490900  V    219349  |d|     400    244k mv/s  1024  99.9  2048  99.5  4096  97.5  8192  92.7  16k  69.7  32k   0.1
ep 330000      14090s  mean    273153  max   450440  V    218890  |d|     397    244k mv/s  1024  99.8  2048  99.0  4096  97.5  8192  94.2  16k  71.0  32k   0.0
ep 332000      14178s  mean    273881  max   526964  V    218783  |d|     401    244k mv/s  1024  99.9  2048  99.2  4096  97.7  8192  94.1  16k  72.0  32k   0.1
ep 334000      14263s  mean    272768  max   532748  V    218495  |d|     402    244k mv/s  1024  99.9  2048  99.3  4096  97.6  8192  92.8  16k  71.2  32k   0.1
ep 336000      14351s  mean    274753  max   387564  V    218751  |d|     402    244k mv/s  1024  99.8  2048  99.4  4096  97.9  8192  93.3  16k  72.8  32k   0.0
ep 338000      14436s  mean    271999  max   476868  V    218994  |d|     400    244k mv/s  1024  99.8  2048  99.4  4096  97.5  8192  93.5  16k  71.1  32k   0.1
ep 340000      14522s  mean    271084  max   387292  V    219199  |d|     398    244k mv/s  1024  99.7  2048  99.2  4096  97.5  8192  93.0  16k  72.0  32k   0.0
ep 342000      14608s  mean    271109  max   564264  V    219494  |d|     396    244k mv/s  1024 100.0  2048  99.6  4096  98.0  8192  92.5  16k  71.4  32k   0.1
ep 344000      14696s  mean    273304  max   387228  V    219010  |d|     401    244k mv/s  1024  99.8  2048  99.5  4096  97.9  8192  93.8  16k  71.8  32k   0.0
checkpoint -> runs/r11_ctl.bin (ep 345554)
ep 346000      14782s  mean    274286  max   552844  V    218772  |d|     400    244k mv/s  1024  99.9  2048  99.3  4096  97.8  8192  93.8  16k  71.5  32k   0.1
ep 348000      14866s  mean    267373  max   386892  V    220229  |d|     397    244k mv/s  1024  99.9  2048  99.5  4096  98.0  8192  93.5  16k  69.7  32k   0.0
ep 350000      14951s  mean    266490  max   531204  V    219557  |d|     400    244k mv/s  1024  99.7  2048  99.0  4096  96.3  8192  91.8  16k  69.2  32k   0.1
ep 352000      15037s  mean    273011  max   387616  V    218808  |d|     405    244k mv/s  1024  99.8  2048  99.3  4096  98.1  8192  93.4  16k  71.6  32k   0.0
ep 354000      15124s  mean    273702  max   513620  V    219336  |d|     398    244k mv/s  1024  99.8  2048  99.3  4096  98.0  8192  94.4  16k  71.7  32k   0.1
ep 356000      15209s  mean    269091  max   556608  V    219257  |d|     400    244k mv/s  1024  99.8  2048  99.4  4096  97.3  8192  92.3  16k  69.8  32k   0.1
ep 358000      15293s  mean    269797  max   386744  V    219349  |d|     400    244k mv/s  1024 100.0  2048  99.7  4096  97.8  8192  93.5  16k  69.5  32k   0.0
ep 360000      15379s  mean    275170  max   452552  V    218587  |d|     401    244k mv/s  1024  99.8  2048  99.2  4096  97.8  8192  93.5  16k  72.5  32k   0.0
ep 362000      15465s  mean    267647  max   511508  V    219657  |d|     403    244k mv/s  1024  99.8  2048  99.5  4096  97.8  8192  93.3  16k  68.2  32k   0.1
ep 364000      15551s  mean    271425  max   532512  V    219338  |d|     398    244k mv/s  1024  99.9  2048  99.5  4096  97.5  8192  92.7  16k  70.9  32k   0.1
ep 366000      15636s  mean    270089  max   587724  V    219957  |d|     396    244k mv/s  1024  99.8  2048  99.3  4096  97.8  8192  93.3  16k  70.8  32k   0.1
ep 368000      15721s  mean    271139  max   533196  V    219268  |d|     401    244k mv/s  1024  99.8  2048  99.2  4096  97.6  8192  92.7  16k  71.0  32k   0.1
ep 370000      15806s  mean    274908  max   387116  V    218706  |d|     404    244k mv/s  1024  99.8  2048  99.5  4096  97.5  8192  93.1  16k  72.3  32k   0.0
ep 372000      15891s  mean    276087  max   497924  V    218865  |d|     401    244k mv/s  1024  99.8  2048  99.2  4096  97.5  8192  93.8  16k  72.2  32k   0.1
ep 374000      15977s  mean    272182  max   534272  V    219254  |d|     400    244k mv/s  1024  99.9  2048  99.4  4096  97.7  8192  93.0  16k  72.0  32k   0.1
ep 376000      16062s  mean    271115  max   529596  V    219505  |d|     401    244k mv/s  1024  99.8  2048  99.5  4096  97.7  8192  93.5  16k  70.5  32k   0.1
ep 378000      16149s  mean    269759  max   497352  V    219685  |d|     398    244k mv/s  1024  99.9  2048  99.3  4096  97.5  8192  93.2  16k  70.2  32k   0.1
ep 380000      16234s  mean    273249  max   565952  V    219000  |d|     401    244k mv/s  1024  99.8  2048  99.5  4096  97.5  8192  93.2  16k  71.2  32k   0.1
ep 382000      16316s  mean    266573  max   528668  V    219938  |d|     399    244k mv/s  1024  99.8  2048  99.2  4096  97.2  8192  93.0  16k  68.5  32k   0.1
ep 384000      16401s  mean    271821  max   553644  V    219344  |d|     400    244k mv/s  1024  99.7  2048  99.1  4096  97.2  8192  93.3  16k  70.5  32k   0.3
ep 386000      16486s  mean    270158  max   556976  V    219469  |d|     401    244k mv/s  1024  99.8  2048  99.3  4096  97.5  8192  93.2  16k  70.1  32k   0.2
ep 388000      16574s  mean    274428  max   386816  V    219156  |d|     399    244k mv/s  1024  99.9  2048  99.5  4096  97.6  8192  93.8  16k  72.0  32k   0.0
ep 390000      16660s  mean    271600  max   386944  V    219727  |d|     398    244k mv/s  1024  99.7  2048  99.1  4096  97.6  8192  93.7  16k  70.8  32k   0.0
ep 392000      16744s  mean    270263  max   583800  V    219229  |d|     401    244k mv/s  1024  99.9  2048  99.2  4096  97.2  8192  92.5  16k  70.0  32k   0.1
ep 394000      16830s  mean    270895  max   387108  V    219696  |d|     401    244k mv/s  1024  99.8  2048  99.5  4096  97.8  8192  94.1  16k  70.6  32k   0.0
ep 396000      16915s  mean    271479  max   518632  V    219505  |d|     399    244k mv/s  1024  99.9  2048  99.5  4096  97.4  8192  93.0  16k  70.9  32k   0.1
ep 398000      16999s  mean    268819  max   567152  V    219730  |d|     402    244k mv/s  1024  99.8  2048  99.5  4096  97.5  8192  92.8  16k  70.3  32k   0.1
ep 400000      17085s  mean    270036  max   531588  V    219406  |d|     400    244k mv/s  1024  99.8  2048  99.2  4096  97.2  8192  92.3  16k  70.3  32k   0.2
ep 402000      17170s  mean    267297  max   557412  V    219952  |d|     403    244k mv/s  1024  99.8  2048  99.3  4096  97.2  8192  93.5  16k  68.8  32k   0.1
checkpoint -> runs/r11_ctl.bin (ep 403232)
ep 404000      17256s  mean    270606  max   528084  V    219441  |d|     404    244k mv/s  1024  99.8  2048  99.4  4096  97.8  8192  93.7  16k  69.5  32k   0.1
ep 406000      17341s  mean    272820  max   565336  V    219220  |d|     404    244k mv/s  1024  99.9  2048  99.3  4096  98.2  8192  93.5  16k  71.2  32k   0.1
ep 408000      17428s  mean    274585  max   584064  V    219197  |d|     402    244k mv/s  1024 100.0  2048  99.3  4096  97.5  8192  93.5  16k  72.4  32k   0.1
ep 410000      17514s  mean    275199  max   386488  V    218967  |d|     403    244k mv/s  1024  99.9  2048  99.2  4096  97.0  8192  93.0  16k  73.3  32k   0.0
ep 412000      17601s  mean    271134  max   532300  V    219730  |d|     398    244k mv/s  1024  99.8  2048  99.3  4096  98.4  8192  93.2  16k  70.5  32k   0.1
ep 414000      17687s  mean    272173  max   529116  V    219516  |d|     402    244k mv/s  1024 100.0  2048  99.4  4096  97.8  8192  93.5  16k  71.3  32k   0.1
ep 416000      17773s  mean    274498  max   387512  V    219192  |d|     399    244k mv/s  1024  99.8  2048  99.0  4096  97.2  8192  93.0  16k  72.8  32k   0.0
ep 418000      17861s  mean    273610  max   387128  V    219317  |d|     399    244k mv/s  1024  99.8  2048  99.0  4096  97.5  8192  93.5  16k  71.0  32k   0.0
ep 420000      17946s  mean    272115  max   467800  V    219386  |d|     400    244k mv/s  1024  99.8  2048  99.3  4096  97.5  8192  92.7  16k  71.5  32k   0.1
ep 422000      18031s  mean    271159  max   387424  V    219429  |d|     403    244k mv/s  1024  99.8  2048  99.2  4096  97.7  8192  93.1  16k  70.0  32k   0.0
ep 424000      18117s  mean    270666  max   504128  V    219664  |d|     402    244k mv/s  1024  99.9  2048  99.6  4096  97.7  8192  92.7  16k  70.8  32k   0.1
ep 426000      18202s  mean    270670  max   387184  V    219807  |d|     399    244k mv/s  1024  99.8  2048  99.3  4096  97.8  8192  92.8  16k  70.4  32k   0.0
ep 428000      18287s  mean    271260  max   387360  V    219779  |d|     400    244k mv/s  1024  99.7  2048  99.0  4096  97.2  8192  93.3  16k  70.5  32k   0.0
ep 430000      18373s  mean    271276  max   528784  V    219878  |d|     398    244k mv/s  1024  99.8  2048  99.6  4096  97.8  8192  93.8  16k  71.2  32k   0.1
ep 432000      18459s  mean    272652  max   555856  V    219673  |d|     399    244k mv/s  1024  99.8  2048  99.5  4096  97.8  8192  92.7  16k  72.0  32k   0.1
ep 434000      18544s  mean    271973  max   565804  V    220001  |d|     401    244k mv/s  1024  99.8  2048  99.2  4096  97.8  8192  94.0  16k  70.8  32k   0.2
ep 436000      18630s  mean    269648  max   476356  V    219785  |d|     400    244k mv/s  1024  99.7  2048  99.2  4096  96.8  8192  93.0  16k  70.5  32k   0.1
ep 438000      18717s  mean    276542  max   529912  V    219326  |d|     401    244k mv/s  1024  99.9  2048  99.5  4096  98.2  8192  94.0  16k  73.4  32k   0.1
ep 440000      18803s  mean    271792  max   558940  V    219989  |d|     399    244k mv/s  1024 100.0  2048  99.5  4096  98.0  8192  93.3  16k  70.5  32k   0.1
ep 442000      18887s  mean    268902  max   386996  V    219677  |d|     403    244k mv/s  1024  99.8  2048  99.1  4096  96.7  8192  91.8  16k  69.5  32k   0.0
ep 444000      18972s  mean    271233  max   509264  V    219788  |d|     400    244k mv/s  1024  99.9  2048  99.5  4096  97.3  8192  93.0  16k  70.7  32k   0.1
ep 446000      19058s  mean    269518  max   486000  V    219747  |d|     400    244k mv/s  1024  99.8  2048  99.3  4096  96.8  8192  92.3  16k  70.7  32k   0.1
ep 448000      19146s  mean    276860  max   556596  V    218987  |d|     400    244k mv/s  1024  99.8  2048  99.4  4096  97.5  8192  93.0  16k  73.5  32k   0.1
ep 450000      19232s  mean    269613  max   489160  V    220220  |d|     398    244k mv/s  1024  99.8  2048  99.2  4096  97.7  8192  93.5  16k  69.5  32k   0.1
ep 452000      19319s  mean    272857  max   531604  V    219387  |d|     406    244k mv/s  1024  99.9  2048  99.6  4096  98.0  8192  93.5  16k  71.0  32k   0.1
ep 454000      19405s  mean    273767  max   488232  V    219802  |d|     397    244k mv/s  1024  99.7  2048  99.2  4096  97.3  8192  93.5  16k  72.2  32k   0.1
ep 456000      19491s  mean    273328  max   468972  V    219917  |d|     399    244k mv/s  1024  99.8  2048  99.7  4096  98.0  8192  93.5  16k  71.5  32k   0.1
ep 458000      19578s  mean    274281  max   529308  V    219526  |d|     402    244k mv/s  1024  99.8  2048  99.3  4096  97.6  8192  93.4  16k  71.7  32k   0.1
ep 460000      19664s  mean    272118  max   550048  V    219810  |d|     400    244k mv/s  1024  99.8  2048  99.0  4096  96.9  8192  92.1  16k  72.2  32k   0.1
checkpoint -> runs/r11_ctl.bin (ep 460473)
ep 462000      19751s  mean    275529  max   424992  V    219546  |d|     402    244k mv/s  1024 100.0  2048  99.7  4096  98.2  8192  94.8  16k  71.6  32k   0.0
ep 464000      19837s  mean    274371  max   567856  V    219720  |d|     400    244k mv/s  1024 100.0  2048  99.3  4096  97.6  8192  93.5  16k  72.8  32k   0.1
ep 466000      19924s  mean    270952  max   521108  V    220124  |d|     399    244k mv/s  1024  99.9  2048  99.3  4096  97.5  8192  92.8  16k  70.7  32k   0.1
ep 468000      20009s  mean    268607  max   387272  V    220141  |d|     400    244k mv/s  1024  99.8  2048  99.2  4096  97.1  8192  92.2  16k  70.0  32k   0.0
ep 470000      20097s  mean    277661  max   485736  V    219532  |d|     399    244k mv/s  1024  99.9  2048  99.5  4096  97.8  8192  94.1  16k  73.2  32k   0.1
ep 472000      20182s  mean    268799  max   513884  V    219963  |d|     400    244k mv/s  1024 100.0  2048  99.2  4096  97.5  8192  92.8  16k  68.9  32k   0.1
ep 474000      20267s  mean    276156  max   524248  V    219682  |d|     402    244k mv/s  1024 100.0  2048  99.5  4096  98.0  8192  94.3  16k  72.4  32k   0.2
ep 476000      20353s  mean    273749  max   405388  V    219688  |d|     398    244k mv/s  1024  99.7  2048  99.2  4096  97.3  8192  92.5  16k  71.9  32k   0.0
ep 478000      20437s  mean    270738  max   387352  V    220235  |d|     398    244k mv/s  1024  99.8  2048  99.0  4096  97.0  8192  92.5  16k  71.2  32k   0.0
ep 480000      20523s  mean    271850  max   524984  V    219599  |d|     404    244k mv/s  1024  99.8  2048  99.5  4096  97.0  8192  92.2  16k  71.3  32k   0.1
ep 482000      20609s  mean    273030  max   512108  V    220104  |d|     401    244k mv/s  1024 100.0  2048  99.5  4096  98.0  8192  93.0  16k  71.9  32k   0.1
ep 484000      20697s  mean    273624  max   530968  V    219738  |d|     403    244k mv/s  1024  99.8  2048  99.2  4096  97.5  8192  93.6  16k  71.6  32k   0.1
ep 486000      20782s  mean    271156  max   469408  V    220139  |d|     399    244k mv/s  1024  99.7  2048  99.2  4096  97.3  8192  93.3  16k  70.7  32k   0.1
ep 488000      20868s  mean    273845  max   510156  V    219792  |d|     398    244k mv/s  1024  99.8  2048  99.0  4096  97.5  8192  93.5  16k  71.8  32k   0.1
ep 490000      20954s  mean    270852  max   534108  V    220616  |d|     397    244k mv/s  1024  99.8  2048  99.3  4096  98.2  8192  93.8  16k  69.8  32k   0.1
ep 492000      21039s  mean    273130  max   559256  V    220300  |d|     398    244k mv/s  1024  99.8  2048  99.5  4096  98.0  8192  93.9  16k  71.7  32k   0.1
ep 494000      21126s  mean    273357  max   606332  V    220150  |d|     401    244k mv/s  1024  99.8  2048  99.5  4096  98.2  8192  94.0  16k  71.3  32k   0.1
ep 496000      21212s  mean    273593  max   387096  V    219869  |d|     399    244k mv/s  1024  99.9  2048  99.4  4096  97.3  8192  93.8  16k  71.5  32k   0.0
ep 498000      21300s  mean    273325  max   387084  V    220097  |d|     399    244k mv/s  1024  99.9  2048  99.3  4096  97.7  8192  93.4  16k  71.7  32k   0.0
ep 500000      21386s  mean    274939  max   507232  V    219763  |d|     399    244k mv/s  1024  99.8  2048  99.2  4096  97.6  8192  93.8  16k  72.2  32k   0.1
ep 502000      21473s  mean    275496  max   387104  V    220178  |d|     396    244k mv/s  1024  99.8  2048  99.3  4096  98.3  8192  94.6  16k  72.2  32k   0.0
ep 504000      21560s  mean    271337  max   469016  V    220216  |d|     400    244k mv/s  1024  99.7  2048  99.3  4096  97.5  8192  93.3  16k  70.7  32k   0.1
ep 506000      21648s  mean    272965  max   520300  V    220009  |d|     400    244k mv/s  1024  99.8  2048  99.2  4096  97.5  8192  93.1  16k  71.3  32k   0.1
ep 508000      21734s  mean    270886  max   606284  V    219933  |d|     404    244k mv/s  1024  99.7  2048  99.0  4096  97.0  8192  92.9  16k  70.2  32k   0.1
ep 510000      21821s  mean    271989  max   532732  V    219906  |d|     401    244k mv/s  1024  99.7  2048  99.0  4096  97.5  8192  91.8  16k  71.3  32k   0.1
ep 512000      21910s  mean    276092  max   551884  V    219633  |d|     404    244k mv/s  1024  99.8  2048  99.6  4096  97.8  8192  93.5  16k  72.8  32k   0.1
ep 514000      21996s  mean    272280  max   532512  V    220145  |d|     400    244k mv/s  1024  99.8  2048  99.3  4096  97.0  8192  93.1  16k  70.8  32k   0.1
ep 516000      22081s  mean    272409  max   532936  V    220526  |d|     398    244k mv/s  1024  99.8  2048  99.5  4096  98.0  8192  93.8  16k  71.4  32k   0.1
checkpoint -> runs/r11_ctl.bin (ep 517500)
ep 518000      22167s  mean    269799  max   405520  V    220875  |d|     395    244k mv/s  1024  99.7  2048  99.3  4096  97.6  8192  93.6  16k  69.7  32k   0.0
ep 520000      22252s  mean    271449  max   552716  V    220513  |d|     400    244k mv/s  1024  99.8  2048  99.5  4096  98.2  8192  92.8  16k  71.3  32k   0.1
ep 522000      22339s  mean    271369  max   529412  V    220188  |d|     398    244k mv/s  1024 100.0  2048  99.4  4096  97.2  8192  92.5  16k  71.2  32k   0.1
ep 524000      22424s  mean    271197  max   522712  V    220570  |d|     400    244k mv/s  1024  99.8  2048  99.5  4096  98.0  8192  92.9  16k  71.2  32k   0.1
ep 526000      22511s  mean    275887  max   571108  V    220005  |d|     403    244k mv/s  1024 100.0  2048  99.8  4096  98.4  8192  94.8  16k  71.2  32k   0.1
ep 528000      22596s  mean    271831  max   429060  V    220316  |d|     401    244k mv/s  1024  99.8  2048  99.2  4096  97.5  8192  92.7  16k  71.2  32k   0.0
ep 530000      22684s  mean    271075  max   533256  V    220701  |d|     399    244k mv/s  1024  99.8  2048  99.5  4096  97.8  8192  93.8  16k  70.0  32k   0.1
ep 532000      22769s  mean    270156  max   532340  V    220408  |d|     401    244k mv/s  1024  99.8  2048  99.4  4096  97.4  8192  92.9  16k  70.1  32k   0.1
ep 534000      22854s  mean    272931  max   386684  V    220287  |d|     401    244k mv/s  1024  99.8  2048  99.7  4096  97.8  8192  93.2  16k  72.1  32k   0.0
ep 536000      22940s  mean    273873  max   523024  V    220353  |d|     401    244k mv/s  1024  99.9  2048  99.2  4096  97.7  8192  93.9  16k  70.8  32k   0.2
ep 538000      23026s  mean    270993  max   531880  V    220525  |d|     400    244k mv/s  1024  99.8  2048  99.2  4096  97.2  8192  93.2  16k  70.4  32k   0.1
ep 540000      23113s  mean    273033  max   556220  V    220296  |d|     401    244k mv/s  1024  99.8  2048  99.5  4096  97.8  8192  93.0  16k  71.5  32k   0.1
ep 542000      23200s  mean    274965  max   387452  V    219990  |d|     402    244k mv/s  1024  99.9  2048  99.6  4096  97.6  8192  93.3  16k  72.8  32k   0.0
ep 544000      23286s  mean    269420  max   524256  V    220703  |d|     402    244k mv/s  1024  99.8  2048  99.4  4096  97.3  8192  92.5  16k  69.8  32k   0.1
ep 546000      23374s  mean    272584  max   387416  V    220859  |d|     397    244k mv/s  1024  99.7  2048  99.0  4096  97.2  8192  93.8  16k  71.8  32k   0.0
ep 548000      23462s  mean    272455  max   528716  V    220154  |d|     401    244k mv/s  1024  99.8  2048  99.1  4096  97.5  8192  93.3  16k  70.0  32k   0.1
ep 550000      23548s  mean    272928  max   532048  V    220545  |d|     398    244k mv/s  1024  99.9  2048  99.3  4096  97.6  8192  93.8  16k  71.4  32k   0.1
ep 552000      23634s  mean    269313  max   512820  V    220982  |d|     400    244k mv/s  1024  99.8  2048  99.5  4096  98.2  8192  93.8  16k  68.5  32k   0.1
ep 554000      23719s  mean    273121  max   479500  V    220458  |d|     398    244k mv/s  1024  99.8  2048  99.3  4096  97.8  8192  92.9  16k  72.2  32k   0.1
ep 556000      23805s  mean    273357  max   450988  V    220756  |d|     397    244k mv/s  1024  99.8  2048  99.5  4096  97.5  8192  93.2  16k  72.6  32k   0.0
ep 558000      23891s  mean    273267  max   524292  V    220592  |d|     400    244k mv/s  1024  99.8  2048  99.3  4096  97.7  8192  92.8  16k  72.6  32k   0.1
ep 560000      23977s  mean    275105  max   577516  V    220073  |d|     400    244k mv/s  1024 100.0  2048  99.4  4096  97.7  8192  92.8  16k  72.3  32k   0.1
ep 562000      24062s  mean    270888  max   489956  V    220730  |d|     400    244k mv/s  1024  99.7  2048  99.0  4096  97.5  8192  93.0  16k  70.9  32k   0.1
ep 564000      24149s  mean    274137  max   561476  V    219935  |d|     405    244k mv/s  1024  99.8  2048  99.0  4096  97.7  8192  93.0  16k  72.0  32k   0.1
ep 566000      24235s  mean    273611  max   385936  V    220859  |d|     397    244k mv/s  1024 100.0  2048  99.5  4096  98.5  8192  93.9  16k  72.3  32k   0.0
ep 568000      24321s  mean    272282  max   387196  V    220359  |d|     400    244k mv/s  1024  99.7  2048  99.0  4096  97.2  8192  92.8  16k  71.3  32k   0.0
ep 570000      24408s  mean    274007  max   389100  V    220330  |d|     400    244k mv/s  1024  99.8  2048  99.5  4096  97.5  8192  93.0  16k  72.2  32k   0.0
ep 572000      24494s  mean    273957  max   521392  V    220548  |d|     400    244k mv/s  1024  99.7  2048  99.2  4096  97.7  8192  93.4  16k  72.6  32k   0.1
ep 574000      24581s  mean    272801  max   531216  V    220493  |d|     401    244k mv/s  1024  99.7  2048  99.5  4096  97.8  8192  93.0  16k  71.7  32k   0.1
checkpoint -> runs/r11_ctl.bin (ep 574588)
ep 576000      24665s  mean    264951  max   522928  V    221119  |d|     402    244k mv/s  1024  99.8  2048  99.2  4096  97.0  8192  91.8  16k  68.0  32k   0.1
ep 578000      24752s  mean    273866  max   533068  V    220396  |d|     401    244k mv/s  1024  99.8  2048  99.3  4096  97.7  8192  93.4  16k  71.8  32k   0.1
ep 580000      24838s  mean    270917  max   534692  V    220558  |d|     403    244k mv/s  1024  99.7  2048  99.2  4096  97.6  8192  93.5  16k  69.5  32k   0.1
ep 582000      24924s  mean    270630  max   546684  V    220894  |d|     400    244k mv/s  1024  99.8  2048  99.5  4096  97.7  8192  93.0  16k  70.1  32k   0.1
ep 584000      25009s  mean    273152  max   566100  V    220337  |d|     404    244k mv/s  1024  99.7  2048  99.3  4096  97.5  8192  93.1  16k  71.8  32k   0.1
ep 586000      25093s  mean    269543  max   533440  V    221167  |d|     402    244k mv/s  1024  99.8  2048  98.8  4096  97.0  8192  93.2  16k  70.3  32k   0.1
ep 588000      25179s  mean    272299  max   387312  V    220480  |d|     402    244k mv/s  1024  99.9  2048  99.2  4096  97.5  8192  92.9  16k  71.5  32k   0.0
ep 590000      25266s  mean    275953  max   532648  V    220124  |d|     406    244k mv/s  1024 100.0  2048  99.3  4096  97.6  8192  93.6  16k  73.5  32k   0.1
ep 592000      25350s  mean    270272  max   488596  V    220750  |d|     407    244k mv/s  1024 100.0  2048  99.3  4096  97.5  8192  93.5  16k  70.0  32k   0.1
ep 594000      25437s  mean    275006  max   490800  V    220558  |d|     400    244k mv/s  1024  99.8  2048  99.3  4096  97.7  8192  93.6  16k  73.0  32k   0.0
ep 596000      25523s  mean    273236  max   532192  V    220875  |d|     397    244k mv/s  1024  99.8  2048  99.4  4096  97.8  8192  93.5  16k  71.5  32k   0.1
ep 598000      25609s  mean    270561  max   530056  V    220517  |d|     404    244k mv/s  1024  99.7  2048  98.9  4096  96.6  8192  92.3  16k  70.7  32k   0.1
ep 600000      25695s  mean    275460  max   387164  V    220209  |d|     400    244k mv/s  1024 100.0  2048  99.5  4096  97.8  8192  93.2  16k  72.4  32k   0.0
ep 602000      25782s  mean    274980  max   387432  V    220593  |d|     401    244k mv/s  1024 100.0  2048  99.6  4096  97.8  8192  94.0  16k  72.3  32k   0.0
ep 604000      25866s  mean    270609  max   556172  V    220716  |d|     402    244k mv/s  1024  99.8  2048  99.3  4096  97.8  8192  92.5  16k  69.9  32k   0.2
ep 606000      25954s  mean    275922  max   533056  V    220436  |d|     401    244k mv/s  1024  99.8  2048  99.3  4096  98.3  8192  94.5  16k  72.3  32k   0.1
ep 608000      26042s  mean    277638  max   387200  V    220252  |d|     400    244k mv/s  1024  99.9  2048  99.3  4096  97.7  8192  93.8  16k  73.5  32k   0.0
ep 610000      26129s  mean    274035  max   533160  V    220608  |d|     402    244k mv/s  1024  99.8  2048  99.2  4096  97.7  8192  93.8  16k  71.4  32k   0.1
ep 612000      26215s  mean    274794  max   605088  V    220558  |d|     399    244k mv/s  1024  99.8  2048  99.3  4096  98.0  8192  93.5  16k  72.0  32k   0.1
ep 614000      26303s  mean    273496  max   581648  V    220641  |d|     402    244k mv/s  1024  99.7  2048  99.3  4096  97.8  8192  93.2  16k  71.2  32k   0.2
ep 616000      26391s  mean    276281  max   600336  V    220403  |d|     402    244k mv/s  1024  99.8  2048  99.2  4096  97.8  8192  94.2  16k  72.7  32k   0.1
ep 618000      26478s  mean    271472  max   524056  V    220862  |d|     405    244k mv/s  1024 100.0  2048  99.2  4096  97.9  8192  93.2  16k  70.5  32k   0.1
ep 620000      26563s  mean    270634  max   454292  V    221361  |d|     398    244k mv/s  1024  99.9  2048  99.4  4096  97.5  8192  92.7  16k  70.9  32k   0.0
ep 622000      26648s  mean    272711  max   530700  V    220808  |d|     401    244k mv/s  1024  99.7  2048  99.0  4096  97.8  8192  93.5  16k  71.7  32k   0.1
ep 624000      26734s  mean    273521  max   477820  V    220587  |d|     403    244k mv/s  1024  99.9  2048  99.3  4096  97.5  8192  93.4  16k  72.0  32k   0.1
ep 626000      26822s  mean    270977  max   557352  V    221187  |d|     403    244k mv/s  1024  99.8  2048  99.4  4096  97.8  8192  93.0  16k  70.5  32k   0.1
ep 628000      26910s  mean    269403  max   513300  V    221343  |d|     401    244k mv/s  1024  99.7  2048  99.2  4096  97.5  8192  93.5  16k  70.3  32k   0.1
ep 630000      26996s  mean    273486  max   556448  V    220768  |d|     402    244k mv/s  1024  99.8  2048  99.3  4096  98.2  8192  94.2  16k  70.8  32k   0.1
checkpoint -> runs/r11_ctl.bin (ep 631602)
ep 632000      27083s  mean    274477  max   516924  V    220691  |d|     403    244k mv/s  1024  99.8  2048  99.2  4096  97.8  8192  93.8  16k  72.5  32k   0.1
ep 634000      27169s  mean    271920  max   523728  V    221636  |d|     395    244k mv/s  1024 100.0  2048  99.8  4096  98.0  8192  94.3  16k  70.6  32k   0.1
ep 636000      27254s  mean    272285  max   597564  V    221329  |d|     399    244k mv/s  1024 100.0  2048  99.6  4096  97.8  8192  93.5  16k  71.5  32k   0.1
ep 638000      27338s  mean    272790  max   533920  V    221113  |d|     400    244k mv/s  1024  99.8  2048  99.2  4096  97.8  8192  93.3  16k  71.3  32k   0.1
ep 640000      27423s  mean    267897  max   387208  V    221599  |d|     401    244k mv/s  1024  99.9  2048  99.5  4096  97.2  8192  92.8  16k  69.8  32k   0.0
ep 642000      27507s  mean    271692  max   533364  V    221254  |d|     402    244k mv/s  1024  99.7  2048  98.9  4096  97.7  8192  93.8  16k  70.3  32k   0.1
ep 644000      27593s  mean    275758  max   606984  V    220721  |d|     400    244k mv/s  1024  99.8  2048  99.1  4096  98.0  8192  93.7  16k  72.3  32k   0.1
ep 646000      27678s  mean    269692  max   524112  V    221560  |d|     400    244k mv/s  1024 100.0  2048  99.7  4096  97.7  8192  92.7  16k  70.5  32k   0.1
ep 648000      27764s  mean    276343  max   474164  V    220744  |d|     399    244k mv/s  1024  99.8  2048  99.2  4096  97.9  8192  93.8  16k  73.0  32k   0.1
ep 650000      27848s  mean    266936  max   389724  V    221823  |d|     396    244k mv/s  1024  99.8  2048  99.2  4096  97.0  8192  92.3  16k  68.9  32k   0.0
ep 652000      27935s  mean    274974  max   532952  V    220393  |d|     404    244k mv/s  1024  99.8  2048  99.4  4096  97.3  8192  93.1  16k  72.6  32k   0.1
ep 654000      28022s  mean    271879  max   533440  V    221793  |d|     396    244k mv/s  1024  99.9  2048  99.5  4096  98.3  8192  94.2  16k  70.8  32k   0.1
ep 656000      28107s  mean    273565  max   533220  V    221026  |d|     403    244k mv/s  1024  99.9  2048  99.6  4096  98.0  8192  93.5  16k  72.0  32k   0.1
ep 658000      28193s  mean    271561  max   529156  V    221281  |d|     401    244k mv/s  1024  99.7  2048  99.4  4096  97.3  8192  92.8  16k  71.8  32k   0.1
ep 660000      28280s  mean    276045  max   530888  V    220828  |d|     401    244k mv/s  1024  99.8  2048  99.2  4096  97.8  8192  94.3  16k  72.4  32k   0.1
ep 662000      28366s  mean    271397  max   576912  V    221344  |d|     404    244k mv/s  1024  99.8  2048  99.5  4096  98.0  8192  93.5  16k  70.2  32k   0.1
ep 664000      28451s  mean    270002  max   489376  V    221410  |d|     403    244k mv/s  1024  99.8  2048  99.5  4096  97.5  8192  92.8  16k  70.6  32k   0.1
ep 666000      28538s  mean    276969  max   604052  V    220871  |d|     400    244k mv/s  1024  99.7  2048  99.2  4096  97.6  8192  93.9  16k  73.3  32k   0.1
ep 668000      28623s  mean    271830  max   455452  V    221416  |d|     400    244k mv/s  1024  99.9  2048  99.4  4096  97.5  8192  93.7  16k  70.7  32k   0.0
ep 670000      28709s  mean    268341  max   428844  V    221922  |d|     398    244k mv/s  1024  99.8  2048  99.2  4096  97.2  8192  93.2  16k  70.0  32k   0.0
ep 672000      28795s  mean    272189  max   507572  V    221383  |d|     400    244k mv/s  1024  99.8  2048  99.3  4096  97.5  8192  93.2  16k  71.5  32k   0.1
ep 674000      28881s  mean    274116  max   392156  V    221008  |d|     402    244k mv/s  1024  99.9  2048  99.2  4096  97.3  8192  93.2  16k  72.2  32k   0.0
ep 676000      28967s  mean    271760  max   530288  V    221565  |d|     397    244k mv/s  1024  99.8  2048  99.5  4096  98.0  8192  93.2  16k  71.5  32k   0.1
ep 678000      29053s  mean    271607  max   533332  V    221326  |d|     403    244k mv/s  1024  99.8  2048  99.2  4096  97.8  8192  93.3  16k  71.0  32k   0.1
ep 680000      29139s  mean    273442  max   522456  V    221161  |d|     403    244k mv/s  1024 100.0  2048  99.5  4096  97.9  8192  93.8  16k  70.8  32k   0.1
ep 682000      29226s  mean    270922  max   468888  V    221165  |d|     403    244k mv/s  1024  99.8  2048  99.2  4096  97.3  8192  92.7  16k  70.8  32k   0.1
ep 684000      29317s  mean    271753  max   500140  V    221579  |d|     398    244k mv/s  1024  99.6  2048  99.2  4096  97.3  8192  93.5  16k  70.1  32k   0.1
ep 686000      29416s  mean    274417  max   533116  V    220980  |d|     404    244k mv/s  1024  99.8  2048  99.5  4096  98.0  8192  93.7  16k  72.3  32k   0.1
ep 688000      29515s  mean    273554  max   529180  V    221043  |d|     403    243k mv/s  1024  99.8  2048  99.5  4096  98.2  8192  92.8  16k  71.8  32k   0.1
checkpoint -> runs/r11_ctl.bin (ep 688251)
ep 690000      29612s  mean    269252  max   387084  V    221584  |d|     405    243k mv/s  1024  99.7  2048  99.3  4096  97.7  8192  92.8  16k  69.7  32k   0.0
ep 692000      29711s  mean    273495  max   387136  V    221084  |d|     402    243k mv/s  1024  99.9  2048  99.6  4096  97.2  8192  93.2  16k  71.9  32k   0.0
ep 694000      29808s  mean    271926  max   388868  V    221275  |d|     403    243k mv/s  1024  99.8  2048  99.2  4096  97.5  8192  93.0  16k  71.5  32k   0.0
ep 696000      29906s  mean    272089  max   574444  V    221535  |d|     401    243k mv/s  1024  99.8  2048  99.3  4096  97.4  8192  93.8  16k  71.0  32k   0.2
ep 698000      30003s  mean    271938  max   386688  V    221525  |d|     401    243k mv/s  1024  99.8  2048  99.3  4096  98.0  8192  92.9  16k  71.8  32k   0.0
ep 700000      30102s  mean    274404  max   500852  V    221104  |d|     400    243k mv/s  1024  99.8  2048  99.3  4096  97.8  8192  93.2  16k  71.5  32k   0.1
ep 702000      30203s  mean    276809  max   488000  V    220911  |d|     403    243k mv/s  1024  99.8  2048  99.5  4096  98.0  8192  93.6  16k  74.0  32k   0.1
ep 704000      30301s  mean    270371  max   523732  V    221967  |d|     400    243k mv/s  1024  99.5  2048  99.2  4096  97.8  8192  93.8  16k  71.0  32k   0.1
ep 706000      30399s  mean    273764  max   533260  V    221545  |d|     399    243k mv/s  1024  99.5  2048  99.1  4096  97.2  8192  93.3  16k  72.1  32k   0.1
ep 708000      30496s  mean    270873  max   387244  V    221668  |d|     402    243k mv/s  1024  99.8  2048  99.3  4096  97.1  8192  93.0  16k  70.8  32k   0.0
ep 710000      30594s  mean    275666  max   527600  V    221130  |d|     399    242k mv/s  1024  99.8  2048  99.4  4096  98.0  8192  93.8  16k  72.8  32k   0.1
ep 712000      30692s  mean    271696  max   530200  V    221382  |d|     402    242k mv/s  1024 100.0  2048  99.3  4096  97.3  8192  92.5  16k  70.5  32k   0.1
ep 714000      30791s  mean    271215  max   386708  V    221777  |d|     400    242k mv/s  1024  99.8  2048  99.5  4096  98.0  8192  93.5  16k  70.3  32k   0.0
ep 716000      30888s  mean    265246  max   585904  V    222460  |d|     399    242k mv/s  1024  99.8  2048  99.3  4096  97.5  8192  92.2  16k  68.0  32k   0.1
ep 718000      30988s  mean    275613  max   510940  V    221267  |d|     401    242k mv/s  1024  99.8  2048  99.4  4096  98.0  8192  93.7  16k  73.0  32k   0.1
ep 720000      31088s  mean    270226  max   556440  V    221521  |d|     401    242k mv/s  1024  99.8  2048  99.1  4096  96.8  8192  91.8  16k  70.4  32k   0.1
ep 722000      31189s  mean    270082  max   531052  V    221396  |d|     405    242k mv/s  1024  99.8  2048  99.0  4096  97.2  8192  92.6  16k  70.2  32k   0.1
ep 724000      31287s  mean    270074  max   508164  V    221765  |d|     398    242k mv/s  1024  99.8  2048  99.5  4096  97.3  8192  92.8  16k  70.4  32k   0.1
ep 726000      31385s  mean    271575  max   571728  V    221576  |d|     401    242k mv/s  1024  99.7  2048  99.5  4096  97.8  8192  93.0  16k  70.3  32k   0.1
ep 728000      31484s  mean    275318  max   503468  V    221199  |d|     401    242k mv/s  1024  99.9  2048  99.5  4096  98.0  8192  93.6  16k  72.2  32k   0.1
ep 730000      31581s  mean    274145  max   505044  V    221629  |d|     400    241k mv/s  1024  99.8  2048  99.4  4096  97.5  8192  93.5  16k  72.3  32k   0.1
ep 732000      31679s  mean    273936  max   556708  V    221226  |d|     401    241k mv/s  1024 100.0  2048  99.5  4096  97.8  8192  93.3  16k  71.8  32k   0.1
ep 734000      31778s  mean    275977  max   525856  V    220968  |d|     405    241k mv/s  1024  99.8  2048  99.3  4096  98.0  8192  94.2  16k  72.1  32k   0.1
ep 736000      31875s  mean    272390  max   523328  V    221882  |d|     400    241k mv/s  1024  99.7  2048  99.3  4096  97.5  8192  93.6  16k  71.2  32k   0.1
ep 738000      31973s  mean    271531  max   577752  V    221733  |d|     403    241k mv/s  1024 100.0  2048  99.7  4096  97.5  8192  93.2  16k  70.7  32k   0.1
checkpoint -> runs/r11_ctl.bin (ep 738309)
ep 740000      32069s  mean    269881  max   585128  V    221692  |d|     402    241k mv/s  1024  99.7  2048  99.3  4096  97.0  8192  92.2  16k  70.2  32k   0.1
ep 742000      32166s  mean    271887  max   584580  V    221743  |d|     399    241k mv/s  1024  99.8  2048  99.5  4096  97.8  8192  93.2  16k  71.2  32k   0.1
ep 744000      32266s  mean    274878  max   582272  V    221234  |d|     406    241k mv/s  1024  99.8  2048  99.5  4096  98.0  8192  93.7  16k  72.2  32k   0.1
ep 746000      32365s  mean    272476  max   387368  V    221799  |d|     400    241k mv/s  1024  99.8  2048  99.3  4096  97.4  8192  93.3  16k  71.0  32k   0.0
ep 748000      32462s  mean    272432  max   488156  V    221778  |d|     399    241k mv/s  1024  99.8  2048  99.4  4096  98.2  8192  94.7  16k  70.5  32k   0.1
ep 750000      32562s  mean    275888  max   530924  V    221512  |d|     401    241k mv/s  1024  99.9  2048  99.7  4096  98.0  8192  94.1  16k  72.6  32k   0.1
ep 752000      32660s  mean    272445  max   488344  V    221600  |d|     402    241k mv/s  1024  99.9  2048  99.7  4096  97.8  8192  93.1  16k  71.5  32k   0.1
ep 754000      32757s  mean    272086  max   387464  V    221854  |d|     403    241k mv/s  1024  99.8  2048  99.6  4096  98.0  8192  93.7  16k  70.8  32k   0.0
ep 756000      32853s  mean    269308  max   563904  V    222224  |d|     400    240k mv/s  1024  99.7  2048  99.0  4096  97.6  8192  92.5  16k  70.1  32k   0.1
ep 758000      32951s  mean    272123  max   512048  V    222020  |d|     403    240k mv/s  1024  99.9  2048  99.5  4096  97.8  8192  92.8  16k  72.0  32k   0.1
ep 760000      33049s  mean    271069  max   387312  V    222234  |d|     402    240k mv/s  1024  99.8  2048  99.5  4096  98.3  8192  93.9  16k  70.5  32k   0.0
ep 762000      33149s  mean    276595  max   587512  V    221405  |d|     401    240k mv/s  1024  99.8  2048  99.6  4096  98.3  8192  94.2  16k  72.8  32k   0.1
ep 764000      33246s  mean    271652  max   514924  V    221748  |d|     402    240k mv/s  1024 100.0  2048  99.4  4096  97.3  8192  92.9  16k  71.0  32k   0.2
ep 766000      33344s  mean    271329  max   386840  V    221808  |d|     401    240k mv/s  1024  99.8  2048  99.0  4096  97.3  8192  92.5  16k  71.6  32k   0.0
ep 768000      33443s  mean    274058  max   467968  V    222056  |d|     398    240k mv/s  1024  99.8  2048  99.5  4096  98.0  8192  94.3  16k  71.7  32k   0.0
ep 770000      33540s  mean    272463  max   533632  V    221683  |d|     402    240k mv/s  1024  99.8  2048  99.3  4096  97.3  8192  93.0  16k  71.6  32k   0.1
ep 772000      33636s  mean    271990  max   504188  V    221856  |d|     401    240k mv/s  1024  99.8  2048  99.3  4096  97.1  8192  93.1  16k  71.3  32k   0.1
ep 774000      33734s  mean    274208  max   495972  V    221333  |d|     402    240k mv/s  1024  99.8  2048  99.1  4096  97.5  8192  93.3  16k  71.5  32k   0.1
ep 776000      33831s  mean    272439  max   524812  V    221439  |d|     407    240k mv/s  1024  99.8  2048  99.4  4096  97.4  8192  92.3  16k  71.9  32k   0.1
ep 778000      33930s  mean    273897  max   530020  V    221469  |d|     402    240k mv/s  1024 100.0  2048  99.7  4096  97.7  8192  92.8  16k  71.6  32k   0.1
ep 780000      34028s  mean    275105  max   522160  V    221877  |d|     399    240k mv/s  1024  99.9  2048  99.5  4096  97.7  8192  93.8  16k  72.8  32k   0.1
ep 782000      34127s  mean    275163  max   430176  V    221777  |d|     399    239k mv/s  1024 100.0  2048  99.5  4096  97.8  8192  93.5  16k  73.2  32k   0.0
ep 784000      34227s  mean    273415  max   459892  V    221729  |d|     399    239k mv/s  1024  99.8  2048  99.5  4096  97.6  8192  93.6  16k  71.2  32k   0.1
ep 786000      34326s  mean    274667  max   491264  V    221768  |d|     400    239k mv/s  1024  99.8  2048  99.3  4096  98.0  8192  94.4  16k  71.8  32k   0.1
ep 788000      34423s  mean    272632  max   532392  V    221784  |d|     400    239k mv/s  1024  99.9  2048  99.4  4096  97.4  8192  92.1  16k  71.2  32k   0.1
checkpoint -> runs/r11_ctl.bin (ep 788521)
ep 790000      34523s  mean    273249  max   542584  V    221944  |d|     399    239k mv/s  1024 100.0  2048  99.4  4096  97.4  8192  93.0  16k  72.1  32k   0.1
ep 792000      34624s  mean    274136  max   387012  V    221529  |d|     404    239k mv/s  1024  99.8  2048  99.5  4096  97.7  8192  93.2  16k  72.3  32k   0.0
ep 794000      34722s  mean    272289  max   480348  V    221635  |d|     403    239k mv/s  1024  99.9  2048  99.2  4096  97.9  8192  93.4  16k  70.0  32k   0.1
ep 796000      34820s  mean    273360  max   533132  V    221828  |d|     403    239k mv/s  1024  99.8  2048  99.0  4096  97.2  8192  92.6  16k  72.3  32k   0.1
ep 798000      34918s  mean    271906  max   387804  V    222102  |d|     401    239k mv/s  1024  99.8  2048  99.2  4096  97.2  8192  93.8  16k  71.2  32k   0.0
ep 800000      35017s  mean    274545  max   528536  V    221663  |d|     404    239k mv/s  1024  99.8  2048  99.2  4096  97.5  8192  93.7  16k  72.5  32k   0.1
ep 802000      35116s  mean    271534  max   530488  V    222016  |d|     401    239k mv/s  1024  99.8  2048  99.3  4096  97.4  8192  93.3  16k  70.7  32k   0.1
ep 804000      35213s  mean    271887  max   582892  V    222292  |d|     401    239k mv/s  1024  99.8  2048  99.5  4096  98.2  8192  94.0  16k  71.1  32k   0.1
ep 806000      35313s  mean    275526  max   536684  V    221649  |d|     402    239k mv/s  1024  99.8  2048  99.3  4096  97.7  8192  93.2  16k  73.0  32k   0.1
ep 808000      35412s  mean    275561  max   524888  V    221337  |d|     406    238k mv/s  1024  99.9  2048  99.4  4096  97.5  8192  94.0  16k  72.5  32k   0.1
ep 810000      35511s  mean    273550  max   523504  V    222126  |d|     400    238k mv/s  1024  99.6  2048  98.8  4096  97.0  8192  93.5  16k  72.8  32k   0.1
ep 812000      35609s  mean    270939  max   526248  V    222099  |d|     402    238k mv/s  1024  99.8  2048  99.3  4096  97.4  8192  92.7  16k  70.8  32k   0.1
ep 814000      35707s  mean    272265  max   479860  V    222062  |d|     404    238k mv/s  1024  99.8  2048  99.5  4096  97.6  8192  93.7  16k  70.7  32k   0.1
ep 816000      35806s  mean    272471  max   509628  V    222252  |d|     400    238k mv/s  1024  99.8  2048  99.2  4096  97.8  8192  93.5  16k  71.2  32k   0.1
ep 818000      35906s  mean    275220  max   548696  V    222015  |d|     397    238k mv/s  1024  99.8  2048  99.5  4096  97.9  8192  94.0  16k  72.0  32k   0.1
ep 820000      36005s  mean    274722  max   524052  V    221782  |d|     404    238k mv/s  1024  99.8  2048  99.3  4096  98.0  8192  92.9  16k  72.4  32k   0.1
ep 822000      36105s  mean    276505  max   386808  V    221623  |d|     402    238k mv/s  1024  99.8  2048  99.2  4096  97.8  8192  93.7  16k  72.8  32k   0.0
ep 824000      36203s  mean    271589  max   527096  V    222275  |d|     400    238k mv/s  1024  99.8  2048  99.3  4096  97.8  8192  93.2  16k  71.1  32k   0.1
ep 826000      36301s  mean    272693  max   538236  V    222254  |d|     401    238k mv/s  1024  99.8  2048  99.4  4096  97.7  8192  93.1  16k  71.3  32k   0.2
ep 828000      36400s  mean    274077  max   388728  V    222005  |d|     400    238k mv/s  1024  99.9  2048  99.4  4096  97.9  8192  93.5  16k  72.0  32k   0.0
ep 830000      36497s  mean    271472  max   505044  V    222129  |d|     402    238k mv/s  1024  99.8  2048  99.2  4096  97.3  8192  92.7  16k  71.4  32k   0.1
ep 832000      36598s  mean    276664  max   387464  V    221796  |d|     398    238k mv/s  1024  99.9  2048  99.5  4096  97.7  8192  93.5  16k  73.5  32k   0.0
ep 834000      36703s  mean    275575  max   532320  V    221796  |d|     400    238k mv/s  1024  99.8  2048  99.3  4096  97.5  8192  93.8  16k  72.8  32k   0.1
ep 836000      36806s  mean    273736  max   510948  V    221881  |d|     402    237k mv/s  1024 100.0  2048  99.3  4096  97.3  8192  93.5  16k  72.2  32k   0.1
ep 838000      36910s  mean    275135  max   386880  V    221992  |d|     400    237k mv/s  1024  99.8  2048  99.4  4096  97.8  8192  93.3  16k  73.5  32k   0.0
checkpoint -> runs/r11_ctl.bin (ep 838004)
ep 840000      37013s  mean    273838  max   504500  V    222223  |d|     401    237k mv/s  1024 100.0  2048  99.5  4096  97.8  8192  93.5  16k  72.2  32k   0.1
ep 842000      37115s  mean    272350  max   580008  V    221913  |d|     404    237k mv/s  1024  99.8  2048  99.1  4096  97.7  8192  93.5  16k  71.0  32k   0.1
ep 844000      37219s  mean    276097  max   548420  V    221925  |d|     397    237k mv/s  1024  99.8  2048  99.3  4096  97.8  8192  93.8  16k  73.0  32k   0.1
ep 846000      37321s  mean    270821  max   522144  V    222258  |d|     404    237k mv/s  1024 100.0  2048  99.5  4096  97.5  8192  91.8  16k  70.8  32k   0.1
ep 848000      37424s  mean    274599  max   387320  V    222011  |d|     399    237k mv/s  1024  99.8  2048  99.0  4096  97.5  8192  93.8  16k  72.9  32k   0.0
ep 850000      37526s  mean    269963  max   532596  V    222371  |d|     402    237k mv/s  1024  99.6  2048  98.7  4096  97.5  8192  92.8  16k  70.3  32k   0.1
ep 852000      37623s  mean    273758  max   585872  V    222122  |d|     403    237k mv/s  1024  99.9  2048  99.4  4096  97.6  8192  93.2  16k  72.0  32k   0.1
ep 854000      37723s  mean    275716  max   513084  V    221528  |d|     403    237k mv/s  1024 100.0  2048  99.3  4096  97.8  8192  93.2  16k  72.8  32k   0.1
ep 856000      37824s  mean    274547  max   527596  V    222164  |d|     400    237k mv/s  1024  99.9  2048  99.2  4096  97.4  8192  94.3  16k  72.0  32k   0.1
ep 858000      37922s  mean    271774  max   532512  V    222570  |d|     400    237k mv/s  1024  99.8  2048  99.5  4096  97.9  8192  93.4  16k  70.7  32k   0.1
ep 860000      38018s  mean    271182  max   512520  V    222266  |d|     402    237k mv/s  1024  99.8  2048  99.2  4096  96.8  8192  92.0  16k  71.8  32k   0.1
ep 862000      38117s  mean    273003  max   508224  V    222183  |d|     403    236k mv/s  1024  99.9  2048  99.6  4096  97.6  8192  93.1  16k  71.4  32k   0.1
ep 864000      38216s  mean    274236  max   464884  V    222098  |d|     403    236k mv/s  1024  99.8  2048  99.0  4096  97.5  8192  93.5  16k  72.5  32k   0.1
ep 866000      38314s  mean    270174  max   386868  V    222582  |d|     402    236k mv/s  1024  99.8  2048  99.2  4096  97.5  8192  93.2  16k  70.8  32k   0.0
ep 868000      38413s  mean    272699  max   387536  V    222110  |d|     404    236k mv/s  1024  99.8  2048  99.2  4096  98.2  8192  93.9  16k  70.8  32k   0.0
ep 870000      38513s  mean    270174  max   387348  V    222824  |d|     397    236k mv/s  1024  99.8  2048  99.2  4096  97.3  8192  93.5  16k  69.7  32k   0.0
ep 872000      38613s  mean    274156  max   557636  V    221847  |d|     402    236k mv/s  1024  99.8  2048  99.1  4096  97.6  8192  92.8  16k  72.3  32k   0.1
ep 874000      38709s  mean    269840  max   557180  V    222902  |d|     402    236k mv/s  1024 100.0  2048  99.5  4096  98.3  8192  93.4  16k  70.0  32k   0.1
ep 876000      38808s  mean    275497  max   585288  V    222468  |d|     400    236k mv/s  1024 100.0  2048  99.5  4096  98.6  8192  94.0  16k  73.2  32k   0.1
ep 878000      38907s  mean    276471  max   532800  V    221991  |d|     400    236k mv/s  1024  99.8  2048  99.5  4096  98.2  8192  93.5  16k  73.5  32k   0.1
ep 880000      39008s  mean    274066  max   528276  V    222586  |d|     403    236k mv/s  1024  99.8  2048  99.3  4096  97.8  8192  94.2  16k  71.8  32k   0.1
ep 882000      39108s  mean    276454  max   528988  V    221829  |d|     402    236k mv/s  1024  99.8  2048  99.4  4096  97.7  8192  93.7  16k  73.5  32k   0.1
ep 884000      39205s  mean    270226  max   565372  V    222822  |d|     401    236k mv/s  1024 100.0  2048  99.3  4096  97.8  8192  93.2  16k  70.0  32k   0.1
ep 886000      39306s  mean    272909  max   528664  V    222312  |d|     400    236k mv/s  1024  99.8  2048  99.1  4096  97.2  8192  93.0  16k  71.6  32k   0.1
checkpoint -> runs/r11_ctl.bin (ep 887315)
ep 888000      39404s  mean    271662  max   488676  V    222564  |d|     400    236k mv/s  1024 100.0  2048  99.5  4096  97.5  8192  93.2  16k  70.8  32k   0.1
ep 890000      39506s  mean    274462  max   554292  V    222469  |d|     400    236k mv/s  1024  99.8  2048  99.4  4096  98.0  8192  93.9  16k  72.5  32k   0.1
ep 892000      39607s  mean    274859  max   509468  V    222464  |d|     399    236k mv/s  1024 100.0  2048  99.8  4096  98.0  8192  94.4  16k  72.2  32k   0.1
ep 894000      39708s  mean    275583  max   529516  V    222119  |d|     402    235k mv/s  1024  99.7  2048  99.2  4096  97.7  8192  94.0  16k  72.6  32k   0.1
ep 896000      39793s  mean    271697  max   386788  V    222269  |d|     401    235k mv/s  1024  99.8  2048  99.3  4096  97.3  8192  92.8  16k  70.3  32k   0.0
ep 898000      39879s  mean    274936  max   386576  V    222772  |d|     395    236k mv/s  1024  99.8  2048  99.5  4096  97.8  8192  94.8  16k  72.8  32k   0.0
ep 900000      39966s  mean    274055  max   513260  V    222343  |d|     404    236k mv/s  1024 100.0  2048  99.3  4096  97.9  8192  93.8  16k  72.0  32k   0.1
ep 902000      40052s  mean    271725  max   547684  V    222628  |d|     403    236k mv/s  1024 100.0  2048  99.6  4096  98.0  8192  93.5  16k  70.8  32k   0.1
ep 904000      40139s  mean    275458  max   574536  V    222070  |d|     405    236k mv/s  1024  99.8  2048  99.3  4096  97.8  8192  94.0  16k  72.6  32k   0.1
ep 906000      40225s  mean    272348  max   558016  V    222695  |d|     400    236k mv/s  1024  99.7  2048  99.3  4096  97.9  8192  92.9  16k  71.8  32k   0.1
ep 908000      40311s  mean    271484  max   532976  V    222582  |d|     402    236k mv/s  1024  99.8  2048  99.3  4096  97.4  8192  92.8  16k  71.0  32k   0.1
ep 910000      40397s  mean    274619  max   580804  V    222023  |d|     401    236k mv/s  1024  99.9  2048  99.4  4096  98.0  8192  92.6  16k  72.0  32k   0.1
ep 912000      40484s  mean    274329  max   502640  V    222428  |d|     401    236k mv/s  1024  99.7  2048  99.3  4096  97.2  8192  93.8  16k  72.3  32k   0.1
ep 914000      40569s  mean    276388  max   517244  V    222182  |d|     404    236k mv/s  1024  99.8  2048  99.5  4096  98.0  8192  94.0  16k  73.2  32k   0.1
ep 916000      40653s  mean    273256  max   596176  V    222558  |d|     402    236k mv/s  1024  99.9  2048  99.4  4096  97.5  8192  93.2  16k  72.2  32k   0.1
ep 918000      40738s  mean    272857  max   563480  V    222892  |d|     397    236k mv/s  1024 100.0  2048  99.5  4096  97.3  8192  93.2  16k  72.0  32k   0.1
ep 920000      40825s  mean    274526  max   533268  V    222120  |d|     402    236k mv/s  1024 100.0  2048  99.2  4096  97.2  8192  93.1  16k  72.7  32k   0.1
ep 922000      40910s  mean    270987  max   509052  V    222953  |d|     400    236k mv/s  1024  99.7  2048  99.1  4096  97.2  8192  93.2  16k  70.5  32k   0.1
ep 924000      40997s  mean    273282  max   513692  V    222618  |d|     401    236k mv/s  1024  99.8  2048  99.2  4096  97.4  8192  93.6  16k  72.3  32k   0.1
ep 926000      41084s  mean    275637  max   511444  V    222097  |d|     402    236k mv/s  1024  99.7  2048  99.3  4096  97.8  8192  94.6  16k  71.7  32k   0.1
ep 928000      41170s  mean    271118  max   530520  V    222458  |d|     403    236k mv/s  1024  99.8  2048  99.0  4096  97.2  8192  92.5  16k  71.0  32k   0.1
ep 930000      41257s  mean    277890  max   386636  V    222287  |d|     399    236k mv/s  1024  99.9  2048  99.4  4096  98.0  8192  94.7  16k  73.9  32k   0.0
ep 932000      41342s  mean    273837  max   533080  V    222670  |d|     398    236k mv/s  1024  99.8  2048  99.2  4096  97.8  8192  93.5  16k  71.0  32k   0.2
ep 934000      41425s  mean    267403  max   387460  V    222417  |d|     403    236k mv/s  1024  99.7  2048  98.8  4096  96.7  8192  91.7  16k  68.0  32k   0.0
ep 936000      41512s  mean    273150  max   492412  V    222538  |d|     400    236k mv/s  1024  99.9  2048  99.3  4096  97.8  8192  93.8  16k  71.2  32k   0.1
ep 938000      41613s  mean    274789  max   555376  V    222361  |d|     402    236k mv/s  1024  99.7  2048  99.2  4096  97.6  8192  93.4  16k  72.2  32k   0.1
ep 940000      41713s  mean    276138  max   533164  V    222262  |d|     397    236k mv/s  1024  99.8  2048  99.6  4096  97.8  8192  93.4  16k  73.0  32k   0.1
ep 942000      41811s  mean    273985  max   498068  V    222285  |d|     403    236k mv/s  1024  99.8  2048  99.2  4096  97.5  8192  93.2  16k  71.8  32k   0.1
checkpoint -> runs/r11_ctl.bin (ep 942393)
ep 944000      41910s  mean    274648  max   488092  V    222747  |d|     400    236k mv/s  1024 100.0  2048  99.4  4096  97.5  8192  93.5  16k  72.8  32k   0.1
ep 946000      42007s  mean    271407  max   525360  V    222951  |d|     399    236k mv/s  1024  99.8  2048  99.5  4096  97.5  8192  93.0  16k  71.0  32k   0.1
ep 948000      42106s  mean    271916  max   515960  V    222937  |d|     397    236k mv/s  1024  99.8  2048  99.5  4096  97.5  8192  92.8  16k  71.3  32k   0.1
ep 950000      42206s  mean    269881  max   387428  V    223014  |d|     399    235k mv/s  1024  99.8  2048  99.2  4096  97.1  8192  92.1  16k  70.7  32k   0.0
ep 952000      42306s  mean    273027  max   387088  V    222623  |d|     402    235k mv/s  1024  99.8  2048  99.3  4096  97.0  8192  92.7  16k  72.0  32k   0.0
ep 954000      42406s  mean    272920  max   602544  V    222782  |d|     400    235k mv/s  1024  99.8  2048  99.6  4096  97.5  8192  92.8  16k  71.8  32k   0.1
ep 956000      42504s  mean    274645  max   531136  V    222751  |d|     398    235k mv/s  1024 100.0  2048  99.4  4096  97.5  8192  93.5  16k  72.4  32k   0.1
ep 958000      42602s  mean    273096  max   532508  V    222648  |d|     401    235k mv/s  1024  99.9  2048  99.3  4096  97.8  8192  94.0  16k  70.6  32k   0.1
ep 960000      42702s  mean    272190  max   529316  V    222971  |d|     401    235k mv/s  1024  99.9  2048  99.3  4096  97.5  8192  93.3  16k  71.0  32k   0.1
ep 962000      42802s  mean    274603  max   544116  V    222305  |d|     403    235k mv/s  1024 100.0  2048  99.7  4096  98.0  8192  93.3  16k  71.3  32k   0.2
ep 964000      42902s  mean    273311  max   387196  V    222864  |d|     401    235k mv/s  1024  99.8  2048  99.5  4096  97.8  8192  93.9  16k  71.3  32k   0.0
ep 966000      43002s  mean    272672  max   529108  V    222869  |d|     400    235k mv/s  1024  99.8  2048  99.3  4096  97.9  8192  93.7  16k  70.3  32k   0.1
ep 968000      43101s  mean    270407  max   531136  V    222884  |d|     403    235k mv/s  1024  99.8  2048  98.8  4096  97.0  8192  92.6  16k  71.2  32k   0.1
saving final checkpoint -> runs/r11_ctl.bin
done: 969997 episodes, 10148219122 moves, 43206.2 s
