loading runs/round9_final.bin ...
widened 16 -> 24 patterns, existing tables copied, new tables zero
patterns=24  weights/stage=402653184  stages=1  memory=4.50 GiB  threads=7  alpha=0.100  TC=on
ep 2000          135s  mean    269540  max   553976  V    216312  |d|     399    154k mv/s  1024  99.9  2048  99.2  4096  97.5  8192  92.7  16k  70.8  32k   0.2
ep 4000          269s  mean    270353  max   571184  V    216374  |d|     399    154k mv/s  1024  99.8  2048  99.2  4096  97.8  8192  93.5  16k  70.3  32k   0.1
ep 6000          400s  mean    269460  max   507260  V    216393  |d|     392    156k mv/s  1024  99.8  2048  99.2  4096  97.5  8192  93.0  16k  69.8  32k   0.1
ep 8000          535s  mean    276994  max   576692  V    215488  |d|     396    156k mv/s  1024  99.9  2048  99.2  4096  97.8  8192  94.0  16k  73.5  32k   0.1
ep 10000         669s  mean    272528  max   386928  V    216162  |d|     392    156k mv/s  1024  99.8  2048  99.5  4096  97.9  8192  93.7  16k  70.4  32k   0.0
ep 12000         803s  mean    271168  max   528776  V    215864  |d|     396    156k mv/s  1024  99.8  2048  99.6  4096  97.6  8192  92.8  16k  69.6  32k   0.1
ep 14000         938s  mean    272399  max   497084  V    215832  |d|     391    156k mv/s  1024  99.9  2048  99.5  4096  97.7  8192  93.3  16k  70.0  32k   0.1
ep 16000        1071s  mean    271904  max   513004  V    216440  |d|     388    156k mv/s  1024  99.7  2048  99.0  4096  97.6  8192  94.3  16k  70.7  32k   0.1
ep 18000        1205s  mean    273013  max   516952  V    216243  |d|     388    156k mv/s  1024  99.8  2048  99.7  4096  98.5  8192  94.3  16k  70.6  32k   0.1
ep 20000        1340s  mean    274847  max   553748  V    216081  |d|     385    156k mv/s  1024  99.9  2048  99.2  4096  98.0  8192  93.7  16k  71.4  32k   0.1
ep 22000        1474s  mean    273441  max   581304  V    216012  |d|     391    156k mv/s  1024  99.8  2048  99.5  4096  97.5  8192  93.5  16k  70.8  32k   0.1
ep 24000        1606s  mean    272573  max   556560  V    216054  |d|     389    157k mv/s  1024  99.8  2048  99.5  4096  97.5  8192  92.8  16k  70.5  32k   0.1
ep 26000        1739s  mean    272198  max   548296  V    216330  |d|     386    157k mv/s  1024 100.0  2048  99.3  4096  97.8  8192  93.5  16k  70.7  32k   0.1
checkpoint -> runs/r11_wide24.bin (ep 26904)
ep 28000        1872s  mean    268808  max   524248  V    216547  |d|     387    157k mv/s  1024  99.8  2048  99.3  4096  97.5  8192  92.7  16k  68.6  32k   0.1
ep 30000        2006s  mean    273736  max   551496  V    216072  |d|     386    157k mv/s  1024  99.8  2048  99.3  4096  97.5  8192  93.2  16k  71.2  32k   0.1
ep 32000        2137s  mean    271323  max   521692  V    216556  |d|     385    157k mv/s  1024  99.8  2048  99.2  4096  97.8  8192  94.2  16k  69.7  32k   0.1
ep 34000        2271s  mean    276150  max   560248  V    215893  |d|     387    157k mv/s  1024  99.9  2048  99.7  4096  98.2  8192  93.8  16k  71.7  32k   0.1
ep 36000        2406s  mean    276105  max   530624  V    216029  |d|     386    157k mv/s  1024  99.8  2048  99.2  4096  97.9  8192  94.0  16k  72.2  32k   0.1
ep 38000        2540s  mean    274364  max   387508  V    216170  |d|     385    157k mv/s  1024 100.0  2048  99.6  4096  98.0  8192  94.2  16k  70.2  32k   0.0
ep 40000        2675s  mean    273103  max   557216  V    216304  |d|     387    157k mv/s  1024  99.6  2048  99.3  4096  97.4  8192  93.8  16k  71.1  32k   0.1
ep 42000        2810s  mean    274068  max   512024  V    216536  |d|     383    157k mv/s  1024  99.9  2048  99.5  4096  98.2  8192  94.0  16k  70.5  32k   0.1
ep 44000        2945s  mean    273646  max   516244  V    216236  |d|     386    157k mv/s  1024 100.0  2048  99.7  4096  97.9  8192  92.7  16k  71.4  32k   0.1
ep 46000        3079s  mean    273131  max   513120  V    216452  |d|     382    157k mv/s  1024  99.8  2048  99.2  4096  97.2  8192  92.5  16k  72.0  32k   0.1
ep 48000        3212s  mean    273198  max   387356  V    216636  |d|     381    157k mv/s  1024  99.8  2048  99.3  4096  97.8  8192  93.9  16k  71.1  32k   0.0
ep 50000        3346s  mean    274411  max   533156  V    216284  |d|     380    157k mv/s  1024  99.8  2048  99.3  4096  97.5  8192  93.1  16k  71.0  32k   0.1
ep 52000        3480s  mean    272841  max   554444  V    216692  |d|     381    157k mv/s  1024  99.9  2048  99.5  4096  97.6  8192  93.2  16k  70.9  32k   0.1
checkpoint -> runs/r11_wide24.bin (ep 53864)
ep 54000        3611s  mean    271764  max   534764  V    216494  |d|     383    157k mv/s  1024  99.7  2048  99.3  4096  97.5  8192  93.0  16k  70.2  32k   0.1
ep 56000        3745s  mean    274817  max   500820  V    216515  |d|     379    157k mv/s  1024  99.8  2048  99.5  4096  97.7  8192  93.8  16k  71.7  32k   0.1
ep 58000        3879s  mean    274661  max   529388  V    216300  |d|     381    157k mv/s  1024  99.6  2048  99.2  4096  98.0  8192  92.9  16k  71.8  32k   0.1
ep 60000        4014s  mean    273878  max   390580  V    216609  |d|     380    157k mv/s  1024  99.8  2048  99.2  4096  97.2  8192  92.8  16k  71.7  32k   0.0
ep 62000        4147s  mean    274731  max   529312  V    216650  |d|     380    157k mv/s  1024  99.8  2048  99.5  4096  97.5  8192  92.7  16k  71.3  32k   0.2
ep 64000        4284s  mean    277379  max   552328  V    216225  |d|     381    157k mv/s  1024  99.9  2048  99.3  4096  97.7  8192  93.8  16k  72.9  32k   0.1
ep 66000        4419s  mean    275246  max   566340  V    216329  |d|     381    157k mv/s  1024  99.8  2048  99.5  4096  97.2  8192  92.7  16k  72.0  32k   0.1
ep 68000        4554s  mean    275505  max   551388  V    216535  |d|     378    157k mv/s  1024  99.7  2048  99.2  4096  97.7  8192  93.2  16k  71.8  32k   0.1
ep 70000        4690s  mean    277079  max   387096  V    216440  |d|     380    157k mv/s  1024  99.8  2048  99.5  4096  98.0  8192  93.8  16k  73.2  32k   0.0
ep 72000        4824s  mean    276195  max   386524  V    216726  |d|     378    157k mv/s  1024 100.0  2048  99.7  4096  97.8  8192  93.9  16k  73.0  32k   0.0
ep 74000        4961s  mean    280552  max   424520  V    215597  |d|     384    157k mv/s  1024  99.7  2048  99.5  4096  97.8  8192  93.5  16k  74.3  32k   0.0
ep 76000        5094s  mean    272660  max   531652  V    216879  |d|     382    157k mv/s  1024  99.5  2048  99.2  4096  97.4  8192  92.7  16k  70.9  32k   0.1
ep 78000        5232s  mean    278552  max   529964  V    216464  |d|     378    157k mv/s  1024  99.8  2048  99.5  4096  98.3  8192  93.3  16k  73.0  32k   0.1
ep 80000        5367s  mean    276825  max   532448  V    216304  |d|     380    157k mv/s  1024 100.0  2048  99.5  4096  97.7  8192  93.5  16k  71.7  32k   0.1
checkpoint -> runs/r11_wide24.bin (ep 80544)
ep 82000        5500s  mean    271494  max   519124  V    216701  |d|     384    157k mv/s  1024  99.8  2048  99.2  4096  97.1  8192  92.5  16k  70.2  32k   0.1
ep 84000        5635s  mean    275158  max   530892  V    216809  |d|     380    157k mv/s  1024  99.8  2048  99.5  4096  97.8  8192  93.8  16k  71.9  32k   0.1
ep 86000        5769s  mean    276279  max   513244  V    216631  |d|     379    157k mv/s  1024  99.8  2048  99.3  4096  98.0  8192  93.3  16k  72.4  32k   0.1
ep 88000        5904s  mean    275502  max   555200  V    216479  |d|     380    157k mv/s  1024  99.9  2048  99.3  4096  97.7  8192  93.4  16k  71.5  32k   0.1
ep 90000        6039s  mean    277517  max   495912  V    216914  |d|     377    157k mv/s  1024  99.9  2048  99.5  4096  98.0  8192  93.8  16k  73.1  32k   0.1
ep 92000        6174s  mean    278256  max   507144  V    216866  |d|     374    157k mv/s  1024  99.8  2048  99.3  4096  97.3  8192  94.0  16k  73.3  32k   0.1
ep 94000        6309s  mean    275808  max   501544  V    216997  |d|     378    157k mv/s  1024  99.8  2048  99.5  4096  97.7  8192  93.8  16k  72.2  32k   0.1
ep 96000        6442s  mean    274063  max   528084  V    217314  |d|     377    157k mv/s  1024  99.9  2048  99.4  4096  97.4  8192  93.3  16k  71.7  32k   0.1
ep 98000        6577s  mean    275494  max   529592  V    217163  |d|     379    157k mv/s  1024  99.5  2048  99.2  4096  98.0  8192  94.0  16k  72.0  32k   0.1
ep 100000       6711s  mean    276712  max   445112  V    216891  |d|     378    157k mv/s  1024 100.0  2048  99.6  4096  97.5  8192  93.5  16k  72.7  32k   0.0
ep 102000       6844s  mean    274964  max   540144  V    216750  |d|     381    157k mv/s  1024  99.9  2048  99.3  4096  97.6  8192  93.0  16k  71.0  32k   0.1
ep 104000       6977s  mean    274241  max   605688  V    217259  |d|     379    157k mv/s  1024  99.8  2048  99.3  4096  98.0  8192  94.2  16k  70.3  32k   0.2
ep 106000       7112s  mean    275616  max   511240  V    217162  |d|     377    157k mv/s  1024  99.9  2048  99.5  4096  97.8  8192  94.0  16k  71.4  32k   0.1
checkpoint -> runs/r11_wide24.bin (ep 107348)
ep 108000       7248s  mean    276436  max   531476  V    217043  |d|     378    157k mv/s  1024  99.8  2048  99.5  4096  98.0  8192  93.3  16k  72.6  32k   0.1
ep 110000       7383s  mean    277123  max   470564  V    216936  |d|     379    157k mv/s  1024  99.8  2048  99.0  4096  98.0  8192  94.2  16k  72.7  32k   0.1
ep 112000       7521s  mean    280407  max   528308  V    216917  |d|     375    157k mv/s  1024  99.8  2048  99.5  4096  98.3  8192  94.8  16k  73.7  32k   0.1
ep 114000       7657s  mean    278786  max   520084  V    217058  |d|     376    157k mv/s  1024  99.7  2048  99.2  4096  98.0  8192  94.7  16k  72.8  32k   0.1
ep 116000       7791s  mean    276663  max   559480  V    217277  |d|     377    157k mv/s  1024  99.8  2048  99.7  4096  97.8  8192  94.0  16k  72.8  32k   0.1
ep 118000       7927s  mean    279267  max   475488  V    216925  |d|     377    157k mv/s  1024  99.9  2048  99.5  4096  97.6  8192  94.1  16k  73.8  32k   0.1
ep 120000       8062s  mean    279892  max   486636  V    216826  |d|     377    157k mv/s  1024 100.0  2048  99.3  4096  97.8  8192  94.1  16k  72.9  32k   0.1
ep 122000       8199s  mean    278557  max   509832  V    217003  |d|     378    157k mv/s  1024 100.0  2048  99.5  4096  97.6  8192  93.3  16k  73.3  32k   0.1
ep 124000       8336s  mean    279448  max   524088  V    216724  |d|     376    157k mv/s  1024  99.8  2048  99.7  4096  98.2  8192  94.3  16k  72.9  32k   0.1
ep 126000       8470s  mean    276090  max   495672  V    217369  |d|     376    157k mv/s  1024  99.8  2048  99.2  4096  97.5  8192  93.1  16k  72.0  32k   0.1
ep 128000       8607s  mean    274428  max   504368  V    217300  |d|     376    157k mv/s  1024  99.8  2048  99.2  4096  97.3  8192  93.0  16k  70.9  32k   0.1
ep 130000       8743s  mean    279253  max   486460  V    217272  |d|     374    157k mv/s  1024  99.7  2048  99.2  4096  98.0  8192  94.2  16k  73.7  32k   0.1
ep 132000       8880s  mean    279663  max   567692  V    216882  |d|     374    157k mv/s  1024 100.0  2048  99.4  4096  97.7  8192  93.2  16k  73.6  32k   0.1
checkpoint -> runs/r11_wide24.bin (ep 133855)
ep 134000       9015s  mean    283444  max   532796  V    216513  |d|     375    157k mv/s  1024  99.9  2048  99.4  4096  97.6  8192  94.0  16k  74.9  32k   0.1
ep 136000       9149s  mean    275070  max   551296  V    217642  |d|     375    157k mv/s  1024  99.7  2048  99.2  4096  97.3  8192  93.0  16k  72.2  32k   0.2
ep 138000       9283s  mean    275076  max   387532  V    217574  |d|     375    157k mv/s  1024  99.7  2048  99.0  4096  97.0  8192  93.2  16k  71.0  32k   0.0
ep 140000       9418s  mean    277218  max   532396  V    217564  |d|     374    157k mv/s  1024  99.8  2048  99.5  4096  98.0  8192  94.8  16k  72.0  32k   0.1
ep 142000       9554s  mean    279003  max   387240  V    217274  |d|     377    157k mv/s  1024 100.0  2048  99.6  4096  98.3  8192  94.2  16k  72.7  32k   0.0
ep 144000       9689s  mean    277435  max   528564  V    217417  |d|     375    157k mv/s  1024  99.8  2048  99.3  4096  98.0  8192  94.5  16k  71.6  32k   0.1
ep 146000       9822s  mean    278504  max   524564  V    217204  |d|     376    157k mv/s  1024  99.9  2048  99.2  4096  97.1  8192  93.1  16k  73.1  32k   0.1
ep 148000       9957s  mean    276507  max   507688  V    217396  |d|     378    157k mv/s  1024  99.9  2048  99.5  4096  98.0  8192  93.2  16k  72.1  32k   0.1
ep 150000      10092s  mean    275866  max   386956  V    217785  |d|     375    157k mv/s  1024 100.0  2048  99.2  4096  97.2  8192  93.8  16k  72.6  32k   0.0
ep 152000      10225s  mean    274458  max   551808  V    217719  |d|     378    157k mv/s  1024  99.8  2048  99.5  4096  97.8  8192  93.0  16k  70.7  32k   0.1
ep 154000      10360s  mean    278982  max   532080  V    217462  |d|     376    157k mv/s  1024  99.8  2048  99.2  4096  98.2  8192  94.5  16k  72.5  32k   0.1
ep 156000      10494s  mean    279174  max   609088  V    217194  |d|     377    157k mv/s  1024  99.8  2048  99.1  4096  97.5  8192  93.7  16k  73.3  32k   0.1
ep 158000      10630s  mean    278263  max   387016  V    217458  |d|     376    157k mv/s  1024  99.9  2048  99.5  4096  97.9  8192  93.5  16k  72.7  32k   0.0
ep 160000      10765s  mean    275850  max   389464  V    217478  |d|     376    157k mv/s  1024  99.7  2048  99.2  4096  97.8  8192  93.3  16k  71.3  32k   0.0
checkpoint -> runs/r11_wide24.bin (ep 160617)
ep 162000      10901s  mean    278971  max   567508  V    217771  |d|     375    157k mv/s  1024  99.8  2048  99.4  4096  97.8  8192  94.3  16k  72.8  32k   0.1
ep 164000      11037s  mean    280077  max   528452  V    217317  |d|     376    157k mv/s  1024  99.8  2048  99.2  4096  97.4  8192  94.0  16k  73.5  32k   0.2
ep 166000      11173s  mean    279396  max   533200  V    218013  |d|     368    157k mv/s  1024 100.0  2048  99.5  4096  97.8  8192  93.8  16k  73.5  32k   0.1
ep 168000      11309s  mean    275032  max   386960  V    218092  |d|     373    157k mv/s  1024  99.8  2048  99.2  4096  97.8  8192  93.2  16k  71.5  32k   0.0
ep 170000      11445s  mean    279245  max   492880  V    217628  |d|     374    157k mv/s  1024  99.7  2048  99.1  4096  97.5  8192  93.8  16k  73.4  32k   0.1
ep 172000      11584s  mean    280998  max   532900  V    217462  |d|     374    157k mv/s  1024  99.8  2048  99.5  4096  97.8  8192  94.3  16k  74.0  32k   0.1
ep 174000      11720s  mean    276569  max   533136  V    218157  |d|     377    157k mv/s  1024  99.8  2048  99.5  4096  97.8  8192  94.3  16k  71.8  32k   0.1
ep 176000      11857s  mean    281396  max   559260  V    217575  |d|     374    157k mv/s  1024  99.8  2048  99.3  4096  98.0  8192  94.2  16k  74.5  32k   0.1
ep 178000      11992s  mean    278528  max   514444  V    217642  |d|     376    157k mv/s  1024  99.8  2048  99.3  4096  97.6  8192  94.2  16k  72.0  32k   0.1
ep 180000      12125s  mean    275745  max   534116  V    218142  |d|     375    157k mv/s  1024  99.9  2048  99.5  4096  98.1  8192  93.5  16k  71.5  32k   0.1
ep 182000      12262s  mean    277832  max   407208  V    217997  |d|     375    157k mv/s  1024  99.8  2048  99.5  4096  98.1  8192  93.8  16k  72.2  32k   0.0
ep 184000      12401s  mean    280287  max   516036  V    217684  |d|     374    157k mv/s  1024  99.8  2048  99.4  4096  97.5  8192  94.0  16k  73.7  32k   0.1
ep 186000      12537s  mean    278998  max   506212  V    217546  |d|     379    157k mv/s  1024  99.8  2048  99.5  4096  97.5  8192  93.8  16k  73.0  32k   0.1
checkpoint -> runs/r11_wide24.bin (ep 187021)
ep 188000      12675s  mean    281952  max   525644  V    217668  |d|     372    157k mv/s  1024  99.8  2048  99.7  4096  98.3  8192  93.7  16k  74.8  32k   0.1
ep 190000      12811s  mean    275362  max   517720  V    218317  |d|     373    157k mv/s  1024  99.8  2048  99.5  4096  97.7  8192  93.2  16k  71.3  32k   0.1
ep 192000      12947s  mean    278261  max   387080  V    218033  |d|     376    157k mv/s  1024 100.0  2048  99.3  4096  97.7  8192  94.0  16k  73.2  32k   0.0
ep 194000      13083s  mean    278412  max   567048  V    217995  |d|     374    157k mv/s  1024 100.0  2048  99.4  4096  97.8  8192  93.7  16k  72.7  32k   0.2
ep 196000      13220s  mean    279121  max   565692  V    217930  |d|     372    157k mv/s  1024  99.6  2048  99.1  4096  97.5  8192  93.2  16k  72.8  32k   0.1
ep 198000      13357s  mean    279724  max   489716  V    218248  |d|     374    157k mv/s  1024  99.8  2048  99.2  4096  97.9  8192  94.2  16k  73.8  32k   0.1
ep 200000      13493s  mean    280773  max   532872  V    217788  |d|     376    157k mv/s  1024  99.9  2048  99.5  4096  98.5  8192  94.2  16k  73.5  32k   0.1
ep 202000      13628s  mean    278854  max   553636  V    218241  |d|     374    157k mv/s  1024  99.8  2048  99.3  4096  98.0  8192  94.0  16k  72.8  32k   0.1
ep 204000      13763s  mean    280555  max   490692  V    218045  |d|     374    157k mv/s  1024  99.8  2048  99.5  4096  98.0  8192  94.2  16k  73.3  32k   0.1
ep 206000      13900s  mean    282161  max   388564  V    217662  |d|     374    157k mv/s  1024  99.8  2048  99.3  4096  97.5  8192  94.0  16k  74.8  32k   0.0
ep 208000      14039s  mean    283067  max   388640  V    217802  |d|     373    157k mv/s  1024  99.9  2048  99.5  4096  98.3  8192  94.8  16k  74.7  32k   0.0
ep 210000      14176s  mean    278219  max   526948  V    218794  |d|     371    157k mv/s  1024  99.8  2048  99.4  4096  97.8  8192  94.2  16k  73.0  32k   0.1
ep 212000      14312s  mean    281396  max   508892  V    218299  |d|     374    157k mv/s  1024 100.0  2048  99.7  4096  98.4  8192  95.2  16k  73.8  32k   0.1
checkpoint -> runs/r11_wide24.bin (ep 213435)
ep 214000      14448s  mean    280366  max   564292  V    218214  |d|     374    157k mv/s  1024  99.8  2048  99.3  4096  98.0  8192  94.5  16k  73.6  32k   0.1
ep 216000      14585s  mean    281535  max   552432  V    218079  |d|     375    157k mv/s  1024  99.9  2048  99.5  4096  97.7  8192  94.4  16k  73.8  32k   0.2
ep 218000      14722s  mean    279812  max   555364  V    218598  |d|     372    157k mv/s  1024  99.8  2048  99.6  4096  98.0  8192  94.7  16k  73.5  32k   0.1
ep 220000      14859s  mean    283340  max   505940  V    217826  |d|     374    157k mv/s  1024  99.8  2048  99.2  4096  97.8  8192  94.2  16k  74.3  32k   0.1
ep 222000      14996s  mean    279118  max   570692  V    218428  |d|     372    157k mv/s  1024  99.8  2048  99.3  4096  97.8  8192  93.8  16k  73.3  32k   0.1
ep 224000      15134s  mean    281457  max   531416  V    218137  |d|     374    157k mv/s  1024  99.8  2048  99.3  4096  98.1  8192  94.0  16k  74.7  32k   0.1
ep 226000      15269s  mean    277214  max   585080  V    218510  |d|     373    157k mv/s  1024  99.8  2048  99.3  4096  97.3  8192  93.0  16k  72.0  32k   0.1
ep 228000      15405s  mean    279520  max   489156  V    218127  |d|     374    157k mv/s  1024  99.8  2048  99.3  4096  97.5  8192  93.8  16k  72.9  32k   0.1
ep 230000      15542s  mean    278366  max   533316  V    218756  |d|     371    157k mv/s  1024  99.6  2048  99.0  4096  97.2  8192  93.0  16k  74.0  32k   0.1
ep 232000      15678s  mean    279198  max   509388  V    218737  |d|     373    157k mv/s  1024  99.9  2048  99.0  4096  97.8  8192  95.0  16k  72.7  32k   0.1
ep 234000      15812s  mean    279687  max   527492  V    218374  |d|     374    157k mv/s  1024  99.8  2048  99.2  4096  97.1  8192  93.5  16k  73.8  32k   0.1
ep 236000      15947s  mean    280464  max   387420  V    218379  |d|     375    157k mv/s  1024  99.8  2048  99.5  4096  98.3  8192  94.5  16k  73.3  32k   0.0
ep 238000      16082s  mean    278903  max   583840  V    218530  |d|     372    157k mv/s  1024  99.7  2048  99.2  4096  97.6  8192  93.4  16k  72.8  32k   0.2
checkpoint -> runs/r11_wide24.bin (ep 239901)
ep 240000      16218s  mean    279795  max   562028  V    218567  |d|     376    157k mv/s  1024  99.8  2048  99.2  4096  98.0  8192  93.9  16k  73.2  32k   0.2
ep 242000      16352s  mean    277265  max   565228  V    218965  |d|     374    157k mv/s  1024  99.8  2048  99.3  4096  98.0  8192  94.0  16k  72.0  32k   0.2
ep 244000      16488s  mean    281125  max   531224  V    218662  |d|     374    157k mv/s  1024  99.8  2048  99.5  4096  98.2  8192  94.6  16k  73.5  32k   0.1
ep 246000      16623s  mean    275714  max   484816  V    219466  |d|     370    157k mv/s  1024 100.0  2048  99.2  4096  98.0  8192  93.8  16k  71.9  32k   0.1
ep 248000      16759s  mean    277822  max   512988  V    218797  |d|     373    157k mv/s  1024  99.9  2048  99.5  4096  97.4  8192  93.5  16k  71.8  32k   0.1
ep 250000      16895s  mean    279950  max   532004  V    218888  |d|     372    157k mv/s  1024  99.9  2048  99.7  4096  98.2  8192  93.8  16k  73.8  32k   0.1
ep 252000      17033s  mean    281059  max   528076  V    218553  |d|     376    157k mv/s  1024  99.8  2048  99.4  4096  97.8  8192  94.2  16k  73.5  32k   0.1
ep 254000      17169s  mean    279832  max   558548  V    218558  |d|     376    157k mv/s  1024  99.8  2048  99.4  4096  97.6  8192  93.6  16k  73.4  32k   0.1
ep 256000      17305s  mean    278663  max   387172  V    219239  |d|     371    157k mv/s  1024  99.8  2048  99.2  4096  97.5  8192  93.6  16k  73.3  32k   0.0
ep 258000      17443s  mean    282437  max   387512  V    218165  |d|     377    157k mv/s  1024  99.8  2048  99.2  4096  97.8  8192  94.2  16k  75.0  32k   0.0
ep 260000      17579s  mean    279736  max   463000  V    219210  |d|     373    157k mv/s  1024  99.8  2048  99.2  4096  97.5  8192  93.8  16k  74.0  32k   0.1
ep 262000      17713s  mean    276282  max   532664  V    219090  |d|     375    158k mv/s  1024  99.8  2048  99.2  4096  98.0  8192  93.8  16k  71.0  32k   0.1
ep 264000      17849s  mean    280534  max   555544  V    218925  |d|     374    158k mv/s  1024  99.7  2048  99.5  4096  98.5  8192  94.8  16k  72.8  32k   0.1
ep 266000      17985s  mean    278644  max   513168  V    219204  |d|     374    158k mv/s  1024  99.8  2048  99.5  4096  98.2  8192  93.5  16k  72.5  32k   0.1
checkpoint -> runs/r11_wide24.bin (ep 266378)
ep 268000      18123s  mean    283259  max   510712  V    218338  |d|     374    158k mv/s  1024  99.8  2048  99.1  4096  98.1  8192  94.5  16k  74.5  32k   0.1
ep 270000      18259s  mean    278590  max   536896  V    218974  |d|     374    158k mv/s  1024  99.8  2048  99.5  4096  98.2  8192  93.5  16k  73.2  32k   0.1
ep 272000      18394s  mean    277884  max   531192  V    219474  |d|     374    158k mv/s  1024  99.8  2048  99.3  4096  97.8  8192  94.0  16k  72.9  32k   0.1
ep 274000      18528s  mean    277795  max   551028  V    219297  |d|     374    158k mv/s  1024  99.7  2048  99.4  4096  97.4  8192  94.0  16k  72.0  32k   0.2
ep 276000      18666s  mean    281660  max   532956  V    218703  |d|     373    158k mv/s  1024  99.9  2048  99.5  4096  98.4  8192  94.1  16k  73.8  32k   0.1
ep 278000      18801s  mean    277799  max   529212  V    219169  |d|     374    158k mv/s  1024  99.9  2048  99.3  4096  97.7  8192  93.2  16k  73.5  32k   0.1
ep 280000      18937s  mean    278267  max   387012  V    219232  |d|     374    158k mv/s  1024  99.8  2048  99.2  4096  97.8  8192  94.0  16k  72.8  32k   0.0
ep 282000      19075s  mean    283023  max   585576  V    218583  |d|     376    158k mv/s  1024  99.9  2048  99.3  4096  97.7  8192  94.2  16k  74.7  32k   0.1
ep 284000      19213s  mean    282250  max   601444  V    218979  |d|     372    158k mv/s  1024 100.0  2048  99.7  4096  98.5  8192  94.5  16k  73.8  32k   0.1
ep 286000      19351s  mean    281631  max   563928  V    219242  |d|     372    158k mv/s  1024 100.0  2048  99.5  4096  97.9  8192  94.2  16k  74.5  32k   0.1
ep 288000      19489s  mean    281650  max   511252  V    219200  |d|     372    158k mv/s  1024  99.9  2048  99.6  4096  98.5  8192  94.5  16k  73.8  32k   0.1
ep 290000      19627s  mean    281295  max   387296  V    219307  |d|     373    158k mv/s  1024  99.8  2048  99.4  4096  97.7  8192  94.4  16k  74.3  32k   0.0
ep 292000      19765s  mean    281576  max   546196  V    219377  |d|     372    157k mv/s  1024  99.8  2048  99.5  4096  98.5  8192  95.2  16k  73.6  32k   0.2
checkpoint -> runs/r11_wide24.bin (ep 292717)
ep 294000      19902s  mean    282272  max   530516  V    218808  |d|     374    157k mv/s  1024  99.5  2048  99.2  4096  97.7  8192  93.7  16k  74.2  32k   0.1
ep 296000      20041s  mean    281479  max   533320  V    219328  |d|     374    157k mv/s  1024 100.0  2048  99.2  4096  97.8  8192  94.5  16k  74.2  32k   0.1
ep 298000      20177s  mean    280956  max   528920  V    219298  |d|     374    157k mv/s  1024  99.9  2048  99.5  4096  97.8  8192  94.8  16k  73.7  32k   0.1
ep 300000      20314s  mean    282801  max   574016  V    219343  |d|     372    158k mv/s  1024  99.8  2048  99.6  4096  97.8  8192  95.0  16k  74.2  32k   0.1
ep 302000      20449s  mean    281369  max   513208  V    219453  |d|     374    158k mv/s  1024  99.9  2048  99.7  4096  98.2  8192  94.8  16k  73.8  32k   0.1
ep 304000      20587s  mean    280232  max   533152  V    219560  |d|     372    158k mv/s  1024 100.0  2048  99.6  4096  98.1  8192  94.5  16k  73.5  32k   0.1
ep 306000      20725s  mean    281178  max   460920  V    219451  |d|     372    158k mv/s  1024  99.9  2048  99.6  4096  98.5  8192  94.8  16k  72.8  32k   0.1
ep 308000      20862s  mean    281231  max   486044  V    219297  |d|     375    158k mv/s  1024 100.0  2048  99.5  4096  98.1  8192  94.3  16k  73.0  32k   0.1
ep 310000      20998s  mean    280942  max   508280  V    219165  |d|     378    158k mv/s  1024 100.0  2048  99.4  4096  98.1  8192  94.4  16k  73.2  32k   0.1
ep 312000      21134s  mean    278972  max   508984  V    219575  |d|     374    158k mv/s  1024  99.8  2048  99.2  4096  97.4  8192  93.8  16k  72.7  32k   0.1
ep 314000      21272s  mean    283245  max   386988  V    219390  |d|     371    158k mv/s  1024  99.8  2048  99.5  4096  98.4  8192  94.5  16k  74.6  32k   0.0
ep 316000      21409s  mean    280914  max   532260  V    219349  |d|     373    158k mv/s  1024 100.0  2048  99.8  4096  97.8  8192  93.8  16k  74.1  32k   0.1
ep 318000      21547s  mean    281926  max   565580  V    219174  |d|     378    158k mv/s  1024  99.8  2048  99.6  4096  98.3  8192  93.6  16k  73.9  32k   0.1
checkpoint -> runs/r11_wide24.bin (ep 318998)
ep 320000      21686s  mean    281252  max   387400  V    219367  |d|     372    157k mv/s  1024  99.8  2048  99.3  4096  97.5  8192  94.0  16k  74.2  32k   0.0
ep 322000      21822s  mean    279488  max   555016  V    219975  |d|     370    157k mv/s  1024 100.0  2048  99.3  4096  97.7  8192  94.1  16k  73.5  32k   0.1
ep 324000      21961s  mean    283261  max   531184  V    219414  |d|     373    157k mv/s  1024  99.8  2048  99.3  4096  98.0  8192  94.2  16k  75.4  32k   0.1
ep 326000      22098s  mean    283153  max   528040  V    219346  |d|     373    157k mv/s  1024  99.8  2048  99.2  4096  98.2  8192  94.3  16k  74.4  32k   0.1
ep 328000      22235s  mean    280195  max   407460  V    219766  |d|     373    157k mv/s  1024  99.7  2048  99.5  4096  97.9  8192  93.0  16k  73.8  32k   0.0
ep 330000      22373s  mean    282533  max   561324  V    219373  |d|     374    157k mv/s  1024  99.9  2048  99.5  4096  98.1  8192  94.4  16k  73.9  32k   0.2
ep 332000      22511s  mean    284021  max   565612  V    219286  |d|     375    157k mv/s  1024  99.9  2048  99.5  4096  98.0  8192  93.8  16k  75.2  32k   0.2
ep 334000      22649s  mean    281953  max   556100  V    219335  |d|     374    157k mv/s  1024  99.8  2048  99.2  4096  97.8  8192  93.5  16k  74.0  32k   0.3
ep 336000      22788s  mean    282615  max   516864  V    219489  |d|     373    157k mv/s  1024  99.8  2048  99.5  4096  97.9  8192  94.3  16k  74.7  32k   0.1
ep 338000      22924s  mean    281925  max   525956  V    219629  |d|     375    157k mv/s  1024  99.9  2048  99.5  4096  98.2  8192  94.1  16k  74.0  32k   0.1
ep 340000      23061s  mean    279973  max   512744  V    220095  |d|     373    157k mv/s  1024  99.8  2048  99.3  4096  98.0  8192  94.2  16k  73.3  32k   0.1
ep 342000      23199s  mean    283045  max   513092  V    219716  |d|     372    157k mv/s  1024  99.9  2048  99.3  4096  98.0  8192  95.0  16k  74.3  32k   0.1
ep 344000      23337s  mean    280644  max   502344  V    219817  |d|     374    157k mv/s  1024  99.8  2048  99.8  4096  98.2  8192  94.6  16k  72.7  32k   0.1
checkpoint -> runs/r11_wide24.bin (ep 345126)
ep 346000      23477s  mean    284493  max   601620  V    219438  |d|     371    157k mv/s  1024  99.8  2048  99.5  4096  98.2  8192  94.5  16k  74.7  32k   0.1
ep 348000      23614s  mean    281371  max   533680  V    219440  |d|     376    157k mv/s  1024  99.7  2048  99.0  4096  97.3  8192  93.5  16k  74.4  32k   0.1
ep 350000      23750s  mean    282432  max   507944  V    219848  |d|     371    157k mv/s  1024  99.9  2048  99.3  4096  98.0  8192  94.2  16k  74.3  32k   0.1
ep 352000      23886s  mean    282301  max   530644  V    219531  |d|     373    158k mv/s  1024  99.8  2048  99.5  4096  97.8  8192  94.3  16k  73.5  32k   0.1
ep 354000      24022s  mean    282423  max   524388  V    219913  |d|     371    158k mv/s  1024  99.9  2048  99.4  4096  97.9  8192  95.0  16k  74.0  32k   0.2
ep 356000      24160s  mean    283283  max   557448  V    219776  |d|     373    158k mv/s  1024  99.8  2048  99.3  4096  98.1  8192  94.3  16k  74.2  32k   0.3
ep 358000      24295s  mean    278706  max   524068  V    220489  |d|     371    158k mv/s  1024  99.8  2048  99.3  4096  97.8  8192  93.5  16k  73.0  32k   0.1
ep 360000      24434s  mean    283123  max   608916  V    219685  |d|     375    158k mv/s  1024 100.0  2048  99.8  4096  98.2  8192  93.8  16k  74.5  32k   0.3
ep 362000      24573s  mean    284727  max   605812  V    219573  |d|     375    158k mv/s  1024  99.8  2048  99.4  4096  98.0  8192  93.8  16k  75.5  32k   0.1
ep 364000      24711s  mean    282999  max   542752  V    219998  |d|     373    158k mv/s  1024  99.8  2048  99.5  4096  98.2  8192  94.5  16k  74.2  32k   0.2
ep 366000      24848s  mean    279079  max   531500  V    220111  |d|     376    158k mv/s  1024 100.0  2048  99.3  4096  97.5  8192  93.6  16k  72.3  32k   0.2
ep 368000      24985s  mean    283089  max   528692  V    220104  |d|     371    158k mv/s  1024  99.7  2048  99.4  4096  97.8  8192  94.0  16k  75.1  32k   0.1
ep 370000      25122s  mean    283017  max   607976  V    220026  |d|     372    158k mv/s  1024  99.8  2048  99.4  4096  97.6  8192  94.0  16k  74.9  32k   0.1
checkpoint -> runs/r11_wide24.bin (ep 371406)
ep 372000      25259s  mean    280450  max   558252  V    220141  |d|     375    158k mv/s  1024  99.8  2048  99.4  4096  97.8  8192  93.7  16k  73.2  32k   0.1
ep 374000      25396s  mean    282531  max   534120  V    219951  |d|     372    158k mv/s  1024  99.9  2048  99.6  4096  97.8  8192  94.0  16k  74.0  32k   0.1
ep 376000      25534s  mean    281167  max   504520  V    220586  |d|     371    158k mv/s  1024  99.8  2048  99.4  4096  97.2  8192  94.5  16k  73.8  32k   0.1
ep 378000      25670s  mean    280407  max   533740  V    220380  |d|     374    158k mv/s  1024  99.8  2048  99.5  4096  98.5  8192  93.9  16k  74.0  32k   0.1
ep 380000      25808s  mean    283331  max   531616  V    220329  |d|     374    158k mv/s  1024  99.9  2048  99.6  4096  98.0  8192  94.2  16k  75.8  32k   0.1
ep 382000      25948s  mean    284638  max   524688  V    220258  |d|     374    158k mv/s  1024 100.0  2048  99.6  4096  98.1  8192  94.5  16k  75.2  32k   0.1
ep 384000      26086s  mean    286723  max   575204  V    220061  |d|     370    158k mv/s  1024  99.9  2048  99.7  4096  98.7  8192  95.7  16k  75.9  32k   0.2
ep 386000      26227s  mean    286326  max   601844  V    219954  |d|     373    158k mv/s  1024  99.8  2048  99.5  4096  98.0  8192  95.0  16k  75.8  32k   0.1
ep 388000      26366s  mean    284556  max   578468  V    220098  |d|     373    158k mv/s  1024  99.7  2048  99.3  4096  98.1  8192  94.4  16k  75.4  32k   0.2
ep 390000      26506s  mean    284999  max   511396  V    219882  |d|     373    158k mv/s  1024  99.7  2048  99.0  4096  98.0  8192  94.3  16k  75.5  32k   0.1
ep 392000      26642s  mean    278731  max   549668  V    220909  |d|     371    158k mv/s  1024 100.0  2048  99.4  4096  97.8  8192  93.8  16k  72.5  32k   0.1
ep 394000      26780s  mean    284234  max   595444  V    219930  |d|     372    158k mv/s  1024  99.9  2048  99.3  4096  97.8  8192  94.3  16k  74.3  32k   0.1
ep 396000      26920s  mean    281699  max   488408  V    220624  |d|     371    157k mv/s  1024  99.9  2048  99.5  4096  98.3  8192  94.1  16k  73.7  32k   0.1
checkpoint -> runs/r11_wide24.bin (ep 397437)
ep 398000      27057s  mean    280763  max   468952  V    220756  |d|     371    157k mv/s  1024  99.8  2048  99.3  4096  97.8  8192  94.3  16k  74.0  32k   0.1
ep 400000      27194s  mean    283466  max   528836  V    220473  |d|     373    157k mv/s  1024  99.8  2048  99.5  4096  97.8  8192  94.5  16k  75.2  32k   0.1
ep 402000      27329s  mean    282132  max   387744  V    220373  |d|     375    158k mv/s  1024  99.9  2048  99.3  4096  97.8  8192  94.2  16k  74.5  32k   0.0
ep 404000      27466s  mean    279562  max   565152  V    220686  |d|     374    158k mv/s  1024 100.0  2048  99.3  4096  97.8  8192  93.8  16k  72.8  32k   0.2
ep 406000      27602s  mean    281450  max   532668  V    220670  |d|     373    158k mv/s  1024  99.8  2048  99.2  4096  97.8  8192  94.3  16k  73.6  32k   0.1
ep 408000      27740s  mean    283222  max   564128  V    220056  |d|     375    158k mv/s  1024  99.8  2048  99.5  4096  98.0  8192  94.0  16k  74.2  32k   0.1
ep 410000      27877s  mean    283777  max   597364  V    220398  |d|     373    158k mv/s  1024  99.7  2048  99.0  4096  97.9  8192  94.4  16k  74.8  32k   0.3
ep 412000      28014s  mean    278865  max   522168  V    220886  |d|     372    158k mv/s  1024  99.8  2048  99.5  4096  97.8  8192  93.7  16k  72.6  32k   0.1
ep 414000      28151s  mean    283748  max   578092  V    220336  |d|     371    158k mv/s  1024  99.8  2048  99.4  4096  97.8  8192  93.5  16k  74.8  32k   0.1
ep 416000      28287s  mean    280587  max   627960  V    220980  |d|     375    158k mv/s  1024  99.8  2048  99.5  4096  98.3  8192  94.2  16k  73.5  32k   0.2
ep 418000      28424s  mean    283622  max   387544  V    220636  |d|     371    158k mv/s  1024  99.9  2048  99.5  4096  98.4  8192  94.7  16k  74.5  32k   0.0
ep 420000      28564s  mean    284709  max   561504  V    220725  |d|     373    158k mv/s  1024  99.8  2048  99.3  4096  98.1  8192  94.9  16k  75.1  32k   0.2
ep 422000      28702s  mean    283604  max   488608  V    220227  |d|     377    158k mv/s  1024  99.9  2048  99.5  4096  97.8  8192  94.3  16k  74.5  32k   0.1
checkpoint -> runs/r11_wide24.bin (ep 423740)
ep 424000      28838s  mean    279374  max   532872  V    221224  |d|     373    158k mv/s  1024  99.8  2048  99.2  4096  97.8  8192  94.2  16k  73.2  32k   0.1
ep 426000      28976s  mean    283273  max   530840  V    220549  |d|     374    158k mv/s  1024  99.8  2048  99.5  4096  97.8  8192  93.8  16k  74.1  32k   0.3
ep 428000      29113s  mean    282992  max   565376  V    220512  |d|     375    158k mv/s  1024  99.8  2048  99.6  4096  98.3  8192  94.0  16k  74.3  32k   0.1
ep 430000      29254s  mean    285283  max   609896  V    220252  |d|     376    158k mv/s  1024  99.8  2048  99.2  4096  98.2  8192  94.5  16k  74.2  32k   0.3
ep 432000      29407s  mean    281787  max   532252  V    221087  |d|     370    157k mv/s  1024 100.0  2048  99.5  4096  97.5  8192  94.0  16k  73.8  32k   0.1
ep 434000      29567s  mean    284817  max   576980  V    220845  |d|     370    157k mv/s  1024  99.9  2048  99.5  4096  98.0  8192  95.1  16k  74.4  32k   0.2
ep 436000      29725s  mean    284678  max   525956  V    220398  |d|     374    157k mv/s  1024  99.8  2048  99.5  4096  97.8  8192  94.1  16k  74.7  32k   0.1
ep 438000      29880s  mean    276436  max   532692  V    221415  |d|     373    157k mv/s  1024  99.5  2048  99.0  4096  97.2  8192  92.8  16k  72.1  32k   0.1
ep 440000      30038s  mean    282358  max   560620  V    220609  |d|     374    157k mv/s  1024  99.8  2048  99.4  4096  97.8  8192  94.8  16k  72.6  32k   0.1
ep 442000      30196s  mean    284025  max   604172  V    221025  |d|     372    157k mv/s  1024  99.9  2048  99.5  4096  98.3  8192  94.8  16k  74.8  32k   0.2
ep 444000      30353s  mean    281333  max   530756  V    220985  |d|     373    157k mv/s  1024  99.8  2048  99.2  4096  97.1  8192  93.8  16k  73.5  32k   0.2
ep 446000      30512s  mean    284149  max   530292  V    220785  |d|     371    157k mv/s  1024  99.7  2048  99.5  4096  97.7  8192  93.2  16k  75.5  32k   0.1
checkpoint -> runs/r11_wide24.bin (ep 447373)
ep 448000      30671s  mean    281334  max   576936  V    221144  |d|     373    157k mv/s  1024  99.8  2048  99.5  4096  98.3  8192  93.8  16k  73.4  32k   0.3
ep 450000      30832s  mean    284128  max   585724  V    220819  |d|     375    157k mv/s  1024 100.0  2048  99.8  4096  97.8  8192  94.2  16k  75.4  32k   0.1
ep 452000      30994s  mean    286310  max   552428  V    220389  |d|     375    156k mv/s  1024 100.0  2048  99.4  4096  97.9  8192  94.2  16k  76.0  32k   0.1
ep 454000      31160s  mean    285495  max   611824  V    220712  |d|     373    156k mv/s  1024 100.0  2048  99.7  4096  97.7  8192  94.0  16k  75.8  32k   0.3
ep 456000      31320s  mean    283740  max   585008  V    220834  |d|     375    156k mv/s  1024  99.8  2048  99.2  4096  98.0  8192  94.9  16k  74.2  32k   0.1
ep 458000      31477s  mean    280798  max   563996  V    221455  |d|     370    156k mv/s  1024  99.8  2048  99.2  4096  97.7  8192  93.8  16k  73.3  32k   0.1
ep 460000      31636s  mean    281817  max   532796  V    221297  |d|     370    156k mv/s  1024  99.8  2048  99.5  4096  97.8  8192  94.5  16k  74.0  32k   0.1
ep 462000      31793s  mean    281992  max   516096  V    221435  |d|     372    156k mv/s  1024  99.8  2048  99.4  4096  97.8  8192  94.5  16k  74.6  32k   0.1
ep 464000      31951s  mean    284281  max   508144  V    220917  |d|     373    156k mv/s  1024  99.9  2048  99.3  4096  97.8  8192  94.2  16k  75.3  32k   0.1
ep 466000      32108s  mean    280351  max   528660  V    221260  |d|     375    156k mv/s  1024  99.7  2048  99.2  4096  97.5  8192  93.8  16k  73.3  32k   0.1
ep 468000      32266s  mean    284129  max   533792  V    220960  |d|     375    156k mv/s  1024 100.0  2048  99.5  4096  97.5  8192  94.6  16k  74.0  32k   0.3
checkpoint -> runs/r11_wide24.bin (ep 469965)
ep 470000      32425s  mean    283092  max   512284  V    221316  |d|     370    156k mv/s  1024  99.9  2048  99.6  4096  98.2  8192  94.5  16k  74.2  32k   0.1
ep 472000      32583s  mean    281740  max   523212  V    221553  |d|     371    155k mv/s  1024  99.7  2048  99.2  4096  98.2  8192  93.5  16k  74.4  32k   0.2
ep 474000      32740s  mean    279987  max   534092  V    221788  |d|     372    155k mv/s  1024 100.0  2048  99.5  4096  97.8  8192  94.2  16k  73.3  32k   0.1
ep 476000      32898s  mean    280918  max   455208  V    221482  |d|     372    155k mv/s  1024  99.8  2048  99.4  4096  98.0  8192  94.2  16k  72.8  32k   0.0
ep 478000      33055s  mean    284752  max   563564  V    221151  |d|     375    155k mv/s  1024 100.0  2048  99.2  4096  98.1  8192  94.9  16k  75.5  32k   0.2
ep 480000      33210s  mean    281578  max   509340  V    221323  |d|     374    155k mv/s  1024  99.9  2048  99.5  4096  97.7  8192  94.0  16k  73.2  32k   0.2
ep 482000      33370s  mean    286529  max   569344  V    221044  |d|     375    155k mv/s  1024  99.9  2048  99.7  4096  98.6  8192  94.9  16k  75.7  32k   0.2
ep 484000      33530s  mean    284283  max   518628  V    221187  |d|     373    155k mv/s  1024  99.9  2048  99.5  4096  98.3  8192  95.0  16k  74.0  32k   0.1
ep 486000      33686s  mean    281077  max   584096  V    221870  |d|     371    155k mv/s  1024  99.7  2048  99.3  4096  98.0  8192  94.2  16k  73.7  32k   0.1
ep 488000      33843s  mean    284274  max   532252  V    221205  |d|     373    155k mv/s  1024  99.8  2048  99.4  4096  97.6  8192  94.2  16k  75.5  32k   0.1
ep 490000      34001s  mean    285713  max   525336  V    221131  |d|     375    155k mv/s  1024  99.9  2048  99.4  4096  97.9  8192  94.3  16k  76.0  32k   0.1
ep 492000      34157s  mean    285397  max   565208  V    221121  |d|     372    155k mv/s  1024  99.8  2048  99.4  4096  98.2  8192  94.2  16k  75.2  32k   0.1
checkpoint -> runs/r11_wide24.bin (ep 492848)
ep 494000      34315s  mean    284434  max   531316  V    221569  |d|     374    155k mv/s  1024  99.7  2048  99.5  4096  98.4  8192  94.8  16k  74.7  32k   0.1
ep 496000      34473s  mean    282634  max   531564  V    221631  |d|     373    154k mv/s  1024  99.9  2048  99.1  4096  97.8  8192  94.2  16k  74.2  32k   0.2
ep 498000      34634s  mean    283711  max   535088  V    221415  |d|     374    154k mv/s  1024 100.0  2048  99.6  4096  98.0  8192  94.2  16k  74.5  32k   0.1
ep 500000      34792s  mean    283272  max   569732  V    221477  |d|     374    154k mv/s  1024  99.7  2048  99.1  4096  97.8  8192  94.2  16k  74.5  32k   0.1
ep 502000      34950s  mean    284112  max   519576  V    221671  |d|     371    154k mv/s  1024  99.8  2048  99.2  4096  98.0  8192  93.7  16k  76.2  32k   0.1
ep 504000      35109s  mean    287603  max   562804  V    221183  |d|     374    154k mv/s  1024  99.9  2048  99.5  4096  98.0  8192  94.9  16k  76.8  32k   0.2
ep 506000      35268s  mean    284319  max   557820  V    221458  |d|     372    154k mv/s  1024  99.7  2048  99.2  4096  98.0  8192  94.4  16k  75.2  32k   0.1
ep 508000      35428s  mean    284529  max   545896  V    221566  |d|     373    154k mv/s  1024  99.7  2048  99.5  4096  97.8  8192  94.2  16k  75.0  32k   0.2
ep 510000      35587s  mean    283158  max   533020  V    221462  |d|     377    154k mv/s  1024  99.9  2048  99.4  4096  97.2  8192  93.9  16k  75.2  32k   0.1
ep 512000      35746s  mean    281997  max   524496  V    221818  |d|     373    154k mv/s  1024  99.8  2048  99.3  4096  97.8  8192  93.8  16k  73.9  32k   0.1
ep 514000      35906s  mean    286326  max   544120  V    221343  |d|     375    154k mv/s  1024  99.8  2048  99.3  4096  98.0  8192  94.8  16k  76.5  32k   0.1
checkpoint -> runs/r11_wide24.bin (ep 515453)
ep 516000      36068s  mean    286023  max   532324  V    221520  |d|     372    154k mv/s  1024 100.0  2048  99.5  4096  98.0  8192  94.7  16k  75.7  32k   0.1
ep 518000      36231s  mean    288587  max   513596  V    221142  |d|     376    154k mv/s  1024  99.8  2048  99.5  4096  97.8  8192  95.0  16k  76.8  32k   0.2
ep 520000      36391s  mean    282232  max   585380  V    221716  |d|     375    154k mv/s  1024 100.0  2048  99.7  4096  97.7  8192  93.7  16k  73.5  32k   0.3
ep 522000      36551s  mean    283915  max   486752  V    222181  |d|     368    153k mv/s  1024  99.8  2048  99.4  4096  97.8  8192  94.3  16k  74.9  32k   0.1
ep 524000      36716s  mean    280230  max   471296  V    222107  |d|     370    153k mv/s  1024  99.7  2048  99.3  4096  97.5  8192  94.0  16k  73.5  32k   0.1
ep 526000      36881s  mean    281567  max   572856  V    222129  |d|     372    153k mv/s  1024 100.0  2048  99.5  4096  98.1  8192  94.0  16k  73.5  32k   0.1
ep 528000      37048s  mean    282641  max   387340  V    222464  |d|     369    153k mv/s  1024  99.8  2048  99.6  4096  98.2  8192  94.4  16k  74.6  32k   0.0
ep 530000      37213s  mean    281670  max   531036  V    221821  |d|     376    153k mv/s  1024  99.9  2048  99.5  4096  98.2  8192  94.0  16k  73.8  32k   0.1
ep 532000      37379s  mean    283569  max   564252  V    221834  |d|     373    153k mv/s  1024  99.8  2048  99.5  4096  98.3  8192  94.5  16k  74.0  32k   0.2
ep 534000      37546s  mean    283731  max   505996  V    222278  |d|     371    153k mv/s  1024  99.8  2048  99.6  4096  98.4  8192  95.1  16k  74.7  32k   0.1
ep 536000      37706s  mean    284717  max   583580  V    221614  |d|     374    153k mv/s  1024  99.7  2048  99.2  4096  97.3  8192  93.8  16k  74.7  32k   0.1
checkpoint -> runs/r11_wide24.bin (ep 537497)
ep 538000      37866s  mean    282877  max   527448  V    222312  |d|     372    153k mv/s  1024 100.0  2048  99.5  4096  97.7  8192  94.3  16k  74.7  32k   0.1
ep 540000      38027s  mean    282841  max   505040  V    222621  |d|     371    153k mv/s  1024  99.7  2048  99.3  4096  98.0  8192  94.5  16k  75.1  32k   0.1
ep 542000      38190s  mean    285406  max   536420  V    221726  |d|     374    153k mv/s  1024  99.9  2048  99.5  4096  98.0  8192  94.7  16k  74.8  32k   0.1
ep 544000      38350s  mean    285642  max   533340  V    221631  |d|     373    153k mv/s  1024  99.9  2048  99.4  4096  97.3  8192  93.2  16k  75.6  32k   0.2
ep 546000      38511s  mean    285690  max   527204  V    221842  |d|     372    152k mv/s  1024  99.8  2048  99.5  4096  98.2  8192  94.8  16k  74.4  32k   0.1
ep 548000      38670s  mean    283685  max   489380  V    222281  |d|     373    152k mv/s  1024  99.8  2048  99.4  4096  98.4  8192  94.7  16k  75.0  32k   0.1
ep 550000      38830s  mean    283744  max   534976  V    221961  |d|     373    152k mv/s  1024  99.8  2048  99.2  4096  97.7  8192  93.8  16k  74.6  32k   0.1
ep 552000      38989s  mean    283467  max   487368  V    222187  |d|     372    152k mv/s  1024 100.0  2048  99.4  4096  97.7  8192  94.0  16k  75.2  32k   0.1
ep 554000      39149s  mean    284337  max   506436  V    222022  |d|     375    152k mv/s  1024  99.8  2048  99.5  4096  97.4  8192  94.1  16k  75.7  32k   0.1
ep 556000      39310s  mean    286968  max   629028  V    221783  |d|     375    152k mv/s  1024  99.9  2048  99.5  4096  98.0  8192  95.0  16k  75.8  32k   0.2
ep 558000      39471s  mean    285944  max   555980  V    222052  |d|     372    152k mv/s  1024  99.8  2048  99.2  4096  97.7  8192  94.2  16k  76.0  32k   0.3
checkpoint -> runs/r11_wide24.bin (ep 559920)
ep 560000      39633s  mean    279909  max   528388  V    222437  |d|     375    152k mv/s  1024  99.8  2048  99.3  4096  97.0  8192  93.0  16k  73.8  32k   0.1
ep 562000      39782s  mean    284667  max   573684  V    222181  |d|     373    152k mv/s  1024  99.8  2048  99.2  4096  98.0  8192  93.5  16k  75.7  32k   0.2
ep 564000      39921s  mean    282090  max   531496  V    222491  |d|     374    152k mv/s  1024  99.8  2048  99.3  4096  97.7  8192  93.6  16k  73.8  32k   0.2
ep 566000      40056s  mean    282231  max   532928  V    222513  |d|     372    152k mv/s  1024  99.9  2048  99.5  4096  98.2  8192  94.3  16k  74.0  32k   0.2
ep 568000      40196s  mean    283825  max   528212  V    222175  |d|     374    152k mv/s  1024  99.9  2048  99.7  4096  98.0  8192  94.5  16k  74.5  32k   0.1
ep 570000      40334s  mean    283165  max   507628  V    222309  |d|     373    152k mv/s  1024 100.0  2048  99.5  4096  98.2  8192  94.2  16k  74.0  32k   0.1
ep 572000      40474s  mean    285110  max   528400  V    222188  |d|     374    152k mv/s  1024  99.9  2048  99.1  4096  97.7  8192  94.6  16k  75.0  32k   0.2
ep 574000      40611s  mean    286115  max   554156  V    222180  |d|     373    152k mv/s  1024 100.0  2048  99.8  4096  98.0  8192  93.9  16k  75.8  32k   0.1
ep 576000      40747s  mean    284593  max   533516  V    222054  |d|     374    152k mv/s  1024  99.9  2048  99.5  4096  97.9  8192  94.7  16k  74.6  32k   0.1
ep 578000      40885s  mean    284275  max   579544  V    222747  |d|     374    152k mv/s  1024 100.0  2048  99.6  4096  98.2  8192  94.9  16k  76.3  32k   0.3
ep 580000      41025s  mean    281598  max   605332  V    222784  |d|     376    152k mv/s  1024  99.8  2048  99.3  4096  97.8  8192  94.3  16k  73.3  32k   0.2
ep 582000      41167s  mean    286547  max   581948  V    222402  |d|     373    152k mv/s  1024 100.0  2048  99.5  4096  98.3  8192  94.8  16k  75.5  32k   0.1
ep 584000      41305s  mean    285376  max   452120  V    222367  |d|     370    152k mv/s  1024  99.8  2048  99.4  4096  98.7  8192  94.7  16k  74.8  32k   0.0
checkpoint -> runs/r11_wide24.bin (ep 585786)
ep 586000      41442s  mean    285078  max   565456  V    222627  |d|     371    152k mv/s  1024  99.8  2048  99.2  4096  98.2  8192  94.6  16k  75.2  32k   0.2
ep 588000      41590s  mean    280173  max   533168  V    222940  |d|     374    152k mv/s  1024  99.8  2048  99.5  4096  97.9  8192  93.8  16k  73.0  32k   0.1
ep 590000      41751s  mean    284581  max   524316  V    222544  |d|     370    152k mv/s  1024  99.8  2048  99.3  4096  97.8  8192  94.5  16k  74.7  32k   0.1
ep 592000      41912s  mean    286491  max   585260  V    222521  |d|     375    152k mv/s  1024  99.8  2048  99.7  4096  98.4  8192  95.5  16k  75.2  32k   0.2
ep 594000      42070s  mean    281687  max   534252  V    222939  |d|     371    152k mv/s  1024  99.8  2048  99.3  4096  97.8  8192  93.5  16k  74.0  32k   0.1
ep 596000      42232s  mean    287009  max   532280  V    222315  |d|     370    152k mv/s  1024  99.9  2048  99.5  4096  98.2  8192  94.8  16k  75.5  32k   0.2
ep 598000      42394s  mean    286239  max   565844  V    222388  |d|     375    152k mv/s  1024 100.0  2048  99.6  4096  98.2  8192  94.7  16k  75.6  32k   0.2
ep 600000      42557s  mean    286134  max   563272  V    222459  |d|     371    152k mv/s  1024  99.8  2048  99.4  4096  97.2  8192  94.2  16k  76.0  32k   0.2
ep 602000      42717s  mean    286588  max   529328  V    222659  |d|     373    152k mv/s  1024  99.9  2048  99.7  4096  98.4  8192  95.0  16k  76.1  32k   0.1
ep 604000      42878s  mean    285575  max   575980  V    222531  |d|     372    152k mv/s  1024  99.8  2048  99.4  4096  98.3  8192  94.9  16k  74.8  32k   0.1
ep 606000      43042s  mean    284594  max   483996  V    222816  |d|     372    152k mv/s  1024 100.0  2048  99.5  4096  98.0  8192  94.8  16k  75.2  32k   0.1
ep 608000      43202s  mean    282145  max   529704  V    222768  |d|     373    152k mv/s  1024  99.7  2048  99.5  4096  97.3  8192  93.1  16k  75.2  32k   0.1
checkpoint -> runs/r11_wide24.bin (ep 608327)
ep 610000      43363s  mean    285177  max   533384  V    222568  |d|     376    151k mv/s  1024 100.0  2048  99.3  4096  97.9  8192  94.3  16k  74.7  32k   0.2
ep 612000      43524s  mean    284883  max   563208  V    222699  |d|     377    151k mv/s  1024  99.8  2048  99.4  4096  98.0  8192  94.5  16k  75.3  32k   0.1
ep 614000      43680s  mean    286636  max   498324  V    222554  |d|     373    151k mv/s  1024  99.8  2048  99.3  4096  98.0  8192  94.5  16k  76.1  32k   0.1
ep 616000      43838s  mean    285918  max   533132  V    222368  |d|     377    151k mv/s  1024 100.0  2048  99.5  4096  98.2  8192  93.9  16k  75.4  32k   0.1
ep 618000      43995s  mean    288635  max   480568  V    222342  |d|     372    151k mv/s  1024  99.8  2048  99.5  4096  98.1  8192  95.0  16k  76.8  32k   0.1
saving final checkpoint -> runs/r11_wide24.bin
done: 619345 episodes, 6671860432 moves, 44108.6 s
