loading runs/final.bin ...
resumed 1 stage(s)
patterns=24  weights/stage=402653184  stages=1  memory=4.50 GiB  threads=7  alpha=0.100  TC=on
ep 2000          142s  mean    281877  max   608356  V    223218  |d|     373    153k mv/s  1024  99.7  2048  99.4  4096  98.2  8192  93.9  16k  73.7  32k   0.1
ep 4000          285s  mean    285655  max   532384  V    222699  |d|     377    153k mv/s  1024  99.8  2048  99.3  4096  98.1  8192  94.7  16k  75.8  32k   0.1
ep 6000          425s  mean    285402  max   609624  V    223014  |d|     374    154k mv/s  1024  99.7  2048  99.5  4096  98.0  8192  94.8  16k  74.9  32k   0.1
ep 8000          560s  mean    282467  max   390584  V    222997  |d|     375    156k mv/s  1024 100.0  2048  99.3  4096  97.8  8192  93.5  16k  74.6  32k   0.0
ep 10000         697s  mean    284713  max   521600  V    222676  |d|     375    156k mv/s  1024  99.8  2048  99.1  4096  97.8  8192  94.2  16k  75.0  32k   0.2
ep 12000         833s  mean    286168  max   564724  V    222947  |d|     371    157k mv/s  1024 100.0  2048  99.8  4096  98.0  8192  94.5  16k  75.5  32k   0.1
ep 14000         969s  mean    282883  max   557604  V    222934  |d|     376    158k mv/s  1024  99.9  2048  99.5  4096  98.2  8192  93.6  16k  74.0  32k   0.2
ep 16000        1105s  mean    280457  max   521608  V    223679  |d|     370    158k mv/s  1024  99.8  2048  99.5  4096  98.1  8192  94.1  16k  73.2  32k   0.1
ep 18000        1241s  mean    279560  max   565564  V    223366  |d|     375    158k mv/s  1024 100.0  2048  99.4  4096  97.5  8192  93.5  16k  73.0  32k   0.1
ep 20000        1383s  mean    285348  max   559808  V    222590  |d|     376    157k mv/s  1024  99.8  2048  99.3  4096  97.9  8192  94.2  16k  74.7  32k   0.1
ep 22000        1521s  mean    287435  max   524240  V    222882  |d|     371    158k mv/s  1024  99.9  2048  99.7  4096  98.5  8192  94.8  16k  76.2  32k   0.1
ep 24000        1656s  mean    283690  max   532884  V    223306  |d|     372    158k mv/s  1024  99.9  2048  99.5  4096  98.0  8192  94.8  16k  74.0  32k   0.2
ep 26000        1796s  mean    283655  max   529392  V    223400  |d|     372    158k mv/s  1024  99.8  2048  99.5  4096  98.0  8192  94.0  16k  74.8  32k   0.1
ep 28000        1934s  mean    286340  max   525976  V    223035  |d|     372    158k mv/s  1024 100.0  2048  99.5  4096  98.2  8192  94.8  16k  75.3  32k   0.1
ep 30000        2070s  mean    287079  max   560876  V    222952  |d|     375    158k mv/s  1024  99.8  2048  99.5  4096  97.9  8192  95.2  16k  75.8  32k   0.1
ep 32000        2213s  mean    286159  max   533384  V    223337  |d|     370    158k mv/s  1024  99.9  2048  99.7  4096  98.7  8192  94.4  16k  76.0  32k   0.1
ep 34000        2353s  mean    283826  max   525928  V    222957  |d|     373    158k mv/s  1024  99.8  2048  99.1  4096  97.8  8192  93.8  16k  74.3  32k   0.1
ep 36000        2495s  mean    282210  max   565920  V    223673  |d|     373    157k mv/s  1024  99.9  2048  99.5  4096  98.2  8192  94.2  16k  73.7  32k   0.1
ep 38000        2636s  mean    282905  max   540372  V    223243  |d|     373    157k mv/s  1024  99.7  2048  99.3  4096  97.4  8192  93.4  16k  74.1  32k   0.1
ep 40000        2777s  mean    283006  max   602620  V    223362  |d|     374    157k mv/s  1024 100.0  2048  99.4  4096  97.6  8192  93.6  16k  74.9  32k   0.2
checkpoint -> /tmp/2m48/r12_ctl.bin (ep 40596)
ep 42000        2921s  mean    286385  max   561880  V    223451  |d|     372    157k mv/s  1024  99.8  2048  99.3  4096  98.2  8192  94.9  16k  75.3  32k   0.2
ep 44000        3068s  mean    286327  max   531484  V    222931  |d|     375    156k mv/s  1024  99.8  2048  99.3  4096  98.0  8192  93.8  16k  75.8  32k   0.2
ep 46000        3209s  mean    283157  max   576068  V    223830  |d|     371    156k mv/s  1024  99.7  2048  99.2  4096  97.9  8192  94.3  16k  74.6  32k   0.1
ep 48000        3351s  mean    285100  max   573980  V    223731  |d|     374    156k mv/s  1024 100.0  2048  99.8  4096  98.5  8192  95.0  16k  75.0  32k   0.1
ep 50000        3491s  mean    284647  max   553140  V    223362  |d|     375    156k mv/s  1024 100.0  2048  99.7  4096  98.0  8192  93.8  16k  75.2  32k   0.2
ep 52000        3630s  mean    281323  max   527604  V    223544  |d|     375    156k mv/s  1024 100.0  2048  99.2  4096  97.8  8192  94.0  16k  73.0  32k   0.2
ep 54000        3770s  mean    284376  max   386572  V    223581  |d|     371    156k mv/s  1024 100.0  2048  99.5  4096  98.0  8192  93.8  16k  75.3  32k   0.0
ep 56000        3911s  mean    287064  max   524760  V    223301  |d|     371    156k mv/s  1024  99.8  2048  99.3  4096  97.9  8192  94.7  16k  75.8  32k   0.1
ep 58000        4050s  mean    283385  max   529296  V    223419  |d|     372    156k mv/s  1024  99.8  2048  99.2  4096  97.2  8192  93.7  16k  74.5  32k   0.1
ep 60000        4189s  mean    283948  max   553168  V    223320  |d|     374    156k mv/s  1024  99.8  2048  99.3  4096  97.5  8192  93.2  16k  75.1  32k   0.2
ep 62000        4330s  mean    284944  max   572532  V    223419  |d|     373    156k mv/s  1024  99.5  2048  99.3  4096  97.8  8192  94.0  16k  75.8  32k   0.1
ep 64000        4472s  mean    286540  max   488964  V    223182  |d|     375    156k mv/s  1024  99.9  2048  99.8  4096  98.7  8192  94.7  16k  75.0  32k   0.1
ep 66000        4612s  mean    281953  max   489076  V    223851  |d|     375    156k mv/s  1024  99.8  2048  99.4  4096  98.1  8192  94.2  16k  73.7  32k   0.1
ep 68000        4752s  mean    288110  max   490368  V    223341  |d|     374    156k mv/s  1024  99.8  2048  99.6  4096  98.8  8192  95.4  16k  75.3  32k   0.1
ep 70000        4894s  mean    285516  max   583684  V    223397  |d|     376    156k mv/s  1024  99.8  2048  99.3  4096  97.8  8192  94.5  16k  74.8  32k   0.2
ep 72000        5030s  mean    285553  max   533136  V    223545  |d|     376    156k mv/s  1024  99.9  2048  99.5  4096  98.2  8192  94.7  16k  75.1  32k   0.4
ep 74000        5165s  mean    284669  max   532728  V    223648  |d|     373    156k mv/s  1024  99.8  2048  99.3  4096  98.2  8192  94.4  16k  74.3  32k   0.1
ep 76000        5303s  mean    284192  max   532728  V    223630  |d|     374    156k mv/s  1024 100.0  2048  99.6  4096  98.4  8192  94.0  16k  74.4  32k   0.1
ep 78000        5440s  mean    285469  max   566632  V    223272  |d|     372    157k mv/s  1024  99.7  2048  99.0  4096  97.8  8192  94.2  16k  74.5  32k   0.1
ep 80000        5575s  mean    281508  max   518524  V    223999  |d|     373    157k mv/s  1024  99.7  2048  99.2  4096  97.2  8192  93.5  16k  74.2  32k   0.1
checkpoint -> /tmp/2m48/r12_ctl.bin (ep 80977)
ep 82000        5712s  mean    286885  max   557712  V    223378  |d|     375    157k mv/s  1024  99.8  2048  99.2  4096  98.3  8192  94.8  16k  75.1  32k   0.2
ep 84000        5854s  mean    285847  max   570460  V    223934  |d|     369    157k mv/s  1024  99.9  2048  99.2  4096  98.0  8192  94.6  16k  75.7  32k   0.1
ep 86000        5994s  mean    282441  max   610112  V    223792  |d|     375    157k mv/s  1024  99.8  2048  99.2  4096  97.2  8192  93.2  16k  74.0  32k   0.1
ep 88000        6132s  mean    284305  max   562748  V    224096  |d|     372    157k mv/s  1024 100.0  2048  99.5  4096  97.7  8192  94.7  16k  74.9  32k   0.1
ep 90000        6269s  mean    283673  max   553520  V    223929  |d|     372    157k mv/s  1024  99.8  2048  99.4  4096  97.8  8192  93.7  16k  75.2  32k   0.2
ep 92000        6405s  mean    284325  max   565124  V    223712  |d|     377    157k mv/s  1024  99.7  2048  99.3  4096  97.5  8192  94.1  16k  75.1  32k   0.2
ep 94000        6544s  mean    287181  max   503476  V    223506  |d|     375    157k mv/s  1024 100.0  2048  99.5  4096  98.4  8192  95.0  16k  75.5  32k   0.1
ep 96000        6680s  mean    283330  max   461648  V    224277  |d|     371    157k mv/s  1024  99.9  2048  99.8  4096  97.9  8192  94.2  16k  74.8  32k   0.1
ep 98000        6818s  mean    284781  max   527388  V    223761  |d|     376    157k mv/s  1024  99.8  2048  99.4  4096  97.8  8192  94.2  16k  74.6  32k   0.2
ep 100000       6959s  mean    287262  max   488408  V    223786  |d|     374    157k mv/s  1024  99.8  2048  99.7  4096  98.2  8192  95.0  16k  76.0  32k   0.1
ep 102000       7098s  mean    285628  max   531748  V    223841  |d|     374    157k mv/s  1024  99.9  2048  99.5  4096  97.8  8192  94.1  16k  75.7  32k   0.1
ep 104000       7239s  mean    288004  max   566108  V    223650  |d|     372    157k mv/s  1024  99.8  2048  99.5  4096  98.2  8192  94.8  16k  75.6  32k   0.2
ep 106000       7378s  mean    287443  max   534012  V    223888  |d|     371    157k mv/s  1024  99.8  2048  99.3  4096  98.0  8192  94.8  16k  76.0  32k   0.2
ep 108000       7514s  mean    285544  max   565856  V    223679  |d|     374    157k mv/s  1024  99.8  2048  99.2  4096  97.5  8192  94.0  16k  75.8  32k   0.1
ep 110000       7651s  mean    285216  max   556348  V    224146  |d|     372    157k mv/s  1024 100.0  2048  99.5  4096  98.2  8192  94.5  16k  74.8  32k   0.1
ep 112000       7791s  mean    286185  max   533504  V    223531  |d|     377    157k mv/s  1024 100.0  2048  99.5  4096  98.3  8192  94.3  16k  74.8  32k   0.2
ep 114000       7932s  mean    284302  max   529836  V    223956  |d|     375    157k mv/s  1024  99.9  2048  99.5  4096  97.8  8192  94.5  16k  74.2  32k   0.1
ep 116000       8075s  mean    284413  max   550732  V    224154  |d|     375    157k mv/s  1024  99.8  2048  99.5  4096  97.7  8192  94.3  16k  75.1  32k   0.1
ep 118000       8222s  mean    289746  max   531584  V    223477  |d|     375    157k mv/s  1024  99.7  2048  99.4  4096  98.0  8192  95.0  16k  77.5  32k   0.1
ep 120000       8360s  mean    288068  max   586616  V    223282  |d|     376    157k mv/s  1024  99.7  2048  99.3  4096  97.5  8192  93.8  16k  76.2  32k   0.2
checkpoint -> /tmp/2m48/r12_ctl.bin (ep 121455)
ep 122000       8500s  mean    287203  max   531488  V    223610  |d|     376    157k mv/s  1024  99.9  2048  99.6  4096  98.1  8192  94.0  16k  76.0  32k   0.3
ep 124000       8636s  mean    283824  max   509944  V    224054  |d|     375    157k mv/s  1024  99.9  2048  99.5  4096  98.1  8192  94.3  16k  73.8  32k   0.1
ep 126000       8773s  mean    287050  max   513268  V    224070  |d|     371    157k mv/s  1024 100.0  2048  99.5  4096  98.2  8192  95.1  16k  76.1  32k   0.1
ep 128000       8910s  mean    284800  max   585324  V    224061  |d|     374    157k mv/s  1024  99.9  2048  99.4  4096  97.7  8192  93.5  16k  75.4  32k   0.2
ep 130000       9051s  mean    284586  max   526196  V    224092  |d|     376    157k mv/s  1024  99.8  2048  99.2  4096  97.8  8192  93.9  16k  74.8  32k   0.2
ep 132000       9191s  mean    283451  max   533224  V    224541  |d|     372    157k mv/s  1024  99.8  2048  99.6  4096  97.8  8192  94.0  16k  74.3  32k   0.2
ep 134000       9333s  mean    283154  max   513112  V    224170  |d|     377    157k mv/s  1024  99.8  2048  99.3  4096  98.0  8192  93.5  16k  74.2  32k   0.1
ep 136000       9470s  mean    283935  max   533752  V    224304  |d|     376    157k mv/s  1024 100.0  2048  99.6  4096  98.0  8192  94.5  16k  73.8  32k   0.3
ep 138000       9610s  mean    291521  max   530532  V    223548  |d|     373    157k mv/s  1024  99.9  2048  99.6  4096  98.6  8192  95.1  16k  77.5  32k   0.2
ep 140000       9747s  mean    285076  max   483556  V    224552  |d|     371    157k mv/s  1024  99.9  2048  99.3  4096  98.0  8192  95.2  16k  74.5  32k   0.1
ep 142000       9882s  mean    286068  max   531564  V    224078  |d|     377    157k mv/s  1024  99.8  2048  99.3  4096  98.0  8192  95.0  16k  75.8  32k   0.2
ep 144000      10024s  mean    287008  max   490484  V    224385  |d|     373    157k mv/s  1024  99.8  2048  99.2  4096  97.8  8192  94.9  16k  75.8  32k   0.1
ep 146000      10165s  mean    285333  max   580804  V    224121  |d|     376    157k mv/s  1024  99.8  2048  99.2  4096  97.7  8192  94.0  16k  75.2  32k   0.2
ep 148000      10307s  mean    287949  max   534856  V    224076  |d|     373    157k mv/s  1024  99.8  2048  99.2  4096  97.5  8192  94.7  16k  75.8  32k   0.1
ep 150000      10447s  mean    285892  max   544512  V    224065  |d|     377    157k mv/s  1024  99.8  2048  99.5  4096  98.0  8192  94.0  16k  75.0  32k   0.1
ep 152000      10583s  mean    285780  max   481408  V    224267  |d|     374    157k mv/s  1024  99.6  2048  99.0  4096  97.7  8192  94.1  16k  75.8  32k   0.1
ep 154000      10717s  mean    283164  max   532132  V    224829  |d|     371    157k mv/s  1024  99.7  2048  99.2  4096  97.9  8192  93.9  16k  74.5  32k   0.1
ep 156000      10854s  mean    285831  max   572124  V    224583  |d|     372    157k mv/s  1024  99.7  2048  99.2  4096  97.8  8192  95.2  16k  75.5  32k   0.1
ep 158000      10993s  mean    284388  max   585888  V    224962  |d|     371    157k mv/s  1024  99.9  2048  99.5  4096  98.3  8192  95.2  16k  74.3  32k   0.1
ep 160000      11130s  mean    284956  max   514448  V    224471  |d|     372    157k mv/s  1024 100.0  2048  99.5  4096  97.9  8192  93.7  16k  75.0  32k   0.1
ep 162000      11264s  mean    285270  max   526864  V    224614  |d|     375    157k mv/s  1024  99.8  2048  99.3  4096  98.2  8192  94.5  16k  74.6  32k   0.2
checkpoint -> /tmp/2m48/r12_ctl.bin (ep 162276)
ep 164000      11404s  mean    287946  max   387284  V    224281  |d|     372    157k mv/s  1024  99.8  2048  99.6  4096  98.3  8192  94.8  16k  75.7  32k   0.0
ep 166000      11541s  mean    284222  max   524308  V    224580  |d|     374    157k mv/s  1024  99.8  2048  99.5  4096  98.3  8192  94.0  16k  74.1  32k   0.1
ep 168000      11677s  mean    284555  max   524052  V    224547  |d|     373    157k mv/s  1024  99.8  2048  99.5  4096  97.3  8192  93.5  16k  75.5  32k   0.1
ep 170000      11814s  mean    287963  max   585700  V    224442  |d|     372    157k mv/s  1024 100.0  2048  99.8  4096  98.4  8192  94.9  16k  76.2  32k   0.2
ep 172000      11949s  mean    285993  max   533264  V    224704  |d|     376    157k mv/s  1024  99.9  2048  99.3  4096  98.2  8192  95.2  16k  76.6  32k   0.1
ep 174000      12084s  mean    285224  max   529524  V    224560  |d|     372    158k mv/s  1024  99.9  2048  99.3  4096  97.2  8192  93.3  16k  75.9  32k   0.1
ep 176000      12224s  mean    287556  max   561724  V    224400  |d|     373    158k mv/s  1024  99.8  2048  99.5  4096  98.3  8192  94.5  16k  75.9  32k   0.1
ep 178000      12361s  mean    286498  max   484944  V    224497  |d|     373    158k mv/s  1024  99.8  2048  99.5  4096  97.6  8192  94.0  16k  75.5  32k   0.1
ep 180000      12498s  mean    287137  max   480424  V    224528  |d|     372    158k mv/s  1024 100.0  2048  99.4  4096  97.5  8192  94.3  16k  76.6  32k   0.1
ep 182000      12636s  mean    286891  max   620852  V    224665  |d|     372    158k mv/s  1024  99.8  2048  99.4  4096  97.8  8192  94.6  16k  75.6  32k   0.2
ep 184000      12773s  mean    288553  max   522756  V    224484  |d|     373    158k mv/s  1024  99.9  2048  99.5  4096  98.3  8192  95.4  16k  76.2  32k   0.1
ep 186000      12911s  mean    283438  max   518472  V    225081  |d|     373    158k mv/s  1024  99.8  2048  99.5  4096  97.7  8192  93.9  16k  74.7  32k   0.1
ep 188000      13051s  mean    286214  max   611144  V    224541  |d|     377    158k mv/s  1024  99.9  2048  99.5  4096  97.9  8192  94.4  16k  75.8  32k   0.1
ep 190000      13186s  mean    284831  max   532624  V    225239  |d|     372    158k mv/s  1024  99.9  2048  99.6  4096  98.2  8192  94.6  16k  75.1  32k   0.1
ep 192000      13326s  mean    287768  max   575284  V    224509  |d|     373    158k mv/s  1024  99.9  2048  99.3  4096  97.6  8192  94.2  16k  76.5  32k   0.1
ep 194000      13464s  mean    283339  max   534464  V    225045  |d|     375    158k mv/s  1024 100.0  2048  99.6  4096  98.0  8192  94.3  16k  74.2  32k   0.2
ep 196000      13605s  mean    289534  max   533268  V    224021  |d|     378    158k mv/s  1024  99.9  2048  99.6  4096  98.7  8192  94.2  16k  76.8  32k   0.2
ep 198000      13742s  mean    281898  max   543536  V    225638  |d|     370    158k mv/s  1024 100.0  2048  99.4  4096  98.0  8192  94.5  16k  73.8  32k   0.1
ep 200000      13885s  mean    290188  max   571836  V    224390  |d|     375    158k mv/s  1024  99.9  2048  99.7  4096  98.3  8192  94.9  16k  77.5  32k   0.2
ep 202000      14024s  mean    284871  max   532860  V    225279  |d|     374    158k mv/s  1024 100.0  2048  99.7  4096  98.2  8192  94.6  16k  75.8  32k   0.1
checkpoint -> /tmp/2m48/r12_ctl.bin (ep 203160)
ep 204000      14163s  mean    286781  max   508124  V    224893  |d|     375    158k mv/s  1024  99.8  2048  99.4  4096  98.6  8192  95.5  16k  75.5  32k   0.1
ep 206000      14303s  mean    289614  max   508196  V    224362  |d|     377    158k mv/s  1024  99.8  2048  99.6  4096  98.7  8192  94.6  16k  76.9  32k   0.2
ep 208000      14442s  mean    286007  max   387464  V    224918  |d|     375    158k mv/s  1024 100.0  2048  99.5  4096  98.2  8192  94.7  16k  75.0  32k   0.0
ep 210000      14580s  mean    283727  max   606448  V    225441  |d|     374    158k mv/s  1024  99.8  2048  99.0  4096  97.7  8192  94.2  16k  75.7  32k   0.2
ep 212000      14721s  mean    285185  max   531540  V    225153  |d|     374    158k mv/s  1024  99.8  2048  99.5  4096  98.1  8192  94.6  16k  74.6  32k   0.1
ep 214000      14860s  mean    283707  max   530912  V    225447  |d|     374    158k mv/s  1024 100.0  2048  99.5  4096  97.8  8192  94.0  16k  75.0  32k   0.1
ep 216000      15000s  mean    290270  max   534936  V    224539  |d|     373    158k mv/s  1024  99.8  2048  99.6  4096  98.2  8192  95.3  16k  77.0  32k   0.1
ep 218000      15140s  mean    285875  max   601272  V    225082  |d|     375    158k mv/s  1024  99.8  2048  99.6  4096  98.2  8192  94.7  16k  75.2  32k   0.1
ep 220000      15281s  mean    287644  max   527352  V    224900  |d|     373    158k mv/s  1024  99.8  2048  99.2  4096  97.5  8192  94.2  16k  76.2  32k   0.1
saving final checkpoint -> /tmp/2m48/r12_ctl.bin
done: 220899 episodes, 2419051621 moves, 15347.8 s
