loading runs/final.bin ...
widened 24 -> 32 patterns, existing tables copied, new tables zero
patterns=32  weights/stage=536870912  stages=1  memory=6.00 GiB  threads=7  alpha=0.100  TC=on
ep 2000          196s  mean    284499  max   532904  V    222921  |d|     376    111k mv/s  1024  99.9  2048  99.5  4096  98.0  8192  94.2  16k  74.5  32k   0.1
ep 4000          389s  mean    283685  max   566684  V    223335  |d|     373    112k mv/s  1024 100.0  2048  99.7  4096  98.2  8192  95.1  16k  74.4  32k   0.1
ep 6000          576s  mean    282628  max   520364  V    223224  |d|     372    113k mv/s  1024  99.6  2048  99.2  4096  97.9  8192  94.5  16k  74.2  32k   0.1
ep 8000          764s  mean    286374  max   387160  V    222774  |d|     371    114k mv/s  1024  99.9  2048  99.4  4096  98.0  8192  94.1  16k  76.0  32k   0.0
ep 10000         948s  mean    280850  max   534736  V    223245  |d|     372    115k mv/s  1024  99.8  2048  99.0  4096  97.4  8192  93.5  16k  73.5  32k   0.1
ep 12000        1139s  mean    287806  max   566360  V    222675  |d|     373    115k mv/s  1024 100.0  2048  99.6  4096  98.6  8192  95.2  16k  75.7  32k   0.3
ep 14000        1333s  mean    288646  max   565024  V    222645  |d|     371    115k mv/s  1024 100.0  2048  99.7  4096  98.0  8192  95.0  16k  76.2  32k   0.2
ep 16000        1522s  mean    284102  max   526656  V    223363  |d|     371    115k mv/s  1024  99.7  2048  99.2  4096  98.3  8192  94.8  16k  74.8  32k   0.1
ep 18000        1709s  mean    283642  max   528236  V    222968  |d|     371    115k mv/s  1024  99.9  2048  99.5  4096  97.8  8192  94.2  16k  74.7  32k   0.1
checkpoint -> runs/r12_wide32.bin (ep 18946)
ep 20000        1900s  mean    287542  max   534040  V    222898  |d|     369    115k mv/s  1024  99.8  2048  99.3  4096  98.2  8192  95.3  16k  76.0  32k   0.1
ep 22000        2086s  mean    285457  max   535208  V    223110  |d|     370    115k mv/s  1024  99.8  2048  99.5  4096  98.0  8192  94.7  16k  75.1  32k   0.3
ep 24000        2280s  mean    286086  max   508516  V    223205  |d|     368    115k mv/s  1024 100.0  2048  99.4  4096  98.0  8192  95.0  16k  75.6  32k   0.1
ep 26000        2474s  mean    282490  max   531264  V    223227  |d|     371    115k mv/s  1024  99.8  2048  99.1  4096  97.8  8192  94.2  16k  73.8  32k   0.1
ep 28000        2670s  mean    287612  max   531748  V    222759  |d|     372    115k mv/s  1024  99.8  2048  99.7  4096  98.2  8192  94.3  16k  76.2  32k   0.2
ep 30000        2866s  mean    288158  max   532320  V    223138  |d|     369    115k mv/s  1024 100.0  2048  99.6  4096  98.2  8192  95.0  16k  76.3  32k   0.2
ep 32000        3069s  mean    286731  max   534336  V    222927  |d|     371    114k mv/s  1024  99.8  2048  99.5  4096  98.0  8192  94.7  16k  75.8  32k   0.2
ep 34000        3268s  mean    288896  max   528264  V    222567  |d|     370    114k mv/s  1024  99.9  2048  99.3  4096  97.2  8192  93.8  16k  77.5  32k   0.1
ep 36000        3463s  mean    286674  max   584860  V    223130  |d|     369    114k mv/s  1024  99.7  2048  99.4  4096  98.0  8192  94.8  16k  75.5  32k   0.2
checkpoint -> runs/r12_wide32.bin (ep 37403)
ep 38000        3660s  mean    290430  max   512928  V    222654  |d|     368    114k mv/s  1024 100.0  2048  99.5  4096  98.3  8192  95.0  16k  77.5  32k   0.1
ep 40000        3853s  mean    287244  max   476744  V    223175  |d|     369    114k mv/s  1024  99.8  2048  99.5  4096  98.0  8192  94.5  16k  76.7  32k   0.1
ep 42000        4048s  mean    289383  max   501680  V    222750  |d|     370    114k mv/s  1024  99.9  2048  99.6  4096  98.7  8192  95.0  16k  76.7  32k   0.1
ep 44000        4241s  mean    286528  max   531208  V    223398  |d|     367    114k mv/s  1024  99.9  2048  99.3  4096  98.1  8192  94.7  16k  76.2  32k   0.1
ep 46000        4436s  mean    285966  max   488332  V    223147  |d|     371    114k mv/s  1024  99.8  2048  99.5  4096  97.7  8192  93.8  16k  76.2  32k   0.1
ep 48000        4632s  mean    287553  max   570016  V    223172  |d|     366    114k mv/s  1024  99.8  2048  99.2  4096  97.7  8192  94.2  16k  76.6  32k   0.1
ep 50000        4822s  mean    284327  max   531028  V    223573  |d|     365    114k mv/s  1024  99.8  2048  99.3  4096  97.9  8192  94.2  16k  74.5  32k   0.1
ep 52000        5015s  mean    289666  max   561748  V    223134  |d|     365    114k mv/s  1024  99.9  2048  99.8  4096  98.2  8192  95.0  16k  77.0  32k   0.1
ep 54000        5203s  mean    287467  max   571972  V    222905  |d|     368    114k mv/s  1024 100.0  2048  99.3  4096  98.1  8192  94.5  16k  74.8  32k   0.1
ep 56000        5396s  mean    289769  max   387556  V    223020  |d|     365    114k mv/s  1024  99.8  2048  99.5  4096  97.9  8192  95.3  16k  76.8  32k   0.0
checkpoint -> runs/r12_wide32.bin (ep 56061)
ep 58000        5585s  mean    285665  max   584960  V    223607  |d|     368    114k mv/s  1024  99.7  2048  99.4  4096  98.4  8192  95.2  16k  74.7  32k   0.1
ep 60000        5772s  mean    286212  max   584752  V    223545  |d|     365    114k mv/s  1024  99.8  2048  99.5  4096  98.0  8192  94.5  16k  75.5  32k   0.1
ep 62000        5969s  mean    286012  max   554832  V    223594  |d|     364    114k mv/s  1024  99.9  2048  99.3  4096  97.8  8192  94.2  16k  75.9  32k   0.1
ep 64000        6157s  mean    282691  max   598304  V    223526  |d|     370    114k mv/s  1024 100.0  2048  99.5  4096  97.5  8192  92.8  16k  74.3  32k   0.1
ep 66000        6345s  mean    286837  max   561052  V    223510  |d|     368    114k mv/s  1024  99.8  2048  99.5  4096  98.2  8192  94.8  16k  76.0  32k   0.1
ep 68000        6533s  mean    287225  max   517068  V    223657  |d|     370    114k mv/s  1024  99.8  2048  99.7  4096  98.7  8192  95.0  16k  76.0  32k   0.1
ep 70000        6720s  mean    284734  max   490432  V    223185  |d|     368    114k mv/s  1024  99.7  2048  99.2  4096  97.4  8192  93.5  16k  75.1  32k   0.1
ep 72000        6911s  mean    290777  max   558388  V    223012  |d|     367    114k mv/s  1024  99.7  2048  99.2  4096  98.0  8192  94.8  16k  77.0  32k   0.2
ep 74000        7104s  mean    286600  max   555132  V    223794  |d|     366    114k mv/s  1024 100.0  2048  99.6  4096  98.5  8192  94.8  16k  76.0  32k   0.1
checkpoint -> runs/r12_wide32.bin (ep 75028)
ep 76000        7296s  mean    286585  max   527024  V    223592  |d|     367    114k mv/s  1024  99.8  2048  99.3  4096  98.0  8192  95.0  16k  75.7  32k   0.1
ep 78000        7487s  mean    288583  max   469320  V    223497  |d|     365    114k mv/s  1024  99.8  2048  99.3  4096  97.8  8192  94.2  16k  77.6  32k   0.1
ep 80000        7676s  mean    286485  max   533144  V    223814  |d|     363    115k mv/s  1024  99.8  2048  99.3  4096  97.8  8192  94.8  16k  75.3  32k   0.1
ep 82000        7868s  mean    285448  max   557568  V    223741  |d|     367    115k mv/s  1024  99.7  2048  99.3  4096  98.1  8192  94.5  16k  74.8  32k   0.1
ep 84000        8065s  mean    284160  max   615272  V    223946  |d|     366    114k mv/s  1024  99.8  2048  99.2  4096  98.0  8192  93.8  16k  74.5  32k   0.3
ep 86000        8261s  mean    283912  max   508564  V    223861  |d|     365    114k mv/s  1024  99.8  2048  99.6  4096  97.8  8192  94.1  16k  73.8  32k   0.1
ep 88000        8451s  mean    288855  max   576936  V    223456  |d|     364    114k mv/s  1024 100.0  2048  99.7  4096  98.0  8192  94.3  16k  77.0  32k   0.2
ep 90000        8638s  mean    283176  max   532944  V    224228  |d|     364    114k mv/s  1024  99.8  2048  99.2  4096  97.6  8192  94.1  16k  74.5  32k   0.1
ep 92000        8827s  mean    289126  max   572860  V    223740  |d|     364    115k mv/s  1024  99.9  2048  99.6  4096  98.8  8192  95.7  16k  76.7  32k   0.1
checkpoint -> runs/r12_wide32.bin (ep 93802)
ep 94000        9023s  mean    289443  max   532540  V    223604  |d|     366    114k mv/s  1024  99.8  2048  99.5  4096  98.5  8192  94.7  16k  76.5  32k   0.3
ep 96000        9220s  mean    287897  max   515512  V    223533  |d|     369    114k mv/s  1024  99.8  2048  99.4  4096  97.7  8192  94.3  16k  76.4  32k   0.1
ep 98000        9414s  mean    285973  max   534376  V    223881  |d|     368    114k mv/s  1024  99.7  2048  99.5  4096  97.9  8192  94.5  16k  75.4  32k   0.1
ep 100000       9604s  mean    289229  max   527480  V    223637  |d|     362    114k mv/s  1024  99.9  2048  99.4  4096  97.8  8192  95.1  16k  76.4  32k   0.1
ep 102000       9794s  mean    289307  max   530740  V    223395  |d|     365    115k mv/s  1024  99.9  2048  99.5  4096  97.7  8192  94.8  16k  76.3  32k   0.1
ep 104000       9986s  mean    289701  max   593008  V    223754  |d|     364    115k mv/s  1024  99.9  2048  99.4  4096  98.2  8192  95.3  16k  76.3  32k   0.2
ep 106000      10181s  mean    288297  max   565940  V    223662  |d|     366    115k mv/s  1024  99.8  2048  99.5  4096  98.1  8192  94.9  16k  75.9  32k   0.3
ep 108000      10379s  mean    291431  max   609636  V    223119  |d|     365    114k mv/s  1024  99.8  2048  99.3  4096  98.2  8192  94.6  16k  76.2  32k   0.4
ep 110000      10568s  mean    287898  max   553508  V    223747  |d|     367    115k mv/s  1024 100.0  2048  99.5  4096  97.8  8192  94.1  16k  76.0  32k   0.1
ep 112000      10755s  mean    285879  max   534568  V    224148  |d|     367    115k mv/s  1024  99.8  2048  99.3  4096  98.2  8192  94.6  16k  74.9  32k   0.2
checkpoint -> runs/r12_wide32.bin (ep 112516)
ep 114000      10946s  mean    285666  max   557056  V    223792  |d|     366    115k mv/s  1024  99.7  2048  99.2  4096  97.7  8192  93.5  16k  75.1  32k   0.1
ep 116000      11133s  mean    286185  max   536068  V    224150  |d|     365    115k mv/s  1024  99.8  2048  99.3  4096  98.0  8192  94.4  16k  74.8  32k   0.2
ep 118000      11321s  mean    288120  max   600252  V    224085  |d|     365    115k mv/s  1024  99.8  2048  99.5  4096  98.0  8192  95.0  16k  75.5  32k   0.3
ep 120000      11513s  mean    289191  max   564828  V    223124  |d|     373    115k mv/s  1024 100.0  2048  99.6  4096  98.3  8192  94.2  16k  76.0  32k   0.2
ep 122000      11702s  mean    287622  max   557536  V    224201  |d|     363    115k mv/s  1024  99.8  2048  99.5  4096  98.0  8192  94.8  16k  75.9  32k   0.1
ep 124000      11892s  mean    288264  max   535268  V    224437  |d|     362    115k mv/s  1024  99.9  2048  99.4  4096  98.5  8192  95.5  16k  76.0  32k   0.1
ep 126000      12079s  mean    287019  max   534680  V    224306  |d|     363    115k mv/s  1024  99.8  2048  99.5  4096  98.2  8192  95.0  16k  74.9  32k   0.2
ep 128000      12270s  mean    286574  max   513216  V    223932  |d|     369    115k mv/s  1024  99.8  2048  99.2  4096  97.8  8192  94.4  16k  75.5  32k   0.1
ep 130000      12459s  mean    286473  max   532664  V    224269  |d|     364    115k mv/s  1024  99.9  2048  99.5  4096  98.2  8192  94.6  16k  74.5  32k   0.3
checkpoint -> runs/r12_wide32.bin (ep 131554)
ep 132000      12648s  mean    288355  max   477304  V    223838  |d|     367    115k mv/s  1024 100.0  2048  99.5  4096  98.5  8192  94.4  16k  76.0  32k   0.1
ep 134000      12837s  mean    287598  max   532604  V    224496  |d|     363    115k mv/s  1024  99.9  2048  99.6  4096  98.2  8192  94.9  16k  76.2  32k   0.1
ep 136000      13028s  mean    283961  max   551960  V    224493  |d|     366    115k mv/s  1024  99.8  2048  99.4  4096  97.8  8192  93.9  16k  74.3  32k   0.2
ep 138000      13215s  mean    284761  max   512848  V    224944  |d|     362    115k mv/s  1024 100.0  2048  99.8  4096  98.2  8192  95.3  16k  74.5  32k   0.1
ep 140000      13407s  mean    288708  max   533468  V    224148  |d|     365    115k mv/s  1024  99.8  2048  99.5  4096  98.3  8192  94.9  16k  76.3  32k   0.1
ep 142000      13602s  mean    287597  max   513544  V    224578  |d|     362    115k mv/s  1024  99.9  2048  99.7  4096  98.3  8192  95.0  16k  75.5  32k   0.2
ep 144000      13795s  mean    288724  max   532436  V    224137  |d|     364    115k mv/s  1024  99.8  2048  99.3  4096  98.0  8192  94.5  16k  76.2  32k   0.1
ep 146000      13988s  mean    287932  max   553072  V    224322  |d|     365    115k mv/s  1024 100.0  2048  99.7  4096  98.2  8192  94.5  16k  76.0  32k   0.2
ep 148000      14183s  mean    291884  max   532732  V    223932  |d|     365    115k mv/s  1024  99.8  2048  99.5  4096  98.5  8192  95.0  16k  78.1  32k   0.2
ep 150000      14376s  mean    289471  max   487596  V    224246  |d|     366    115k mv/s  1024  99.9  2048  99.5  4096  98.3  8192  95.0  16k  77.2  32k   0.1
checkpoint -> runs/r12_wide32.bin (ep 150303)
ep 152000      14569s  mean    287332  max   450480  V    224585  |d|     364    115k mv/s  1024  99.6  2048  99.3  4096  98.0  8192  94.7  16k  76.0  32k   0.0
ep 154000      14760s  mean    284498  max   528184  V    224824  |d|     363    115k mv/s  1024  99.8  2048  99.3  4096  98.0  8192  93.7  16k  75.2  32k   0.1
ep 156000      14955s  mean    290268  max   533240  V    224307  |d|     364    115k mv/s  1024 100.0  2048  99.5  4096  98.5  8192  95.3  16k  77.4  32k   0.1
ep 158000      15146s  mean    285263  max   551672  V    224773  |d|     363    115k mv/s  1024  99.8  2048  99.3  4096  97.7  8192  93.7  16k  75.5  32k   0.1
ep 160000      15344s  mean    290087  max   513344  V    224348  |d|     364    115k mv/s  1024  99.9  2048  99.5  4096  98.4  8192  95.2  16k  77.5  32k   0.1
saving final checkpoint -> runs/r12_wide32.bin
done: 160013 episodes, 1761885573 moves, 15359.4 s
