loading runs/final.bin ...
resumed 1 stage(s)
patterns=8  weights/stage=134217728  stages=1  memory=1.50 GiB  threads=7  alpha=0.100  TC=on
ep 2000           38s  mean    234711  max   488624  V    175729  |d|     399    483k mv/s  1024  99.6  2048  98.8  4096  96.0  8192  88.4  16k  54.0  32k   0.1
ep 4000           76s  mean    236092  max   387328  V    175883  |d|     397    485k mv/s  1024  99.7  2048  98.8  4096  96.1  8192  90.0  16k  54.1  32k   0.0
ep 6000          113s  mean    234362  max   411468  V    176050  |d|     397    486k mv/s  1024  99.6  2048  98.7  4096  96.1  8192  88.8  16k  54.2  32k   0.0
ep 8000          149s  mean    234227  max   488468  V    176174  |d|     393    492k mv/s  1024  99.7  2048  98.9  4096  95.8  8192  88.5  16k  54.0  32k   0.1
ep 10000         186s  mean    230627  max   386300  V    176598  |d|     392    492k mv/s  1024  99.4  2048  98.5  4096  95.7  8192  88.3  16k  52.1  32k   0.0
ep 12000         223s  mean    236554  max   488632  V    175896  |d|     397    492k mv/s  1024  99.6  2048  98.8  4096  96.7  8192  88.5  16k  54.7  32k   0.1
ep 14000         260s  mean    230617  max   387840  V    176141  |d|     399    492k mv/s  1024  99.8  2048  98.7  4096  95.8  8192  87.2  16k  51.5  32k   0.0
ep 16000         298s  mean    234516  max   387560  V    176404  |d|     395    491k mv/s  1024  99.8  2048  99.0  4096  97.0  8192  88.6  16k  54.0  32k   0.0
ep 18000         336s  mean    233646  max   409576  V    176365  |d|     397    490k mv/s  1024  99.7  2048  99.0  4096  96.5  8192  88.9  16k  52.8  32k   0.0
ep 20000         374s  mean    236878  max   461000  V    176024  |d|     397    489k mv/s  1024  99.8  2048  98.9  4096  96.0  8192  88.2  16k  55.2  32k   0.1
ep 22000         419s  mean    239146  max   387380  V    175832  |d|     398    481k mv/s  1024  99.9  2048  98.8  4096  96.3  8192  89.2  16k  56.1  32k   0.0
ep 24000         459s  mean    239533  max   566400  V    176017  |d|     397    480k mv/s  1024  99.7  2048  99.3  4096  97.0  8192  89.8  16k  55.8  32k   0.2
ep 26000         496s  mean    233956  max   467784  V    176835  |d|     396    481k mv/s  1024  99.3  2048  98.7  4096  96.4  8192  88.5  16k  53.5  32k   0.1
ep 28000         534s  mean    234125  max   486676  V    176461  |d|     396    481k mv/s  1024  99.7  2048  99.1  4096  95.9  8192  88.4  16k  53.5  32k   0.1
ep 30000         572s  mean    237367  max   407784  V    176451  |d|     397    481k mv/s  1024  99.6  2048  98.8  4096  96.4  8192  89.5  16k  55.4  32k   0.0
ep 32000         611s  mean    235718  max   386784  V    176640  |d|     393    481k mv/s  1024  99.5  2048  98.6  4096  96.2  8192  88.8  16k  55.3  32k   0.0
ep 34000         651s  mean    232125  max   529844  V    176415  |d|     403    480k mv/s  1024  99.8  2048  99.0  4096  96.3  8192  88.2  16k  51.9  32k   0.1
ep 36000         690s  mean    232539  max   454820  V    176653  |d|     400    479k mv/s  1024  99.7  2048  99.0  4096  96.5  8192  88.7  16k  51.8  32k   0.0
ep 38000         729s  mean    234940  max   387280  V    176361  |d|     399    478k mv/s  1024  99.7  2048  99.0  4096  96.3  8192  88.7  16k  53.2  32k   0.0
ep 40000         768s  mean    235196  max   569496  V    176670  |d|     398    478k mv/s  1024 100.0  2048  99.2  4096  96.7  8192  88.3  16k  54.1  32k   0.1
ep 42000         806s  mean    234193  max   508792  V    176555  |d|     398    478k mv/s  1024  99.8  2048  98.8  4096  95.6  8192  88.0  16k  53.2  32k   0.1
ep 44000         844s  mean    232604  max   387280  V    177059  |d|     397    478k mv/s  1024  99.5  2048  98.2  4096  95.2  8192  88.2  16k  53.1  32k   0.0
ep 46000         883s  mean    237243  max   563520  V    176438  |d|     399    478k mv/s  1024  99.8  2048  99.2  4096  96.2  8192  89.2  16k  54.5  32k   0.1
checkpoint -> runs/r4_hi.bin (ep 46888)
ep 48000         923s  mean    231691  max   452212  V    177212  |d|     398    477k mv/s  1024  99.7  2048  98.7  4096  95.6  8192  88.2  16k  52.7  32k   0.0
ep 50000         960s  mean    234833  max   410036  V    176934  |d|     401    477k mv/s  1024  99.6  2048  98.7  4096  96.4  8192  88.6  16k  54.1  32k   0.0
ep 52000         998s  mean    235668  max   533456  V    176627  |d|     400    478k mv/s  1024  99.8  2048  98.8  4096  95.5  8192  88.1  16k  54.2  32k   0.1
ep 54000        1036s  mean    239768  max   387236  V    176890  |d|     393    478k mv/s  1024  99.8  2048  99.0  4096  96.8  8192  89.8  16k  56.1  32k   0.0
ep 56000        1074s  mean    237468  max   387364  V    176663  |d|     397    478k mv/s  1024  99.7  2048  99.1  4096  96.6  8192  88.8  16k  54.5  32k   0.0
ep 58000        1113s  mean    234734  max   529356  V    176946  |d|     397    478k mv/s  1024  99.7  2048  98.8  4096  96.0  8192  87.7  16k  53.9  32k   0.1
ep 60000        1150s  mean    235518  max   410524  V    177268  |d|     395    479k mv/s  1024  99.7  2048  99.2  4096  96.8  8192  89.0  16k  53.5  32k   0.0
ep 62000        1187s  mean    233329  max   485480  V    177584  |d|     396    479k mv/s  1024  99.8  2048  99.2  4096  96.3  8192  88.5  16k  52.5  32k   0.1
ep 64000        1225s  mean    233332  max   387376  V    177172  |d|     397    479k mv/s  1024  99.7  2048  98.8  4096  96.0  8192  88.0  16k  53.0  32k   0.0
ep 66000        1262s  mean    232028  max   518064  V    177654  |d|     397    480k mv/s  1024  99.5  2048  98.7  4096  96.2  8192  88.2  16k  52.6  32k   0.1
ep 68000        1300s  mean    237786  max   511560  V    176902  |d|     396    480k mv/s  1024  99.8  2048  99.2  4096  96.2  8192  88.2  16k  55.4  32k   0.1
ep 70000        1338s  mean    233824  max   512952  V    177287  |d|     400    480k mv/s  1024  99.7  2048  98.8  4096  96.1  8192  88.8  16k  53.2  32k   0.1
ep 72000        1375s  mean    235600  max   388384  V    177282  |d|     399    480k mv/s  1024  99.7  2048  98.9  4096  96.7  8192  88.6  16k  53.8  32k   0.0
ep 74000        1413s  mean    235434  max   387192  V    177419  |d|     394    481k mv/s  1024  99.7  2048  99.2  4096  96.5  8192  88.7  16k  53.7  32k   0.0
ep 76000        1450s  mean    232228  max   387400  V    177635  |d|     396    481k mv/s  1024  99.8  2048  99.1  4096  96.1  8192  88.2  16k  53.4  32k   0.0
ep 78000        1487s  mean    236474  max   387060  V    177302  |d|     399    481k mv/s  1024  99.8  2048  98.8  4096  96.2  8192  88.9  16k  54.6  32k   0.0
ep 80000        1525s  mean    234868  max   528712  V    177301  |d|     399    481k mv/s  1024  99.7  2048  98.5  4096  95.5  8192  88.5  16k  54.2  32k   0.1
ep 82000        1563s  mean    237839  max   387128  V    177362  |d|     395    482k mv/s  1024  99.8  2048  98.7  4096  96.3  8192  88.8  16k  55.4  32k   0.0
ep 84000        1601s  mean    236915  max   387992  V    177742  |d|     394    482k mv/s  1024  99.7  2048  98.8  4096  96.5  8192  90.0  16k  54.6  32k   0.0
ep 86000        1639s  mean    236147  max   469032  V    177643  |d|     400    482k mv/s  1024  99.5  2048  98.9  4096  96.8  8192  89.2  16k  54.4  32k   0.1
ep 88000        1675s  mean    237070  max   488660  V    177541  |d|     397    482k mv/s  1024  99.7  2048  99.0  4096  96.9  8192  89.1  16k  54.2  32k   0.1
ep 90000        1713s  mean    233561  max   534848  V    177834  |d|     398    482k mv/s  1024  99.8  2048  98.9  4096  95.7  8192  88.4  16k  53.0  32k   0.1
ep 92000        1750s  mean    235941  max   418580  V    177624  |d|     399    483k mv/s  1024  99.9  2048  99.0  4096  96.5  8192  88.5  16k  54.2  32k   0.0
ep 94000        1788s  mean    235365  max   570888  V    177788  |d|     395    483k mv/s  1024  99.8  2048  99.0  4096  96.2  8192  87.7  16k  54.4  32k   0.1
checkpoint -> runs/r4_hi.bin (ep 94741)
ep 96000        1825s  mean    234246  max   479068  V    177948  |d|     399    483k mv/s  1024  99.8  2048  99.0  4096  96.7  8192  89.0  16k  53.6  32k   0.1
ep 98000        1864s  mean    239342  max   503180  V    177520  |d|     398    483k mv/s  1024  99.7  2048  98.8  4096  96.4  8192  88.8  16k  56.8  32k   0.1
ep 100000       1901s  mean    236657  max   492588  V    177947  |d|     395    483k mv/s  1024  99.8  2048  99.1  4096  96.5  8192  89.2  16k  53.9  32k   0.1
ep 102000       1939s  mean    235799  max   419796  V    177779  |d|     397    483k mv/s  1024  99.8  2048  98.8  4096  96.7  8192  89.1  16k  53.6  32k   0.0
ep 104000       1976s  mean    233277  max   386616  V    177795  |d|     400    483k mv/s  1024  99.5  2048  98.7  4096  95.5  8192  87.1  16k  53.9  32k   0.0
ep 106000       2015s  mean    236466  max   387372  V    177938  |d|     396    483k mv/s  1024  99.5  2048  98.8  4096  96.0  8192  89.2  16k  54.2  32k   0.0
ep 108000       2053s  mean    240062  max   406728  V    177353  |d|     402    483k mv/s  1024  99.7  2048  98.7  4096  96.7  8192  89.5  16k  55.2  32k   0.0
ep 110000       2091s  mean    238065  max   386464  V    177899  |d|     398    483k mv/s  1024  99.9  2048  99.1  4096  96.7  8192  88.0  16k  56.2  32k   0.0
ep 112000       2128s  mean    233293  max   499936  V    178206  |d|     399    484k mv/s  1024  99.8  2048  98.9  4096  96.2  8192  87.7  16k  53.4  32k   0.1
ep 114000       2166s  mean    239737  max   489160  V    177608  |d|     398    484k mv/s  1024  99.5  2048  98.6  4096  96.3  8192  89.3  16k  55.2  32k   0.1
ep 116000       2203s  mean    234335  max   509332  V    178465  |d|     400    484k mv/s  1024  99.7  2048  98.5  4096  96.3  8192  88.8  16k  54.0  32k   0.1
ep 118000       2240s  mean    234314  max   470044  V    178081  |d|     400    484k mv/s  1024  99.5  2048  98.4  4096  95.6  8192  87.7  16k  54.3  32k   0.1
ep 120000       2278s  mean    237809  max   411548  V    177853  |d|     398    484k mv/s  1024  99.6  2048  98.8  4096  95.7  8192  88.5  16k  55.0  32k   0.0
ep 122000       2315s  mean    234813  max   539184  V    178853  |d|     396    484k mv/s  1024  99.8  2048  99.2  4096  96.5  8192  89.1  16k  53.6  32k   0.1
ep 124000       2353s  mean    238150  max   387232  V    178127  |d|     399    484k mv/s  1024  99.5  2048  99.0  4096  97.3  8192  89.2  16k  54.2  32k   0.0
ep 126000       2391s  mean    240123  max   523272  V    178255  |d|     397    485k mv/s  1024  99.9  2048  98.9  4096  96.4  8192  89.3  16k  56.5  32k   0.1
ep 128000       2428s  mean    231505  max   387256  V    178605  |d|     398    485k mv/s  1024  99.6  2048  98.9  4096  96.3  8192  87.7  16k  51.8  32k   0.0
ep 130000       2465s  mean    233522  max   485336  V    178826  |d|     400    485k mv/s  1024  99.5  2048  98.3  4096  95.7  8192  88.3  16k  53.4  32k   0.1
ep 132000       2502s  mean    233810  max   446252  V    178367  |d|     398    485k mv/s  1024  99.7  2048  98.8  4096  96.7  8192  87.2  16k  52.5  32k   0.0
ep 134000       2537s  mean    233433  max   521092  V    178532  |d|     398    485k mv/s  1024  99.8  2048  99.0  4096  96.0  8192  86.7  16k  53.5  32k   0.1
ep 136000       2573s  mean    234570  max   387056  V    178653  |d|     401    486k mv/s  1024  99.8  2048  98.5  4096  95.6  8192  88.6  16k  54.0  32k   0.0
ep 138000       2609s  mean    235096  max   387396  V    178627  |d|     401    486k mv/s  1024  99.7  2048  98.8  4096  96.2  8192  88.2  16k  53.8  32k   0.0
ep 140000       2646s  mean    235971  max   490884  V    178589  |d|     399    486k mv/s  1024  99.5  2048  98.5  4096  96.8  8192  89.0  16k  53.7  32k   0.1
ep 142000       2682s  mean    235605  max   504608  V    178644  |d|     401    487k mv/s  1024  99.7  2048  98.8  4096  96.7  8192  88.3  16k  54.4  32k   0.1
checkpoint -> runs/r4_hi.bin (ep 143194)
ep 144000       2718s  mean    236416  max   533324  V    178585  |d|     401    487k mv/s  1024  99.5  2048  98.5  4096  96.0  8192  88.2  16k  54.8  32k   0.1
ep 146000       2755s  mean    237236  max   401616  V    178888  |d|     394    487k mv/s  1024  99.7  2048  98.7  4096  95.8  8192  89.0  16k  54.3  32k   0.0
ep 148000       2792s  mean    232431  max   532960  V    179193  |d|     397    487k mv/s  1024  99.8  2048  99.0  4096  96.6  8192  88.3  16k  52.4  32k   0.1
ep 150000       2830s  mean    236843  max   387708  V    178760  |d|     400    487k mv/s  1024  99.8  2048  98.8  4096  96.7  8192  88.8  16k  54.6  32k   0.0
ep 152000       2867s  mean    232931  max   483556  V    178922  |d|     402    487k mv/s  1024  99.6  2048  98.9  4096  96.5  8192  87.8  16k  53.0  32k   0.1
ep 154000       2904s  mean    234996  max   406720  V    178648  |d|     402    487k mv/s  1024  99.5  2048  98.5  4096  95.5  8192  87.7  16k  53.9  32k   0.0
ep 156000       2943s  mean    237646  max   387664  V    179291  |d|     397    487k mv/s  1024  99.5  2048  98.7  4096  96.2  8192  89.7  16k  55.9  32k   0.0
ep 158000       2980s  mean    234711  max   407024  V    179102  |d|     397    487k mv/s  1024  99.8  2048  99.2  4096  96.7  8192  88.3  16k  53.8  32k   0.0
ep 160000       3019s  mean    237382  max   506648  V    179389  |d|     396    487k mv/s  1024  99.7  2048  98.9  4096  96.3  8192  89.8  16k  54.6  32k   0.1
ep 162000       3056s  mean    233547  max   388472  V    179053  |d|     402    487k mv/s  1024  99.8  2048  98.8  4096  95.8  8192  87.5  16k  53.6  32k   0.0
ep 164000       3095s  mean    239655  max   433056  V    178494  |d|     402    487k mv/s  1024  99.8  2048  99.0  4096  97.0  8192  89.5  16k  55.5  32k   0.0
ep 166000       3133s  mean    236169  max   531724  V    178809  |d|     402    487k mv/s  1024  99.8  2048  98.8  4096  96.3  8192  88.5  16k  53.7  32k   0.1
ep 168000       3177s  mean    233577  max   527428  V    179502  |d|     400    486k mv/s  1024  99.5  2048  98.7  4096  96.3  8192  88.5  16k  53.5  32k   0.1
ep 170000       3225s  mean    236787  max   470668  V    179131  |d|     401    485k mv/s  1024  99.8  2048  98.8  4096  96.2  8192  88.0  16k  55.2  32k   0.0
ep 172000       3262s  mean    239252  max   546052  V    179168  |d|     398    485k mv/s  1024  99.8  2048  99.1  4096  96.2  8192  89.2  16k  55.5  32k   0.1
ep 174000       3299s  mean    240124  max   426720  V    178582  |d|     401    485k mv/s  1024  99.7  2048  98.9  4096  96.3  8192  88.9  16k  55.9  32k   0.0
ep 176000       3335s  mean    235994  max   533224  V    179441  |d|     401    485k mv/s  1024  99.8  2048  99.0  4096  96.5  8192  89.2  16k  54.2  32k   0.1
ep 178000       3371s  mean    239597  max   430776  V    178949  |d|     403    486k mv/s  1024  99.6  2048  98.8  4096  96.2  8192  88.6  16k  56.1  32k   0.0
ep 180000       3407s  mean    235962  max   418112  V    179285  |d|     403    486k mv/s  1024  99.5  2048  98.7  4096  95.2  8192  88.0  16k  54.1  32k   0.0
ep 182000       3442s  mean    238397  max   438972  V    179218  |d|     398    486k mv/s  1024  99.7  2048  98.8  4096  96.7  8192  88.5  16k  55.0  32k   0.0
ep 184000       3478s  mean    236921  max   570196  V    179438  |d|     403    487k mv/s  1024  99.7  2048  98.9  4096  96.2  8192  88.5  16k  55.5  32k   0.1
ep 186000       3514s  mean    236275  max   389748  V    179647  |d|     403    487k mv/s  1024  99.9  2048  99.0  4096  96.4  8192  89.5  16k  55.2  32k   0.0
ep 188000       3551s  mean    235712  max   522336  V    179741  |d|     399    487k mv/s  1024  99.8  2048  98.8  4096  96.3  8192  89.0  16k  54.0  32k   0.1
ep 190000       3587s  mean    238827  max   523996  V    179458  |d|     401    487k mv/s  1024 100.0  2048  98.9  4096  96.3  8192  88.9  16k  55.5  32k   0.1
checkpoint -> runs/r4_hi.bin (ep 190950)
ep 192000       3624s  mean    235915  max   387452  V    179631  |d|     401    487k mv/s  1024  99.5  2048  98.7  4096  96.2  8192  88.1  16k  55.1  32k   0.0
ep 194000       3662s  mean    239274  max   557480  V    179437  |d|     399    487k mv/s  1024  99.5  2048  98.8  4096  96.0  8192  89.0  16k  55.5  32k   0.1
ep 196000       3700s  mean    237022  max   410972  V    179754  |d|     397    488k mv/s  1024  99.2  2048  98.5  4096  95.7  8192  88.5  16k  55.5  32k   0.0
ep 198000       3736s  mean    237193  max   536328  V    179366  |d|     401    488k mv/s  1024  99.5  2048  98.8  4096  95.5  8192  88.2  16k  55.0  32k   0.1
ep 200000       3774s  mean    237682  max   389068  V    179683  |d|     399    488k mv/s  1024  99.4  2048  98.8  4096  96.4  8192  88.8  16k  55.4  32k   0.0
ep 202000       3811s  mean    235934  max   420388  V    179589  |d|     399    488k mv/s  1024  99.7  2048  99.0  4096  95.4  8192  87.6  16k  54.1  32k   0.0
ep 204000       3850s  mean    236369  max   386772  V    179702  |d|     401    488k mv/s  1024  99.3  2048  98.2  4096  95.7  8192  89.0  16k  54.8  32k   0.0
ep 206000       3888s  mean    239075  max   514812  V    179704  |d|     398    488k mv/s  1024  99.7  2048  99.0  4096  96.7  8192  88.5  16k  55.6  32k   0.1
ep 208000       3926s  mean    239527  max   387292  V    179651  |d|     402    488k mv/s  1024  99.8  2048  99.0  4096  97.0  8192  89.8  16k  55.8  32k   0.0
ep 210000       3963s  mean    236244  max   533344  V    180015  |d|     399    488k mv/s  1024  99.6  2048  99.0  4096  96.0  8192  88.0  16k  55.1  32k   0.1
ep 212000       3998s  mean    235893  max   387400  V    180224  |d|     400    488k mv/s  1024  99.5  2048  98.7  4096  96.2  8192  89.1  16k  54.3  32k   0.0
ep 214000       4037s  mean    237855  max   469456  V    179712  |d|     403    488k mv/s  1024  99.8  2048  98.8  4096  96.2  8192  89.5  16k  54.4  32k   0.1
ep 216000       4076s  mean    239250  max   387024  V    179664  |d|     399    488k mv/s  1024  99.8  2048  98.9  4096  96.1  8192  88.8  16k  55.4  32k   0.0
ep 218000       4114s  mean    237522  max   387040  V    179908  |d|     401    488k mv/s  1024  99.8  2048  98.8  4096  96.6  8192  88.5  16k  55.6  32k   0.0
ep 220000       4153s  mean    238661  max   398340  V    179870  |d|     402    488k mv/s  1024  99.8  2048  98.8  4096  96.2  8192  89.0  16k  55.6  32k   0.0
ep 222000       4190s  mean    235159  max   578452  V    180037  |d|     401    488k mv/s  1024  99.5  2048  98.6  4096  95.3  8192  87.5  16k  54.0  32k   0.1
ep 224000       4227s  mean    235741  max   387000  V    180210  |d|     400    488k mv/s  1024  99.5  2048  98.8  4096  95.8  8192  88.2  16k  54.9  32k   0.0
ep 226000       4265s  mean    241034  max   387340  V    180000  |d|     400    488k mv/s  1024  99.7  2048  99.0  4096  96.5  8192  89.8  16k  57.0  32k   0.0
ep 228000       4304s  mean    238000  max   386992  V    180218  |d|     400    488k mv/s  1024  99.8  2048  99.0  4096  95.9  8192  89.0  16k  55.1  32k   0.0
ep 230000       4341s  mean    241362  max   387244  V    180019  |d|     399    488k mv/s  1024  99.7  2048  99.1  4096  96.5  8192  90.0  16k  56.2  32k   0.0
ep 232000       4377s  mean    234477  max   503628  V    180521  |d|     401    488k mv/s  1024  99.7  2048  98.9  4096  96.0  8192  88.5  16k  53.7  32k   0.1
ep 234000       4414s  mean    240376  max   388224  V    180285  |d|     398    489k mv/s  1024  99.8  2048  98.9  4096  96.3  8192  90.0  16k  56.1  32k   0.0
ep 236000       4450s  mean    237501  max   386792  V    180230  |d|     401    489k mv/s  1024  99.7  2048  98.8  4096  96.5  8192  88.3  16k  55.0  32k   0.0
ep 238000       4486s  mean    237890  max   391592  V    180764  |d|     396    489k mv/s  1024  99.7  2048  99.0  4096  96.8  8192  90.2  16k  55.2  32k   0.0
checkpoint -> runs/r4_hi.bin (ep 239143)
ep 240000       4522s  mean    238184  max   508188  V    180436  |d|     398    489k mv/s  1024  99.5  2048  98.7  4096  96.2  8192  89.3  16k  55.0  32k   0.1
ep 242000       4558s  mean    237281  max   411156  V    180628  |d|     401    489k mv/s  1024  99.6  2048  98.7  4096  96.0  8192  89.2  16k  55.1  32k   0.0
ep 244000       4594s  mean    238426  max   387204  V    180461  |d|     399    490k mv/s  1024  99.5  2048  99.0  4096  96.0  8192  87.7  16k  56.2  32k   0.0
ep 246000       4630s  mean    236626  max   573484  V    180564  |d|     401    490k mv/s  1024  99.7  2048  98.7  4096  95.7  8192  88.3  16k  54.6  32k   0.1
ep 248000       4666s  mean    236332  max   553764  V    180465  |d|     401    490k mv/s  1024  99.7  2048  98.7  4096  95.7  8192  88.4  16k  54.5  32k   0.1
ep 250000       4702s  mean    232991  max   397848  V    181087  |d|     397    490k mv/s  1024  99.7  2048  98.8  4096  96.0  8192  88.4  16k  52.8  32k   0.0
ep 252000       4737s  mean    241379  max   386952  V    180208  |d|     399    490k mv/s  1024  99.6  2048  98.5  4096  96.6  8192  89.3  16k  55.9  32k   0.0
ep 254000       4775s  mean    239912  max   409620  V    180460  |d|     398    490k mv/s  1024  99.8  2048  99.2  4096  96.2  8192  89.0  16k  55.9  32k   0.0
ep 256000       4813s  mean    240348  max   511516  V    180651  |d|     399    490k mv/s  1024  99.7  2048  98.8  4096  96.3  8192  89.2  16k  56.0  32k   0.1
ep 258000       4851s  mean    236707  max   386856  V    180723  |d|     404    490k mv/s  1024  99.8  2048  98.8  4096  96.5  8192  88.5  16k  55.0  32k   0.0
ep 260000       4889s  mean    239675  max   410632  V    180695  |d|     398    490k mv/s  1024  99.7  2048  99.0  4096  95.8  8192  89.1  16k  56.0  32k   0.0
ep 262000       4927s  mean    241092  max   447988  V    180697  |d|     399    490k mv/s  1024  99.7  2048  98.8  4096  96.5  8192  90.2  16k  55.4  32k   0.0
ep 264000       4964s  mean    239280  max   531332  V    180493  |d|     400    491k mv/s  1024  99.6  2048  98.8  4096  96.2  8192  87.3  16k  56.2  32k   0.1
ep 266000       5002s  mean    238005  max   387216  V    180894  |d|     401    491k mv/s  1024  99.8  2048  99.0  4096  96.0  8192  89.2  16k  54.6  32k   0.0
ep 268000       5039s  mean    238965  max   576748  V    180798  |d|     401    491k mv/s  1024  99.8  2048  99.2  4096  96.5  8192  88.9  16k  55.8  32k   0.1
ep 270000       5077s  mean    235102  max   500780  V    181284  |d|     401    491k mv/s  1024  99.2  2048  98.1  4096  95.5  8192  88.6  16k  54.0  32k   0.1
ep 272000       5115s  mean    238982  max   527840  V    181058  |d|     397    491k mv/s  1024  99.7  2048  98.9  4096  96.2  8192  88.5  16k  55.5  32k   0.1
ep 274000       5154s  mean    242070  max   387064  V    180811  |d|     397    491k mv/s  1024  99.9  2048  99.2  4096  96.0  8192  89.0  16k  57.6  32k   0.0
ep 276000       5192s  mean    236064  max   469300  V    181230  |d|     399    490k mv/s  1024  99.6  2048  99.2  4096  96.3  8192  88.8  16k  53.7  32k   0.1
ep 278000       5230s  mean    235242  max   387220  V    181048  |d|     402    490k mv/s  1024  99.7  2048  98.9  4096  95.2  8192  87.7  16k  53.9  32k   0.0
ep 280000       5267s  mean    237052  max   525812  V    181100  |d|     399    490k mv/s  1024  99.8  2048  98.7  4096  95.6  8192  87.9  16k  54.9  32k   0.1
ep 282000       5304s  mean    240449  max   488592  V    181057  |d|     397    491k mv/s  1024  99.7  2048  98.9  4096  96.0  8192  89.2  16k  56.4  32k   0.1
ep 284000       5341s  mean    238127  max   528796  V    181261  |d|     401    491k mv/s  1024  99.8  2048  98.6  4096  95.9  8192  88.8  16k  55.5  32k   0.1
ep 286000       5379s  mean    240648  max   477972  V    181060  |d|     399    491k mv/s  1024  99.8  2048  98.8  4096  95.5  8192  88.7  16k  57.0  32k   0.1
checkpoint -> runs/r4_hi.bin (ep 287514)
ep 288000       5418s  mean    241872  max   531052  V    180765  |d|     404    491k mv/s  1024  99.7  2048  99.0  4096  97.0  8192  89.0  16k  56.9  32k   0.1
ep 290000       5455s  mean    237011  max   565788  V    181395  |d|     403    491k mv/s  1024  99.8  2048  98.6  4096  96.7  8192  88.7  16k  54.1  32k   0.1
ep 292000       5493s  mean    236887  max   524268  V    181699  |d|     399    491k mv/s  1024  99.6  2048  99.0  4096  96.3  8192  88.0  16k  55.5  32k   0.1
ep 294000       5532s  mean    240323  max   408984  V    181304  |d|     398    491k mv/s  1024  99.7  2048  99.2  4096  96.5  8192  89.5  16k  55.8  32k   0.0
ep 296000       5570s  mean    241596  max   500764  V    181454  |d|     396    491k mv/s  1024  99.7  2048  98.5  4096  96.6  8192  90.2  16k  55.9  32k   0.1
ep 298000       5606s  mean    238320  max   532736  V    181504  |d|     399    491k mv/s  1024  99.8  2048  98.8  4096  96.5  8192  89.2  16k  55.0  32k   0.1
ep 300000       5643s  mean    241591  max   524368  V    181552  |d|     397    491k mv/s  1024 100.0  2048  99.2  4096  97.2  8192  90.5  16k  56.5  32k   0.1
ep 302000       5679s  mean    238368  max   387120  V    181632  |d|     400    491k mv/s  1024  99.8  2048  99.2  4096  97.2  8192  88.4  16k  55.6  32k   0.0
ep 304000       5715s  mean    239178  max   387444  V    181522  |d|     402    491k mv/s  1024  99.8  2048  99.1  4096  96.5  8192  88.5  16k  56.0  32k   0.0
ep 306000       5751s  mean    238572  max   487304  V    181671  |d|     399    491k mv/s  1024  99.7  2048  98.8  4096  96.2  8192  88.5  16k  55.4  32k   0.1
ep 308000       5787s  mean    240893  max   386848  V    181628  |d|     401    492k mv/s  1024  99.8  2048  98.9  4096  96.5  8192  89.7  16k  57.0  32k   0.0
ep 310000       5824s  mean    240297  max   437072  V    181524  |d|     399    492k mv/s  1024  99.7  2048  98.8  4096  95.6  8192  88.7  16k  57.0  32k   0.0
ep 312000       5863s  mean    243602  max   397388  V    180630  |d|     403    492k mv/s  1024  99.3  2048  98.8  4096  96.1  8192  88.3  16k  57.4  32k   0.0
ep 314000       5902s  mean    239482  max   477692  V    181784  |d|     399    492k mv/s  1024  99.8  2048  99.0  4096  96.7  8192  89.6  16k  55.5  32k   0.1
ep 316000       5941s  mean    241653  max   387432  V    181658  |d|     401    492k mv/s  1024 100.0  2048  99.3  4096  96.6  8192  88.8  16k  56.9  32k   0.0
ep 318000       5979s  mean    241419  max   387416  V    181868  |d|     398    492k mv/s  1024  99.8  2048  99.0  4096  96.8  8192  89.9  16k  56.9  32k   0.0
ep 320000       6016s  mean    241163  max   387148  V    181940  |d|     400    492k mv/s  1024  99.9  2048  99.4  4096  96.8  8192  90.2  16k  56.0  32k   0.0
ep 322000       6052s  mean    235936  max   387460  V    182125  |d|     400    492k mv/s  1024  99.5  2048  98.8  4096  96.0  8192  87.6  16k  54.3  32k   0.0
ep 324000       6088s  mean    236540  max   386556  V    182040  |d|     402    492k mv/s  1024  99.8  2048  98.9  4096  95.8  8192  88.4  16k  54.0  32k   0.0
ep 326000       6125s  mean    245552  max   495220  V    181539  |d|     400    492k mv/s  1024  99.5  2048  98.8  4096  96.9  8192  90.4  16k  59.0  32k   0.1
ep 328000       6161s  mean    239366  max   387228  V    181910  |d|     397    492k mv/s  1024  99.5  2048  98.2  4096  95.7  8192  88.1  16k  56.0  32k   0.0
ep 330000       6198s  mean    238055  max   386952  V    182229  |d|     400    492k mv/s  1024  99.7  2048  98.8  4096  96.7  8192  89.3  16k  54.9  32k   0.0
ep 332000       6234s  mean    239770  max   409168  V    181987  |d|     399    492k mv/s  1024  99.8  2048  99.0  4096  96.8  8192  88.8  16k  56.0  32k   0.0
ep 334000       6271s  mean    238349  max   387284  V    181832  |d|     401    492k mv/s  1024  99.7  2048  98.7  4096  95.8  8192  87.5  16k  55.6  32k   0.0
ep 336000       6309s  mean    240625  max   439832  V    181973  |d|     401    492k mv/s  1024  99.7  2048  99.0  4096  96.0  8192  88.7  16k  56.6  32k   0.0
checkpoint -> runs/r4_hi.bin (ep 336033)
ep 338000       6348s  mean    241408  max   387712  V    182073  |d|     399    492k mv/s  1024  99.6  2048  98.7  4096  96.3  8192  89.7  16k  57.0  32k   0.0
ep 340000       6386s  mean    237665  max   386448  V    182497  |d|     399    492k mv/s  1024  99.7  2048  98.8  4096  96.3  8192  88.5  16k  55.1  32k   0.0
ep 342000       6425s  mean    242326  max   387040  V    182341  |d|     399    492k mv/s  1024  99.5  2048  99.0  4096  96.5  8192  89.4  16k  57.8  32k   0.0
ep 344000       6463s  mean    239293  max   486624  V    182373  |d|     399    492k mv/s  1024  99.6  2048  98.8  4096  96.7  8192  89.0  16k  54.9  32k   0.1
ep 346000       6501s  mean    241542  max   533040  V    182401  |d|     399    492k mv/s  1024  99.7  2048  99.0  4096  96.5  8192  89.8  16k  55.9  32k   0.1
ep 348000       6538s  mean    240708  max   529096  V    181983  |d|     402    492k mv/s  1024  99.6  2048  98.6  4096  95.7  8192  88.5  16k  56.0  32k   0.1
ep 350000       6573s  mean    236859  max   387244  V    182703  |d|     399    493k mv/s  1024  99.8  2048  98.6  4096  96.0  8192  88.2  16k  54.9  32k   0.0
ep 352000       6609s  mean    238365  max   411384  V    182089  |d|     404    493k mv/s  1024  99.7  2048  98.6  4096  95.6  8192  87.8  16k  55.2  32k   0.0
ep 354000       6645s  mean    240539  max   416056  V    182249  |d|     403    493k mv/s  1024  99.3  2048  98.4  4096  96.3  8192  88.7  16k  56.6  32k   0.0
ep 356000       6683s  mean    242029  max   387040  V    182256  |d|     397    493k mv/s  1024  99.8  2048  99.0  4096  96.6  8192  88.8  16k  56.8  32k   0.0
ep 358000       6722s  mean    242562  max   387332  V    182743  |d|     397    493k mv/s  1024  99.8  2048  99.2  4096  96.8  8192  89.8  16k  57.4  32k   0.0
ep 360000       6760s  mean    243292  max   597920  V    182358  |d|     401    493k mv/s  1024  99.8  2048  99.0  4096  96.9  8192  90.1  16k  57.0  32k   0.1
ep 362000       6798s  mean    240766  max   489580  V    182482  |d|     401    493k mv/s  1024  99.6  2048  98.8  4096  96.4  8192  89.8  16k  55.9  32k   0.1
ep 364000       6836s  mean    240075  max   533116  V    182732  |d|     399    493k mv/s  1024  99.8  2048  98.8  4096  96.5  8192  89.8  16k  55.7  32k   0.1
ep 366000       6872s  mean    237943  max   386856  V    183103  |d|     396    493k mv/s  1024  99.7  2048  98.9  4096  96.6  8192  89.0  16k  55.4  32k   0.0
ep 368000       6910s  mean    238534  max   527072  V    182766  |d|     401    493k mv/s  1024  99.8  2048  99.2  4096  96.7  8192  89.0  16k  55.5  32k   0.1
ep 370000       6948s  mean    240425  max   386820  V    182649  |d|     398    493k mv/s  1024  99.7  2048  98.7  4096  95.8  8192  88.0  16k  56.0  32k   0.0
ep 372000       6987s  mean    240499  max   487496  V    182544  |d|     401    493k mv/s  1024  99.6  2048  99.0  4096  96.2  8192  89.5  16k  55.4  32k   0.1
ep 374000       7025s  mean    238367  max   388064  V    182790  |d|     400    493k mv/s  1024  99.7  2048  98.8  4096  95.8  8192  88.3  16k  54.9  32k   0.0
ep 376000       7064s  mean    244912  max   389276  V    182295  |d|     398    493k mv/s  1024  99.8  2048  99.2  4096  97.0  8192  89.3  16k  57.5  32k   0.0
ep 378000       7104s  mean    245267  max   387096  V    182569  |d|     397    493k mv/s  1024  99.7  2048  98.6  4096  96.6  8192  90.6  16k  58.2  32k   0.0
ep 380000       7141s  mean    239310  max   553396  V    183092  |d|     397    493k mv/s  1024  99.5  2048  98.5  4096  96.5  8192  89.4  16k  55.2  32k   0.1
ep 382000       7180s  mean    240911  max   391360  V    183006  |d|     400    493k mv/s  1024  99.5  2048  99.0  4096  96.8  8192  89.2  16k  56.9  32k   0.0
checkpoint -> runs/r4_hi.bin (ep 383661)
ep 384000       7218s  mean    238110  max   387552  V    183111  |d|     398    493k mv/s  1024  99.7  2048  98.8  4096  95.3  8192  87.9  16k  55.8  32k   0.0
ep 386000       7258s  mean    242563  max   387188  V    182676  |d|     400    493k mv/s  1024  99.7  2048  98.8  4096  96.3  8192  89.5  16k  57.1  32k   0.0
ep 388000       7297s  mean    245920  max   387012  V    182447  |d|     400    493k mv/s  1024  99.8  2048  98.9  4096  96.0  8192  89.5  16k  59.8  32k   0.0
ep 390000       7335s  mean    240960  max   386752  V    182817  |d|     402    493k mv/s  1024  99.7  2048  98.5  4096  96.0  8192  89.2  16k  56.5  32k   0.0
ep 392000       7373s  mean    241847  max   523356  V    182861  |d|     402    493k mv/s  1024  99.8  2048  99.2  4096  96.3  8192  89.2  16k  56.5  32k   0.1
ep 394000       7412s  mean    241886  max   525420  V    182973  |d|     400    493k mv/s  1024  99.7  2048  98.9  4096  96.0  8192  88.7  16k  57.0  32k   0.1
ep 396000       7450s  mean    243842  max   387076  V    182657  |d|     400    493k mv/s  1024  99.5  2048  99.0  4096  96.7  8192  89.4  16k  57.4  32k   0.0
ep 398000       7488s  mean    237053  max   396768  V    183717  |d|     398    493k mv/s  1024  99.7  2048  99.0  4096  96.2  8192  88.2  16k  54.9  32k   0.0
ep 400000       7527s  mean    242710  max   531968  V    183219  |d|     399    493k mv/s  1024  99.8  2048  98.7  4096  96.9  8192  88.6  16k  57.7  32k   0.1
ep 402000       7565s  mean    240987  max   466976  V    183010  |d|     404    493k mv/s  1024  99.7  2048  98.9  4096  96.2  8192  89.0  16k  56.8  32k   0.0
ep 404000       7604s  mean    240333  max   388160  V    183510  |d|     398    493k mv/s  1024  99.7  2048  99.0  4096  95.8  8192  88.3  16k  56.5  32k   0.0
ep 406000       7642s  mean    240172  max   558560  V    183618  |d|     400    493k mv/s  1024  99.7  2048  99.0  4096  96.2  8192  89.3  16k  55.9  32k   0.1
ep 408000       7682s  mean    242493  max   474340  V    183533  |d|     397    492k mv/s  1024  99.8  2048  99.2  4096  96.8  8192  90.0  16k  56.9  32k   0.0
ep 410000       7725s  mean    239420  max   430404  V    183541  |d|     398    492k mv/s  1024  99.7  2048  99.0  4096  96.5  8192  89.2  16k  55.0  32k   0.0
ep 412000       7765s  mean    238528  max   488964  V    183610  |d|     402    492k mv/s  1024  99.8  2048  99.0  4096  96.1  8192  89.0  16k  55.5  32k   0.1
ep 414000       7803s  mean    237967  max   531128  V    183833  |d|     399    492k mv/s  1024  99.8  2048  98.5  4096  96.0  8192  88.7  16k  54.8  32k   0.1
ep 416000       7841s  mean    242040  max   463040  V    183966  |d|     397    492k mv/s  1024  99.8  2048  99.3  4096  97.3  8192  90.5  16k  56.4  32k   0.1
ep 418000       7880s  mean    241174  max   511048  V    183626  |d|     400    492k mv/s  1024  99.6  2048  98.8  4096  96.8  8192  89.7  16k  56.2  32k   0.1
ep 420000       7918s  mean    241319  max   522520  V    183602  |d|     400    492k mv/s  1024  99.7  2048  99.0  4096  96.5  8192  88.8  16k  56.8  32k   0.1
ep 422000       7956s  mean    240332  max   392828  V    183735  |d|     401    492k mv/s  1024  99.7  2048  99.0  4096  96.5  8192  88.7  16k  57.1  32k   0.0
ep 424000       7994s  mean    240221  max   536784  V    183577  |d|     400    492k mv/s  1024  99.5  2048  98.5  4096  95.5  8192  88.2  16k  56.6  32k   0.1
ep 426000       8032s  mean    237214  max   466904  V    184095  |d|     399    492k mv/s  1024  99.7  2048  98.7  4096  95.5  8192  88.3  16k  55.2  32k   0.1
ep 428000       8070s  mean    240629  max   489024  V    183758  |d|     399    492k mv/s  1024  99.8  2048  98.8  4096  96.2  8192  89.2  16k  55.8  32k   0.1
ep 430000       8108s  mean    241643  max   387916  V    183936  |d|     399    492k mv/s  1024  99.6  2048  98.8  4096  96.0  8192  89.3  16k  57.4  32k   0.0
checkpoint -> runs/r4_hi.bin (ep 430240)
ep 432000       8147s  mean    243096  max   386960  V    183545  |d|     399    492k mv/s  1024  99.7  2048  99.0  4096  97.2  8192  89.2  16k  57.3  32k   0.0
ep 434000       8187s  mean    242784  max   406968  V    183680  |d|     400    492k mv/s  1024  99.5  2048  98.9  4096  96.4  8192  88.7  16k  57.8  32k   0.0
ep 436000       8225s  mean    237222  max   387348  V    184191  |d|     401    492k mv/s  1024  99.8  2048  98.8  4096  95.8  8192  87.7  16k  55.1  32k   0.0
ep 438000       8263s  mean    241536  max   516296  V    184046  |d|     398    492k mv/s  1024  99.7  2048  98.7  4096  95.9  8192  89.2  16k  55.7  32k   0.1
ep 440000       8302s  mean    246738  max   532604  V    183809  |d|     400    492k mv/s  1024  99.7  2048  99.0  4096  97.0  8192  90.2  16k  59.5  32k   0.1
ep 442000       8340s  mean    243657  max   386820  V    184024  |d|     399    492k mv/s  1024  99.8  2048  99.2  4096  97.1  8192  89.4  16k  58.5  32k   0.0
ep 444000       8379s  mean    245938  max   533080  V    183839  |d|     398    492k mv/s  1024  99.8  2048  99.3  4096  96.8  8192  89.5  16k  59.2  32k   0.2
ep 446000       8418s  mean    235615  max   387428  V    184543  |d|     400    492k mv/s  1024  99.7  2048  99.2  4096  96.1  8192  87.4  16k  53.8  32k   0.0
ep 448000       8457s  mean    245384  max   509032  V    183579  |d|     404    492k mv/s  1024  99.7  2048  99.0  4096  96.7  8192  89.8  16k  58.5  32k   0.1
ep 450000       8497s  mean    247091  max   387164  V    183926  |d|     396    492k mv/s  1024  99.8  2048  98.9  4096  96.6  8192  89.8  16k  60.0  32k   0.0
ep 452000       8535s  mean    239066  max   475652  V    184260  |d|     400    492k mv/s  1024  99.6  2048  98.3  4096  96.3  8192  89.3  16k  54.8  32k   0.1
ep 454000       8574s  mean    240998  max   424996  V    184065  |d|     403    492k mv/s  1024  99.8  2048  98.8  4096  96.6  8192  89.0  16k  56.5  32k   0.0
ep 456000       8613s  mean    242538  max   530504  V    184170  |d|     400    492k mv/s  1024  99.6  2048  98.9  4096  96.8  8192  88.8  16k  57.0  32k   0.2
ep 458000       8652s  mean    243487  max   486084  V    183860  |d|     403    492k mv/s  1024  99.6  2048  98.9  4096  97.0  8192  89.7  16k  57.1  32k   0.1
ep 460000       8690s  mean    239043  max   387112  V    184664  |d|     399    492k mv/s  1024  99.5  2048  98.9  4096  96.3  8192  88.7  16k  55.8  32k   0.0
ep 462000       8729s  mean    242818  max   467380  V    184430  |d|     396    492k mv/s  1024  99.7  2048  98.9  4096  96.3  8192  89.0  16k  57.3  32k   0.0
ep 464000       8766s  mean    241408  max   469112  V    184382  |d|     399    492k mv/s  1024  99.7  2048  99.1  4096  96.1  8192  88.9  16k  56.0  32k   0.1
ep 466000       8804s  mean    240914  max   524992  V    184274  |d|     401    492k mv/s  1024  99.7  2048  98.8  4096  96.2  8192  88.7  16k  55.4  32k   0.1
ep 468000       8841s  mean    240114  max   388540  V    184546  |d|     399    492k mv/s  1024  99.8  2048  98.8  4096  95.8  8192  88.0  16k  56.5  32k   0.0
ep 470000       8878s  mean    242394  max   415604  V    184550  |d|     400    492k mv/s  1024  99.7  2048  99.0  4096  96.5  8192  89.5  16k  57.6  32k   0.0
ep 472000       8916s  mean    241931  max   528028  V    184384  |d|     399    492k mv/s  1024  99.6  2048  98.7  4096  96.2  8192  89.7  16k  56.0  32k   0.1
ep 474000       8953s  mean    245733  max   407924  V    184534  |d|     398    492k mv/s  1024  99.8  2048  99.2  4096  96.7  8192  90.5  16k  58.2  32k   0.0
ep 476000       8990s  mean    242122  max   411432  V    184316  |d|     403    492k mv/s  1024  99.7  2048  98.8  4096  96.0  8192  89.3  16k  57.4  32k   0.0
saving final checkpoint -> runs/r4_hi.bin
done: 476561 episodes, 4427910155 moves, 9003.8 s
