loading runs/final.bin ...
resumed 1 stage(s)
patterns=8  weights/stage=134217728  stages=1  memory=1.50 GiB  threads=7  alpha=0.050  TC=on
ep 2000           39s  mean    237651  max   405376  V    175828  |d|     390    480k mv/s  1024  99.7  2048  98.8  4096  96.5  8192  89.0  16k  55.5  32k   0.0
ep 4000           76s  mean    231120  max   509028  V    176201  |d|     397    482k mv/s  1024  99.7  2048  99.3  4096  96.7  8192  89.0  16k  51.6  32k   0.1
ep 6000          114s  mean    237056  max   507168  V    175586  |d|     394    485k mv/s  1024  99.7  2048  98.5  4096  96.0  8192  87.6  16k  55.1  32k   0.1
ep 8000          152s  mean    235471  max   480028  V    175925  |d|     395    485k mv/s  1024  99.8  2048  98.7  4096  96.5  8192  88.2  16k  54.4  32k   0.1
ep 10000         190s  mean    237941  max   525348  V    175801  |d|     395    485k mv/s  1024  99.8  2048  98.8  4096  96.5  8192  89.7  16k  55.3  32k   0.1
ep 12000         227s  mean    235758  max   387300  V    175643  |d|     398    486k mv/s  1024  99.7  2048  99.2  4096  96.5  8192  88.3  16k  54.1  32k   0.0
ep 14000         265s  mean    234884  max   479436  V    175825  |d|     396    486k mv/s  1024  99.3  2048  98.8  4096  95.8  8192  88.0  16k  53.5  32k   0.1
ep 16000         303s  mean    232156  max   505568  V    176261  |d|     396    485k mv/s  1024  99.7  2048  98.9  4096  96.0  8192  88.2  16k  52.2  32k   0.1
ep 18000         340s  mean    231536  max   387040  V    176159  |d|     396    485k mv/s  1024  99.7  2048  98.8  4096  96.3  8192  87.6  16k  52.3  32k   0.0
ep 20000         378s  mean    231760  max   389748  V    176317  |d|     396    485k mv/s  1024  99.8  2048  98.9  4096  96.0  8192  88.6  16k  52.6  32k   0.0
ep 22000         422s  mean    233038  max   386668  V    175860  |d|     401    478k mv/s  1024  99.7  2048  99.0  4096  96.2  8192  88.5  16k  53.5  32k   0.0
ep 24000         461s  mean    234586  max   387784  V    176114  |d|     394    477k mv/s  1024  99.9  2048  99.3  4096  97.0  8192  88.8  16k  52.9  32k   0.0
ep 26000         499s  mean    238659  max   481100  V    175696  |d|     396    478k mv/s  1024  99.7  2048  99.0  4096  97.1  8192  89.7  16k  54.6  32k   0.1
ep 28000         537s  mean    233420  max   430640  V    176343  |d|     393    478k mv/s  1024  99.8  2048  98.8  4096  96.5  8192  89.2  16k  52.4  32k   0.0
ep 30000         574s  mean    234526  max   420188  V    176027  |d|     397    479k mv/s  1024  99.5  2048  98.6  4096  96.1  8192  87.9  16k  54.2  32k   0.0
ep 32000         612s  mean    234896  max   488180  V    176380  |d|     394    479k mv/s  1024  99.7  2048  99.1  4096  96.2  8192  89.2  16k  54.2  32k   0.1
ep 34000         652s  mean    233667  max   504252  V    176066  |d|     397    478k mv/s  1024  99.7  2048  98.8  4096  96.3  8192  88.0  16k  53.0  32k   0.1
ep 36000         691s  mean    235295  max   551684  V    176107  |d|     397    477k mv/s  1024  99.7  2048  99.2  4096  96.3  8192  88.7  16k  53.6  32k   0.1
ep 38000         730s  mean    235295  max   387452  V    175910  |d|     396    477k mv/s  1024  99.7  2048  98.5  4096  94.8  8192  87.2  16k  55.0  32k   0.0
ep 40000         769s  mean    233863  max   425940  V    176268  |d|     395    477k mv/s  1024  99.8  2048  98.8  4096  95.9  8192  87.9  16k  53.4  32k   0.0
ep 42000         807s  mean    232500  max   387332  V    176588  |d|     395    477k mv/s  1024  99.7  2048  99.0  4096  96.2  8192  88.2  16k  52.6  32k   0.0
ep 44000         845s  mean    235684  max   489600  V    176286  |d|     393    477k mv/s  1024  99.7  2048  98.9  4096  95.8  8192  87.8  16k  54.2  32k   0.1
ep 46000         884s  mean    237468  max   563176  V    176084  |d|     398    477k mv/s  1024  99.5  2048  98.7  4096  96.5  8192  88.9  16k  55.9  32k   0.1
checkpoint -> runs/r4_lo.bin (ep 46830)
ep 48000         924s  mean    234315  max   456496  V    176081  |d|     397    476k mv/s  1024  99.5  2048  99.0  4096  96.4  8192  87.8  16k  53.5  32k   0.1
ep 50000         961s  mean    232438  max   387352  V    176500  |d|     395    477k mv/s  1024  99.8  2048  99.0  4096  96.6  8192  88.0  16k  52.6  32k   0.0
ep 52000         999s  mean    233800  max   387360  V    176419  |d|     397    477k mv/s  1024  99.7  2048  99.0  4096  96.2  8192  89.2  16k  53.2  32k   0.0
ep 54000        1036s  mean    235228  max   387120  V    176259  |d|     397    478k mv/s  1024  99.7  2048  98.8  4096  95.8  8192  88.8  16k  54.2  32k   0.0
ep 56000        1073s  mean    233217  max   489144  V    176458  |d|     398    478k mv/s  1024  99.7  2048  99.0  4096  95.9  8192  88.2  16k  53.0  32k   0.1
ep 58000        1112s  mean    235652  max   386876  V    176569  |d|     395    478k mv/s  1024  99.8  2048  99.0  4096  96.6  8192  89.3  16k  54.0  32k   0.0
ep 60000        1149s  mean    234173  max   387164  V    176490  |d|     397    479k mv/s  1024  99.7  2048  98.8  4096  96.0  8192  89.5  16k  52.9  32k   0.0
ep 62000        1186s  mean    234823  max   485404  V    176469  |d|     398    479k mv/s  1024  99.8  2048  99.0  4096  96.5  8192  89.8  16k  53.1  32k   0.1
ep 64000        1224s  mean    236196  max   426732  V    176377  |d|     396    479k mv/s  1024  99.8  2048  99.0  4096  96.5  8192  89.5  16k  54.1  32k   0.0
ep 66000        1262s  mean    236249  max   386280  V    176282  |d|     397    479k mv/s  1024  99.8  2048  98.5  4096  96.0  8192  88.2  16k  55.0  32k   0.0
ep 68000        1300s  mean    236588  max   506036  V    176368  |d|     397    480k mv/s  1024  99.8  2048  99.2  4096  97.0  8192  89.8  16k  53.2  32k   0.1
ep 70000        1338s  mean    235758  max   387460  V    176360  |d|     397    480k mv/s  1024  99.7  2048  98.5  4096  95.9  8192  89.5  16k  54.5  32k   0.0
ep 72000        1375s  mean    233335  max   386400  V    176493  |d|     395    480k mv/s  1024  99.6  2048  98.7  4096  96.2  8192  87.6  16k  52.6  32k   0.0
ep 74000        1412s  mean    233577  max   533076  V    176126  |d|     401    481k mv/s  1024  99.3  2048  98.5  4096  95.8  8192  87.8  16k  52.5  32k   0.1
ep 76000        1449s  mean    235476  max   444900  V    176294  |d|     401    481k mv/s  1024  99.6  2048  98.7  4096  96.6  8192  89.3  16k  53.8  32k   0.0
ep 78000        1487s  mean    233352  max   386504  V    176586  |d|     396    481k mv/s  1024  99.9  2048  98.8  4096  96.0  8192  88.2  16k  53.1  32k   0.0
ep 80000        1525s  mean    236965  max   387044  V    176530  |d|     396    481k mv/s  1024  99.5  2048  98.8  4096  96.4  8192  89.3  16k  53.9  32k   0.0
ep 82000        1562s  mean    234279  max   386496  V    176753  |d|     393    481k mv/s  1024  99.6  2048  98.8  4096  96.1  8192  88.3  16k  53.8  32k   0.0
ep 84000        1600s  mean    240158  max   531088  V    176423  |d|     393    482k mv/s  1024  99.8  2048  99.2  4096  96.8  8192  89.2  16k  56.1  32k   0.1
ep 86000        1638s  mean    238239  max   388712  V    176471  |d|     397    482k mv/s  1024  99.5  2048  98.7  4096  96.6  8192  90.0  16k  54.9  32k   0.0
ep 88000        1676s  mean    236486  max   485148  V    176526  |d|     397    482k mv/s  1024  99.8  2048  99.0  4096  96.2  8192  88.9  16k  53.9  32k   0.1
ep 90000        1714s  mean    237762  max   516716  V    176277  |d|     398    482k mv/s  1024  99.8  2048  99.2  4096  96.1  8192  88.5  16k  55.9  32k   0.1
ep 92000        1751s  mean    232933  max   386832  V    177047  |d|     396    482k mv/s  1024  99.6  2048  98.6  4096  96.0  8192  87.9  16k  53.8  32k   0.0
ep 94000        1788s  mean    235773  max   387560  V    176490  |d|     398    483k mv/s  1024  99.5  2048  98.7  4096  96.2  8192  89.0  16k  54.0  32k   0.0
checkpoint -> runs/r4_lo.bin (ep 94741)
ep 96000        1825s  mean    234666  max   513136  V    176947  |d|     398    483k mv/s  1024  99.8  2048  99.2  4096  96.2  8192  88.6  16k  53.7  32k   0.1
ep 98000        1865s  mean    239445  max   513796  V    176432  |d|     396    483k mv/s  1024  99.8  2048  99.3  4096  96.5  8192  89.5  16k  55.4  32k   0.1
ep 100000       1902s  mean    235282  max   386984  V    176882  |d|     396    483k mv/s  1024  99.7  2048  98.8  4096  97.0  8192  89.5  16k  52.8  32k   0.0
ep 102000       1940s  mean    236844  max   387536  V    176845  |d|     393    483k mv/s  1024  99.5  2048  98.7  4096  96.1  8192  89.7  16k  54.5  32k   0.0
ep 104000       1977s  mean    231317  max   557584  V    177201  |d|     396    483k mv/s  1024  99.7  2048  98.5  4096  96.0  8192  89.0  16k  51.7  32k   0.1
ep 106000       2014s  mean    230557  max   480080  V    177319  |d|     395    483k mv/s  1024  99.5  2048  98.4  4096  95.9  8192  88.2  16k  51.8  32k   0.1
ep 108000       2052s  mean    236838  max   468528  V    176807  |d|     396    483k mv/s  1024  99.6  2048  99.0  4096  96.3  8192  89.2  16k  54.2  32k   0.1
ep 110000       2090s  mean    234550  max   462504  V    176766  |d|     399    483k mv/s  1024  99.9  2048  99.2  4096  96.4  8192  88.9  16k  53.0  32k   0.1
ep 112000       2127s  mean    233559  max   561276  V    177016  |d|     402    483k mv/s  1024  99.7  2048  98.8  4096  96.0  8192  88.6  16k  53.2  32k   0.1
ep 114000       2165s  mean    237312  max   387064  V    176540  |d|     399    483k mv/s  1024  99.8  2048  98.7  4096  96.6  8192  88.3  16k  55.0  32k   0.0
ep 116000       2203s  mean    235930  max   386876  V    176984  |d|     396    483k mv/s  1024  99.5  2048  98.7  4096  96.5  8192  89.3  16k  54.2  32k   0.0
ep 118000       2240s  mean    236956  max   387744  V    176698  |d|     397    484k mv/s  1024  99.7  2048  99.1  4096  96.2  8192  88.8  16k  54.2  32k   0.0
ep 120000       2277s  mean    232431  max   479880  V    177170  |d|     397    484k mv/s  1024  99.6  2048  98.5  4096  95.5  8192  88.0  16k  53.0  32k   0.1
ep 122000       2313s  mean    233322  max   387384  V    177263  |d|     399    484k mv/s  1024  99.7  2048  98.9  4096  96.2  8192  89.3  16k  52.8  32k   0.0
ep 124000       2351s  mean    237195  max   532712  V    176806  |d|     398    484k mv/s  1024  99.5  2048  98.7  4096  96.6  8192  88.7  16k  55.0  32k   0.1
ep 126000       2389s  mean    237635  max   386924  V    176722  |d|     396    484k mv/s  1024  99.8  2048  99.2  4096  96.4  8192  89.3  16k  53.6  32k   0.0
ep 128000       2426s  mean    231197  max   485060  V    177487  |d|     397    484k mv/s  1024  99.8  2048  99.0  4096  96.7  8192  87.3  16k  52.1  32k   0.1
ep 130000       2463s  mean    235739  max   555208  V    176740  |d|     398    485k mv/s  1024  99.9  2048  99.0  4096  96.2  8192  88.1  16k  53.8  32k   0.1
ep 132000       2500s  mean    237876  max   387384  V    177034  |d|     395    485k mv/s  1024  99.8  2048  98.6  4096  95.5  8192  87.9  16k  55.7  32k   0.0
ep 134000       2536s  mean    235807  max   435716  V    176810  |d|     402    485k mv/s  1024  99.7  2048  98.9  4096  96.2  8192  88.0  16k  55.1  32k   0.0
ep 136000       2573s  mean    234491  max   523624  V    177058  |d|     400    485k mv/s  1024  99.7  2048  99.0  4096  96.3  8192  88.2  16k  54.0  32k   0.1
ep 138000       2609s  mean    234128  max   409440  V    177200  |d|     396    486k mv/s  1024  99.5  2048  98.8  4096  96.0  8192  88.8  16k  53.0  32k   0.0
ep 140000       2646s  mean    236113  max   524036  V    177057  |d|     398    486k mv/s  1024  99.7  2048  99.0  4096  96.1  8192  88.2  16k  54.4  32k   0.1
ep 142000       2682s  mean    235816  max   520552  V    177109  |d|     395    486k mv/s  1024  99.7  2048  99.0  4096  96.5  8192  88.7  16k  54.0  32k   0.1
checkpoint -> runs/r4_lo.bin (ep 143170)
ep 144000       2719s  mean    236997  max   509540  V    177480  |d|     394    486k mv/s  1024  99.8  2048  99.3  4096  96.7  8192  89.5  16k  54.5  32k   0.1
ep 146000       2755s  mean    231577  max   409404  V    177553  |d|     397    487k mv/s  1024  99.7  2048  98.6  4096  95.5  8192  88.0  16k  52.7  32k   0.0
ep 148000       2792s  mean    232896  max   532192  V    177325  |d|     398    487k mv/s  1024  99.6  2048  98.8  4096  96.0  8192  88.8  16k  52.3  32k   0.1
ep 150000       2830s  mean    236081  max   529372  V    177363  |d|     397    487k mv/s  1024  99.8  2048  98.8  4096  96.8  8192  89.0  16k  54.2  32k   0.1
ep 152000       2868s  mean    237192  max   532864  V    177284  |d|     397    487k mv/s  1024  99.5  2048  98.5  4096  96.2  8192  89.2  16k  54.8  32k   0.1
ep 154000       2905s  mean    234863  max   469772  V    177227  |d|     398    487k mv/s  1024  99.6  2048  99.0  4096  96.3  8192  89.5  16k  52.8  32k   0.1
ep 156000       2943s  mean    239960  max   407576  V    177024  |d|     398    487k mv/s  1024  99.8  2048  99.3  4096  97.1  8192  90.0  16k  55.3  32k   0.0
ep 158000       2981s  mean    232847  max   534664  V    177522  |d|     400    487k mv/s  1024  99.7  2048  98.9  4096  95.8  8192  86.7  16k  53.8  32k   0.1
ep 160000       3019s  mean    235857  max   419028  V    177503  |d|     398    487k mv/s  1024  99.8  2048  99.1  4096  97.2  8192  90.0  16k  53.0  32k   0.0
ep 162000       3056s  mean    232858  max   550324  V    177563  |d|     398    487k mv/s  1024  99.5  2048  99.0  4096  95.9  8192  88.2  16k  52.5  32k   0.1
ep 164000       3093s  mean    233655  max   387216  V    177687  |d|     396    487k mv/s  1024  99.5  2048  99.0  4096  96.1  8192  88.7  16k  52.5  32k   0.0
ep 166000       3131s  mean    231924  max   386936  V    177692  |d|     397    487k mv/s  1024  99.5  2048  98.6  4096  96.0  8192  87.5  16k  52.6  32k   0.0
ep 168000       3174s  mean    234968  max   387268  V    177423  |d|     396    486k mv/s  1024  99.8  2048  98.8  4096  95.8  8192  88.0  16k  53.9  32k   0.0
ep 170000       3221s  mean    232997  max   497944  V    177352  |d|     398    484k mv/s  1024  99.8  2048  98.8  4096  96.2  8192  87.5  16k  52.8  32k   0.1
ep 172000       3258s  mean    235920  max   387548  V    177533  |d|     396    485k mv/s  1024  99.8  2048  98.8  4096  96.8  8192  88.4  16k  54.2  32k   0.0
ep 174000       3294s  mean    238126  max   387404  V    177249  |d|     398    485k mv/s  1024  99.6  2048  99.0  4096  96.3  8192  89.7  16k  54.5  32k   0.0
ep 176000       3329s  mean    236117  max   403860  V    177215  |d|     399    485k mv/s  1024  99.8  2048  99.0  4096  95.6  8192  88.5  16k  54.3  32k   0.0
ep 178000       3364s  mean    237328  max   387064  V    177370  |d|     396    486k mv/s  1024  99.5  2048  98.5  4096  96.0  8192  88.6  16k  55.6  32k   0.0
ep 180000       3399s  mean    235440  max   386828  V    177893  |d|     394    486k mv/s  1024  99.8  2048  98.9  4096  96.8  8192  88.8  16k  54.0  32k   0.0
ep 182000       3435s  mean    236514  max   401936  V    177633  |d|     396    487k mv/s  1024  99.8  2048  98.8  4096  96.0  8192  88.7  16k  54.1  32k   0.0
ep 184000       3470s  mean    233592  max   387296  V    177781  |d|     398    487k mv/s  1024  99.5  2048  98.8  4096  96.6  8192  88.5  16k  53.0  32k   0.0
ep 186000       3506s  mean    235749  max   410744  V    177567  |d|     398    487k mv/s  1024  99.7  2048  98.5  4096  96.5  8192  89.2  16k  54.1  32k   0.0
ep 188000       3543s  mean    236539  max   502992  V    177640  |d|     395    487k mv/s  1024  99.8  2048  98.7  4096  96.5  8192  88.7  16k  54.5  32k   0.1
ep 190000       3580s  mean    233678  max   468896  V    177760  |d|     397    487k mv/s  1024  99.5  2048  98.6  4096  96.0  8192  89.0  16k  52.5  32k   0.1
checkpoint -> runs/r4_lo.bin (ep 191293)
ep 192000       3618s  mean    236081  max   478096  V    177826  |d|     395    487k mv/s  1024  99.8  2048  98.7  4096  95.7  8192  88.4  16k  54.5  32k   0.1
ep 194000       3655s  mean    235139  max   530908  V    177686  |d|     399    488k mv/s  1024  99.8  2048  98.6  4096  96.0  8192  88.5  16k  54.0  32k   0.1
ep 196000       3692s  mean    236206  max   513012  V    177965  |d|     395    488k mv/s  1024  99.7  2048  98.8  4096  96.2  8192  88.8  16k  55.8  32k   0.1
ep 198000       3728s  mean    237547  max   467752  V    177338  |d|     399    488k mv/s  1024  99.8  2048  99.0  4096  96.6  8192  89.0  16k  54.3  32k   0.1
ep 200000       3764s  mean    233581  max   508652  V    178043  |d|     398    488k mv/s  1024  99.7  2048  99.2  4096  96.7  8192  88.3  16k  53.6  32k   0.1
ep 202000       3802s  mean    237462  max   406736  V    177475  |d|     396    488k mv/s  1024  99.8  2048  98.8  4096  96.5  8192  88.2  16k  54.2  32k   0.0
ep 204000       3839s  mean    238101  max   486252  V    177764  |d|     396    488k mv/s  1024  99.6  2048  98.8  4096  96.9  8192  88.7  16k  55.4  32k   0.1
ep 206000       3877s  mean    236204  max   468068  V    177407  |d|     400    488k mv/s  1024  99.7  2048  99.0  4096  95.0  8192  86.8  16k  55.8  32k   0.1
ep 208000       3914s  mean    232291  max   387208  V    177942  |d|     397    488k mv/s  1024  99.5  2048  98.8  4096  95.8  8192  88.0  16k  52.5  32k   0.0
ep 210000       3951s  mean    234675  max   528476  V    177627  |d|     399    488k mv/s  1024  99.5  2048  98.7  4096  95.6  8192  88.1  16k  54.0  32k   0.1
ep 212000       3988s  mean    237867  max   387816  V    177653  |d|     400    488k mv/s  1024  99.6  2048  98.7  4096  96.8  8192  89.2  16k  55.2  32k   0.0
ep 214000       4026s  mean    240367  max   533228  V    177622  |d|     397    488k mv/s  1024  99.8  2048  99.1  4096  96.5  8192  90.0  16k  56.6  32k   0.1
ep 216000       4065s  mean    238624  max   466384  V    177394  |d|     398    488k mv/s  1024  99.8  2048  99.0  4096  96.7  8192  88.8  16k  54.9  32k   0.1
ep 218000       4104s  mean    240476  max   386172  V    177673  |d|     393    488k mv/s  1024  99.7  2048  98.8  4096  95.8  8192  89.6  16k  56.2  32k   0.0
ep 220000       4141s  mean    239488  max   387724  V    177649  |d|     395    488k mv/s  1024  99.5  2048  98.8  4096  96.4  8192  88.7  16k  55.8  32k   0.0
ep 222000       4179s  mean    236650  max   500940  V    177829  |d|     401    488k mv/s  1024  99.7  2048  98.8  4096  96.0  8192  88.8  16k  55.5  32k   0.1
ep 224000       4216s  mean    237209  max   439524  V    178105  |d|     396    488k mv/s  1024  99.9  2048  99.5  4096  96.8  8192  90.2  16k  54.0  32k   0.0
ep 226000       4254s  mean    237257  max   417740  V    178041  |d|     396    488k mv/s  1024  99.8  2048  99.3  4096  96.6  8192  89.0  16k  55.1  32k   0.0
ep 228000       4293s  mean    237553  max   415148  V    178314  |d|     391    488k mv/s  1024  99.8  2048  99.0  4096  97.0  8192  90.0  16k  54.9  32k   0.0
ep 230000       4329s  mean    235108  max   488692  V    178024  |d|     395    488k mv/s  1024  99.7  2048  98.9  4096  95.8  8192  88.5  16k  52.9  32k   0.1
ep 232000       4365s  mean    236608  max   523288  V    177889  |d|     398    489k mv/s  1024  99.8  2048  99.1  4096  96.3  8192  87.8  16k  54.2  32k   0.1
ep 234000       4402s  mean    237971  max   405104  V    177929  |d|     398    489k mv/s  1024  99.7  2048  98.9  4096  96.7  8192  89.4  16k  54.5  32k   0.0
ep 236000       4438s  mean    238342  max   418356  V    177793  |d|     398    489k mv/s  1024  99.7  2048  98.8  4096  96.0  8192  88.5  16k  56.2  32k   0.0
ep 238000       4474s  mean    236967  max   410432  V    178098  |d|     396    489k mv/s  1024  99.8  2048  98.8  4096  96.1  8192  88.3  16k  54.8  32k   0.0
checkpoint -> runs/r4_lo.bin (ep 239844)
ep 240000       4509s  mean    237389  max   386808  V    177984  |d|     399    490k mv/s  1024  99.8  2048  99.0  4096  96.3  8192  89.1  16k  54.2  32k   0.0
ep 242000       4545s  mean    235868  max   503032  V    178107  |d|     394    490k mv/s  1024  99.8  2048  98.9  4096  95.8  8192  88.0  16k  54.1  32k   0.1
ep 244000       4580s  mean    237980  max   565984  V    178154  |d|     395    490k mv/s  1024  99.7  2048  98.7  4096  96.4  8192  88.8  16k  54.9  32k   0.1
ep 246000       4616s  mean    235264  max   388456  V    178276  |d|     395    490k mv/s  1024  99.5  2048  98.7  4096  95.3  8192  88.2  16k  54.0  32k   0.0
ep 248000       4653s  mean    238946  max   417268  V    178005  |d|     397    490k mv/s  1024  99.8  2048  98.9  4096  96.7  8192  88.5  16k  56.0  32k   0.0
ep 250000       4688s  mean    237078  max   387092  V    178067  |d|     398    491k mv/s  1024  99.7  2048  98.9  4096  96.7  8192  90.2  16k  53.2  32k   0.0
ep 252000       4723s  mean    233332  max   490576  V    178535  |d|     397    491k mv/s  1024  99.6  2048  99.0  4096  96.0  8192  87.8  16k  53.5  32k   0.1
ep 254000       4759s  mean    231397  max   396844  V    178725  |d|     395    491k mv/s  1024  99.7  2048  99.0  4096  96.2  8192  86.3  16k  53.4  32k   0.0
ep 256000       4797s  mean    235168  max   397024  V    178269  |d|     397    491k mv/s  1024  99.6  2048  98.7  4096  95.4  8192  88.3  16k  53.5  32k   0.0
ep 258000       4834s  mean    231518  max   532968  V    178331  |d|     402    491k mv/s  1024  99.7  2048  98.3  4096  95.8  8192  87.2  16k  52.6  32k   0.1
ep 260000       4872s  mean    239553  max   409920  V    178227  |d|     398    491k mv/s  1024  99.7  2048  99.0  4096  96.5  8192  90.1  16k  55.9  32k   0.0
ep 262000       4910s  mean    235734  max   402496  V    178135  |d|     398    491k mv/s  1024  99.8  2048  99.0  4096  96.0  8192  88.0  16k  54.0  32k   0.0
ep 264000       4948s  mean    237390  max   507284  V    178293  |d|     396    491k mv/s  1024  99.5  2048  99.0  4096  96.6  8192  90.0  16k  54.0  32k   0.1
ep 266000       4985s  mean    239560  max   484964  V    178050  |d|     399    491k mv/s  1024  99.7  2048  98.9  4096  97.3  8192  89.3  16k  55.3  32k   0.1
ep 268000       5021s  mean    234274  max   530968  V    178625  |d|     397    491k mv/s  1024  99.7  2048  99.0  4096  96.8  8192  88.7  16k  53.0  32k   0.1
ep 270000       5058s  mean    236036  max   528924  V    178535  |d|     396    491k mv/s  1024  99.8  2048  99.0  4096  96.5  8192  87.7  16k  55.0  32k   0.1
ep 272000       5095s  mean    237292  max   388056  V    178163  |d|     396    491k mv/s  1024  99.7  2048  99.0  4096  96.1  8192  88.5  16k  54.0  32k   0.0
ep 274000       5133s  mean    236693  max   386920  V    178392  |d|     397    491k mv/s  1024  99.7  2048  98.7  4096  95.8  8192  89.5  16k  54.1  32k   0.0
ep 276000       5170s  mean    236685  max   533028  V    178415  |d|     399    491k mv/s  1024  99.6  2048  98.8  4096  96.5  8192  88.3  16k  54.2  32k   0.1
ep 278000       5209s  mean    239721  max   438152  V    178244  |d|     399    491k mv/s  1024  99.7  2048  99.0  4096  96.3  8192  89.0  16k  56.2  32k   0.0
ep 280000       5246s  mean    236440  max   531440  V    178686  |d|     398    491k mv/s  1024  99.8  2048  99.2  4096  96.3  8192  89.7  16k  54.0  32k   0.1
ep 282000       5282s  mean    234447  max   387252  V    178945  |d|     393    491k mv/s  1024  99.6  2048  98.9  4096  95.8  8192  87.7  16k  53.9  32k   0.0
ep 284000       5319s  mean    239551  max   530796  V    178303  |d|     399    491k mv/s  1024  99.5  2048  98.8  4096  96.5  8192  88.7  16k  56.0  32k   0.1
ep 286000       5357s  mean    235293  max   556724  V    178782  |d|     398    491k mv/s  1024  99.7  2048  99.2  4096  97.0  8192  88.8  16k  53.6  32k   0.1
ep 288000       5395s  mean    237857  max   387304  V    178419  |d|     399    491k mv/s  1024  99.8  2048  98.9  4096  96.6  8192  88.0  16k  55.6  32k   0.0
checkpoint -> runs/r4_lo.bin (ep 288680)
ep 290000       5433s  mean    236427  max   386812  V    178723  |d|     398    491k mv/s  1024  99.7  2048  99.2  4096  95.5  8192  88.8  16k  54.6  32k   0.0
ep 292000       5470s  mean    234832  max   507328  V    178700  |d|     396    491k mv/s  1024  99.5  2048  98.7  4096  96.5  8192  88.5  16k  53.0  32k   0.1
ep 294000       5508s  mean    238610  max   560056  V    178616  |d|     397    491k mv/s  1024  99.6  2048  99.1  4096  96.5  8192  89.1  16k  55.5  32k   0.1
ep 296000       5546s  mean    236935  max   512216  V    178612  |d|     397    491k mv/s  1024  99.7  2048  98.8  4096  96.0  8192  89.2  16k  54.9  32k   0.1
ep 298000       5583s  mean    237202  max   386296  V    178883  |d|     393    491k mv/s  1024  99.8  2048  98.7  4096  96.2  8192  88.8  16k  55.1  32k   0.0
ep 300000       5619s  mean    233577  max   386960  V    178968  |d|     398    491k mv/s  1024  99.8  2048  98.7  4096  95.5  8192  88.2  16k  53.6  32k   0.0
ep 302000       5654s  mean    236611  max   387424  V    178737  |d|     394    492k mv/s  1024  99.5  2048  98.7  4096  95.8  8192  89.2  16k  54.6  32k   0.0
ep 304000       5690s  mean    235916  max   506552  V    178862  |d|     398    492k mv/s  1024  99.8  2048  98.8  4096  96.2  8192  88.5  16k  54.2  32k   0.1
ep 306000       5725s  mean    238348  max   426320  V    178317  |d|     400    492k mv/s  1024  99.7  2048  98.7  4096  95.8  8192  89.0  16k  54.2  32k   0.0
ep 308000       5761s  mean    234146  max   527208  V    179117  |d|     398    492k mv/s  1024  99.8  2048  98.8  4096  96.6  8192  88.8  16k  52.8  32k   0.1
ep 310000       5796s  mean    233613  max   478504  V    178912  |d|     401    492k mv/s  1024  99.7  2048  98.8  4096  96.2  8192  88.0  16k  52.8  32k   0.1
ep 312000       5832s  mean    237676  max   484916  V    178729  |d|     400    492k mv/s  1024  99.7  2048  99.0  4096  96.1  8192  88.3  16k  55.9  32k   0.1
ep 314000       5870s  mean    239627  max   420916  V    178768  |d|     396    492k mv/s  1024  99.7  2048  98.8  4096  96.2  8192  88.8  16k  55.8  32k   0.0
ep 316000       5908s  mean    236409  max   434064  V    178635  |d|     398    492k mv/s  1024  99.5  2048  98.3  4096  95.5  8192  88.0  16k  54.8  32k   0.0
ep 318000       5945s  mean    234935  max   386200  V    179127  |d|     398    492k mv/s  1024  99.6  2048  98.6  4096  96.8  8192  88.7  16k  54.0  32k   0.0
ep 320000       5983s  mean    234852  max   533156  V    179114  |d|     398    492k mv/s  1024  99.8  2048  99.0  4096  96.2  8192  88.6  16k  53.9  32k   0.1
ep 322000       6018s  mean    235578  max   407708  V    179122  |d|     397    492k mv/s  1024  99.6  2048  98.8  4096  96.7  8192  88.5  16k  53.8  32k   0.0
ep 324000       6053s  mean    232455  max   415364  V    179631  |d|     395    493k mv/s  1024  99.8  2048  98.8  4096  96.5  8192  87.7  16k  52.9  32k   0.0
ep 326000       6089s  mean    235274  max   547984  V    178996  |d|     399    493k mv/s  1024  99.5  2048  98.4  4096  96.0  8192  88.0  16k  53.8  32k   0.1
ep 328000       6126s  mean    239874  max   389824  V    178798  |d|     396    493k mv/s  1024  99.7  2048  98.8  4096  96.5  8192  89.3  16k  56.0  32k   0.0
ep 330000       6162s  mean    238208  max   504304  V    178786  |d|     398    493k mv/s  1024  99.5  2048  99.2  4096  96.5  8192  88.7  16k  55.0  32k   0.1
ep 332000       6198s  mean    236236  max   476880  V    179141  |d|     395    493k mv/s  1024  99.7  2048  98.7  4096  96.2  8192  88.4  16k  54.2  32k   0.1
ep 334000       6233s  mean    236351  max   388428  V    179183  |d|     397    493k mv/s  1024  99.7  2048  98.8  4096  95.8  8192  89.3  16k  54.2  32k   0.0
ep 336000       6269s  mean    241441  max   479420  V    178554  |d|     395    493k mv/s  1024  99.9  2048  98.8  4096  96.9  8192  89.5  16k  56.5  32k   0.0
ep 338000       6307s  mean    238426  max   485084  V    178858  |d|     399    493k mv/s  1024  99.7  2048  98.8  4096  96.3  8192  87.8  16k  56.4  32k   0.1
checkpoint -> runs/r4_lo.bin (ep 338125)
ep 340000       6345s  mean    235850  max   402416  V    179090  |d|     398    493k mv/s  1024  99.8  2048  98.8  4096  96.5  8192  88.8  16k  53.6  32k   0.0
ep 342000       6382s  mean    238720  max   385452  V    178920  |d|     397    493k mv/s  1024  99.6  2048  99.2  4096  96.2  8192  89.7  16k  55.5  32k   0.0
ep 344000       6420s  mean    235815  max   533392  V    179123  |d|     397    493k mv/s  1024  99.5  2048  98.8  4096  96.3  8192  88.0  16k  54.2  32k   0.1
ep 346000       6457s  mean    235746  max   387292  V    179374  |d|     396    493k mv/s  1024  99.7  2048  99.0  4096  96.0  8192  88.0  16k  53.8  32k   0.0
ep 348000       6495s  mean    238909  max   421920  V    178862  |d|     397    493k mv/s  1024  99.5  2048  98.9  4096  96.6  8192  88.8  16k  56.2  32k   0.0
ep 350000       6532s  mean    237653  max   388800  V    179085  |d|     397    493k mv/s  1024  99.8  2048  98.8  4096  95.8  8192  88.4  16k  55.5  32k   0.0
ep 352000       6568s  mean    238679  max   387200  V    178891  |d|     401    494k mv/s  1024  99.8  2048  99.1  4096  97.0  8192  89.2  16k  55.4  32k   0.0
ep 354000       6604s  mean    237126  max   511776  V    179324  |d|     397    494k mv/s  1024  99.9  2048  99.2  4096  96.5  8192  88.0  16k  55.0  32k   0.1
ep 356000       6639s  mean    237705  max   387236  V    179331  |d|     396    494k mv/s  1024  99.8  2048  99.2  4096  96.3  8192  88.2  16k  55.0  32k   0.0
ep 358000       6676s  mean    235898  max   524528  V    179173  |d|     398    494k mv/s  1024  99.8  2048  98.8  4096  96.0  8192  88.6  16k  54.1  32k   0.1
ep 360000       6713s  mean    235793  max   524444  V    179647  |d|     397    494k mv/s  1024  99.7  2048  98.8  4096  96.2  8192  89.3  16k  54.6  32k   0.1
ep 362000       6751s  mean    238590  max   407408  V    179135  |d|     397    494k mv/s  1024  99.8  2048  98.6  4096  96.0  8192  88.5  16k  55.8  32k   0.0
ep 364000       6789s  mean    236049  max   533444  V    179401  |d|     399    494k mv/s  1024  99.8  2048  99.0  4096  96.0  8192  88.7  16k  54.9  32k   0.1
ep 366000       6826s  mean    240092  max   532656  V    179172  |d|     397    494k mv/s  1024  99.7  2048  99.0  4096  96.6  8192  89.0  16k  56.4  32k   0.1
ep 368000       6862s  mean    235155  max   387120  V    179475  |d|     398    494k mv/s  1024  99.6  2048  98.5  4096  95.8  8192  88.3  16k  53.8  32k   0.0
ep 370000       6900s  mean    236126  max   502700  V    179268  |d|     398    494k mv/s  1024  99.5  2048  98.6  4096  95.5  8192  87.7  16k  54.8  32k   0.1
ep 372000       6938s  mean    235112  max   533104  V    179071  |d|     402    494k mv/s  1024  99.6  2048  98.8  4096  95.8  8192  87.8  16k  53.8  32k   0.1
ep 374000       6975s  mean    236590  max   387128  V    179707  |d|     396    494k mv/s  1024  99.7  2048  99.0  4096  96.3  8192  88.0  16k  54.8  32k   0.0
ep 376000       7014s  mean    238387  max   528928  V    179366  |d|     399    494k mv/s  1024  99.6  2048  98.8  4096  96.3  8192  88.7  16k  55.2  32k   0.1
ep 378000       7052s  mean    240148  max   505448  V    179250  |d|     396    494k mv/s  1024  99.6  2048  98.7  4096  96.5  8192  88.4  16k  57.4  32k   0.1
ep 380000       7091s  mean    240744  max   387984  V    179267  |d|     396    494k mv/s  1024  99.7  2048  98.8  4096  96.4  8192  89.5  16k  56.0  32k   0.0
ep 382000       7129s  mean    237085  max   504140  V    179582  |d|     399    494k mv/s  1024 100.0  2048  99.2  4096  96.8  8192  89.5  16k  54.5  32k   0.1
ep 384000       7166s  mean    241027  max   387112  V    179026  |d|     398    494k mv/s  1024  99.7  2048  99.3  4096  97.2  8192  89.2  16k  55.2  32k   0.0
ep 386000       7205s  mean    240349  max   524140  V    179400  |d|     397    494k mv/s  1024  99.9  2048  99.2  4096  96.7  8192  89.5  16k  55.9  32k   0.1
checkpoint -> runs/r4_lo.bin (ep 386337)
ep 388000       7243s  mean    237250  max   529008  V    179642  |d|     397    494k mv/s  1024  99.8  2048  99.0  4096  97.0  8192  89.0  16k  54.8  32k   0.1
ep 390000       7282s  mean    239060  max   464840  V    179359  |d|     398    494k mv/s  1024  99.5  2048  98.7  4096  96.0  8192  88.6  16k  56.5  32k   0.1
ep 392000       7320s  mean    242496  max   387344  V    179212  |d|     398    494k mv/s  1024  99.7  2048  98.8  4096  96.4  8192  89.8  16k  57.0  32k   0.0
ep 394000       7358s  mean    236748  max   429064  V    179654  |d|     398    494k mv/s  1024  99.5  2048  98.7  4096  96.4  8192  89.2  16k  55.0  32k   0.0
ep 396000       7396s  mean    236957  max   388352  V    179832  |d|     399    494k mv/s  1024  99.7  2048  98.9  4096  96.0  8192  89.0  16k  55.0  32k   0.0
ep 398000       7433s  mean    233310  max   391352  V    179937  |d|     398    494k mv/s  1024  99.5  2048  98.5  4096  95.8  8192  86.8  16k  53.7  32k   0.0
ep 400000       7471s  mean    240074  max   464600  V    179467  |d|     397    494k mv/s  1024  99.8  2048  98.8  4096  96.5  8192  88.8  16k  56.1  32k   0.1
ep 402000       7509s  mean    239208  max   387516  V    179791  |d|     396    493k mv/s  1024  99.9  2048  99.2  4096  96.7  8192  89.2  16k  55.8  32k   0.0
ep 404000       7547s  mean    235653  max   387368  V    179839  |d|     398    493k mv/s  1024  99.8  2048  98.9  4096  96.2  8192  88.1  16k  54.0  32k   0.0
ep 406000       7585s  mean    238397  max   482576  V    179614  |d|     398    493k mv/s  1024  99.8  2048  99.0  4096  96.7  8192  88.4  16k  55.6  32k   0.1
ep 408000       7623s  mean    237477  max   386868  V    179707  |d|     399    493k mv/s  1024  99.5  2048  98.7  4096  95.8  8192  88.1  16k  56.0  32k   0.0
ep 410000       7661s  mean    239270  max   437172  V    179575  |d|     399    493k mv/s  1024  99.8  2048  99.0  4096  96.5  8192  89.0  16k  55.7  32k   0.0
ep 412000       7702s  mean    238001  max   487404  V    179754  |d|     398    493k mv/s  1024  99.8  2048  99.2  4096  96.8  8192  89.2  16k  55.2  32k   0.1
ep 414000       7744s  mean    242949  max   528840  V    179445  |d|     398    493k mv/s  1024  99.8  2048  99.2  4096  96.4  8192  90.2  16k  57.2  32k   0.1
ep 416000       7783s  mean    241183  max   554988  V    179409  |d|     398    493k mv/s  1024  99.7  2048  98.9  4096  96.7  8192  88.9  16k  56.4  32k   0.1
ep 418000       7821s  mean    236199  max   490560  V    180015  |d|     398    493k mv/s  1024  99.7  2048  98.8  4096  96.5  8192  88.8  16k  54.0  32k   0.1
ep 420000       7859s  mean    236082  max   535112  V    180060  |d|     397    493k mv/s  1024  99.8  2048  99.0  4096  96.5  8192  89.3  16k  53.7  32k   0.1
ep 422000       7897s  mean    237622  max   455472  V    179646  |d|     399    493k mv/s  1024  99.8  2048  98.8  4096  96.2  8192  88.7  16k  55.0  32k   0.0
ep 424000       7934s  mean    238760  max   512188  V    179761  |d|     399    493k mv/s  1024  99.8  2048  98.9  4096  95.8  8192  88.7  16k  56.4  32k   0.1
ep 426000       7972s  mean    238372  max   408624  V    180099  |d|     393    493k mv/s  1024  99.8  2048  99.0  4096  97.0  8192  89.6  16k  54.9  32k   0.0
ep 428000       8010s  mean    238470  max   519644  V    179916  |d|     396    493k mv/s  1024  99.8  2048  98.8  4096  97.0  8192  88.5  16k  55.1  32k   0.1
ep 430000       8047s  mean    235467  max   520480  V    179998  |d|     401    493k mv/s  1024  99.7  2048  99.0  4096  96.0  8192  88.2  16k  53.5  32k   0.1
ep 432000       8084s  mean    237594  max   386804  V    179736  |d|     401    493k mv/s  1024  99.8  2048  99.1  4096  96.2  8192  88.2  16k  54.5  32k   0.0
checkpoint -> runs/r4_lo.bin (ep 433456)
ep 434000       8123s  mean    241608  max   385880  V    179747  |d|     396    493k mv/s  1024  99.6  2048  99.4  4096  97.1  8192  89.3  16k  56.7  32k   0.0
ep 436000       8161s  mean    236389  max   509692  V    180251  |d|     397    493k mv/s  1024  99.6  2048  98.6  4096  96.0  8192  88.8  16k  54.9  32k   0.1
ep 438000       8200s  mean    238195  max   387236  V    179766  |d|     399    493k mv/s  1024  99.8  2048  99.2  4096  96.8  8192  88.7  16k  54.5  32k   0.0
ep 440000       8239s  mean    237998  max   386616  V    179938  |d|     398    493k mv/s  1024  99.4  2048  98.6  4096  96.1  8192  88.3  16k  55.5  32k   0.0
ep 442000       8277s  mean    235280  max   407396  V    180171  |d|     397    493k mv/s  1024  99.6  2048  98.5  4096  96.0  8192  88.0  16k  54.0  32k   0.0
ep 444000       8314s  mean    238394  max   387092  V    179997  |d|     398    493k mv/s  1024  99.7  2048  98.7  4096  95.8  8192  89.0  16k  55.1  32k   0.0
ep 446000       8352s  mean    239607  max   386580  V    179954  |d|     396    493k mv/s  1024  99.5  2048  99.0  4096  96.7  8192  89.8  16k  55.4  32k   0.0
ep 448000       8390s  mean    241772  max   557392  V    179854  |d|     397    493k mv/s  1024  99.9  2048  99.0  4096  96.8  8192  89.6  16k  56.2  32k   0.1
ep 450000       8430s  mean    240733  max   553428  V    179973  |d|     395    493k mv/s  1024  99.7  2048  99.0  4096  96.5  8192  88.3  16k  56.2  32k   0.1
ep 452000       8468s  mean    238536  max   426456  V    179975  |d|     398    493k mv/s  1024  99.6  2048  98.5  4096  96.2  8192  88.2  16k  55.5  32k   0.0
ep 454000       8507s  mean    241035  max   387524  V    180034  |d|     396    492k mv/s  1024  99.6  2048  98.9  4096  96.3  8192  89.6  16k  56.2  32k   0.0
ep 456000       8544s  mean    236653  max   386800  V    180323  |d|     397    492k mv/s  1024  99.5  2048  98.6  4096  96.0  8192  88.5  16k  54.2  32k   0.0
ep 458000       8583s  mean    238782  max   387544  V    180160  |d|     397    492k mv/s  1024  99.6  2048  98.6  4096  96.7  8192  89.8  16k  54.9  32k   0.0
ep 460000       8621s  mean    238130  max   386612  V    180119  |d|     399    492k mv/s  1024  99.6  2048  98.9  4096  96.7  8192  89.2  16k  54.1  32k   0.0
ep 462000       8659s  mean    236814  max   388148  V    180513  |d|     395    492k mv/s  1024  99.6  2048  98.3  4096  96.2  8192  89.0  16k  54.7  32k   0.0
ep 464000       8697s  mean    238951  max   507080  V    180044  |d|     398    492k mv/s  1024  99.7  2048  99.0  4096  96.1  8192  88.5  16k  56.4  32k   0.1
ep 466000       8735s  mean    236868  max   390396  V    180396  |d|     395    492k mv/s  1024  99.8  2048  99.2  4096  96.0  8192  87.8  16k  55.0  32k   0.0
ep 468000       8772s  mean    238863  max   422392  V    180379  |d|     395    492k mv/s  1024  99.8  2048  99.0  4096  96.6  8192  89.3  16k  55.3  32k   0.0
ep 470000       8809s  mean    239094  max   437768  V    180282  |d|     396    492k mv/s  1024  99.6  2048  98.8  4096  96.6  8192  89.5  16k  55.4  32k   0.0
ep 472000       8846s  mean    238855  max   510056  V    180296  |d|     397    493k mv/s  1024  99.6  2048  98.9  4096  96.8  8192  89.3  16k  55.5  32k   0.1
ep 474000       8882s  mean    238299  max   532320  V    180335  |d|     399    493k mv/s  1024  99.5  2048  98.8  4096  96.2  8192  89.1  16k  54.8  32k   0.1
ep 476000       8919s  mean    235761  max   387536  V    180587  |d|     399    493k mv/s  1024  99.7  2048  99.2  4096  96.8  8192  88.0  16k  54.2  32k   0.0
ep 478000       8955s  mean    241183  max   388276  V    180150  |d|     396    493k mv/s  1024  99.6  2048  99.0  4096  96.6  8192  89.2  16k  56.4  32k   0.0
ep 480000       8992s  mean    242553  max   402468  V    180094  |d|     396    493k mv/s  1024  99.5  2048  99.0  4096  96.8  8192  89.7  16k  56.5  32k   0.0
saving final checkpoint -> runs/r4_lo.bin
done: 480572 episodes, 4436814485 moves, 9005.4 s
