loading runs/final.bin ...
resumed 1 stage(s)
patterns=8  weights/stage=134217728  stages=1  memory=1.50 GiB  threads=14  alpha=0.100  TC=on
ep 2000           20s  mean    242446  max   500720  V    183499  |d|     402    935k mv/s  1024  99.8  2048  98.7  4096  95.8  8192  88.5  16k  57.7  32k   0.1
ep 4000           40s  mean    243989  max   434096  V    183659  |d|     401    943k mv/s  1024  99.5  2048  98.8  4096  96.3  8192  89.2  16k  58.5  32k   0.0
ep 6000           60s  mean    245250  max   389236  V    183615  |d|     399    943k mv/s  1024  99.5  2048  98.4  4096  96.8  8192  89.8  16k  58.5  32k   0.0
ep 8000           81s  mean    242686  max   387220  V    183307  |d|     403    941k mv/s  1024  99.5  2048  98.5  4096  95.0  8192  87.9  16k  57.2  32k   0.0
ep 10000         101s  mean    241475  max   434604  V    183718  |d|     402    939k mv/s  1024  99.5  2048  98.8  4096  96.5  8192  88.3  16k  57.3  32k   0.0
ep 12000         121s  mean    243528  max   389132  V    183720  |d|     402    939k mv/s  1024  99.8  2048  98.8  4096  96.2  8192  89.3  16k  58.0  32k   0.0
ep 14000         142s  mean    243911  max   533168  V    183469  |d|     402    932k mv/s  1024  99.8  2048  98.6  4096  96.2  8192  88.6  16k  58.2  32k   0.1
ep 16000         163s  mean    241653  max   487892  V    184057  |d|     399    931k mv/s  1024  99.6  2048  98.8  4096  96.7  8192  89.3  16k  56.4  32k   0.1
ep 18000         183s  mean    241971  max   397612  V    184137  |d|     398    929k mv/s  1024  99.5  2048  98.3  4096  96.0  8192  89.3  16k  57.0  32k   0.0
ep 20000         203s  mean    244925  max   388108  V    184156  |d|     396    931k mv/s  1024 100.0  2048  99.0  4096  96.2  8192  89.4  16k  58.3  32k   0.0
ep 22000         224s  mean    241330  max   387436  V    184302  |d|     400    928k mv/s  1024  99.5  2048  98.8  4096  96.5  8192  89.2  16k  56.6  32k   0.0
ep 24000         245s  mean    243055  max   486176  V    184021  |d|     400    928k mv/s  1024  99.8  2048  99.1  4096  96.4  8192  89.1  16k  57.0  32k   0.1
ep 26000         264s  mean    237739  max   556648  V    184318  |d|     405    929k mv/s  1024  99.6  2048  98.8  4096  96.3  8192  88.3  16k  55.2  32k   0.1
ep 28000         285s  mean    242413  max   419868  V    184360  |d|     400    929k mv/s  1024  99.8  2048  99.2  4096  96.3  8192  89.7  16k  57.5  32k   0.0
ep 30000         304s  mean    239554  max   467152  V    184405  |d|     399    930k mv/s  1024  99.7  2048  98.8  4096  95.5  8192  88.7  16k  55.5  32k   0.1
ep 32000         324s  mean    244547  max   460020  V    184067  |d|     400    931k mv/s  1024  99.8  2048  99.0  4096  96.3  8192  89.2  16k  57.9  32k   0.1
ep 34000         344s  mean    243788  max   522008  V    184087  |d|     400    933k mv/s  1024  99.6  2048  98.3  4096  96.1  8192  89.2  16k  58.0  32k   0.1
ep 36000         364s  mean    238691  max   527620  V    184368  |d|     405    933k mv/s  1024  99.7  2048  98.8  4096  96.2  8192  88.2  16k  55.5  32k   0.1
ep 38000         384s  mean    241373  max   387412  V    184330  |d|     402    934k mv/s  1024  99.7  2048  99.0  4096  96.9  8192  89.0  16k  55.8  32k   0.0
ep 40000         404s  mean    242680  max   389856  V    184230  |d|     402    933k mv/s  1024  99.8  2048  98.8  4096  96.0  8192  89.2  16k  57.3  32k   0.0
ep 42000         425s  mean    242620  max   532732  V    184499  |d|     398    932k mv/s  1024  99.8  2048  98.7  4096  96.5  8192  89.3  16k  56.9  32k   0.1
ep 44000         446s  mean    242376  max   387172  V    184496  |d|     400    932k mv/s  1024  99.8  2048  98.8  4096  96.2  8192  88.2  16k  57.8  32k   0.0
ep 46000         465s  mean    237949  max   531540  V    184932  |d|     401    932k mv/s  1024  99.6  2048  98.7  4096  96.3  8192  88.5  16k  55.0  32k   0.1
ep 48000         485s  mean    236342  max   477696  V    184768  |d|     404    933k mv/s  1024  99.5  2048  99.0  4096  95.6  8192  86.8  16k  55.5  32k   0.1
ep 50000         504s  mean    242261  max   387456  V    184839  |d|     400    934k mv/s  1024  99.7  2048  99.2  4096  96.5  8192  90.3  16k  56.5  32k   0.0
ep 52000         524s  mean    242641  max   451684  V    184619  |d|     399    935k mv/s  1024  99.5  2048  99.0  4096  95.9  8192  88.3  16k  57.5  32k   0.0
ep 54000         544s  mean    241787  max   558864  V    184507  |d|     404    936k mv/s  1024  99.7  2048  98.5  4096  96.3  8192  88.3  16k  56.6  32k   0.1
ep 56000         563s  mean    243985  max   487060  V    184444  |d|     401    937k mv/s  1024  99.7  2048  98.8  4096  96.0  8192  89.2  16k  58.1  32k   0.1
ep 58000         583s  mean    240633  max   487156  V    184851  |d|     402    938k mv/s  1024  99.8  2048  98.8  4096  96.7  8192  89.2  16k  55.5  32k   0.1
ep 60000         602s  mean    241125  max   387040  V    184948  |d|     400    938k mv/s  1024  99.6  2048  98.8  4096  96.2  8192  89.2  16k  55.5  32k   0.0
ep 62000         622s  mean    242442  max   549504  V    184755  |d|     400    939k mv/s  1024  99.7  2048  98.7  4096  95.8  8192  89.0  16k  57.2  32k   0.1
ep 64000         642s  mean    240287  max   509948  V    185040  |d|     399    939k mv/s  1024  99.7  2048  98.7  4096  96.1  8192  89.0  16k  56.0  32k   0.1
ep 66000         662s  mean    239630  max   388624  V    185451  |d|     399    938k mv/s  1024  99.9  2048  99.2  4096  96.5  8192  89.2  16k  56.5  32k   0.0
ep 68000         683s  mean    242093  max   389360  V    185180  |d|     400    937k mv/s  1024  99.5  2048  98.8  4096  96.5  8192  89.9  16k  57.0  32k   0.0
ep 70000         703s  mean    238861  max   489644  V    185200  |d|     402    937k mv/s  1024  99.3  2048  98.7  4096  96.0  8192  88.8  16k  55.5  32k   0.1
ep 72000         724s  mean    246287  max   396808  V    184560  |d|     401    937k mv/s  1024  99.8  2048  99.4  4096  97.4  8192  90.0  16k  58.0  32k   0.0
ep 74000         744s  mean    245724  max   387824  V    184878  |d|     397    937k mv/s  1024  99.5  2048  98.8  4096  96.7  8192  89.3  16k  58.9  32k   0.0
ep 76000         764s  mean    245939  max   508776  V    184663  |d|     403    938k mv/s  1024  99.8  2048  99.1  4096  96.8  8192  89.9  16k  58.5  32k   0.1
ep 78000         784s  mean    239277  max   548832  V    185450  |d|     402    938k mv/s  1024  99.7  2048  98.9  4096  96.0  8192  88.9  16k  55.8  32k   0.1
ep 80000         804s  mean    241985  max   510308  V    185281  |d|     399    938k mv/s  1024  99.7  2048  98.7  4096  96.3  8192  89.3  16k  57.2  32k   0.1
ep 82000         824s  mean    242536  max   473992  V    185277  |d|     400    938k mv/s  1024  99.5  2048  98.8  4096  96.2  8192  89.0  16k  57.6  32k   0.0
ep 84000         844s  mean    244230  max   504084  V    184888  |d|     403    939k mv/s  1024  99.7  2048  98.8  4096  95.7  8192  89.9  16k  57.8  32k   0.1
ep 86000         864s  mean    243721  max   533352  V    184976  |d|     401    938k mv/s  1024  99.8  2048  99.2  4096  97.0  8192  89.8  16k  56.6  32k   0.1
ep 88000         885s  mean    244451  max   435620  V    185018  |d|     399    938k mv/s  1024  99.9  2048  99.2  4096  96.5  8192  88.9  16k  57.8  32k   0.0
checkpoint -> runs/r5.bin (ep 89472)
ep 90000         906s  mean    242284  max   409632  V    184931  |d|     404    937k mv/s  1024  99.7  2048  98.8  4096  96.2  8192  88.8  16k  57.5  32k   0.0
ep 92000         926s  mean    240882  max   386880  V    185782  |d|     402    937k mv/s  1024  99.8  2048  98.8  4096  96.6  8192  89.6  16k  55.9  32k   0.0
ep 94000         946s  mean    244477  max   512080  V    185416  |d|     400    937k mv/s  1024  99.8  2048  99.2  4096  97.3  8192  89.2  16k  58.0  32k   0.1
ep 96000         966s  mean    245598  max   387336  V    185427  |d|     397    937k mv/s  1024  99.8  2048  99.2  4096  96.5  8192  89.7  16k  58.1  32k   0.0
ep 98000         986s  mean    244069  max   526680  V    185434  |d|     402    937k mv/s  1024  99.7  2048  99.1  4096  97.0  8192  89.9  16k  57.8  32k   0.1
ep 100000       1006s  mean    236376  max   549956  V    185886  |d|     405    938k mv/s  1024  99.5  2048  98.5  4096  95.5  8192  87.5  16k  55.4  32k   0.1
ep 102000       1026s  mean    247254  max   523740  V    184825  |d|     401    938k mv/s  1024  99.7  2048  98.8  4096  96.0  8192  89.2  16k  59.2  32k   0.1
ep 104000       1046s  mean    242794  max   489148  V    185636  |d|     400    938k mv/s  1024  99.7  2048  99.0  4096  96.6  8192  89.7  16k  56.6  32k   0.1
ep 106000       1066s  mean    244921  max   389048  V    185282  |d|     402    938k mv/s  1024  99.4  2048  98.4  4096  96.0  8192  89.5  16k  58.6  32k   0.0
ep 108000       1086s  mean    239405  max   443180  V    185798  |d|     401    938k mv/s  1024  99.9  2048  99.0  4096  96.2  8192  88.4  16k  56.1  32k   0.0
ep 110000       1107s  mean    246613  max   504276  V    185347  |d|     405    938k mv/s  1024  99.8  2048  99.2  4096  96.2  8192  90.0  16k  58.7  32k   0.1
ep 112000       1127s  mean    246450  max   511000  V    185386  |d|     399    938k mv/s  1024  99.8  2048  99.0  4096  96.3  8192  89.7  16k  59.0  32k   0.1
ep 114000       1147s  mean    245569  max   387400  V    185566  |d|     398    938k mv/s  1024  99.8  2048  99.0  4096  96.8  8192  90.0  16k  58.0  32k   0.0
ep 116000       1168s  mean    245077  max   524332  V    185646  |d|     401    938k mv/s  1024  99.7  2048  99.0  4096  96.5  8192  89.2  16k  58.6  32k   0.1
ep 118000       1188s  mean    246479  max   513164  V    185649  |d|     398    938k mv/s  1024  99.8  2048  99.0  4096  96.8  8192  89.4  16k  59.1  32k   0.1
ep 120000       1208s  mean    245589  max   508812  V    185196  |d|     404    938k mv/s  1024  99.8  2048  99.0  4096  96.8  8192  89.0  16k  58.5  32k   0.1
ep 122000       1228s  mean    243583  max   386272  V    185786  |d|     401    938k mv/s  1024  99.5  2048  99.0  4096  96.6  8192  89.5  16k  57.4  32k   0.0
ep 124000       1249s  mean    242140  max   386532  V    186237  |d|     398    938k mv/s  1024  99.5  2048  98.6  4096  96.4  8192  89.8  16k  56.7  32k   0.0
ep 126000       1269s  mean    241672  max   532360  V    186040  |d|     402    938k mv/s  1024 100.0  2048  98.8  4096  96.5  8192  89.0  16k  56.2  32k   0.1
ep 128000       1289s  mean    242719  max   548408  V    186119  |d|     399    938k mv/s  1024  99.7  2048  98.8  4096  96.6  8192  89.6  16k  57.1  32k   0.1
ep 130000       1309s  mean    244901  max   387496  V    185777  |d|     405    938k mv/s  1024  99.7  2048  99.1  4096  97.1  8192  90.1  16k  57.5  32k   0.0
ep 132000       1330s  mean    244511  max   512964  V    186035  |d|     400    938k mv/s  1024  99.8  2048  99.0  4096  96.6  8192  89.8  16k  58.2  32k   0.1
ep 134000       1349s  mean    242424  max   488492  V    185874  |d|     401    939k mv/s  1024  99.6  2048  98.5  4096  96.0  8192  88.3  16k  57.0  32k   0.1
ep 136000       1369s  mean    241457  max   419816  V    186216  |d|     400    939k mv/s  1024  99.8  2048  99.1  4096  95.8  8192  88.8  16k  56.7  32k   0.0
ep 138000       1389s  mean    245665  max   386412  V    186357  |d|     398    939k mv/s  1024  99.7  2048  98.5  4096  96.8  8192  89.9  16k  59.4  32k   0.0
ep 140000       1410s  mean    249310  max   387136  V    185627  |d|     402    939k mv/s  1024  99.5  2048  98.7  4096  97.0  8192  90.1  16k  60.7  32k   0.0
ep 142000       1430s  mean    241102  max   401244  V    186542  |d|     400    939k mv/s  1024  99.5  2048  98.7  4096  96.0  8192  88.8  16k  57.3  32k   0.0
ep 144000       1451s  mean    244434  max   388884  V    185923  |d|     405    938k mv/s  1024  99.7  2048  98.8  4096  96.0  8192  89.1  16k  57.8  32k   0.0
ep 146000       1472s  mean    243872  max   468740  V    186412  |d|     401    938k mv/s  1024  99.8  2048  99.1  4096  96.6  8192  90.2  16k  57.4  32k   0.1
ep 148000       1492s  mean    243131  max   406452  V    186319  |d|     401    938k mv/s  1024  99.8  2048  99.0  4096  97.0  8192  88.5  16k  57.8  32k   0.0
ep 150000       1512s  mean    240973  max   502972  V    186761  |d|     403    938k mv/s  1024  99.8  2048  99.1  4096  96.1  8192  89.2  16k  57.0  32k   0.1
ep 152000       1533s  mean    245519  max   484976  V    186290  |d|     403    938k mv/s  1024  99.6  2048  98.8  4096  96.5  8192  91.0  16k  57.6  32k   0.1
ep 154000       1553s  mean    240010  max   533272  V    186657  |d|     400    937k mv/s  1024  99.7  2048  98.7  4096  96.1  8192  88.6  16k  55.8  32k   0.1
ep 156000       1573s  mean    242293  max   387464  V    186723  |d|     398    938k mv/s  1024  99.5  2048  98.8  4096  96.5  8192  89.3  16k  57.2  32k   0.0
ep 158000       1593s  mean    241771  max   514564  V    186756  |d|     398    938k mv/s  1024  99.7  2048  99.0  4096  96.2  8192  88.6  16k  57.2  32k   0.1
ep 160000       1614s  mean    244302  max   459724  V    186429  |d|     400    937k mv/s  1024  99.7  2048  98.8  4096  96.0  8192  88.3  16k  58.9  32k   0.1
ep 162000       1634s  mean    243872  max   583312  V    186553  |d|     401    937k mv/s  1024  99.9  2048  99.0  4096  96.9  8192  88.7  16k  58.4  32k   0.1
ep 164000       1655s  mean    243361  max   387296  V    186588  |d|     402    937k mv/s  1024  99.7  2048  98.8  4096  96.3  8192  90.0  16k  57.5  32k   0.0
ep 166000       1676s  mean    242070  max   486564  V    186828  |d|     399    936k mv/s  1024  99.5  2048  98.8  4096  95.1  8192  89.0  16k  57.4  32k   0.1
ep 168000       1696s  mean    242884  max   490332  V    187191  |d|     400    936k mv/s  1024  99.8  2048  99.0  4096  97.0  8192  90.1  16k  58.1  32k   0.1
ep 170000       1717s  mean    244564  max   452188  V    186718  |d|     404    936k mv/s  1024  99.7  2048  98.8  4096  96.7  8192  89.8  16k  58.5  32k   0.0
ep 172000       1738s  mean    242293  max   530772  V    187008  |d|     401    935k mv/s  1024  99.8  2048  98.8  4096  96.0  8192  89.8  16k  57.0  32k   0.1
ep 174000       1759s  mean    245122  max   469624  V    186611  |d|     403    935k mv/s  1024  99.8  2048  98.8  4096  96.3  8192  89.4  16k  58.9  32k   0.1
ep 176000       1780s  mean    241996  max   387448  V    186622  |d|     404    935k mv/s  1024  99.8  2048  98.8  4096  96.3  8192  88.5  16k  57.0  32k   0.0
ep 178000       1800s  mean    243284  max   553080  V    186808  |d|     403    935k mv/s  1024  99.6  2048  98.8  4096  96.3  8192  89.2  16k  57.6  32k   0.1
checkpoint -> runs/r5.bin (ep 178084)
ep 180000       1821s  mean    242331  max   565228  V    186766  |d|     401    935k mv/s  1024  99.8  2048  99.0  4096  96.0  8192  89.2  16k  56.4  32k   0.1
ep 182000       1841s  mean    244677  max   555240  V    186889  |d|     401    934k mv/s  1024  99.7  2048  98.8  4096  96.4  8192  89.6  16k  57.9  32k   0.1
ep 184000       1862s  mean    243196  max   511864  V    186923  |d|     401    934k mv/s  1024  99.8  2048  99.0  4096  96.2  8192  89.2  16k  57.4  32k   0.1
ep 186000       1883s  mean    245015  max   387520  V    186653  |d|     403    934k mv/s  1024  99.8  2048  99.2  4096  96.5  8192  89.8  16k  58.2  32k   0.0
ep 188000       1903s  mean    239758  max   528000  V    187359  |d|     403    934k mv/s  1024  99.9  2048  99.2  4096  97.0  8192  88.2  16k  55.6  32k   0.1
ep 190000       1924s  mean    239493  max   517400  V    187314  |d|     402    934k mv/s  1024  99.8  2048  98.8  4096  96.2  8192  88.8  16k  54.5  32k   0.1
ep 192000       1946s  mean    248943  max   479924  V    186531  |d|     402    933k mv/s  1024  99.8  2048  99.3  4096  97.7  8192  89.8  16k  59.4  32k   0.1
ep 194000       1966s  mean    240639  max   519968  V    187178  |d|     405    933k mv/s  1024  99.8  2048  98.9  4096  96.2  8192  88.3  16k  57.0  32k   0.1
ep 196000       1986s  mean    247438  max   525948  V    187043  |d|     400    933k mv/s  1024  99.7  2048  98.8  4096  96.7  8192  89.7  16k  58.9  32k   0.1
ep 198000       2006s  mean    244425  max   389428  V    187092  |d|     403    933k mv/s  1024  99.8  2048  99.0  4096  97.0  8192  89.0  16k  58.5  32k   0.0
ep 200000       2026s  mean    241927  max   423424  V    187336  |d|     404    933k mv/s  1024  99.8  2048  99.0  4096  96.4  8192  89.7  16k  56.7  32k   0.0
ep 202000       2047s  mean    240918  max   410636  V    187516  |d|     403    933k mv/s  1024  99.8  2048  98.4  4096  96.2  8192  89.5  16k  56.2  32k   0.0
ep 204000       2068s  mean    242685  max   557276  V    187298  |d|     402    933k mv/s  1024  99.7  2048  98.5  4096  96.2  8192  89.0  16k  56.8  32k   0.1
ep 206000       2089s  mean    243648  max   513944  V    187313  |d|     404    933k mv/s  1024  99.8  2048  99.2  4096  96.7  8192  88.8  16k  58.0  32k   0.1
ep 208000       2110s  mean    244689  max   503492  V    187121  |d|     404    932k mv/s  1024  99.7  2048  99.1  4096  96.7  8192  90.5  16k  56.9  32k   0.1
ep 210000       2130s  mean    240384  max   556840  V    187480  |d|     402    932k mv/s  1024  99.5  2048  98.3  4096  95.8  8192  88.8  16k  56.4  32k   0.1
ep 212000       2151s  mean    244712  max   468216  V    187258  |d|     403    932k mv/s  1024  99.7  2048  99.2  4096  96.6  8192  89.7  16k  58.2  32k   0.1
ep 214000       2172s  mean    247225  max   386504  V    187339  |d|     404    932k mv/s  1024  99.7  2048  98.9  4096  96.7  8192  90.4  16k  59.4  32k   0.0
ep 216000       2193s  mean    244781  max   533476  V    187594  |d|     400    932k mv/s  1024  99.7  2048  98.8  4096  97.0  8192  90.5  16k  58.0  32k   0.1
ep 218000       2213s  mean    243981  max   532928  V    187776  |d|     402    932k mv/s  1024  99.7  2048  99.2  4096  96.8  8192  90.8  16k  57.4  32k   0.1
ep 220000       2234s  mean    242818  max   407252  V    187667  |d|     403    931k mv/s  1024  99.8  2048  99.1  4096  96.3  8192  89.2  16k  57.1  32k   0.0
ep 222000       2254s  mean    238646  max   423120  V    187584  |d|     407    931k mv/s  1024  99.5  2048  98.8  4096  96.2  8192  87.9  16k  55.4  32k   0.0
ep 224000       2275s  mean    246291  max   387428  V    187504  |d|     402    931k mv/s  1024  99.6  2048  98.7  4096  96.8  8192  90.2  16k  58.9  32k   0.0
ep 226000       2296s  mean    244965  max   574456  V    187649  |d|     401    931k mv/s  1024  99.8  2048  99.0  4096  96.7  8192  89.8  16k  59.0  32k   0.1
ep 228000       2317s  mean    244247  max   494528  V    187575  |d|     404    931k mv/s  1024  99.8  2048  99.3  4096  96.5  8192  89.3  16k  58.7  32k   0.1
ep 230000       2338s  mean    241955  max   387240  V    187818  |d|     405    931k mv/s  1024  99.7  2048  98.8  4096  96.3  8192  88.8  16k  57.2  32k   0.0
ep 232000       2358s  mean    242968  max   406848  V    187669  |d|     406    930k mv/s  1024  99.7  2048  98.7  4096  96.8  8192  90.0  16k  56.8  32k   0.0
ep 234000       2379s  mean    246651  max   387348  V    187606  |d|     400    930k mv/s  1024  99.6  2048  99.0  4096  96.6  8192  89.5  16k  59.4  32k   0.0
ep 236000       2400s  mean    244680  max   387620  V    187984  |d|     398    930k mv/s  1024  99.7  2048  99.0  4096  96.4  8192  89.5  16k  58.7  32k   0.0
ep 238000       2421s  mean    244933  max   533784  V    187740  |d|     404    930k mv/s  1024  99.6  2048  98.9  4096  96.5  8192  89.1  16k  58.5  32k   0.1
ep 240000       2442s  mean    245894  max   388320  V    187946  |d|     398    930k mv/s  1024  99.8  2048  99.0  4096  96.5  8192  89.8  16k  58.9  32k   0.0
ep 242000       2462s  mean    244646  max   488472  V    188224  |d|     402    930k mv/s  1024  99.9  2048  99.3  4096  97.4  8192  90.0  16k  57.7  32k   0.1
ep 244000       2483s  mean    242816  max   387356  V    188175  |d|     401    930k mv/s  1024  99.7  2048  98.6  4096  96.6  8192  89.5  16k  57.8  32k   0.0
ep 246000       2504s  mean    247123  max   511228  V    187484  |d|     404    930k mv/s  1024  99.8  2048  98.8  4096  97.0  8192  89.3  16k  59.5  32k   0.1
ep 248000       2525s  mean    246764  max   514392  V    187996  |d|     404    930k mv/s  1024  99.8  2048  99.2  4096  97.7  8192  90.7  16k  58.5  32k   0.2
ep 250000       2546s  mean    247109  max   461776  V    187944  |d|     401    930k mv/s  1024  99.8  2048  98.9  4096  96.2  8192  90.2  16k  59.3  32k   0.1
ep 252000       2567s  mean    245131  max   489912  V    188158  |d|     404    929k mv/s  1024  99.5  2048  99.0  4096  96.3  8192  90.1  16k  59.4  32k   0.1
ep 254000       2587s  mean    246107  max   407440  V    187626  |d|     404    929k mv/s  1024  99.5  2048  98.8  4096  96.7  8192  88.7  16k  59.4  32k   0.0
ep 256000       2609s  mean    249173  max   387380  V    187818  |d|     403    929k mv/s  1024  99.6  2048  99.2  4096  97.2  8192  90.8  16k  59.5  32k   0.0
ep 258000       2629s  mean    242649  max   387524  V    188456  |d|     402    929k mv/s  1024  99.7  2048  98.8  4096  96.7  8192  89.1  16k  57.5  32k   0.0
ep 260000       2650s  mean    243062  max   402844  V    188375  |d|     404    929k mv/s  1024  99.8  2048  99.0  4096  96.5  8192  88.7  16k  58.0  32k   0.0
ep 262000       2671s  mean    244909  max   418640  V    187859  |d|     405    929k mv/s  1024  99.7  2048  98.9  4096  96.4  8192  88.9  16k  58.9  32k   0.0
ep 264000       2692s  mean    245693  max   521476  V    188150  |d|     404    929k mv/s  1024  99.5  2048  98.7  4096  96.6  8192  90.8  16k  58.2  32k   0.1
checkpoint -> runs/r5.bin (ep 265001)
ep 266000       2712s  mean    241370  max   387396  V    188519  |d|     405    929k mv/s  1024  99.8  2048  98.9  4096  96.5  8192  89.2  16k  56.5  32k   0.0
ep 268000       2733s  mean    243245  max   387436  V    188293  |d|     404    928k mv/s  1024  99.5  2048  98.2  4096  96.0  8192  88.8  16k  57.6  32k   0.0
ep 270000       2754s  mean    242321  max   486568  V    188516  |d|     403    928k mv/s  1024  99.7  2048  99.2  4096  96.2  8192  88.2  16k  58.1  32k   0.1
ep 272000       2775s  mean    245286  max   498844  V    188302  |d|     403    928k mv/s  1024  99.2  2048  98.5  4096  96.2  8192  89.5  16k  58.5  32k   0.1
ep 274000       2796s  mean    246194  max   487392  V    188225  |d|     404    928k mv/s  1024  99.8  2048  99.0  4096  96.8  8192  89.6  16k  58.6  32k   0.1
ep 276000       2816s  mean    241749  max   388560  V    188761  |d|     402    928k mv/s  1024  99.5  2048  98.9  4096  96.5  8192  89.2  16k  56.4  32k   0.0
ep 278000       2837s  mean    241453  max   518972  V    188843  |d|     401    928k mv/s  1024  99.8  2048  98.9  4096  96.5  8192  88.4  16k  57.2  32k   0.1
ep 280000       2858s  mean    244828  max   470516  V    188396  |d|     406    928k mv/s  1024  99.8  2048  98.5  4096  96.7  8192  89.9  16k  58.3  32k   0.1
ep 282000       2879s  mean    245591  max   532368  V    188373  |d|     405    928k mv/s  1024  99.6  2048  98.9  4096  96.5  8192  90.4  16k  58.1  32k   0.1
ep 284000       2900s  mean    243398  max   536472  V    188728  |d|     404    927k mv/s  1024  99.8  2048  99.1  4096  96.8  8192  90.1  16k  56.5  32k   0.1
ep 286000       2920s  mean    245371  max   492516  V    188541  |d|     404    927k mv/s  1024  99.8  2048  99.0  4096  97.0  8192  91.0  16k  57.9  32k   0.1
ep 288000       2941s  mean    245728  max   512144  V    188698  |d|     402    927k mv/s  1024  99.7  2048  99.1  4096  96.5  8192  90.0  16k  57.6  32k   0.1
ep 290000       2962s  mean    247985  max   531872  V    188344  |d|     404    927k mv/s  1024  99.5  2048  99.1  4096  96.5  8192  90.0  16k  59.9  32k   0.1
ep 292000       2983s  mean    244393  max   508564  V    188457  |d|     407    927k mv/s  1024  99.7  2048  98.8  4096  96.0  8192  88.8  16k  58.0  32k   0.1
ep 294000       3004s  mean    239073  max   504264  V    188901  |d|     405    927k mv/s  1024  99.8  2048  99.0  4096  95.5  8192  87.4  16k  56.4  32k   0.1
ep 296000       3024s  mean    239977  max   522972  V    188701  |d|     406    927k mv/s  1024  99.4  2048  98.6  4096  95.8  8192  87.5  16k  56.2  32k   0.1
ep 298000       3045s  mean    240395  max   387712  V    189112  |d|     405    927k mv/s  1024  99.5  2048  99.0  4096  96.6  8192  89.5  16k  56.0  32k   0.0
ep 300000       3066s  mean    243786  max   533772  V    188819  |d|     405    927k mv/s  1024  99.6  2048  98.7  4096  96.2  8192  89.2  16k  57.8  32k   0.1
ep 302000       3086s  mean    243644  max   571220  V    188878  |d|     405    927k mv/s  1024  99.7  2048  99.0  4096  97.3  8192  89.0  16k  58.0  32k   0.2
ep 304000       3107s  mean    243814  max   524176  V    188681  |d|     407    927k mv/s  1024  99.8  2048  99.0  4096  96.5  8192  88.7  16k  58.0  32k   0.1
ep 306000       3128s  mean    244000  max   533608  V    188780  |d|     405    926k mv/s  1024 100.0  2048  99.2  4096  97.2  8192  89.2  16k  57.6  32k   0.1
ep 308000       3149s  mean    245796  max   503748  V    188551  |d|     407    926k mv/s  1024  99.8  2048  98.8  4096  96.7  8192  88.8  16k  59.3  32k   0.1
ep 310000       3169s  mean    243474  max   436128  V    188778  |d|     409    926k mv/s  1024  99.7  2048  98.7  4096  96.2  8192  88.9  16k  57.7  32k   0.0
ep 312000       3190s  mean    242323  max   421848  V    189118  |d|     403    926k mv/s  1024  99.5  2048  98.7  4096  96.0  8192  88.5  16k  57.4  32k   0.0
ep 314000       3211s  mean    244602  max   501376  V    189220  |d|     404    926k mv/s  1024  99.8  2048  99.2  4096  97.2  8192  89.2  16k  58.9  32k   0.1
ep 316000       3231s  mean    243802  max   388180  V    189339  |d|     402    926k mv/s  1024  99.8  2048  99.0  4096  96.3  8192  89.2  16k  58.4  32k   0.0
ep 318000       3252s  mean    247800  max   477940  V    189071  |d|     403    926k mv/s  1024  99.8  2048  99.2  4096  96.8  8192  89.9  16k  60.5  32k   0.1
ep 320000       3273s  mean    243701  max   387364  V    189250  |d|     403    926k mv/s  1024  99.7  2048  99.0  4096  96.3  8192  88.8  16k  57.9  32k   0.0
ep 322000       3293s  mean    242558  max   386564  V    189194  |d|     404    926k mv/s  1024  99.8  2048  99.2  4096  96.2  8192  89.3  16k  56.8  32k   0.0
ep 324000       3314s  mean    242047  max   387236  V    189371  |d|     408    926k mv/s  1024  99.8  2048  99.0  4096  96.3  8192  89.5  16k  57.1  32k   0.0
ep 326000       3335s  mean    248132  max   387452  V    189060  |d|     404    926k mv/s  1024  99.7  2048  99.0  4096  97.7  8192  90.5  16k  59.5  32k   0.0
ep 328000       3356s  mean    244776  max   386728  V    189276  |d|     405    926k mv/s  1024  99.8  2048  99.0  4096  96.7  8192  89.2  16k  58.5  32k   0.0
ep 330000       3377s  mean    242413  max   387536  V    189781  |d|     405    926k mv/s  1024  99.5  2048  98.5  4096  96.2  8192  89.5  16k  57.8  32k   0.0
ep 332000       3397s  mean    246939  max   410148  V    189133  |d|     405    926k mv/s  1024  99.8  2048  99.3  4096  97.3  8192  90.3  16k  59.2  32k   0.0
ep 334000       3418s  mean    245208  max   507260  V    189276  |d|     404    926k mv/s  1024  99.8  2048  99.0  4096  96.0  8192  89.2  16k  59.2  32k   0.1
ep 336000       3438s  mean    243952  max   571656  V    189208  |d|     407    926k mv/s  1024  99.8  2048  98.8  4096  96.1  8192  89.0  16k  57.9  32k   0.1
ep 338000       3459s  mean    243076  max   479096  V    189586  |d|     409    926k mv/s  1024  99.8  2048  98.8  4096  96.6  8192  90.0  16k  57.1  32k   0.1
ep 340000       3479s  mean    245758  max   488560  V    189542  |d|     403    926k mv/s  1024  99.8  2048  98.8  4096  97.0  8192  90.0  16k  58.8  32k   0.0
ep 342000       3500s  mean    246225  max   387408  V    189100  |d|     408    926k mv/s  1024  99.7  2048  99.0  4096  96.0  8192  89.3  16k  59.8  32k   0.0
ep 344000       3521s  mean    245818  max   387388  V    189278  |d|     402    926k mv/s  1024  99.8  2048  98.8  4096  96.4  8192  88.8  16k  58.5  32k   0.0
ep 346000       3541s  mean    244497  max   458372  V    189363  |d|     408    926k mv/s  1024  99.8  2048  98.8  4096  96.8  8192  89.1  16k  58.0  32k   0.1
ep 348000       3562s  mean    245554  max   512604  V    189398  |d|     408    926k mv/s  1024  99.8  2048  98.7  4096  96.5  8192  89.7  16k  58.8  32k   0.1
ep 350000       3583s  mean    246225  max   388596  V    189462  |d|     407    926k mv/s  1024  99.7  2048  99.0  4096  97.2  8192  90.0  16k  59.1  32k   0.0
checkpoint -> runs/r5.bin (ep 351992)
ep 352000       3604s  mean    247135  max   564724  V    189281  |d|     406    926k mv/s  1024  99.7  2048  98.6  4096  96.2  8192  89.3  16k  59.9  32k   0.1
ep 354000       3624s  mean    241528  max   388808  V    190499  |d|     404    926k mv/s  1024  99.6  2048  99.0  4096  96.8  8192  90.1  16k  57.4  32k   0.0
ep 356000       3645s  mean    250893  max   536748  V    189075  |d|     404    926k mv/s  1024  99.9  2048  99.2  4096  97.3  8192  90.3  16k  60.8  32k   0.1
ep 358000       3666s  mean    245151  max   387340  V    189857  |d|     402    926k mv/s  1024  99.8  2048  99.1  4096  96.8  8192  89.0  16k  58.8  32k   0.0
ep 360000       3687s  mean    247832  max   387192  V    189544  |d|     405    926k mv/s  1024  99.7  2048  99.0  4096  96.7  8192  91.0  16k  59.4  32k   0.0
ep 362000       3707s  mean    243902  max   565004  V    189877  |d|     404    925k mv/s  1024  99.8  2048  99.0  4096  96.5  8192  89.2  16k  57.6  32k   0.1
ep 364000       3728s  mean    245356  max   480016  V    189685  |d|     406    925k mv/s  1024  99.7  2048  99.0  4096  96.3  8192  88.9  16k  58.6  32k   0.1
ep 366000       3749s  mean    244683  max   482484  V    189540  |d|     406    925k mv/s  1024  99.6  2048  98.9  4096  96.8  8192  89.3  16k  58.0  32k   0.1
ep 368000       3769s  mean    244647  max   574900  V    189956  |d|     403    925k mv/s  1024  99.7  2048  98.8  4096  96.5  8192  89.2  16k  58.5  32k   0.1
ep 370000       3790s  mean    245863  max   468028  V    190023  |d|     404    925k mv/s  1024  99.7  2048  98.9  4096  96.1  8192  90.1  16k  59.6  32k   0.1
ep 372000       3810s  mean    242313  max   411300  V    190259  |d|     402    925k mv/s  1024  99.4  2048  98.8  4096  96.6  8192  89.2  16k  57.0  32k   0.0
ep 374000       3831s  mean    243275  max   386856  V    189873  |d|     408    925k mv/s  1024  99.8  2048  98.8  4096  96.7  8192  89.2  16k  57.1  32k   0.0
ep 376000       3852s  mean    246225  max   387020  V    190089  |d|     405    925k mv/s  1024  99.8  2048  99.2  4096  95.8  8192  89.5  16k  59.8  32k   0.0
ep 378000       3872s  mean    245742  max   508696  V    189963  |d|     408    925k mv/s  1024  99.8  2048  99.1  4096  96.8  8192  89.8  16k  58.8  32k   0.1
ep 380000       3893s  mean    244640  max   484516  V    190331  |d|     400    925k mv/s  1024  99.7  2048  98.5  4096  96.1  8192  90.5  16k  57.8  32k   0.1
ep 382000       3914s  mean    248596  max   579784  V    190034  |d|     401    925k mv/s  1024  99.8  2048  99.1  4096  97.5  8192  90.5  16k  60.0  32k   0.1
ep 384000       3934s  mean    245350  max   457288  V    190329  |d|     405    925k mv/s  1024  99.8  2048  99.0  4096  96.6  8192  89.5  16k  59.1  32k   0.1
ep 386000       3955s  mean    246514  max   533168  V    190087  |d|     405    925k mv/s  1024  99.8  2048  98.9  4096  96.4  8192  90.0  16k  59.3  32k   0.1
ep 388000       3975s  mean    243914  max   407756  V    190509  |d|     404    925k mv/s  1024  99.7  2048  98.8  4096  96.2  8192  90.3  16k  58.0  32k   0.0
ep 390000       3996s  mean    246187  max   387396  V    190563  |d|     404    926k mv/s  1024  99.7  2048  99.1  4096  97.2  8192  90.8  16k  59.3  32k   0.0
ep 392000       4016s  mean    243157  max   387468  V    190376  |d|     407    926k mv/s  1024  99.7  2048  98.7  4096  96.1  8192  89.8  16k  56.9  32k   0.0
ep 394000       4037s  mean    245789  max   580988  V    190353  |d|     405    926k mv/s  1024  99.8  2048  98.9  4096  97.0  8192  90.8  16k  57.9  32k   0.1
ep 396000       4057s  mean    246388  max   534660  V    190178  |d|     409    926k mv/s  1024  99.7  2048  99.0  4096  96.5  8192  89.3  16k  58.8  32k   0.1
ep 398000       4078s  mean    248551  max   520568  V    190040  |d|     407    926k mv/s  1024  99.7  2048  99.2  4096  97.0  8192  89.9  16k  59.8  32k   0.1
ep 400000       4099s  mean    245102  max   387544  V    190554  |d|     402    926k mv/s  1024  99.6  2048  98.8  4096  96.5  8192  89.2  16k  59.5  32k   0.0
ep 402000       4119s  mean    245040  max   423188  V    190403  |d|     403    926k mv/s  1024  99.8  2048  99.0  4096  97.0  8192  89.7  16k  57.6  32k   0.0
ep 404000       4140s  mean    244702  max   470124  V    190341  |d|     411    926k mv/s  1024  99.9  2048  99.3  4096  96.8  8192  89.2  16k  58.4  32k   0.1
ep 406000       4160s  mean    242322  max   386272  V    191155  |d|     402    926k mv/s  1024  99.8  2048  99.1  4096  96.9  8192  90.0  16k  58.0  32k   0.0
ep 408000       4181s  mean    243344  max   512416  V    190184  |d|     409    926k mv/s  1024  99.6  2048  98.8  4096  96.0  8192  88.5  16k  57.2  32k   0.1
ep 410000       4201s  mean    244986  max   387448  V    190605  |d|     405    926k mv/s  1024  99.7  2048  99.0  4096  96.3  8192  89.7  16k  58.0  32k   0.0
ep 412000       4221s  mean    241832  max   584232  V    190660  |d|     410    926k mv/s  1024  99.8  2048  99.0  4096  96.5  8192  89.0  16k  56.5  32k   0.1
ep 414000       4242s  mean    248800  max   484312  V    190489  |d|     405    926k mv/s  1024  99.7  2048  99.0  4096  96.8  8192  89.5  16k  61.6  32k   0.1
ep 416000       4263s  mean    245850  max   387544  V    190288  |d|     410    926k mv/s  1024  99.7  2048  99.0  4096  96.3  8192  88.8  16k  58.6  32k   0.0
ep 418000       4283s  mean    248163  max   513240  V    190355  |d|     404    926k mv/s  1024  99.8  2048  98.8  4096  96.3  8192  90.5  16k  59.5  32k   0.1
ep 420000       4304s  mean    245552  max   428032  V    190684  |d|     406    926k mv/s  1024  99.8  2048  99.2  4096  96.9  8192  89.7  16k  58.5  32k   0.0
ep 422000       4325s  mean    245068  max   556180  V    190509  |d|     405    926k mv/s  1024  99.7  2048  98.8  4096  95.8  8192  89.2  16k  58.9  32k   0.1
ep 424000       4345s  mean    243143  max   489044  V    190951  |d|     404    926k mv/s  1024  99.7  2048  98.9  4096  96.0  8192  89.2  16k  57.3  32k   0.1
ep 426000       4366s  mean    243814  max   609084  V    190642  |d|     407    926k mv/s  1024  99.7  2048  98.9  4096  96.0  8192  89.6  16k  58.6  32k   0.1
ep 428000       4387s  mean    248213  max   513140  V    190586  |d|     408    926k mv/s  1024  99.6  2048  99.0  4096  97.2  8192  89.9  16k  60.0  32k   0.1
ep 430000       4407s  mean    245621  max   405740  V    190795  |d|     407    926k mv/s  1024  99.8  2048  99.2  4096  97.2  8192  90.3  16k  57.6  32k   0.0
ep 432000       4428s  mean    243551  max   419980  V    191031  |d|     407    926k mv/s  1024  99.5  2048  98.6  4096  96.2  8192  89.5  16k  58.1  32k   0.0
ep 434000       4448s  mean    246333  max   486584  V    190832  |d|     407    926k mv/s  1024  99.8  2048  98.8  4096  97.0  8192  90.0  16k  59.4  32k   0.1
ep 436000       4469s  mean    246384  max   544756  V    190788  |d|     409    926k mv/s  1024  99.5  2048  98.8  4096  96.8  8192  88.6  16k  60.5  32k   0.1
ep 438000       4489s  mean    246145  max   399232  V    190726  |d|     406    926k mv/s  1024  99.7  2048  99.0  4096  96.5  8192  89.0  16k  58.5  32k   0.0
checkpoint -> runs/r5.bin (ep 439485)
ep 440000       4510s  mean    247845  max   411180  V    190877  |d|     406    926k mv/s  1024  99.8  2048  99.2  4096  96.8  8192  90.3  16k  59.7  32k   0.0
ep 442000       4531s  mean    247437  max   475316  V    190979  |d|     407    926k mv/s  1024  99.7  2048  98.8  4096  97.2  8192  90.5  16k  59.9  32k   0.1
ep 444000       4551s  mean    244348  max   387116  V    190769  |d|     407    926k mv/s  1024  99.5  2048  98.7  4096  95.8  8192  89.2  16k  57.9  32k   0.0
ep 446000       4571s  mean    244230  max   527816  V    191052  |d|     409    926k mv/s  1024  99.5  2048  98.8  4096  96.4  8192  89.3  16k  58.1  32k   0.1
ep 448000       4592s  mean    246184  max   388664  V    190931  |d|     408    926k mv/s  1024  99.8  2048  99.2  4096  96.7  8192  89.7  16k  59.5  32k   0.0
ep 450000       4612s  mean    239520  max   409504  V    191321  |d|     410    926k mv/s  1024  99.2  2048  98.2  4096  95.6  8192  88.2  16k  56.2  32k   0.0
ep 452000       4633s  mean    247611  max   388232  V    191390  |d|     404    926k mv/s  1024 100.0  2048  99.5  4096  97.5  8192  90.8  16k  59.5  32k   0.0
ep 454000       4654s  mean    247955  max   496992  V    190739  |d|     407    926k mv/s  1024  99.8  2048  99.2  4096  96.8  8192  89.5  16k  59.6  32k   0.1
ep 456000       4674s  mean    246044  max   521212  V    191230  |d|     405    926k mv/s  1024  99.7  2048  98.8  4096  96.7  8192  90.2  16k  58.9  32k   0.1
ep 458000       4695s  mean    249453  max   411556  V    190981  |d|     406    926k mv/s  1024  99.9  2048  99.4  4096  97.2  8192  90.3  16k  60.1  32k   0.0
ep 460000       4716s  mean    247378  max   386984  V    190910  |d|     409    926k mv/s  1024  99.8  2048  99.0  4096  96.3  8192  89.5  16k  59.6  32k   0.0
ep 462000       4736s  mean    246329  max   393732  V    191108  |d|     409    926k mv/s  1024  99.7  2048  99.0  4096  96.2  8192  90.0  16k  58.7  32k   0.0
ep 464000       4757s  mean    245732  max   411284  V    191066  |d|     408    926k mv/s  1024  99.8  2048  99.2  4096  96.8  8192  89.5  16k  58.8  32k   0.0
ep 466000       4777s  mean    246994  max   557284  V    190751  |d|     412    926k mv/s  1024  99.7  2048  99.0  4096  96.3  8192  89.5  16k  59.1  32k   0.1
ep 468000       4798s  mean    248232  max   564648  V    191260  |d|     407    926k mv/s  1024  99.8  2048  99.0  4096  96.8  8192  89.5  16k  60.6  32k   0.1
ep 470000       4819s  mean    246878  max   387192  V    191304  |d|     407    926k mv/s  1024 100.0  2048  99.2  4096  97.0  8192  89.8  16k  60.0  32k   0.0
ep 472000       4839s  mean    244872  max   455272  V    191773  |d|     407    926k mv/s  1024  99.8  2048  98.9  4096  97.2  8192  90.7  16k  57.8  32k   0.0
ep 474000       4860s  mean    251839  max   387096  V    190956  |d|     407    926k mv/s  1024  99.8  2048  99.2  4096  97.6  8192  90.0  16k  61.8  32k   0.0
ep 476000       4880s  mean    245797  max   463876  V    191303  |d|     407    926k mv/s  1024  99.7  2048  98.8  4096  96.2  8192  89.5  16k  58.9  32k   0.1
ep 478000       4900s  mean    242220  max   386864  V    191778  |d|     408    926k mv/s  1024  99.8  2048  99.3  4096  96.5  8192  88.4  16k  57.5  32k   0.0
ep 480000       4921s  mean    247134  max   525320  V    191434  |d|     408    926k mv/s  1024  99.8  2048  99.0  4096  96.6  8192  89.2  16k  59.5  32k   0.1
ep 482000       4941s  mean    241429  max   532208  V    191976  |d|     406    926k mv/s  1024  99.7  2048  98.8  4096  95.7  8192  88.8  16k  57.6  32k   0.1
ep 484000       4961s  mean    244401  max   519584  V    191687  |d|     408    926k mv/s  1024  99.9  2048  98.8  4096  96.0  8192  89.4  16k  58.6  32k   0.1
ep 486000       4981s  mean    245117  max   410556  V    191843  |d|     406    926k mv/s  1024  99.8  2048  98.7  4096  96.3  8192  90.0  16k  58.6  32k   0.0
ep 488000       5002s  mean    247077  max   499600  V    191653  |d|     408    926k mv/s  1024  99.8  2048  99.2  4096  97.0  8192  90.3  16k  59.1  32k   0.1
ep 490000       5023s  mean    248039  max   531140  V    191660  |d|     402    926k mv/s  1024  99.7  2048  98.8  4096  96.7  8192  89.9  16k  60.0  32k   0.1
ep 492000       5044s  mean    244968  max   512936  V    192216  |d|     407    926k mv/s  1024  99.6  2048  98.7  4096  96.2  8192  89.7  16k  59.7  32k   0.1
ep 494000       5064s  mean    246503  max   387312  V    191620  |d|     408    926k mv/s  1024  99.8  2048  99.0  4096  96.5  8192  89.2  16k  59.3  32k   0.0
ep 496000       5085s  mean    244575  max   509292  V    191985  |d|     407    926k mv/s  1024  99.8  2048  99.3  4096  96.8  8192  89.4  16k  58.9  32k   0.1
ep 498000       5105s  mean    241726  max   518088  V    191818  |d|     413    926k mv/s  1024  99.6  2048  98.7  4096  95.8  8192  87.9  16k  57.6  32k   0.2
ep 500000       5126s  mean    244133  max   513344  V    191935  |d|     408    926k mv/s  1024  99.7  2048  98.7  4096  96.4  8192  89.8  16k  58.3  32k   0.1
ep 502000       5147s  mean    245969  max   517536  V    192235  |d|     407    926k mv/s  1024  99.8  2048  99.2  4096  96.9  8192  90.3  16k  59.2  32k   0.1
ep 504000       5167s  mean    248015  max   418056  V    191890  |d|     407    926k mv/s  1024  99.8  2048  99.2  4096  96.8  8192  90.8  16k  59.2  32k   0.0
ep 506000       5187s  mean    243079  max   432824  V    192183  |d|     408    926k mv/s  1024  99.6  2048  98.8  4096  96.2  8192  90.2  16k  57.0  32k   0.0
ep 508000       5208s  mean    249223  max   387648  V    191497  |d|     407    926k mv/s  1024  99.8  2048  99.1  4096  96.8  8192  89.5  16k  60.4  32k   0.0
ep 510000       5229s  mean    248319  max   564736  V    191570  |d|     410    926k mv/s  1024  99.7  2048  99.0  4096  96.7  8192  90.5  16k  59.9  32k   0.1
ep 512000       5250s  mean    244379  max   516940  V    192140  |d|     407    926k mv/s  1024  99.7  2048  98.6  4096  96.3  8192  89.7  16k  57.8  32k   0.1
ep 514000       5270s  mean    247028  max   472328  V    191703  |d|     411    926k mv/s  1024  99.6  2048  98.7  4096  96.6  8192  89.8  16k  58.9  32k   0.1
ep 516000       5291s  mean    246100  max   387332  V    191884  |d|     409    926k mv/s  1024  99.8  2048  99.0  4096  96.7  8192  90.0  16k  58.5  32k   0.0
ep 518000       5311s  mean    245873  max   513584  V    192037  |d|     409    926k mv/s  1024  99.7  2048  99.2  4096  96.7  8192  90.0  16k  58.4  32k   0.1
ep 520000       5332s  mean    244373  max   576204  V    192607  |d|     405    926k mv/s  1024 100.0  2048  99.2  4096  96.5  8192  89.6  16k  58.6  32k   0.1
ep 522000       5352s  mean    245521  max   488248  V    192361  |d|     408    926k mv/s  1024  99.7  2048  99.3  4096  96.9  8192  89.5  16k  59.1  32k   0.1
ep 524000       5373s  mean    246698  max   513024  V    192158  |d|     406    926k mv/s  1024  99.5  2048  98.8  4096  96.3  8192  89.5  16k  59.1  32k   0.1
ep 526000       5393s  mean    247274  max   512488  V    192026  |d|     410    927k mv/s  1024  99.8  2048  98.6  4096  96.0  8192  90.3  16k  60.2  32k   0.1
checkpoint -> runs/r5.bin (ep 527241)
ep 528000       5414s  mean    246029  max   387448  V    192030  |d|     409    927k mv/s  1024  99.5  2048  98.6  4096  96.8  8192  90.0  16k  58.7  32k   0.0
ep 530000       5434s  mean    244411  max   387348  V    192097  |d|     411    927k mv/s  1024  99.7  2048  99.0  4096  96.7  8192  89.3  16k  57.6  32k   0.0
ep 532000       5455s  mean    243741  max   490024  V    192675  |d|     409    927k mv/s  1024  99.8  2048  98.9  4096  96.5  8192  89.7  16k  58.4  32k   0.1
ep 534000       5475s  mean    246969  max   433484  V    192228  |d|     407    927k mv/s  1024  99.8  2048  99.0  4096  96.6  8192  89.2  16k  59.7  32k   0.0
ep 536000       5496s  mean    242516  max   524700  V    192594  |d|     408    927k mv/s  1024  99.7  2048  98.8  4096  96.1  8192  88.8  16k  57.1  32k   0.1
ep 538000       5516s  mean    243532  max   386956  V    192787  |d|     405    927k mv/s  1024  99.5  2048  98.5  4096  96.5  8192  89.0  16k  58.5  32k   0.0
ep 540000       5537s  mean    249975  max   492952  V    192131  |d|     412    927k mv/s  1024  99.8  2048  99.0  4096  96.8  8192  91.1  16k  59.9  32k   0.1
ep 542000       5558s  mean    248301  max   513216  V    192446  |d|     405    927k mv/s  1024 100.0  2048  99.3  4096  96.8  8192  90.3  16k  60.1  32k   0.1
ep 544000       5578s  mean    243179  max   522108  V    192942  |d|     407    927k mv/s  1024  99.8  2048  99.2  4096  97.0  8192  89.5  16k  58.0  32k   0.1
ep 546000       5599s  mean    247734  max   419288  V    192147  |d|     410    927k mv/s  1024  99.7  2048  98.8  4096  96.4  8192  89.5  16k  60.2  32k   0.0
ep 548000       5620s  mean    245660  max   532416  V    192906  |d|     407    927k mv/s  1024  99.7  2048  99.0  4096  96.9  8192  91.4  16k  58.3  32k   0.1
ep 550000       5640s  mean    244825  max   531288  V    192920  |d|     408    927k mv/s  1024  99.8  2048  99.2  4096  96.5  8192  89.5  16k  59.1  32k   0.1
ep 552000       5661s  mean    247575  max   529112  V    192129  |d|     409    927k mv/s  1024  99.6  2048  98.6  4096  95.5  8192  89.0  16k  60.4  32k   0.1
ep 554000       5681s  mean    244909  max   528288  V    193104  |d|     406    927k mv/s  1024  99.7  2048  98.9  4096  96.5  8192  89.0  16k  59.3  32k   0.1
ep 556000       5702s  mean    243941  max   396596  V    192937  |d|     409    927k mv/s  1024  99.8  2048  99.0  4096  96.0  8192  89.2  16k  58.4  32k   0.0
ep 558000       5723s  mean    244983  max   387116  V    192639  |d|     408    926k mv/s  1024  99.7  2048  98.8  4096  96.2  8192  89.3  16k  58.9  32k   0.0
ep 560000       5744s  mean    246826  max   532528  V    192867  |d|     405    926k mv/s  1024  99.7  2048  98.5  4096  95.5  8192  89.7  16k  60.0  32k   0.1
ep 562000       5765s  mean    249102  max   387012  V    192599  |d|     408    926k mv/s  1024  99.8  2048  99.2  4096  97.2  8192  90.2  16k  60.7  32k   0.0
ep 564000       5786s  mean    244228  max   386812  V    192852  |d|     412    926k mv/s  1024  99.8  2048  99.0  4096  96.8  8192  89.4  16k  58.3  32k   0.0
ep 566000       5806s  mean    245580  max   387304  V    193034  |d|     406    926k mv/s  1024  99.8  2048  99.0  4096  96.5  8192  89.6  16k  59.1  32k   0.0
ep 568000       5827s  mean    246708  max   557128  V    193126  |d|     410    926k mv/s  1024  99.6  2048  99.0  4096  97.2  8192  90.8  16k  58.9  32k   0.1
ep 570000       5848s  mean    247101  max   387556  V    193076  |d|     406    926k mv/s  1024  99.9  2048  99.1  4096  96.8  8192  90.2  16k  59.8  32k   0.0
ep 572000       5869s  mean    247223  max   522736  V    192548  |d|     407    926k mv/s  1024  99.7  2048  98.7  4096  96.3  8192  88.6  16k  59.5  32k   0.1
ep 574000       5890s  mean    248569  max   387340  V    192865  |d|     407    926k mv/s  1024  99.7  2048  98.8  4096  96.7  8192  90.9  16k  60.3  32k   0.0
ep 576000       5910s  mean    242126  max   554632  V    193519  |d|     406    926k mv/s  1024  99.5  2048  98.8  4096  96.3  8192  88.7  16k  57.5  32k   0.1
ep 578000       5931s  mean    247879  max   387212  V    193158  |d|     407    926k mv/s  1024  99.8  2048  98.9  4096  97.0  8192  90.5  16k  60.2  32k   0.0
ep 580000       5952s  mean    248839  max   524304  V    192928  |d|     410    926k mv/s  1024  99.8  2048  99.2  4096  97.0  8192  90.2  16k  60.9  32k   0.1
ep 582000       5973s  mean    249022  max   542728  V    192851  |d|     411    926k mv/s  1024  99.8  2048  99.2  4096  96.3  8192  89.9  16k  59.9  32k   0.1
ep 584000       5993s  mean    247898  max   565116  V    192925  |d|     409    926k mv/s  1024  99.8  2048  98.8  4096  96.6  8192  89.6  16k  60.2  32k   0.1
ep 586000       6014s  mean    248449  max   411032  V    192861  |d|     406    926k mv/s  1024  99.8  2048  98.9  4096  96.4  8192  89.8  16k  59.8  32k   0.0
ep 588000       6035s  mean    248803  max   513212  V    192834  |d|     410    926k mv/s  1024  99.7  2048  99.3  4096  97.0  8192  90.1  16k  60.2  32k   0.1
ep 590000       6056s  mean    246622  max   504676  V    192771  |d|     412    926k mv/s  1024  99.5  2048  98.7  4096  96.5  8192  89.2  16k  59.0  32k   0.1
ep 592000       6077s  mean    246412  max   398352  V    192991  |d|     408    926k mv/s  1024  99.8  2048  99.2  4096  96.7  8192  89.8  16k  59.5  32k   0.0
ep 594000       6098s  mean    249315  max   532868  V    193118  |d|     408    926k mv/s  1024  99.8  2048  99.0  4096  97.1  8192  90.5  16k  60.2  32k   0.1
ep 596000       6119s  mean    248643  max   528756  V    192959  |d|     409    926k mv/s  1024  99.8  2048  98.9  4096  96.8  8192  90.7  16k  59.9  32k   0.1
ep 598000       6139s  mean    244263  max   467992  V    193641  |d|     406    926k mv/s  1024  99.7  2048  99.0  4096  96.7  8192  89.8  16k  57.8  32k   0.1
ep 600000       6160s  mean    246788  max   534456  V    193307  |d|     408    926k mv/s  1024  99.8  2048  99.0  4096  96.2  8192  89.1  16k  59.5  32k   0.1
ep 602000       6180s  mean    247756  max   503156  V    193173  |d|     409    926k mv/s  1024  99.6  2048  98.8  4096  96.5  8192  90.0  16k  60.0  32k   0.1
ep 604000       6201s  mean    248371  max   387444  V    193295  |d|     408    926k mv/s  1024  99.5  2048  98.7  4096  96.3  8192  89.8  16k  60.8  32k   0.0
ep 606000       6222s  mean    247574  max   400072  V    193296  |d|     408    926k mv/s  1024  99.7  2048  98.8  4096  96.8  8192  90.5  16k  59.0  32k   0.0
ep 608000       6243s  mean    244787  max   579208  V    193084  |d|     412    926k mv/s  1024  99.7  2048  99.0  4096  96.1  8192  88.7  16k  58.2  32k   0.1
ep 610000       6264s  mean    246237  max   389192  V    193283  |d|     407    926k mv/s  1024  99.6  2048  99.0  4096  96.5  8192  89.2  16k  59.0  32k   0.0
ep 612000       6285s  mean    247814  max   541180  V    193450  |d|     407    926k mv/s  1024  99.8  2048  99.1  4096  96.8  8192  90.0  16k  59.8  32k   0.1
ep 614000       6305s  mean    244448  max   411032  V    193563  |d|     410    926k mv/s  1024  99.5  2048  98.6  4096  96.6  8192  89.9  16k  57.9  32k   0.0
checkpoint -> runs/r5.bin (ep 614147)
ep 616000       6326s  mean    248667  max   546760  V    193366  |d|     410    926k mv/s  1024  99.7  2048  98.8  4096  96.0  8192  90.2  16k  60.2  32k   0.1
ep 618000       6347s  mean    245982  max   508748  V    193703  |d|     409    926k mv/s  1024  99.8  2048  99.0  4096  96.7  8192  89.8  16k  59.2  32k   0.1
ep 620000       6368s  mean    243253  max   565560  V    194022  |d|     409    926k mv/s  1024 100.0  2048  98.8  4096  96.8  8192  89.7  16k  58.1  32k   0.1
ep 622000       6388s  mean    244198  max   386924  V    193895  |d|     406    926k mv/s  1024  99.8  2048  98.7  4096  96.3  8192  89.8  16k  58.8  32k   0.0
ep 624000       6409s  mean    243767  max   387492  V    193816  |d|     408    926k mv/s  1024  99.6  2048  98.5  4096  95.8  8192  89.0  16k  57.6  32k   0.0
ep 626000       6430s  mean    246152  max   386936  V    194031  |d|     408    926k mv/s  1024  99.8  2048  99.1  4096  97.2  8192  90.7  16k  58.9  32k   0.0
ep 628000       6451s  mean    250344  max   387300  V    193263  |d|     411    926k mv/s  1024  99.8  2048  99.0  4096  96.6  8192  90.0  16k  62.0  32k   0.0
ep 630000       6472s  mean    249465  max   575456  V    193703  |d|     407    926k mv/s  1024  99.8  2048  99.0  4096  96.9  8192  90.3  16k  61.2  32k   0.1
ep 632000       6493s  mean    248469  max   386400  V    193700  |d|     409    926k mv/s  1024  99.6  2048  99.2  4096  96.7  8192  90.5  16k  60.5  32k   0.0
ep 634000       6514s  mean    243558  max   474396  V    193829  |d|     411    926k mv/s  1024  99.5  2048  99.0  4096  96.2  8192  89.5  16k  58.0  32k   0.1
ep 636000       6535s  mean    246425  max   508076  V    193495  |d|     411    926k mv/s  1024  99.5  2048  98.6  4096  96.5  8192  89.0  16k  59.5  32k   0.1
ep 638000       6556s  mean    245946  max   478284  V    193639  |d|     413    926k mv/s  1024  99.8  2048  99.0  4096  96.3  8192  89.8  16k  59.1  32k   0.1
ep 640000       6577s  mean    251731  max   387028  V    193499  |d|     409    926k mv/s  1024  99.8  2048  99.5  4096  97.8  8192  90.8  16k  61.9  32k   0.0
ep 642000       6598s  mean    248896  max   489108  V    193877  |d|     408    926k mv/s  1024  99.7  2048  99.2  4096  96.7  8192  90.8  16k  60.5  32k   0.1
ep 644000       6619s  mean    246278  max   537152  V    193861  |d|     409    926k mv/s  1024  99.8  2048  98.9  4096  96.0  8192  89.0  16k  59.6  32k   0.1
ep 646000       6640s  mean    249782  max   523292  V    193693  |d|     412    926k mv/s  1024  99.9  2048  99.3  4096  97.2  8192  90.5  16k  60.4  32k   0.1
ep 648000       6661s  mean    246836  max   484880  V    194014  |d|     410    926k mv/s  1024  99.7  2048  98.9  4096  96.9  8192  90.7  16k  59.7  32k   0.1
ep 650000       6681s  mean    244024  max   532044  V    193936  |d|     414    926k mv/s  1024  99.7  2048  98.7  4096  96.5  8192  88.2  16k  59.0  32k   0.1
ep 652000       6701s  mean    242275  max   530592  V    194269  |d|     411    926k mv/s  1024  99.7  2048  99.0  4096  96.1  8192  88.8  16k  57.3  32k   0.1
ep 654000       6722s  mean    247790  max   531608  V    193937  |d|     411    926k mv/s  1024  99.8  2048  99.2  4096  96.7  8192  89.5  16k  59.8  32k   0.1
ep 656000       6743s  mean    247266  max   526700  V    194230  |d|     407    926k mv/s  1024  99.8  2048  99.2  4096  97.0  8192  89.8  16k  59.2  32k   0.1
ep 658000       6764s  mean    244112  max   406748  V    194269  |d|     411    926k mv/s  1024  99.8  2048  99.2  4096  96.3  8192  89.5  16k  58.0  32k   0.0
ep 660000       6785s  mean    247681  max   401476  V    194187  |d|     410    926k mv/s  1024  99.5  2048  98.9  4096  96.6  8192  90.4  16k  60.2  32k   0.0
ep 662000       6806s  mean    250679  max   387416  V    193324  |d|     411    926k mv/s  1024  99.8  2048  98.5  4096  96.5  8192  89.8  16k  61.3  32k   0.0
ep 664000       6826s  mean    246447  max   492728  V    194180  |d|     406    926k mv/s  1024  99.5  2048  98.8  4096  96.5  8192  90.2  16k  58.8  32k   0.1
ep 666000       6847s  mean    247555  max   387296  V    194041  |d|     410    926k mv/s  1024  99.7  2048  99.0  4096  96.5  8192  89.7  16k  60.2  32k   0.0
ep 668000       6869s  mean    250679  max   387508  V    194076  |d|     405    926k mv/s  1024  99.7  2048  99.0  4096  97.5  8192  90.6  16k  60.8  32k   0.0
ep 670000       6890s  mean    248183  max   387312  V    194280  |d|     408    926k mv/s  1024  99.7  2048  98.9  4096  96.8  8192  90.3  16k  60.0  32k   0.0
ep 672000       6911s  mean    247491  max   411012  V    194192  |d|     411    925k mv/s  1024  99.8  2048  99.0  4096  96.8  8192  90.7  16k  59.1  32k   0.0
ep 674000       6932s  mean    254722  max   487476  V    193499  |d|     410    925k mv/s  1024  99.7  2048  99.0  4096  97.3  8192  90.0  16k  63.6  32k   0.1
ep 676000       6954s  mean    251557  max   406160  V    193693  |d|     413    925k mv/s  1024  99.7  2048  99.0  4096  97.0  8192  90.3  16k  61.6  32k   0.0
ep 678000       6975s  mean    250020  max   402376  V    194032  |d|     412    925k mv/s  1024  99.7  2048  99.2  4096  96.5  8192  90.5  16k  60.9  32k   0.0
ep 680000       6995s  mean    247110  max   469308  V    194370  |d|     409    925k mv/s  1024  99.8  2048  98.7  4096  96.2  8192  90.2  16k  59.6  32k   0.1
ep 682000       7016s  mean    247951  max   493100  V    194074  |d|     414    925k mv/s  1024  99.8  2048  99.2  4096  97.0  8192  89.2  16k  60.5  32k   0.1
ep 684000       7038s  mean    249201  max   386980  V    194002  |d|     415    925k mv/s  1024  99.8  2048  99.1  4096  96.7  8192  90.8  16k  59.9  32k   0.0
ep 686000       7058s  mean    247987  max   387304  V    194509  |d|     410    925k mv/s  1024  99.6  2048  99.0  4096  96.9  8192  90.2  16k  60.5  32k   0.0
ep 688000       7079s  mean    247500  max   549756  V    194303  |d|     411    925k mv/s  1024  99.6  2048  98.7  4096  96.5  8192  89.5  16k  59.8  32k   0.1
ep 690000       7100s  mean    247579  max   387960  V    194216  |d|     410    925k mv/s  1024  99.7  2048  98.9  4096  96.0  8192  88.8  16k  60.4  32k   0.0
ep 692000       7121s  mean    248450  max   565764  V    194296  |d|     410    925k mv/s  1024  99.8  2048  99.0  4096  97.4  8192  90.4  16k  59.8  32k   0.1
ep 694000       7142s  mean    246370  max   534124  V    194518  |d|     413    925k mv/s  1024  99.5  2048  98.8  4096  96.2  8192  90.2  16k  58.8  32k   0.1
ep 696000       7162s  mean    248968  max   402400  V    194703  |d|     406    925k mv/s  1024  99.8  2048  98.8  4096  96.5  8192  89.8  16k  60.8  32k   0.0
ep 698000       7184s  mean    253148  max   455436  V    193984  |d|     414    925k mv/s  1024  99.8  2048  98.8  4096  96.8  8192  91.3  16k  62.3  32k   0.0
ep 700000       7205s  mean    248552  max   606716  V    194460  |d|     411    925k mv/s  1024  99.7  2048  99.0  4096  97.0  8192  90.2  16k  59.9  32k   0.1
checkpoint -> runs/r5.bin (ep 700295)
ep 702000       7226s  mean    247721  max   426380  V    194323  |d|     411    925k mv/s  1024  99.8  2048  99.2  4096  96.8  8192  89.5  16k  59.8  32k   0.0
ep 704000       7247s  mean    251236  max   409788  V    194666  |d|     408    925k mv/s  1024  99.8  2048  98.8  4096  96.6  8192  90.7  16k  62.1  32k   0.0
ep 706000       7267s  mean    246232  max   387340  V    194598  |d|     411    925k mv/s  1024  99.6  2048  98.5  4096  96.2  8192  89.5  16k  59.5  32k   0.0
ep 708000       7288s  mean    245344  max   548148  V    194820  |d|     411    925k mv/s  1024  99.7  2048  99.0  4096  96.5  8192  89.8  16k  58.6  32k   0.1
ep 710000       7309s  mean    248570  max   577404  V    194706  |d|     411    925k mv/s  1024  99.8  2048  98.9  4096  96.6  8192  90.0  16k  60.5  32k   0.1
ep 712000       7330s  mean    249888  max   474604  V    194779  |d|     408    925k mv/s  1024  99.8  2048  99.0  4096  96.3  8192  90.8  16k  61.2  32k   0.1
ep 714000       7351s  mean    251123  max   520320  V    194267  |d|     412    925k mv/s  1024  99.5  2048  98.8  4096  96.6  8192  91.2  16k  60.2  32k   0.1
ep 716000       7372s  mean    247790  max   482956  V    194914  |d|     410    925k mv/s  1024  99.7  2048  99.1  4096  96.2  8192  89.8  16k  59.8  32k   0.1
ep 718000       7393s  mean    246226  max   528816  V    195146  |d|     408    925k mv/s  1024  99.7  2048  99.1  4096  96.3  8192  89.7  16k  59.9  32k   0.1
ep 720000       7414s  mean    246806  max   575984  V    195145  |d|     410    925k mv/s  1024  99.7  2048  98.8  4096  96.7  8192  89.8  16k  60.0  32k   0.1
ep 722000       7435s  mean    246306  max   488932  V    194579  |d|     415    925k mv/s  1024  99.8  2048  99.0  4096  95.8  8192  88.7  16k  59.3  32k   0.1
ep 724000       7456s  mean    247676  max   386920  V    194728  |d|     412    925k mv/s  1024  99.6  2048  98.8  4096  96.0  8192  89.5  16k  59.6  32k   0.0
ep 726000       7477s  mean    247545  max   387032  V    195181  |d|     409    925k mv/s  1024  99.8  2048  99.2  4096  97.0  8192  90.3  16k  60.5  32k   0.0
ep 728000       7498s  mean    248367  max   533144  V    194780  |d|     414    925k mv/s  1024  99.8  2048  99.0  4096  97.1  8192  89.8  16k  60.0  32k   0.1
ep 730000       7518s  mean    244482  max   389660  V    195254  |d|     412    925k mv/s  1024  99.7  2048  98.7  4096  96.4  8192  89.6  16k  58.3  32k   0.0
ep 732000       7539s  mean    246803  max   387800  V    194928  |d|     414    925k mv/s  1024  99.8  2048  98.8  4096  96.5  8192  89.4  16k  59.5  32k   0.0
ep 734000       7560s  mean    248302  max   511940  V    195353  |d|     406    925k mv/s  1024  99.7  2048  98.6  4096  96.4  8192  90.3  16k  60.1  32k   0.1
ep 736000       7581s  mean    247487  max   557252  V    195017  |d|     409    925k mv/s  1024  99.7  2048  98.7  4096  96.6  8192  89.3  16k  60.0  32k   0.1
ep 738000       7602s  mean    250843  max   529116  V    195059  |d|     412    925k mv/s  1024  99.8  2048  98.9  4096  96.8  8192  91.4  16k  60.9  32k   0.1
ep 740000       7623s  mean    251727  max   387284  V    194821  |d|     411    925k mv/s  1024  99.5  2048  98.7  4096  97.0  8192  90.5  16k  62.2  32k   0.0
ep 742000       7644s  mean    247923  max   387444  V    195012  |d|     412    925k mv/s  1024  99.8  2048  99.1  4096  96.5  8192  90.0  16k  60.1  32k   0.0
ep 744000       7665s  mean    247274  max   470496  V    195554  |d|     410    925k mv/s  1024  99.8  2048  99.2  4096  97.2  8192  91.0  16k  59.4  32k   0.1
ep 746000       7686s  mean    244779  max   566528  V    195231  |d|     414    925k mv/s  1024  99.7  2048  98.8  4096  96.5  8192  89.5  16k  59.0  32k   0.1
ep 748000       7707s  mean    247307  max   548824  V    195473  |d|     411    925k mv/s  1024  99.8  2048  99.0  4096  96.4  8192  90.5  16k  59.8  32k   0.1
ep 750000       7728s  mean    250413  max   528484  V    194787  |d|     413    925k mv/s  1024  99.5  2048  98.8  4096  97.2  8192  90.4  16k  60.0  32k   0.1
ep 752000       7749s  mean    245061  max   522692  V    195375  |d|     417    925k mv/s  1024  99.8  2048  98.6  4096  96.3  8192  88.8  16k  58.6  32k   0.1
ep 754000       7770s  mean    248207  max   544444  V    195448  |d|     408    925k mv/s  1024  99.5  2048  99.0  4096  97.0  8192  90.4  16k  59.0  32k   0.1
ep 756000       7791s  mean    246206  max   405268  V    195335  |d|     411    925k mv/s  1024  99.7  2048  98.8  4096  96.1  8192  89.5  16k  59.4  32k   0.0
ep 758000       7812s  mean    249265  max   388820  V    195252  |d|     412    925k mv/s  1024  99.8  2048  99.0  4096  96.7  8192  90.3  16k  60.7  32k   0.0
ep 760000       7833s  mean    249891  max   532712  V    195206  |d|     411    925k mv/s  1024  99.5  2048  98.6  4096  96.3  8192  90.9  16k  60.4  32k   0.1
ep 762000       7853s  mean    247210  max   475744  V    195531  |d|     411    925k mv/s  1024  99.8  2048  99.0  4096  96.5  8192  88.9  16k  60.3  32k   0.1
ep 764000       7874s  mean    250027  max   527356  V    195408  |d|     410    925k mv/s  1024  99.8  2048  99.2  4096  96.5  8192  90.2  16k  61.2  32k   0.1
ep 766000       7895s  mean    249319  max   490308  V    195213  |d|     411    925k mv/s  1024  99.4  2048  98.8  4096  96.8  8192  89.8  16k  60.1  32k   0.1
ep 768000       7916s  mean    246995  max   408112  V    195477  |d|     415    925k mv/s  1024  99.7  2048  98.8  4096  96.5  8192  89.7  16k  60.1  32k   0.0
ep 770000       7938s  mean    252066  max   386696  V    194919  |d|     413    925k mv/s  1024  99.8  2048  99.3  4096  97.3  8192  90.4  16k  61.4  32k   0.0
ep 772000       7959s  mean    248757  max   409708  V    195537  |d|     411    925k mv/s  1024  99.8  2048  99.1  4096  96.8  8192  90.6  16k  60.8  32k   0.0
ep 774000       7980s  mean    247797  max   531672  V    195800  |d|     409    925k mv/s  1024  99.8  2048  99.0  4096  97.0  8192  90.7  16k  60.1  32k   0.1
ep 776000       8000s  mean    244019  max   551152  V    195809  |d|     411    925k mv/s  1024  99.5  2048  99.0  4096  96.2  8192  88.3  16k  57.9  32k   0.1
ep 778000       8021s  mean    248709  max   561520  V    195486  |d|     415    925k mv/s  1024  99.9  2048  99.2  4096  97.3  8192  89.9  16k  60.0  32k   0.1
ep 780000       8042s  mean    249043  max   387840  V    195638  |d|     415    925k mv/s  1024  99.6  2048  99.0  4096  96.9  8192  91.5  16k  60.8  32k   0.0
ep 782000       8063s  mean    245059  max   387780  V    195822  |d|     413    925k mv/s  1024  99.8  2048  99.0  4096  96.2  8192  89.0  16k  59.1  32k   0.0
ep 784000       8084s  mean    249452  max   533280  V    195564  |d|     414    925k mv/s  1024  99.7  2048  99.1  4096  96.7  8192  90.6  16k  59.6  32k   0.1
ep 786000       8105s  mean    248394  max   489236  V    195612  |d|     413    925k mv/s  1024  99.8  2048  99.2  4096  96.7  8192  90.0  16k  60.9  32k   0.1
checkpoint -> runs/r5.bin (ep 786396)
ep 788000       8126s  mean    246910  max   552216  V    195751  |d|     413    925k mv/s  1024  99.8  2048  98.8  4096  96.2  8192  89.2  16k  60.1  32k   0.1
ep 790000       8146s  mean    250077  max   554472  V    195397  |d|     412    925k mv/s  1024  99.3  2048  98.5  4096  96.2  8192  90.2  16k  61.0  32k   0.1
ep 792000       8167s  mean    248493  max   387148  V    195872  |d|     412    925k mv/s  1024  99.8  2048  99.4  4096  96.6  8192  89.7  16k  60.5  32k   0.0
ep 794000       8188s  mean    246782  max   567328  V    196071  |d|     409    925k mv/s  1024  99.7  2048  98.8  4096  97.0  8192  90.2  16k  58.6  32k   0.1
ep 796000       8209s  mean    248651  max   532896  V    195986  |d|     411    925k mv/s  1024  99.8  2048  99.2  4096  97.0  8192  90.2  16k  59.5  32k   0.1
ep 798000       8230s  mean    246089  max   493032  V    196163  |d|     413    925k mv/s  1024  99.7  2048  98.6  4096  96.1  8192  89.8  16k  59.1  32k   0.1
ep 800000       8251s  mean    248134  max   481772  V    195834  |d|     411    925k mv/s  1024  99.7  2048  99.0  4096  96.8  8192  90.0  16k  59.9  32k   0.1
ep 802000       8272s  mean    249190  max   566344  V    196098  |d|     412    925k mv/s  1024  99.8  2048  98.8  4096  96.5  8192  90.8  16k  61.0  32k   0.1
ep 804000       8293s  mean    248113  max   519588  V    196154  |d|     410    925k mv/s  1024  99.7  2048  99.0  4096  97.0  8192  89.8  16k  60.4  32k   0.1
ep 806000       8313s  mean    247558  max   496004  V    196394  |d|     410    925k mv/s  1024  99.8  2048  99.0  4096  96.5  8192  89.7  16k  60.8  32k   0.1
ep 808000       8334s  mean    247670  max   387304  V    196108  |d|     412    925k mv/s  1024  99.7  2048  98.8  4096  96.6  8192  90.2  16k  59.5  32k   0.0
ep 810000       8355s  mean    246480  max   387348  V    196420  |d|     410    925k mv/s  1024  99.8  2048  99.0  4096  97.0  8192  89.4  16k  59.5  32k   0.0
ep 812000       8376s  mean    247956  max   477592  V    196044  |d|     415    925k mv/s  1024  99.8  2048  99.1  4096  96.9  8192  90.5  16k  59.8  32k   0.1
ep 814000       8397s  mean    246344  max   509140  V    196288  |d|     413    925k mv/s  1024  99.7  2048  99.1  4096  97.2  8192  90.7  16k  59.0  32k   0.1
ep 816000       8418s  mean    248148  max   386676  V    196314  |d|     410    925k mv/s  1024  99.6  2048  98.5  4096  95.8  8192  89.2  16k  61.6  32k   0.0
ep 818000       8438s  mean    246982  max   532752  V    196196  |d|     412    925k mv/s  1024  99.7  2048  98.8  4096  96.3  8192  89.3  16k  59.5  32k   0.1
ep 820000       8459s  mean    249308  max   413200  V    196225  |d|     411    925k mv/s  1024  99.8  2048  99.0  4096  96.6  8192  90.0  16k  60.9  32k   0.0
ep 822000       8481s  mean    248304  max   498812  V    196362  |d|     414    925k mv/s  1024  99.8  2048  99.3  4096  97.1  8192  91.2  16k  59.4  32k   0.1
ep 824000       8502s  mean    251538  max   573780  V    196130  |d|     414    925k mv/s  1024  99.5  2048  99.0  4096  97.0  8192  91.8  16k  60.6  32k   0.1
ep 826000       8522s  mean    246963  max   508992  V    196584  |d|     412    925k mv/s  1024  99.8  2048  98.8  4096  97.0  8192  90.4  16k  58.6  32k   0.1
ep 828000       8543s  mean    247900  max   387204  V    196088  |d|     416    925k mv/s  1024  99.8  2048  98.9  4096  96.2  8192  89.3  16k  60.5  32k   0.0
ep 830000       8563s  mean    244965  max   409620  V    196524  |d|     413    925k mv/s  1024  99.6  2048  98.5  4096  96.5  8192  89.7  16k  59.0  32k   0.0
ep 832000       8584s  mean    248967  max   522044  V    196337  |d|     414    925k mv/s  1024 100.0  2048  99.2  4096  97.0  8192  90.9  16k  60.2  32k   0.1
ep 834000       8605s  mean    247901  max   533264  V    196289  |d|     414    925k mv/s  1024  99.8  2048  98.9  4096  96.3  8192  90.2  16k  60.4  32k   0.1
ep 836000       8626s  mean    252040  max   536404  V    195684  |d|     415    925k mv/s  1024  99.6  2048  98.7  4096  96.3  8192  90.0  16k  61.6  32k   0.1
ep 838000       8647s  mean    248827  max   460924  V    196266  |d|     415    925k mv/s  1024  99.7  2048  99.0  4096  97.0  8192  90.0  16k  59.9  32k   0.0
ep 840000       8668s  mean    247111  max   478192  V    196450  |d|     413    925k mv/s  1024  99.8  2048  98.8  4096  96.4  8192  89.2  16k  60.4  32k   0.1
ep 842000       8688s  mean    242110  max   500612  V    197211  |d|     412    925k mv/s  1024  99.7  2048  99.3  4096  96.6  8192  88.8  16k  57.5  32k   0.1
ep 844000       8709s  mean    245872  max   410924  V    196524  |d|     410    925k mv/s  1024  99.9  2048  99.0  4096  95.7  8192  89.1  16k  59.6  32k   0.0
ep 846000       8730s  mean    249977  max   606584  V    196495  |d|     411    925k mv/s  1024  99.7  2048  98.8  4096  97.0  8192  91.0  16k  60.5  32k   0.1
ep 848000       8751s  mean    249955  max   532884  V    196374  |d|     414    925k mv/s  1024  99.8  2048  98.6  4096  96.8  8192  90.0  16k  61.6  32k   0.1
ep 850000       8771s  mean    245377  max   494544  V    196786  |d|     413    925k mv/s  1024  99.7  2048  98.9  4096  96.8  8192  89.0  16k  59.5  32k   0.1
ep 852000       8792s  mean    248222  max   488916  V    196555  |d|     412    925k mv/s  1024  99.7  2048  98.7  4096  96.5  8192  90.5  16k  59.5  32k   0.1
ep 854000       8814s  mean    251080  max   461876  V    196268  |d|     413    925k mv/s  1024  99.8  2048  99.2  4096  96.7  8192  90.5  16k  60.8  32k   0.1
ep 856000       8835s  mean    253987  max   530748  V    196050  |d|     412    925k mv/s  1024  99.8  2048  99.1  4096  97.0  8192  90.8  16k  62.2  32k   0.1
ep 858000       8856s  mean    248020  max   387128  V    196649  |d|     411    925k mv/s  1024  99.5  2048  98.5  4096  96.3  8192  90.4  16k  59.8  32k   0.0
ep 860000       8877s  mean    247462  max   400748  V    196527  |d|     413    925k mv/s  1024  99.6  2048  98.5  4096  96.0  8192  89.2  16k  59.5  32k   0.0
ep 862000       8898s  mean    248929  max   387236  V    196947  |d|     411    925k mv/s  1024  99.7  2048  99.1  4096  97.0  8192  90.9  16k  60.5  32k   0.0
ep 864000       8919s  mean    249882  max   585140  V    196912  |d|     413    924k mv/s  1024  99.9  2048  99.2  4096  97.2  8192  90.1  16k  61.0  32k   0.1
ep 866000       8939s  mean    249238  max   528716  V    196452  |d|     415    925k mv/s  1024  99.7  2048  98.8  4096  96.3  8192  90.2  16k  60.3  32k   0.1
ep 868000       8960s  mean    249257  max   427012  V    196449  |d|     412    925k mv/s  1024  99.7  2048  99.0  4096  96.3  8192  89.0  16k  61.3  32k   0.0
ep 870000       8981s  mean    250376  max   387112  V    196566  |d|     414    925k mv/s  1024  99.8  2048  99.0  4096  96.9  8192  90.8  16k  60.7  32k   0.0
ep 872000       9002s  mean    247123  max   527320  V    196801  |d|     412    925k mv/s  1024  99.7  2048  98.8  4096  96.1  8192  90.0  16k  59.9  32k   0.1
saving final checkpoint -> runs/r5.bin
done: 872040 episodes, 8323178299 moves, 9005.7 s
