loading runs/final.bin ...
resumed 1 stage(s)
patterns=8  weights/stage=134217728  stages=1  memory=1.50 GiB  threads=7  alpha=0.150  TC=on
ep 2000           38s  mean    245125  max   601732  V    197341  |d|     415    500k mv/s  1024  99.6  2048  98.8  4096  96.6  8192  89.8  16k  59.1  32k   0.1
ep 4000           77s  mean    249369  max   386904  V    196999  |d|     412    500k mv/s  1024  99.8  2048  98.8  4096  96.7  8192  89.9  16k  61.0  32k   0.0
ep 6000          116s  mean    247744  max   529552  V    196994  |d|     412    498k mv/s  1024  99.8  2048  99.3  4096  96.7  8192  90.3  16k  58.9  32k   0.1
ep 8000          155s  mean    247527  max   387352  V    197065  |d|     413    495k mv/s  1024  99.6  2048  98.8  4096  96.2  8192  89.7  16k  60.1  32k   0.0
ep 10000         195s  mean    252193  max   509092  V    196806  |d|     412    494k mv/s  1024  99.8  2048  99.2  4096  97.0  8192  91.2  16k  62.0  32k   0.1
ep 12000         234s  mean    250585  max   508120  V    197064  |d|     415    494k mv/s  1024  99.7  2048  98.8  4096  97.0  8192  90.2  16k  62.0  32k   0.1
ep 14000         273s  mean    244596  max   476928  V    197291  |d|     414    494k mv/s  1024  99.8  2048  98.9  4096  96.1  8192  89.4  16k  58.8  32k   0.1
ep 16000         312s  mean    249156  max   441748  V    197098  |d|     416    493k mv/s  1024  99.7  2048  98.9  4096  97.0  8192  90.5  16k  60.5  32k   0.0
ep 18000         351s  mean    246221  max   387660  V    197277  |d|     416    493k mv/s  1024  99.8  2048  99.0  4096  96.8  8192  89.2  16k  60.2  32k   0.0
ep 20000         390s  mean    249724  max   488712  V    197244  |d|     416    494k mv/s  1024  99.8  2048  99.2  4096  97.3  8192  90.6  16k  61.0  32k   0.1
ep 22000         429s  mean    251661  max   507068  V    197097  |d|     414    495k mv/s  1024  99.9  2048  99.2  4096  97.2  8192  90.2  16k  62.2  32k   0.1
ep 24000         466s  mean    247871  max   388788  V    197225  |d|     416    496k mv/s  1024  99.7  2048  98.8  4096  96.4  8192  88.8  16k  60.6  32k   0.0
ep 26000         504s  mean    247567  max   531248  V    197127  |d|     418    497k mv/s  1024  99.8  2048  98.9  4096  96.0  8192  89.5  16k  59.8  32k   0.1
ep 28000         543s  mean    250150  max   530088  V    197118  |d|     414    497k mv/s  1024  99.8  2048  99.2  4096  97.0  8192  89.9  16k  61.0  32k   0.1
ep 30000         581s  mean    250880  max   405160  V    196682  |d|     419    498k mv/s  1024  99.8  2048  99.2  4096  97.2  8192  89.8  16k  61.5  32k   0.0
ep 32000         620s  mean    248077  max   533436  V    197451  |d|     415    498k mv/s  1024  99.7  2048  99.0  4096  96.5  8192  89.5  16k  60.4  32k   0.1
ep 34000         659s  mean    251044  max   386768  V    197736  |d|     410    498k mv/s  1024 100.0  2048  99.3  4096  97.2  8192  90.8  16k  61.1  32k   0.0
ep 36000         698s  mean    247552  max   387068  V    197590  |d|     417    498k mv/s  1024  99.5  2048  99.0  4096  96.8  8192  91.0  16k  59.2  32k   0.0
ep 38000         737s  mean    249958  max   530320  V    197359  |d|     419    498k mv/s  1024  99.9  2048  99.3  4096  97.2  8192  91.0  16k  60.3  32k   0.1
ep 40000         776s  mean    249408  max   556976  V    197231  |d|     417    498k mv/s  1024  99.7  2048  98.8  4096  96.3  8192  90.2  16k  60.2  32k   0.1
ep 42000         814s  mean    244471  max   532904  V    197737  |d|     419    497k mv/s  1024  99.3  2048  98.5  4096  96.6  8192  89.5  16k  58.4  32k   0.1
ep 44000         854s  mean    249320  max   527760  V    197398  |d|     419    497k mv/s  1024  99.8  2048  99.0  4096  97.5  8192  90.6  16k  60.5  32k   0.1
ep 46000         893s  mean    250838  max   550696  V    197246  |d|     418    497k mv/s  1024  99.7  2048  99.0  4096  96.7  8192  89.5  16k  62.0  32k   0.1
checkpoint -> runs/r6_a15.bin (ep 46338)
ep 48000         933s  mean    249130  max   386968  V    197704  |d|     416    497k mv/s  1024  99.8  2048  98.9  4096  96.7  8192  90.0  16k  61.4  32k   0.0
ep 50000         971s  mean    245328  max   499548  V    197719  |d|     422    497k mv/s  1024  99.7  2048  98.9  4096  96.3  8192  89.5  16k  59.0  32k   0.1
ep 52000        1010s  mean    249053  max   388380  V    197821  |d|     415    497k mv/s  1024  99.8  2048  99.2  4096  96.8  8192  90.2  16k  60.5  32k   0.0
ep 54000        1049s  mean    248410  max   587772  V    197934  |d|     414    496k mv/s  1024  99.8  2048  98.9  4096  96.5  8192  89.3  16k  61.5  32k   0.1
ep 56000        1089s  mean    246887  max   476312  V    198011  |d|     416    496k mv/s  1024  99.5  2048  98.7  4096  95.8  8192  89.6  16k  60.0  32k   0.1
ep 58000        1129s  mean    246608  max   531380  V    197965  |d|     415    495k mv/s  1024  99.5  2048  98.8  4096  96.5  8192  89.5  16k  60.0  32k   0.1
ep 60000        1168s  mean    249631  max   488712  V    198097  |d|     412    495k mv/s  1024  99.8  2048  99.2  4096  97.2  8192  90.5  16k  60.8  32k   0.1
ep 62000        1208s  mean    253581  max   488984  V    197405  |d|     415    495k mv/s  1024  99.7  2048  98.8  4096  96.8  8192  90.5  16k  62.9  32k   0.1
ep 64000        1247s  mean    252880  max   529208  V    197464  |d|     418    495k mv/s  1024  99.8  2048  99.0  4096  97.1  8192  90.5  16k  62.1  32k   0.1
ep 66000        1286s  mean    249156  max   524180  V    198037  |d|     416    495k mv/s  1024  99.8  2048  99.2  4096  97.1  8192  90.0  16k  60.5  32k   0.1
ep 68000        1325s  mean    249564  max   525864  V    198020  |d|     417    495k mv/s  1024  99.7  2048  98.8  4096  96.8  8192  90.0  16k  60.6  32k   0.1
ep 70000        1364s  mean    243174  max   436540  V    198825  |d|     414    495k mv/s  1024  99.5  2048  98.5  4096  96.2  8192  90.2  16k  57.7  32k   0.0
ep 72000        1402s  mean    247652  max   514176  V    198390  |d|     417    495k mv/s  1024  99.8  2048  98.9  4096  96.3  8192  89.2  16k  61.4  32k   0.1
ep 74000        1442s  mean    251194  max   519220  V    197846  |d|     416    495k mv/s  1024  99.8  2048  99.3  4096  96.8  8192  90.0  16k  61.6  32k   0.1
ep 76000        1481s  mean    248147  max   557096  V    198143  |d|     417    495k mv/s  1024  99.6  2048  99.0  4096  96.8  8192  90.0  16k  60.2  32k   0.1
ep 78000        1521s  mean    249912  max   553100  V    198545  |d|     414    495k mv/s  1024  99.8  2048  99.5  4096  96.7  8192  91.0  16k  60.8  32k   0.1
ep 80000        1561s  mean    247778  max   512780  V    198030  |d|     417    495k mv/s  1024  99.8  2048  99.0  4096  96.3  8192  89.9  16k  60.0  32k   0.1
ep 82000        1600s  mean    248349  max   486132  V    198534  |d|     412    494k mv/s  1024  99.9  2048  99.1  4096  96.2  8192  89.5  16k  60.4  32k   0.1
ep 84000        1640s  mean    248732  max   512996  V    198225  |d|     415    494k mv/s  1024  99.8  2048  99.2  4096  96.7  8192  89.6  16k  60.0  32k   0.1
ep 86000        1680s  mean    250434  max   514460  V    198402  |d|     418    494k mv/s  1024  99.8  2048  99.2  4096  96.8  8192  90.8  16k  61.4  32k   0.1
ep 88000        1720s  mean    252244  max   387000  V    198541  |d|     414    494k mv/s  1024  99.8  2048  99.3  4096  97.7  8192  91.4  16k  62.3  32k   0.0
ep 90000        1759s  mean    251417  max   387112  V    198105  |d|     418    494k mv/s  1024  99.8  2048  99.2  4096  97.5  8192  90.5  16k  61.9  32k   0.0
ep 92000        1798s  mean    246246  max   547384  V    198828  |d|     417    494k mv/s  1024  99.7  2048  98.8  4096  97.0  8192  90.1  16k  60.0  32k   0.1
checkpoint -> runs/r6_a15.bin (ep 92155)
ep 94000        1838s  mean    248656  max   484132  V    198392  |d|     417    494k mv/s  1024 100.0  2048  99.4  4096  96.8  8192  90.3  16k  59.6  32k   0.1
ep 96000        1878s  mean    249811  max   387248  V    198550  |d|     415    494k mv/s  1024  99.9  2048  99.7  4096  97.0  8192  90.8  16k  60.8  32k   0.0
ep 98000        1916s  mean    251484  max   514428  V    198446  |d|     419    494k mv/s  1024  99.8  2048  99.2  4096  97.5  8192  91.2  16k  61.3  32k   0.1
ep 100000       1955s  mean    249369  max   531560  V    198416  |d|     417    494k mv/s  1024  99.7  2048  98.9  4096  96.8  8192  90.2  16k  60.7  32k   0.1
ep 102000       1994s  mean    248474  max   387492  V    198844  |d|     412    494k mv/s  1024  99.6  2048  99.2  4096  96.9  8192  90.3  16k  60.2  32k   0.0
ep 104000       2032s  mean    246397  max   487288  V    199032  |d|     413    494k mv/s  1024  99.7  2048  99.0  4096  96.4  8192  90.2  16k  60.0  32k   0.1
ep 106000       2072s  mean    250539  max   491940  V    198528  |d|     419    494k mv/s  1024  99.8  2048  98.9  4096  97.0  8192  90.1  16k  61.1  32k   0.1
ep 108000       2112s  mean    250668  max   395980  V    198517  |d|     419    494k mv/s  1024  99.7  2048  99.0  4096  97.0  8192  91.5  16k  60.9  32k   0.0
ep 110000       2152s  mean    249184  max   536848  V    198594  |d|     417    494k mv/s  1024  99.8  2048  99.0  4096  96.4  8192  89.9  16k  60.6  32k   0.1
ep 112000       2190s  mean    249237  max   406596  V    198777  |d|     416    494k mv/s  1024  99.7  2048  99.0  4096  96.7  8192  90.5  16k  61.1  32k   0.0
ep 114000       2229s  mean    245895  max   411264  V    199054  |d|     416    494k mv/s  1024  99.5  2048  98.6  4096  96.5  8192  89.2  16k  59.1  32k   0.0
ep 116000       2268s  mean    245095  max   387272  V    199296  |d|     418    494k mv/s  1024  99.5  2048  98.9  4096  96.2  8192  90.0  16k  58.9  32k   0.0
ep 118000       2307s  mean    251197  max   512812  V    198622  |d|     417    494k mv/s  1024  99.5  2048  98.8  4096  96.5  8192  90.5  16k  61.7  32k   0.1
ep 120000       2346s  mean    250856  max   514676  V    199066  |d|     417    494k mv/s  1024 100.0  2048  99.4  4096  97.2  8192  90.8  16k  61.9  32k   0.1
ep 122000       2385s  mean    247846  max   532932  V    199114  |d|     416    494k mv/s  1024  99.8  2048  99.0  4096  96.5  8192  89.5  16k  60.2  32k   0.1
ep 124000       2425s  mean    249202  max   520288  V    199139  |d|     417    494k mv/s  1024  99.8  2048  99.4  4096  96.8  8192  90.4  16k  60.1  32k   0.1
ep 126000       2464s  mean    252366  max   519424  V    198678  |d|     420    494k mv/s  1024  99.8  2048  99.2  4096  97.4  8192  91.2  16k  61.2  32k   0.1
ep 128000       2503s  mean    250072  max   407492  V    199061  |d|     417    494k mv/s  1024  99.7  2048  98.8  4096  97.0  8192  90.0  16k  62.0  32k   0.0
ep 130000       2543s  mean    251768  max   387844  V    199179  |d|     415    494k mv/s  1024  99.8  2048  99.1  4096  97.3  8192  91.5  16k  61.7  32k   0.0
ep 132000       2582s  mean    247994  max   489612  V    199071  |d|     419    494k mv/s  1024  99.6  2048  98.8  4096  96.6  8192  89.5  16k  60.5  32k   0.1
ep 134000       2622s  mean    248088  max   387984  V    199579  |d|     414    493k mv/s  1024  99.7  2048  99.0  4096  97.2  8192  89.8  16k  60.5  32k   0.0
ep 136000       2662s  mean    253152  max   507048  V    198438  |d|     420    493k mv/s  1024  99.8  2048  99.0  4096  96.2  8192  89.9  16k  62.9  32k   0.1
ep 138000       2700s  mean    246593  max   533308  V    199441  |d|     416    494k mv/s  1024  99.8  2048  99.0  4096  96.3  8192  88.9  16k  59.4  32k   0.1
checkpoint -> runs/r6_a15.bin (ep 138142)
ep 140000       2740s  mean    251385  max   387560  V    199254  |d|     418    493k mv/s  1024  99.8  2048  99.0  4096  97.3  8192  90.4  16k  62.0  32k   0.0
ep 142000       2781s  mean    252482  max   520980  V    199085  |d|     420    493k mv/s  1024  99.8  2048  99.5  4096  97.5  8192  90.8  16k  62.9  32k   0.1
ep 144000       2821s  mean    252409  max   432356  V    199041  |d|     421    493k mv/s  1024  99.7  2048  98.8  4096  97.2  8192  91.2  16k  62.4  32k   0.0
ep 146000       2859s  mean    248097  max   386512  V    199455  |d|     417    493k mv/s  1024  99.7  2048  99.1  4096  96.5  8192  89.7  16k  60.7  32k   0.0
ep 148000       2899s  mean    252214  max   489376  V    199538  |d|     412    493k mv/s  1024  99.8  2048  99.3  4096  97.1  8192  91.6  16k  62.0  32k   0.1
ep 150000       2938s  mean    248192  max   486164  V    199560  |d|     418    493k mv/s  1024  99.7  2048  98.5  4096  96.3  8192  89.9  16k  61.3  32k   0.1
ep 152000       2977s  mean    247896  max   532908  V    199986  |d|     416    493k mv/s  1024  99.9  2048  99.1  4096  96.9  8192  91.0  16k  59.9  32k   0.1
ep 154000       3017s  mean    250058  max   532660  V    199291  |d|     419    493k mv/s  1024  99.7  2048  98.6  4096  96.2  8192  89.8  16k  61.6  32k   0.1
ep 156000       3057s  mean    251525  max   528244  V    199205  |d|     416    493k mv/s  1024  99.5  2048  99.2  4096  96.6  8192  90.3  16k  61.2  32k   0.1
ep 158000       3097s  mean    247719  max   494264  V    199119  |d|     422    493k mv/s  1024  99.7  2048  98.9  4096  95.8  8192  88.8  16k  60.0  32k   0.1
ep 160000       3137s  mean    252167  max   410500  V    199344  |d|     420    493k mv/s  1024  99.8  2048  99.3  4096  97.0  8192  90.9  16k  62.0  32k   0.0
ep 162000       3176s  mean    251303  max   387348  V    199749  |d|     416    493k mv/s  1024  99.7  2048  99.2  4096  97.1  8192  90.7  16k  61.9  32k   0.0
ep 164000       3215s  mean    249837  max   503376  V    199666  |d|     416    493k mv/s  1024  99.6  2048  98.7  4096  96.3  8192  90.2  16k  61.2  32k   0.1
ep 166000       3255s  mean    248664  max   500228  V    199747  |d|     418    493k mv/s  1024  99.7  2048  98.9  4096  95.8  8192  89.5  16k  61.2  32k   0.1
ep 168000       3293s  mean    246556  max   520520  V    199921  |d|     417    493k mv/s  1024  99.6  2048  98.9  4096  97.0  8192  89.4  16k  59.5  32k   0.1
ep 170000       3331s  mean    245156  max   485156  V    199863  |d|     420    493k mv/s  1024  99.8  2048  99.3  4096  96.5  8192  89.2  16k  58.9  32k   0.1
ep 172000       3371s  mean    249128  max   402432  V    200112  |d|     413    493k mv/s  1024  99.8  2048  99.2  4096  96.9  8192  91.2  16k  59.8  32k   0.0
ep 174000       3410s  mean    250321  max   484584  V    199973  |d|     419    493k mv/s  1024 100.0  2048  99.4  4096  96.8  8192  90.5  16k  62.0  32k   0.1
ep 176000       3450s  mean    252866  max   533640  V    199442  |d|     417    493k mv/s  1024  99.7  2048  99.0  4096  96.5  8192  90.8  16k  62.8  32k   0.1
ep 178000       3488s  mean    245555  max   410332  V    200201  |d|     419    493k mv/s  1024  99.5  2048  98.6  4096  96.4  8192  89.2  16k  59.9  32k   0.0
ep 180000       3528s  mean    249380  max   564784  V    200317  |d|     412    493k mv/s  1024  99.6  2048  98.8  4096  96.4  8192  90.0  16k  62.0  32k   0.1
ep 182000       3567s  mean    246865  max   508832  V    200276  |d|     416    493k mv/s  1024  99.8  2048  99.0  4096  96.3  8192  89.0  16k  60.5  32k   0.1
checkpoint -> runs/r6_a15.bin (ep 183957)
ep 184000       3606s  mean    247907  max   563328  V    200295  |d|     417    493k mv/s  1024  99.7  2048  99.0  4096  96.9  8192  90.0  16k  60.0  32k   0.1
ep 186000       3645s  mean    248264  max   532932  V    200085  |d|     418    493k mv/s  1024  99.9  2048  99.4  4096  96.5  8192  90.2  16k  60.0  32k   0.1
ep 188000       3684s  mean    248335  max   529844  V    200313  |d|     417    493k mv/s  1024  99.8  2048  99.0  4096  96.5  8192  89.7  16k  60.8  32k   0.1
ep 190000       3725s  mean    256841  max   532956  V    199616  |d|     416    493k mv/s  1024  99.8  2048  99.0  4096  97.0  8192  92.0  16k  63.5  32k   0.1
ep 192000       3765s  mean    252351  max   551520  V    200054  |d|     417    493k mv/s  1024  99.8  2048  98.9  4096  96.9  8192  90.9  16k  62.5  32k   0.1
ep 194000       3804s  mean    250600  max   387400  V    199789  |d|     417    493k mv/s  1024  99.8  2048  99.1  4096  96.9  8192  89.8  16k  61.4  32k   0.0
ep 196000       3843s  mean    248966  max   387232  V    200478  |d|     417    493k mv/s  1024  99.8  2048  99.2  4096  96.7  8192  89.8  16k  61.4  32k   0.0
ep 198000       3883s  mean    254231  max   402544  V    200071  |d|     415    493k mv/s  1024  99.8  2048  99.0  4096  97.3  8192  91.2  16k  63.1  32k   0.0
ep 200000       3922s  mean    251840  max   388600  V    199980  |d|     419    493k mv/s  1024  99.5  2048  99.1  4096  97.3  8192  90.7  16k  61.9  32k   0.0
ep 202000       3961s  mean    251100  max   512020  V    200210  |d|     415    493k mv/s  1024  99.9  2048  99.4  4096  97.0  8192  89.6  16k  61.2  32k   0.1
ep 204000       4001s  mean    248501  max   530832  V    200609  |d|     416    493k mv/s  1024  99.8  2048  99.0  4096  96.7  8192  90.2  16k  60.9  32k   0.1
ep 206000       4040s  mean    251686  max   508272  V    200080  |d|     417    493k mv/s  1024  99.7  2048  99.2  4096  97.0  8192  90.0  16k  62.0  32k   0.1
ep 208000       4080s  mean    253262  max   581896  V    200251  |d|     417    493k mv/s  1024  99.8  2048  99.2  4096  96.9  8192  89.8  16k  63.5  32k   0.1
ep 210000       4119s  mean    253242  max   387260  V    199937  |d|     419    493k mv/s  1024  99.6  2048  98.9  4096  97.0  8192  91.0  16k  62.5  32k   0.0
ep 212000       4159s  mean    255118  max   507208  V    200139  |d|     417    493k mv/s  1024  99.8  2048  99.0  4096  97.2  8192  91.0  16k  64.0  32k   0.1
ep 214000       4198s  mean    249404  max   468056  V    200629  |d|     415    493k mv/s  1024  99.7  2048  99.0  4096  97.0  8192  90.1  16k  61.2  32k   0.1
ep 216000       4238s  mean    252444  max   566440  V    200206  |d|     417    493k mv/s  1024  99.7  2048  98.7  4096  96.8  8192  91.0  16k  62.4  32k   0.2
ep 218000       4277s  mean    247885  max   464808  V    200908  |d|     415    493k mv/s  1024  99.7  2048  99.2  4096  96.8  8192  90.7  16k  60.0  32k   0.1
ep 220000       4316s  mean    251316  max   387392  V    200751  |d|     414    493k mv/s  1024  99.8  2048  99.2  4096  97.0  8192  90.2  16k  63.1  32k   0.0
ep 222000       4356s  mean    251574  max   387512  V    200411  |d|     419    493k mv/s  1024  99.7  2048  98.8  4096  96.2  8192  89.9  16k  62.9  32k   0.0
ep 224000       4395s  mean    248186  max   563376  V    200716  |d|     415    493k mv/s  1024  99.6  2048  98.9  4096  96.4  8192  89.1  16k  60.5  32k   0.2
ep 226000       4434s  mean    251472  max   400972  V    200435  |d|     418    493k mv/s  1024  99.6  2048  98.7  4096  96.6  8192  90.2  16k  62.5  32k   0.0
ep 228000       4473s  mean    250196  max   476944  V    200553  |d|     417    493k mv/s  1024  99.7  2048  98.5  4096  97.0  8192  90.9  16k  60.8  32k   0.1
checkpoint -> runs/r6_a15.bin (ep 229685)
ep 230000       4512s  mean    250211  max   398112  V    200753  |d|     419    493k mv/s  1024  99.7  2048  99.0  4096  96.0  8192  89.9  16k  62.2  32k   0.0
ep 232000       4552s  mean    251882  max   387304  V    200784  |d|     417    493k mv/s  1024 100.0  2048  99.1  4096  96.8  8192  91.0  16k  62.5  32k   0.0
ep 234000       4592s  mean    250958  max   387316  V    200864  |d|     416    493k mv/s  1024  99.5  2048  98.8  4096  97.0  8192  90.2  16k  61.8  32k   0.0
ep 236000       4632s  mean    252360  max   465124  V    200389  |d|     420    493k mv/s  1024  99.8  2048  99.3  4096  96.8  8192  90.4  16k  61.5  32k   0.1
ep 238000       4673s  mean    249867  max   508752  V    200811  |d|     416    493k mv/s  1024 100.0  2048  99.1  4096  96.9  8192  90.5  16k  60.5  32k   0.1
ep 240000       4713s  mean    248959  max   534220  V    200875  |d|     418    493k mv/s  1024  99.8  2048  99.0  4096  96.5  8192  90.2  16k  60.0  32k   0.1
ep 242000       4753s  mean    252715  max   468264  V    200637  |d|     417    493k mv/s  1024  99.8  2048  99.0  4096  97.0  8192  90.2  16k  62.5  32k   0.1
ep 244000       4793s  mean    252004  max   511048  V    200789  |d|     417    493k mv/s  1024  99.9  2048  99.2  4096  97.0  8192  90.5  16k  62.0  32k   0.1
ep 246000       4833s  mean    249784  max   578136  V    201534  |d|     414    493k mv/s  1024  99.8  2048  99.2  4096  97.3  8192  90.8  16k  61.0  32k   0.1
ep 248000       4872s  mean    247535  max   529336  V    201376  |d|     418    493k mv/s  1024  99.8  2048  99.0  4096  96.8  8192  90.7  16k  59.8  32k   0.1
ep 250000       4912s  mean    255517  max   480544  V    200553  |d|     418    493k mv/s  1024  99.8  2048  99.0  4096  96.6  8192  91.7  16k  63.6  32k   0.1
ep 252000       4952s  mean    253207  max   505308  V    200964  |d|     417    493k mv/s  1024  99.8  2048  98.8  4096  96.9  8192  91.0  16k  63.0  32k   0.2
ep 254000       4992s  mean    253012  max   401404  V    201094  |d|     415    493k mv/s  1024  99.7  2048  99.0  4096  97.0  8192  90.3  16k  63.1  32k   0.0
ep 256000       5032s  mean    249726  max   533176  V    201375  |d|     417    492k mv/s  1024  99.7  2048  98.8  4096  96.7  8192  91.2  16k  59.5  32k   0.1
ep 258000       5072s  mean    251237  max   524284  V    201210  |d|     416    492k mv/s  1024  99.8  2048  99.0  4096  96.3  8192  90.0  16k  62.8  32k   0.1
ep 260000       5111s  mean    247541  max   489044  V    201278  |d|     418    492k mv/s  1024  99.3  2048  98.6  4096  96.3  8192  89.8  16k  59.8  32k   0.1
ep 262000       5151s  mean    250292  max   396636  V    201137  |d|     417    492k mv/s  1024  99.9  2048  99.2  4096  97.0  8192  90.0  16k  61.0  32k   0.0
ep 264000       5190s  mean    251707  max   523472  V    201426  |d|     415    492k mv/s  1024  99.7  2048  98.8  4096  97.2  8192  91.0  16k  62.4  32k   0.1
ep 266000       5229s  mean    249499  max   411420  V    201546  |d|     416    492k mv/s  1024  99.6  2048  98.8  4096  96.5  8192  90.0  16k  61.6  32k   0.0
ep 268000       5269s  mean    251571  max   405472  V    201184  |d|     419    492k mv/s  1024  99.7  2048  99.0  4096  97.2  8192  90.8  16k  62.0  32k   0.0
ep 270000       5310s  mean    254384  max   532424  V    200773  |d|     418    492k mv/s  1024  99.6  2048  99.0  4096  96.7  8192  90.2  16k  63.4  32k   0.1
ep 272000       5351s  mean    256010  max   529428  V    201102  |d|     416    492k mv/s  1024  99.6  2048  99.2  4096  97.5  8192  91.8  16k  63.7  32k   0.1
ep 274000       5391s  mean    251676  max   584500  V    201335  |d|     417    492k mv/s  1024  99.8  2048  99.2  4096  97.5  8192  90.8  16k  61.2  32k   0.2
checkpoint -> runs/r6_a15.bin (ep 274869)
ep 276000       5431s  mean    250255  max   479332  V    201708  |d|     415    492k mv/s  1024  99.7  2048  98.8  4096  96.8  8192  91.2  16k  61.2  32k   0.1
ep 278000       5471s  mean    252623  max   387168  V    201485  |d|     413    492k mv/s  1024  99.8  2048  99.0  4096  97.0  8192  90.7  16k  63.1  32k   0.0
ep 280000       5511s  mean    250934  max   410436  V    201640  |d|     414    492k mv/s  1024  99.5  2048  98.9  4096  96.9  8192  90.0  16k  61.8  32k   0.0
ep 282000       5552s  mean    251889  max   524360  V    201714  |d|     413    492k mv/s  1024  99.7  2048  99.2  4096  97.0  8192  91.0  16k  61.8  32k   0.1
ep 284000       5593s  mean    252320  max   583192  V    201262  |d|     420    492k mv/s  1024  99.8  2048  98.9  4096  96.8  8192  90.5  16k  62.0  32k   0.1
ep 286000       5632s  mean    250351  max   413324  V    202034  |d|     413    492k mv/s  1024  99.7  2048  98.8  4096  96.6  8192  90.7  16k  61.9  32k   0.0
ep 288000       5672s  mean    247193  max   468600  V    201606  |d|     418    492k mv/s  1024  99.8  2048  99.1  4096  96.2  8192  88.8  16k  60.4  32k   0.1
ep 290000       5711s  mean    248503  max   387092  V    201945  |d|     419    492k mv/s  1024  99.8  2048  98.8  4096  96.5  8192  90.8  16k  60.5  32k   0.0
ep 292000       5751s  mean    252500  max   513932  V    201708  |d|     415    492k mv/s  1024  99.5  2048  99.2  4096  97.0  8192  90.5  16k  62.4  32k   0.1
ep 294000       5792s  mean    253636  max   386752  V    201647  |d|     415    492k mv/s  1024 100.0  2048  99.2  4096  97.1  8192  91.0  16k  62.9  32k   0.0
ep 296000       5832s  mean    250580  max   520152  V    201986  |d|     415    492k mv/s  1024  99.8  2048  99.2  4096  96.7  8192  90.3  16k  61.4  32k   0.1
ep 298000       5871s  mean    249945  max   528660  V    202248  |d|     418    492k mv/s  1024  99.8  2048  99.3  4096  97.6  8192  91.7  16k  60.5  32k   0.1
ep 300000       5912s  mean    251202  max   389416  V    202282  |d|     413    492k mv/s  1024  99.8  2048  99.0  4096  96.9  8192  90.8  16k  61.9  32k   0.0
ep 302000       5951s  mean    251318  max   581836  V    201958  |d|     417    492k mv/s  1024  99.7  2048  99.0  4096  97.0  8192  90.6  16k  62.0  32k   0.1
ep 304000       5991s  mean    253258  max   532556  V    201830  |d|     418    492k mv/s  1024  99.8  2048  99.4  4096  96.7  8192  91.2  16k  62.1  32k   0.1
ep 306000       6030s  mean    249932  max   531652  V    201850  |d|     418    492k mv/s  1024  99.5  2048  98.5  4096  96.6  8192  89.5  16k  61.4  32k   0.1
ep 308000       6069s  mean    250752  max   532668  V    201823  |d|     418    492k mv/s  1024  99.5  2048  98.8  4096  96.8  8192  90.2  16k  61.6  32k   0.1
ep 310000       6108s  mean    248562  max   532564  V    202326  |d|     420    492k mv/s  1024  99.7  2048  98.8  4096  96.6  8192  90.3  16k  60.9  32k   0.1
ep 312000       6147s  mean    250147  max   485228  V    202565  |d|     414    492k mv/s  1024  99.8  2048  98.8  4096  97.2  8192  91.3  16k  61.5  32k   0.1
ep 314000       6187s  mean    253195  max   387740  V    202099  |d|     415    492k mv/s  1024  99.8  2048  99.1  4096  97.4  8192  91.2  16k  63.1  32k   0.0
ep 316000       6226s  mean    249014  max   532072  V    202446  |d|     417    492k mv/s  1024  99.7  2048  99.0  4096  97.0  8192  90.0  16k  61.2  32k   0.1
ep 318000       6266s  mean    252059  max   534308  V    202203  |d|     417    492k mv/s  1024  99.8  2048  99.2  4096  96.8  8192  91.8  16k  61.5  32k   0.1
ep 320000       6305s  mean    251363  max   532920  V    202352  |d|     418    492k mv/s  1024  99.8  2048  99.4  4096  97.0  8192  91.2  16k  61.8  32k   0.1
checkpoint -> runs/r6_a15.bin (ep 320194)
ep 322000       6345s  mean    249245  max   433316  V    202310  |d|     418    492k mv/s  1024  99.8  2048  99.2  4096  96.2  8192  90.0  16k  60.7  32k   0.0
ep 324000       6385s  mean    253095  max   542016  V    201912  |d|     421    492k mv/s  1024  99.8  2048  99.0  4096  97.2  8192  91.3  16k  62.0  32k   0.1
ep 326000       6425s  mean    252929  max   563360  V    202045  |d|     420    492k mv/s  1024  99.7  2048  99.2  4096  97.0  8192  91.0  16k  62.4  32k   0.1
ep 328000       6464s  mean    254063  max   513540  V    201817  |d|     422    492k mv/s  1024  99.7  2048  98.8  4096  96.8  8192  90.8  16k  62.9  32k   0.1
ep 330000       6505s  mean    251425  max   467812  V    202578  |d|     415    492k mv/s  1024  99.8  2048  99.0  4096  97.0  8192  90.3  16k  62.0  32k   0.1
ep 332000       6544s  mean    253887  max   581788  V    201971  |d|     418    492k mv/s  1024  99.8  2048  99.2  4096  96.9  8192  91.0  16k  62.7  32k   0.1
ep 334000       6584s  mean    252125  max   580176  V    202307  |d|     418    492k mv/s  1024  99.8  2048  99.0  4096  96.7  8192  91.0  16k  62.0  32k   0.1
ep 336000       6623s  mean    247500  max   479996  V    202957  |d|     416    492k mv/s  1024  99.7  2048  99.2  4096  96.8  8192  90.0  16k  60.2  32k   0.1
ep 338000       6662s  mean    249325  max   387704  V    202518  |d|     417    492k mv/s  1024  99.8  2048  98.8  4096  96.2  8192  90.2  16k  60.9  32k   0.0
ep 340000       6702s  mean    250737  max   432784  V    202473  |d|     418    492k mv/s  1024  99.7  2048  98.8  4096  96.8  8192  90.5  16k  61.7  32k   0.0
ep 342000       6741s  mean    252069  max   557088  V    202131  |d|     418    492k mv/s  1024  99.7  2048  98.5  4096  96.0  8192  89.8  16k  62.2  32k   0.1
ep 344000       6780s  mean    252800  max   524368  V    202460  |d|     418    492k mv/s  1024  99.8  2048  99.0  4096  96.8  8192  90.8  16k  62.5  32k   0.1
ep 346000       6820s  mean    252217  max   532444  V    202179  |d|     421    492k mv/s  1024  99.8  2048  99.0  4096  96.8  8192  90.2  16k  62.4  32k   0.1
ep 348000       6860s  mean    251106  max   512508  V    202622  |d|     418    492k mv/s  1024  99.6  2048  99.0  4096  96.5  8192  89.7  16k  62.4  32k   0.1
ep 350000       6899s  mean    249306  max   514832  V    202836  |d|     418    492k mv/s  1024  99.7  2048  98.8  4096  97.0  8192  90.3  16k  61.1  32k   0.1
ep 352000       6939s  mean    251856  max   388736  V    202699  |d|     417    492k mv/s  1024  99.7  2048  99.0  4096  96.8  8192  91.7  16k  61.5  32k   0.0
ep 354000       6977s  mean    249706  max   388788  V    202774  |d|     418    492k mv/s  1024  99.6  2048  98.8  4096  96.5  8192  90.3  16k  61.7  32k   0.0
ep 356000       7017s  mean    253989  max   488012  V    202219  |d|     422    492k mv/s  1024  99.8  2048  99.5  4096  97.0  8192  90.5  16k  63.1  32k   0.1
ep 358000       7056s  mean    250377  max   483976  V    202771  |d|     417    492k mv/s  1024  99.6  2048  98.8  4096  95.9  8192  90.0  16k  61.7  32k   0.1
ep 360000       7096s  mean    254445  max   565420  V    202759  |d|     417    492k mv/s  1024  99.8  2048  98.8  4096  96.7  8192  91.5  16k  63.1  32k   0.1
ep 362000       7136s  mean    252593  max   495488  V    202877  |d|     418    492k mv/s  1024  99.8  2048  99.2  4096  97.4  8192  91.2  16k  62.5  32k   0.1
ep 364000       7175s  mean    250609  max   387152  V    203112  |d|     415    492k mv/s  1024  99.8  2048  99.0  4096  96.5  8192  90.5  16k  61.9  32k   0.0
checkpoint -> runs/r6_a15.bin (ep 365808)
ep 366000       7215s  mean    252080  max   387144  V    203065  |d|     413    492k mv/s  1024  99.9  2048  99.3  4096  96.8  8192  90.5  16k  62.0  32k   0.0
ep 368000       7255s  mean    254784  max   531436  V    202713  |d|     419    492k mv/s  1024  99.8  2048  99.0  4096  96.9  8192  91.2  16k  64.0  32k   0.1
ep 370000       7295s  mean    252509  max   455240  V    202544  |d|     421    492k mv/s  1024  99.8  2048  99.2  4096  96.7  8192  90.0  16k  62.9  32k   0.0
ep 372000       7335s  mean    250992  max   532360  V    202958  |d|     417    492k mv/s  1024  99.7  2048  99.1  4096  96.7  8192  90.5  16k  62.4  32k   0.1
ep 374000       7375s  mean    252913  max   387624  V    203137  |d|     412    492k mv/s  1024  99.6  2048  99.3  4096  96.9  8192  91.1  16k  62.6  32k   0.0
ep 376000       7414s  mean    250091  max   527828  V    203092  |d|     417    492k mv/s  1024  99.6  2048  98.9  4096  96.5  8192  90.2  16k  61.5  32k   0.1
ep 378000       7453s  mean    248951  max   532116  V    203225  |d|     419    492k mv/s  1024  99.8  2048  99.3  4096  96.7  8192  89.2  16k  61.0  32k   0.2
ep 380000       7493s  mean    253530  max   388684  V    203064  |d|     416    492k mv/s  1024  99.7  2048  98.8  4096  96.8  8192  91.0  16k  62.8  32k   0.0
ep 382000       7532s  mean    246632  max   387900  V    203450  |d|     418    492k mv/s  1024  99.5  2048  99.2  4096  96.8  8192  89.0  16k  60.1  32k   0.0
ep 384000       7571s  mean    247951  max   469304  V    203524  |d|     417    492k mv/s  1024  99.8  2048  99.0  4096  96.3  8192  90.0  16k  60.5  32k   0.1
ep 386000       7610s  mean    246659  max   504008  V    203412  |d|     419    492k mv/s  1024  99.8  2048  99.0  4096  96.2  8192  89.2  16k  60.1  32k   0.1
ep 388000       7649s  mean    251355  max   533048  V    202841  |d|     421    492k mv/s  1024  99.7  2048  98.8  4096  96.2  8192  89.4  16k  61.9  32k   0.1
ep 390000       7689s  mean    250178  max   386856  V    202941  |d|     419    492k mv/s  1024  99.6  2048  98.7  4096  96.3  8192  90.2  16k  60.8  32k   0.0
ep 392000       7729s  mean    253016  max   484984  V    203123  |d|     416    492k mv/s  1024  99.6  2048  99.0  4096  96.8  8192  90.0  16k  63.0  32k   0.1
ep 394000       7768s  mean    251470  max   488760  V    203412  |d|     419    492k mv/s  1024  99.7  2048  99.0  4096  96.5  8192  90.9  16k  62.6  32k   0.1
ep 396000       7807s  mean    250851  max   387456  V    203534  |d|     417    492k mv/s  1024  99.8  2048  98.8  4096  96.6  8192  90.6  16k  62.5  32k   0.0
ep 398000       7846s  mean    248639  max   497088  V    203886  |d|     416    492k mv/s  1024  99.7  2048  98.6  4096  96.5  8192  90.8  16k  61.4  32k   0.1
ep 400000       7885s  mean    254210  max   528388  V    202820  |d|     418    492k mv/s  1024  99.8  2048  99.0  4096  96.6  8192  90.3  16k  63.3  32k   0.1
ep 402000       7924s  mean    253159  max   387624  V    203415  |d|     417    492k mv/s  1024  99.8  2048  99.2  4096  97.2  8192  91.0  16k  62.9  32k   0.0
ep 404000       7963s  mean    251282  max   509132  V    203659  |d|     413    492k mv/s  1024 100.0  2048  99.2  4096  97.2  8192  90.9  16k  61.0  32k   0.1
ep 406000       8003s  mean    251702  max   482012  V    203424  |d|     415    492k mv/s  1024  99.6  2048  98.8  4096  96.2  8192  90.4  16k  62.0  32k   0.1
ep 408000       8042s  mean    247363  max   387352  V    203774  |d|     417    492k mv/s  1024  99.8  2048  99.0  4096  96.0  8192  89.8  16k  60.9  32k   0.0
ep 410000       8081s  mean    251849  max   509128  V    203839  |d|     416    492k mv/s  1024  99.5  2048  98.8  4096  96.8  8192  91.0  16k  63.2  32k   0.1
checkpoint -> runs/r6_a15.bin (ep 411524)
ep 412000       8122s  mean    254995  max   550748  V    203382  |d|     417    492k mv/s  1024  99.8  2048  99.0  4096  97.0  8192  91.0  16k  63.8  32k   0.2
ep 414000       8161s  mean    249733  max   508604  V    203637  |d|     418    492k mv/s  1024  99.9  2048  98.9  4096  96.9  8192  89.8  16k  61.7  32k   0.1
ep 416000       8201s  mean    251142  max   402008  V    203720  |d|     416    492k mv/s  1024  99.8  2048  99.0  4096  97.0  8192  90.5  16k  61.8  32k   0.0
ep 418000       8241s  mean    248797  max   513780  V    204033  |d|     419    492k mv/s  1024  99.8  2048  98.9  4096  96.2  8192  90.2  16k  62.0  32k   0.1
ep 420000       8281s  mean    252378  max   387420  V    203747  |d|     415    492k mv/s  1024  99.8  2048  98.9  4096  96.8  8192  90.5  16k  62.6  32k   0.0
ep 422000       8321s  mean    253109  max   387072  V    203453  |d|     420    492k mv/s  1024  99.9  2048  99.3  4096  97.2  8192  91.0  16k  63.2  32k   0.0
ep 424000       8360s  mean    251666  max   528572  V    203857  |d|     416    492k mv/s  1024  99.8  2048  99.0  4096  96.8  8192  91.0  16k  62.1  32k   0.1
ep 426000       8400s  mean    251114  max   387152  V    203703  |d|     419    492k mv/s  1024  99.8  2048  98.7  4096  96.2  8192  90.2  16k  62.4  32k   0.0
ep 428000       8440s  mean    254448  max   533280  V    203523  |d|     416    492k mv/s  1024  99.5  2048  98.9  4096  96.8  8192  90.3  16k  63.5  32k   0.1
ep 430000       8480s  mean    253120  max   468712  V    203657  |d|     416    492k mv/s  1024  99.5  2048  98.9  4096  96.2  8192  90.2  16k  63.2  32k   0.1
ep 432000       8520s  mean    251073  max   504164  V    203928  |d|     419    492k mv/s  1024  99.8  2048  99.0  4096  96.8  8192  90.2  16k  62.5  32k   0.1
ep 434000       8560s  mean    257402  max   510072  V    203394  |d|     419    492k mv/s  1024  99.8  2048  98.9  4096  96.6  8192  91.3  16k  65.0  32k   0.1
ep 436000       8600s  mean    254713  max   475988  V    203668  |d|     419    492k mv/s  1024  99.8  2048  99.2  4096  96.7  8192  90.8  16k  64.2  32k   0.1
ep 438000       8640s  mean    254282  max   531524  V    204060  |d|     416    492k mv/s  1024  99.8  2048  99.5  4096  97.2  8192  91.5  16k  63.4  32k   0.1
ep 440000       8680s  mean    253787  max   387444  V    203893  |d|     417    492k mv/s  1024  99.6  2048  99.0  4096  97.2  8192  90.7  16k  63.2  32k   0.0
ep 442000       8720s  mean    255668  max   410916  V    203656  |d|     417    492k mv/s  1024  99.9  2048  99.7  4096  97.4  8192  91.3  16k  63.6  32k   0.0
ep 444000       8760s  mean    254687  max   548296  V    203656  |d|     420    492k mv/s  1024  99.7  2048  99.1  4096  96.6  8192  90.3  16k  64.4  32k   0.1
ep 446000       8800s  mean    251651  max   535296  V    204008  |d|     419    492k mv/s  1024  99.8  2048  99.2  4096  97.0  8192  90.8  16k  61.5  32k   0.1
ep 448000       8839s  mean    255406  max   537392  V    203696  |d|     419    492k mv/s  1024  99.7  2048  98.8  4096  96.8  8192  90.6  16k  64.2  32k   0.1
ep 450000       8879s  mean    252504  max   387504  V    204075  |d|     419    492k mv/s  1024  99.7  2048  99.2  4096  96.8  8192  90.6  16k  62.7  32k   0.0
ep 452000       8918s  mean    250342  max   509604  V    204239  |d|     418    492k mv/s  1024  99.7  2048  98.8  4096  96.6  8192  91.0  16k  61.5  32k   0.1
ep 454000       8957s  mean    251140  max   405084  V    204157  |d|     416    492k mv/s  1024  99.7  2048  98.8  4096  96.2  8192  89.7  16k  62.8  32k   0.0
ep 456000       8997s  mean    254620  max   533040  V    203843  |d|     418    492k mv/s  1024  99.8  2048  99.2  4096  97.3  8192  91.0  16k  63.6  32k   0.1
saving final checkpoint -> runs/r6_a15.bin
done: 456231 episodes, 4429293451 moves, 9005.3 s
