loading runs/final.bin ...
resumed 1 stage(s)
patterns=8  weights/stage=134217728  stages=1  memory=1.50 GiB  threads=7  alpha=0.100  TC=on
ep 2000           39s  mean    250135  max   387008  V    196814  |d|     413    499k mv/s  1024  99.8  2048  99.1  4096  97.2  8192  90.0  16k  62.1  32k   0.0
ep 4000           78s  mean    251015  max   402296  V    196869  |d|     409    500k mv/s  1024  99.6  2048  98.8  4096  96.8  8192  90.8  16k  61.9  32k   0.0
ep 6000          117s  mean    249637  max   528352  V    196758  |d|     414    497k mv/s  1024  99.4  2048  98.8  4096  96.8  8192  89.8  16k  61.2  32k   0.2
ep 8000          157s  mean    248965  max   493660  V    196845  |d|     412    495k mv/s  1024  99.8  2048  99.1  4096  96.4  8192  89.8  16k  60.2  32k   0.1
ep 10000         196s  mean    250583  max   386596  V    197183  |d|     411    495k mv/s  1024  99.9  2048  98.8  4096  96.1  8192  90.3  16k  62.2  32k   0.0
ep 12000         236s  mean    250982  max   580180  V    196895  |d|     413    494k mv/s  1024  99.7  2048  99.1  4096  96.5  8192  91.1  16k  61.2  32k   0.1
ep 14000         275s  mean    246084  max   481200  V    197287  |d|     413    493k mv/s  1024  99.8  2048  99.2  4096  96.5  8192  89.8  16k  58.6  32k   0.0
ep 16000         314s  mean    246972  max   387408  V    197074  |d|     414    493k mv/s  1024  99.8  2048  98.9  4096  96.9  8192  89.0  16k  60.1  32k   0.0
ep 18000         353s  mean    251524  max   533200  V    196830  |d|     415    493k mv/s  1024 100.0  2048  99.2  4096  96.9  8192  91.3  16k  61.5  32k   0.2
ep 20000         392s  mean    246785  max   386868  V    197118  |d|     413    493k mv/s  1024  99.8  2048  99.2  4096  96.7  8192  89.6  16k  59.5  32k   0.0
ep 22000         430s  mean    246656  max   387428  V    197179  |d|     413    494k mv/s  1024  99.5  2048  99.0  4096  96.3  8192  89.7  16k  60.5  32k   0.0
ep 24000         468s  mean    247225  max   573364  V    197246  |d|     413    495k mv/s  1024  99.6  2048  98.4  4096  96.1  8192  90.2  16k  59.9  32k   0.1
ep 26000         507s  mean    253789  max   533180  V    196730  |d|     416    496k mv/s  1024  99.8  2048  99.4  4096  96.9  8192  91.7  16k  62.6  32k   0.1
ep 28000         546s  mean    254268  max   519900  V    196367  |d|     414    496k mv/s  1024  99.5  2048  98.7  4096  96.2  8192  90.5  16k  63.0  32k   0.1
ep 30000         584s  mean    248746  max   527216  V    197335  |d|     416    497k mv/s  1024  99.8  2048  98.5  4096  96.8  8192  89.6  16k  62.0  32k   0.1
ep 32000         623s  mean    247268  max   520320  V    197304  |d|     415    497k mv/s  1024  99.8  2048  99.0  4096  96.8  8192  89.8  16k  60.1  32k   0.1
ep 34000         662s  mean    250204  max   410816  V    197535  |d|     412    497k mv/s  1024  99.8  2048  99.2  4096  96.7  8192  90.0  16k  61.3  32k   0.0
ep 36000         701s  mean    248975  max   387284  V    197070  |d|     413    497k mv/s  1024  99.8  2048  99.1  4096  96.5  8192  89.8  16k  60.7  32k   0.0
ep 38000         740s  mean    249076  max   387512  V    197183  |d|     415    497k mv/s  1024  99.8  2048  99.0  4096  97.2  8192  90.5  16k  60.1  32k   0.0
ep 40000         778s  mean    245132  max   524336  V    197923  |d|     409    497k mv/s  1024  99.9  2048  98.8  4096  96.8  8192  89.6  16k  58.5  32k   0.1
ep 42000         817s  mean    248855  max   387380  V    197316  |d|     413    497k mv/s  1024  99.7  2048  98.5  4096  96.0  8192  89.9  16k  60.5  32k   0.0
ep 44000         857s  mean    250333  max   398020  V    197575  |d|     414    496k mv/s  1024  99.8  2048  98.8  4096  96.7  8192  90.2  16k  62.4  32k   0.0
ep 46000         897s  mean    246722  max   386928  V    197680  |d|     410    496k mv/s  1024  99.6  2048  99.2  4096  96.8  8192  89.3  16k  59.8  32k   0.0
checkpoint -> runs/r6_a10.bin (ep 46171)
ep 48000         936s  mean    247872  max   387184  V    197654  |d|     410    495k mv/s  1024  99.7  2048  98.8  4096  96.2  8192  89.9  16k  60.5  32k   0.0
ep 50000         975s  mean    249945  max   530728  V    197446  |d|     412    495k mv/s  1024  99.8  2048  99.0  4096  96.7  8192  90.3  16k  60.0  32k   0.1
ep 52000        1015s  mean    247242  max   389100  V    197589  |d|     414    495k mv/s  1024  99.5  2048  98.7  4096  96.4  8192  89.2  16k  60.4  32k   0.0
ep 54000        1054s  mean    246900  max   588680  V    197302  |d|     417    495k mv/s  1024  99.7  2048  98.9  4096  96.8  8192  89.2  16k  58.6  32k   0.1
ep 56000        1095s  mean    253695  max   532752  V    197075  |d|     415    494k mv/s  1024  99.8  2048  99.2  4096  97.1  8192  90.6  16k  62.6  32k   0.1
ep 58000        1136s  mean    251783  max   486948  V    197354  |d|     413    494k mv/s  1024  99.7  2048  99.0  4096  96.8  8192  90.0  16k  62.1  32k   0.1
ep 60000        1175s  mean    249291  max   386920  V    197801  |d|     412    493k mv/s  1024  99.7  2048  99.0  4096  96.7  8192  90.2  16k  60.9  32k   0.0
ep 62000        1215s  mean    247644  max   454264  V    197729  |d|     413    493k mv/s  1024  99.6  2048  98.8  4096  95.8  8192  89.8  16k  60.5  32k   0.0
ep 64000        1254s  mean    253709  max   511656  V    196885  |d|     415    493k mv/s  1024  99.8  2048  98.8  4096  96.6  8192  89.9  16k  63.1  32k   0.1
ep 66000        1293s  mean    246741  max   556088  V    197651  |d|     414    493k mv/s  1024  99.6  2048  98.8  4096  96.2  8192  89.4  16k  60.0  32k   0.1
ep 68000        1332s  mean    250527  max   565584  V    197532  |d|     413    493k mv/s  1024  99.7  2048  99.1  4096  97.0  8192  90.5  16k  61.0  32k   0.1
ep 70000        1372s  mean    252102  max   531052  V    197207  |d|     416    493k mv/s  1024  99.7  2048  99.0  4096  97.0  8192  90.0  16k  62.6  32k   0.1
ep 72000        1411s  mean    248592  max   387972  V    198108  |d|     411    493k mv/s  1024  99.8  2048  99.4  4096  97.2  8192  90.9  16k  60.4  32k   0.0
ep 74000        1450s  mean    249974  max   569764  V    197420  |d|     413    493k mv/s  1024  99.7  2048  98.8  4096  96.1  8192  89.7  16k  61.4  32k   0.1
ep 76000        1490s  mean    252205  max   533168  V    197532  |d|     415    493k mv/s  1024  99.8  2048  99.1  4096  97.0  8192  91.0  16k  61.9  32k   0.1
ep 78000        1530s  mean    250059  max   517392  V    197893  |d|     410    493k mv/s  1024  99.8  2048  99.1  4096  97.3  8192  90.9  16k  60.1  32k   0.1
ep 80000        1570s  mean    253946  max   411016  V    197489  |d|     413    493k mv/s  1024  99.8  2048  99.1  4096  97.5  8192  91.2  16k  62.5  32k   0.0
ep 82000        1611s  mean    253266  max   532988  V    197427  |d|     412    493k mv/s  1024  99.8  2048  99.1  4096  96.7  8192  89.8  16k  62.8  32k   0.1
ep 84000        1651s  mean    249108  max   512748  V    197831  |d|     412    493k mv/s  1024  99.7  2048  98.6  4096  95.8  8192  89.2  16k  61.4  32k   0.1
ep 86000        1690s  mean    248877  max   387420  V    198151  |d|     412    492k mv/s  1024  99.7  2048  98.9  4096  97.2  8192  90.5  16k  60.5  32k   0.0
ep 88000        1730s  mean    247398  max   488044  V    198213  |d|     413    492k mv/s  1024  99.9  2048  99.5  4096  96.8  8192  89.3  16k  61.4  32k   0.1
ep 90000        1770s  mean    252321  max   484784  V    197335  |d|     414    492k mv/s  1024  99.5  2048  99.0  4096  96.0  8192  89.9  16k  62.3  32k   0.1
checkpoint -> runs/r6_a10.bin (ep 91572)
ep 92000        1810s  mean    250967  max   416096  V    197884  |d|     411    492k mv/s  1024  99.7  2048  98.8  4096  97.3  8192  91.0  16k  60.5  32k   0.0
ep 94000        1850s  mean    248703  max   532768  V    198016  |d|     414    492k mv/s  1024  99.8  2048  98.5  4096  96.5  8192  90.2  16k  60.6  32k   0.1
ep 96000        1888s  mean    248759  max   492248  V    197850  |d|     413    492k mv/s  1024  99.5  2048  99.0  4096  96.5  8192  89.5  16k  60.1  32k   0.1
ep 98000        1927s  mean    249607  max   470644  V    197544  |d|     417    492k mv/s  1024  99.7  2048  98.8  4096  96.0  8192  89.8  16k  60.8  32k   0.1
ep 100000       1966s  mean    248855  max   480024  V    198014  |d|     412    492k mv/s  1024  99.6  2048  98.8  4096  96.1  8192  89.5  16k  60.8  32k   0.1
ep 102000       2006s  mean    249216  max   520600  V    198149  |d|     413    492k mv/s  1024  99.5  2048  98.8  4096  96.7  8192  90.9  16k  60.7  32k   0.1
ep 104000       2047s  mean    254393  max   532872  V    197803  |d|     415    492k mv/s  1024  99.8  2048  99.0  4096  97.0  8192  91.7  16k  62.9  32k   0.1
ep 106000       2086s  mean    250682  max   459724  V    197822  |d|     414    492k mv/s  1024  99.7  2048  98.8  4096  96.8  8192  90.2  16k  60.8  32k   0.1
ep 108000       2124s  mean    249931  max   567664  V    198047  |d|     411    492k mv/s  1024  99.7  2048  99.0  4096  96.1  8192  89.3  16k  62.5  32k   0.1
ep 110000       2164s  mean    251285  max   514824  V    197886  |d|     414    492k mv/s  1024  99.8  2048  99.0  4096  96.9  8192  90.5  16k  61.1  32k   0.1
ep 112000       2204s  mean    250175  max   414348  V    198295  |d|     411    492k mv/s  1024  99.7  2048  99.0  4096  97.1  8192  90.9  16k  61.0  32k   0.0
ep 114000       2243s  mean    250709  max   567632  V    198274  |d|     410    492k mv/s  1024  99.6  2048  98.7  4096  96.5  8192  89.8  16k  62.7  32k   0.1
ep 116000       2282s  mean    248857  max   387264  V    198155  |d|     414    492k mv/s  1024  99.8  2048  99.0  4096  96.2  8192  89.3  16k  61.2  32k   0.0
ep 118000       2322s  mean    249847  max   387348  V    198129  |d|     414    492k mv/s  1024  99.7  2048  98.9  4096  96.8  8192  89.8  16k  61.1  32k   0.0
ep 120000       2361s  mean    246948  max   512444  V    198752  |d|     412    492k mv/s  1024  99.9  2048  99.2  4096  96.8  8192  90.4  16k  59.5  32k   0.1
ep 122000       2400s  mean    248860  max   577164  V    198213  |d|     415    492k mv/s  1024  99.8  2048  98.7  4096  95.5  8192  89.1  16k  61.0  32k   0.1
ep 124000       2440s  mean    249181  max   387360  V    198487  |d|     413    492k mv/s  1024  99.7  2048  99.0  4096  96.5  8192  89.9  16k  61.0  32k   0.0
ep 126000       2479s  mean    251297  max   527308  V    198028  |d|     414    492k mv/s  1024  99.8  2048  99.0  4096  96.1  8192  89.7  16k  62.5  32k   0.1
ep 128000       2519s  mean    249562  max   466212  V    198396  |d|     412    492k mv/s  1024  99.6  2048  99.1  4096  96.5  8192  90.0  16k  60.6  32k   0.1
ep 130000       2559s  mean    250114  max   434280  V    198219  |d|     413    492k mv/s  1024  99.8  2048  98.7  4096  96.2  8192  90.8  16k  60.6  32k   0.0
ep 132000       2598s  mean    248058  max   513208  V    198479  |d|     412    492k mv/s  1024  99.6  2048  98.4  4096  95.6  8192  89.2  16k  60.4  32k   0.1
ep 134000       2638s  mean    251899  max   477724  V    198282  |d|     414    492k mv/s  1024  99.8  2048  99.1  4096  96.7  8192  90.8  16k  61.9  32k   0.1
ep 136000       2676s  mean    249943  max   509260  V    198555  |d|     412    492k mv/s  1024  99.7  2048  98.8  4096  96.5  8192  90.9  16k  61.0  32k   0.1
checkpoint -> runs/r6_a10.bin (ep 137370)
ep 138000       2715s  mean    245512  max   532532  V    198869  |d|     412    492k mv/s  1024  99.6  2048  98.6  4096  95.8  8192  88.4  16k  59.5  32k   0.1
ep 140000       2754s  mean    248528  max   403080  V    198645  |d|     415    492k mv/s  1024  99.7  2048  99.2  4096  96.3  8192  89.5  16k  61.6  32k   0.0
ep 142000       2795s  mean    252201  max   387516  V    198081  |d|     415    492k mv/s  1024  99.9  2048  99.1  4096  96.7  8192  90.2  16k  62.3  32k   0.0
ep 144000       2834s  mean    247847  max   478120  V    198557  |d|     413    492k mv/s  1024  99.8  2048  98.7  4096  96.4  8192  89.2  16k  60.1  32k   0.1
ep 146000       2873s  mean    251077  max   387400  V    198561  |d|     413    492k mv/s  1024  99.7  2048  99.1  4096  96.3  8192  90.8  16k  61.9  32k   0.0
ep 148000       2912s  mean    248763  max   532428  V    198829  |d|     413    492k mv/s  1024  99.8  2048  99.2  4096  96.7  8192  90.7  16k  60.2  32k   0.1
ep 150000       2951s  mean    249542  max   511008  V    198919  |d|     414    492k mv/s  1024  99.8  2048  99.0  4096  97.2  8192  90.8  16k  61.0  32k   0.1
ep 152000       2990s  mean    249100  max   489008  V    198689  |d|     412    492k mv/s  1024  99.7  2048  98.6  4096  96.3  8192  90.2  16k  60.8  32k   0.1
ep 154000       3030s  mean    248512  max   512500  V    198843  |d|     417    492k mv/s  1024  99.8  2048  98.9  4096  96.8  8192  90.8  16k  60.2  32k   0.1
ep 156000       3070s  mean    250417  max   386976  V    198567  |d|     414    492k mv/s  1024  99.8  2048  98.8  4096  96.3  8192  90.2  16k  61.4  32k   0.0
ep 158000       3110s  mean    250950  max   533140  V    198709  |d|     415    492k mv/s  1024  99.7  2048  99.2  4096  97.0  8192  90.8  16k  62.0  32k   0.1
ep 160000       3149s  mean    248707  max   410464  V    198861  |d|     416    492k mv/s  1024  99.8  2048  98.7  4096  96.3  8192  90.3  16k  61.0  32k   0.0
ep 162000       3188s  mean    250450  max   514140  V    198966  |d|     414    492k mv/s  1024  99.9  2048  99.0  4096  96.4  8192  90.8  16k  61.9  32k   0.1
ep 164000       3227s  mean    253777  max   561352  V    198624  |d|     412    492k mv/s  1024  99.7  2048  99.1  4096  96.8  8192  91.0  16k  62.8  32k   0.1
ep 166000       3266s  mean    248579  max   495820  V    198876  |d|     415    492k mv/s  1024  99.8  2048  98.9  4096  96.6  8192  90.2  16k  60.5  32k   0.1
ep 168000       3305s  mean    253299  max   530204  V    198571  |d|     415    492k mv/s  1024  99.8  2048  99.3  4096  97.5  8192  90.8  16k  62.5  32k   0.1
ep 170000       3344s  mean    248410  max   520600  V    198857  |d|     415    492k mv/s  1024  99.8  2048  98.8  4096  96.5  8192  89.2  16k  60.2  32k   0.1
ep 172000       3384s  mean    250519  max   478704  V    199051  |d|     412    492k mv/s  1024  99.7  2048  99.1  4096  96.1  8192  89.7  16k  62.0  32k   0.1
ep 174000       3423s  mean    249246  max   401012  V    198917  |d|     415    492k mv/s  1024  99.8  2048  99.2  4096  97.1  8192  90.2  16k  60.7  32k   0.0
ep 176000       3462s  mean    249913  max   528152  V    198813  |d|     414    492k mv/s  1024  99.8  2048  99.2  4096  96.7  8192  89.8  16k  61.0  32k   0.1
ep 178000       3501s  mean    252932  max   417944  V    198445  |d|     415    492k mv/s  1024  99.8  2048  99.1  4096  96.8  8192  90.7  16k  61.9  32k   0.0
ep 180000       3541s  mean    253062  max   501568  V    198723  |d|     415    492k mv/s  1024  99.8  2048  99.0  4096  97.0  8192  90.8  16k  62.4  32k   0.1
ep 182000       3581s  mean    253135  max   507924  V    198751  |d|     413    492k mv/s  1024  99.5  2048  98.8  4096  96.7  8192  90.9  16k  62.9  32k   0.1
checkpoint -> runs/r6_a10.bin (ep 183196)
ep 184000       3620s  mean    251689  max   521180  V    198897  |d|     416    492k mv/s  1024 100.0  2048  99.3  4096  97.5  8192  90.3  16k  61.9  32k   0.1
ep 186000       3660s  mean    248895  max   528380  V    199083  |d|     414    492k mv/s  1024  99.7  2048  98.8  4096  96.6  8192  89.5  16k  60.7  32k   0.1
ep 188000       3699s  mean    247808  max   532992  V    199320  |d|     414    492k mv/s  1024  99.5  2048  98.7  4096  96.3  8192  90.0  16k  60.0  32k   0.1
ep 190000       3741s  mean    256263  max   566012  V    198586  |d|     415    492k mv/s  1024  99.8  2048  99.1  4096  97.2  8192  91.5  16k  63.4  32k   0.1
ep 192000       3779s  mean    246062  max   525032  V    199235  |d|     417    492k mv/s  1024  99.8  2048  98.9  4096  96.2  8192  88.5  16k  59.1  32k   0.1
ep 194000       3819s  mean    250228  max   405140  V    199206  |d|     413    492k mv/s  1024  99.5  2048  98.8  4096  96.2  8192  89.5  16k  61.9  32k   0.0
ep 196000       3858s  mean    248291  max   387020  V    199645  |d|     414    492k mv/s  1024  99.9  2048  99.3  4096  97.0  8192  90.5  16k  59.9  32k   0.0
ep 198000       3898s  mean    252810  max   513056  V    198852  |d|     417    492k mv/s  1024  99.6  2048  99.1  4096  97.0  8192  90.8  16k  62.6  32k   0.1
ep 200000       3937s  mean    248636  max   576576  V    199134  |d|     416    492k mv/s  1024  99.8  2048  98.8  4096  96.4  8192  89.7  16k  60.6  32k   0.1
ep 202000       3976s  mean    248088  max   555848  V    199431  |d|     414    492k mv/s  1024  99.3  2048  98.4  4096  96.2  8192  90.0  16k  60.2  32k   0.3
ep 204000       4016s  mean    249215  max   521824  V    199111  |d|     416    492k mv/s  1024  99.8  2048  98.8  4096  96.2  8192  90.0  16k  60.4  32k   0.1
ep 206000       4055s  mean    250525  max   387468  V    199605  |d|     414    492k mv/s  1024  99.8  2048  99.0  4096  97.4  8192  91.1  16k  61.4  32k   0.0
ep 208000       4094s  mean    251512  max   436364  V    199398  |d|     416    492k mv/s  1024  99.7  2048  99.1  4096  96.8  8192  90.3  16k  62.8  32k   0.0
ep 210000       4134s  mean    248648  max   487228  V    199351  |d|     415    492k mv/s  1024  99.7  2048  99.0  4096  96.3  8192  90.2  16k  60.0  32k   0.1
ep 212000       4174s  mean    254193  max   522352  V    199452  |d|     412    492k mv/s  1024 100.0  2048  99.2  4096  97.9  8192  91.5  16k  63.0  32k   0.1
ep 214000       4214s  mean    254082  max   411064  V    199106  |d|     415    492k mv/s  1024  99.7  2048  99.0  4096  97.0  8192  90.8  16k  63.8  32k   0.0
ep 216000       4253s  mean    249669  max   481744  V    199538  |d|     413    492k mv/s  1024  99.8  2048  99.3  4096  97.2  8192  90.0  16k  60.7  32k   0.1
ep 218000       4292s  mean    251140  max   387312  V    199408  |d|     413    492k mv/s  1024  99.7  2048  99.2  4096  97.1  8192  90.3  16k  61.6  32k   0.0
ep 220000       4332s  mean    251838  max   387392  V    199306  |d|     414    492k mv/s  1024  99.7  2048  99.2  4096  97.0  8192  90.8  16k  62.0  32k   0.0
ep 222000       4372s  mean    249990  max   470888  V    199744  |d|     414    492k mv/s  1024  99.7  2048  98.7  4096  96.4  8192  90.4  16k  61.8  32k   0.0
ep 224000       4411s  mean    249718  max   387072  V    199428  |d|     412    492k mv/s  1024  99.8  2048  99.2  4096  96.8  8192  89.9  16k  60.3  32k   0.0
ep 226000       4450s  mean    252099  max   469912  V    199461  |d|     414    492k mv/s  1024  99.8  2048  99.3  4096  97.0  8192  91.2  16k  61.5  32k   0.1
ep 228000       4490s  mean    251310  max   522408  V    199501  |d|     413    492k mv/s  1024  99.8  2048  98.9  4096  97.0  8192  90.5  16k  61.0  32k   0.1
checkpoint -> runs/r6_a10.bin (ep 228836)
ep 230000       4529s  mean    251547  max   565604  V    199846  |d|     412    492k mv/s  1024  99.8  2048  99.0  4096  96.6  8192  91.0  16k  61.8  32k   0.1
ep 232000       4569s  mean    250928  max   387416  V    199490  |d|     416    492k mv/s  1024  99.7  2048  99.0  4096  96.9  8192  91.3  16k  61.4  32k   0.0
ep 234000       4609s  mean    250685  max   503020  V    199551  |d|     415    492k mv/s  1024  99.8  2048  98.8  4096  96.6  8192  90.5  16k  61.2  32k   0.1
ep 236000       4649s  mean    251971  max   540260  V    199298  |d|     418    492k mv/s  1024  99.8  2048  99.0  4096  96.8  8192  91.2  16k  61.4  32k   0.1
ep 238000       4690s  mean    250843  max   512584  V    199850  |d|     409    492k mv/s  1024  99.8  2048  99.5  4096  97.7  8192  91.0  16k  60.6  32k   0.1
ep 240000       4730s  mean    247995  max   387300  V    199724  |d|     416    492k mv/s  1024  99.9  2048  98.8  4096  96.5  8192  90.2  16k  59.7  32k   0.0
ep 242000       4769s  mean    249745  max   556660  V    199545  |d|     414    492k mv/s  1024  99.8  2048  99.0  4096  96.8  8192  89.8  16k  60.5  32k   0.1
ep 244000       4809s  mean    247377  max   387372  V    200146  |d|     411    492k mv/s  1024  99.8  2048  99.0  4096  96.7  8192  90.3  16k  60.0  32k   0.0
ep 246000       4849s  mean    252771  max   482636  V    199882  |d|     412    492k mv/s  1024  99.7  2048  99.0  4096  97.1  8192  91.2  16k  62.0  32k   0.1
ep 248000       4888s  mean    253324  max   421624  V    199539  |d|     417    492k mv/s  1024  99.9  2048  99.3  4096  97.4  8192  91.2  16k  62.5  32k   0.0
ep 250000       4928s  mean    251042  max   419524  V    200026  |d|     411    492k mv/s  1024  99.3  2048  98.5  4096  96.5  8192  90.8  16k  61.7  32k   0.0
ep 252000       4968s  mean    254795  max   489512  V    199626  |d|     412    492k mv/s  1024  99.7  2048  99.2  4096  96.8  8192  91.4  16k  63.4  32k   0.1
ep 254000       5009s  mean    253440  max   503132  V    199644  |d|     414    492k mv/s  1024  99.8  2048  99.2  4096  96.5  8192  91.2  16k  62.8  32k   0.1
ep 256000       5048s  mean    247189  max   387236  V    200417  |d|     412    492k mv/s  1024  99.8  2048  99.0  4096  96.8  8192  90.3  16k  59.9  32k   0.0
ep 258000       5088s  mean    249357  max   522580  V    200011  |d|     416    492k mv/s  1024  99.8  2048  99.2  4096  97.2  8192  90.0  16k  61.2  32k   0.1
ep 260000       5127s  mean    251071  max   585920  V    199899  |d|     416    492k mv/s  1024  99.5  2048  98.6  4096  96.2  8192  90.2  16k  62.2  32k   0.2
ep 262000       5167s  mean    248776  max   529544  V    200105  |d|     417    492k mv/s  1024  99.8  2048  99.2  4096  96.5  8192  90.3  16k  60.6  32k   0.1
ep 264000       5205s  mean    250894  max   491680  V    199889  |d|     414    492k mv/s  1024  99.8  2048  98.8  4096  96.2  8192  89.9  16k  62.0  32k   0.1
ep 266000       5244s  mean    250099  max   530512  V    200068  |d|     414    492k mv/s  1024  99.8  2048  98.7  4096  96.6  8192  90.0  16k  61.0  32k   0.1
ep 268000       5284s  mean    251763  max   409784  V    199977  |d|     414    492k mv/s  1024  99.7  2048  99.2  4096  97.5  8192  90.2  16k  62.0  32k   0.0
ep 270000       5324s  mean    251214  max   511732  V    199833  |d|     414    492k mv/s  1024  99.6  2048  98.8  4096  96.2  8192  89.7  16k  62.6  32k   0.1
ep 272000       5364s  mean    252676  max   469808  V    200100  |d|     415    492k mv/s  1024  99.5  2048  98.7  4096  96.8  8192  90.8  16k  62.8  32k   0.1
ep 274000       5404s  mean    248995  max   387180  V    200128  |d|     415    492k mv/s  1024  99.5  2048  98.8  4096  96.5  8192  90.1  16k  60.5  32k   0.0
checkpoint -> runs/r6_a10.bin (ep 274198)
ep 276000       5443s  mean    249569  max   533356  V    200191  |d|     414    492k mv/s  1024  99.6  2048  99.0  4096  96.5  8192  89.9  16k  60.9  32k   0.1
ep 278000       5484s  mean    254429  max   533376  V    200058  |d|     416    492k mv/s  1024  99.8  2048  99.2  4096  97.5  8192  91.7  16k  63.5  32k   0.1
ep 280000       5524s  mean    251132  max   428648  V    200423  |d|     412    492k mv/s  1024  99.7  2048  99.2  4096  97.2  8192  91.0  16k  61.4  32k   0.0
ep 282000       5564s  mean    249381  max   515620  V    200545  |d|     414    491k mv/s  1024  99.8  2048  99.0  4096  96.3  8192  90.0  16k  60.6  32k   0.1
ep 284000       5605s  mean    252324  max   534176  V    200153  |d|     413    491k mv/s  1024  99.8  2048  99.0  4096  97.0  8192  91.2  16k  61.5  32k   0.1
ep 286000       5645s  mean    252396  max   528028  V    200051  |d|     418    491k mv/s  1024  99.8  2048  99.2  4096  96.9  8192  91.2  16k  62.0  32k   0.2
ep 288000       5684s  mean    251989  max   387428  V    200255  |d|     413    491k mv/s  1024  99.7  2048  99.2  4096  97.0  8192  91.0  16k  61.8  32k   0.0
ep 290000       5723s  mean    253481  max   527256  V    200292  |d|     412    491k mv/s  1024  99.5  2048  99.2  4096  97.4  8192  91.0  16k  62.8  32k   0.1
ep 292000       5763s  mean    253669  max   387108  V    200129  |d|     414    491k mv/s  1024  99.8  2048  98.8  4096  97.0  8192  90.9  16k  63.3  32k   0.0
ep 294000       5802s  mean    247176  max   479084  V    200639  |d|     415    491k mv/s  1024  99.5  2048  98.8  4096  96.5  8192  90.0  16k  59.8  32k   0.1
ep 296000       5842s  mean    252300  max   487712  V    200173  |d|     416    491k mv/s  1024  99.7  2048  99.0  4096  96.5  8192  90.7  16k  62.5  32k   0.1
ep 298000       5882s  mean    251484  max   555772  V    200434  |d|     415    491k mv/s  1024 100.0  2048  99.2  4096  97.4  8192  90.1  16k  61.6  32k   0.1
ep 300000       5921s  mean    249954  max   468876  V    200577  |d|     411    491k mv/s  1024  99.7  2048  98.9  4096  96.8  8192  90.2  16k  61.0  32k   0.0
ep 302000       5960s  mean    251133  max   409988  V    200299  |d|     415    491k mv/s  1024  99.8  2048  98.8  4096  96.8  8192  90.3  16k  62.6  32k   0.0
ep 304000       6000s  mean    251529  max   387472  V    200453  |d|     414    491k mv/s  1024  99.6  2048  98.7  4096  96.3  8192  90.2  16k  62.4  32k   0.0
ep 306000       6040s  mean    253544  max   405220  V    200487  |d|     412    491k mv/s  1024 100.0  2048  99.3  4096  97.1  8192  91.9  16k  62.2  32k   0.0
ep 308000       6080s  mean    252153  max   398308  V    200446  |d|     416    491k mv/s  1024  99.8  2048  99.2  4096  97.5  8192  91.6  16k  61.2  32k   0.0
ep 310000       6119s  mean    248130  max   387448  V    200964  |d|     415    492k mv/s  1024  99.8  2048  99.2  4096  96.5  8192  89.8  16k  60.9  32k   0.0
ep 312000       6158s  mean    250394  max   513468  V    200598  |d|     415    492k mv/s  1024  99.7  2048  99.1  4096  96.7  8192  91.0  16k  61.0  32k   0.1
ep 314000       6198s  mean    252119  max   387244  V    200488  |d|     415    492k mv/s  1024  99.8  2048  99.3  4096  97.2  8192  90.7  16k  61.6  32k   0.0
ep 316000       6238s  mean    254207  max   409336  V    200512  |d|     413    492k mv/s  1024  99.8  2048  98.8  4096  96.8  8192  91.4  16k  61.9  32k   0.0
ep 318000       6277s  mean    248843  max   486632  V    200820  |d|     416    492k mv/s  1024  99.8  2048  98.7  4096  96.7  8192  90.2  16k  60.5  32k   0.1
checkpoint -> runs/r6_a10.bin (ep 319614)
ep 320000       6317s  mean    253124  max   529152  V    200476  |d|     412    492k mv/s  1024  99.9  2048  99.5  4096  96.8  8192  90.3  16k  62.8  32k   0.1
ep 322000       6356s  mean    252852  max   509780  V    200284  |d|     416    492k mv/s  1024  99.8  2048  99.0  4096  97.0  8192  90.2  16k  62.8  32k   0.1
ep 324000       6396s  mean    251837  max   387556  V    200680  |d|     416    492k mv/s  1024  99.9  2048  99.2  4096  96.8  8192  90.8  16k  62.2  32k   0.0
ep 326000       6436s  mean    255082  max   488916  V    200089  |d|     417    492k mv/s  1024  99.8  2048  98.8  4096  96.7  8192  91.2  16k  63.2  32k   0.1
ep 328000       6476s  mean    252038  max   467836  V    200502  |d|     417    492k mv/s  1024  99.9  2048  99.3  4096  97.0  8192  90.9  16k  61.6  32k   0.1
ep 330000       6516s  mean    253472  max   534808  V    200315  |d|     418    492k mv/s  1024  99.7  2048  99.0  4096  96.5  8192  90.7  16k  62.7  32k   0.1
ep 332000       6556s  mean    250793  max   554284  V    200848  |d|     413    492k mv/s  1024  99.7  2048  99.2  4096  97.0  8192  90.3  16k  61.0  32k   0.1
ep 334000       6595s  mean    248139  max   510196  V    201249  |d|     416    492k mv/s  1024  99.8  2048  99.0  4096  96.8  8192  90.4  16k  61.0  32k   0.1
ep 336000       6634s  mean    251449  max   508784  V    200946  |d|     413    492k mv/s  1024  99.6  2048  98.9  4096  96.7  8192  90.7  16k  62.3  32k   0.1
ep 338000       6673s  mean    245722  max   532940  V    201388  |d|     416    492k mv/s  1024  99.7  2048  99.2  4096  96.8  8192  89.5  16k  58.9  32k   0.1
ep 340000       6712s  mean    249994  max   387196  V    200912  |d|     415    492k mv/s  1024  99.5  2048  98.7  4096  96.8  8192  90.6  16k  61.1  32k   0.0
ep 342000       6752s  mean    253394  max   528724  V    200765  |d|     414    492k mv/s  1024  99.8  2048  98.8  4096  96.9  8192  91.3  16k  61.7  32k   0.1
ep 344000       6792s  mean    250949  max   409760  V    201095  |d|     413    492k mv/s  1024  99.8  2048  99.0  4096  96.8  8192  91.0  16k  61.7  32k   0.0
ep 346000       6831s  mean    250982  max   535624  V    200594  |d|     417    492k mv/s  1024  99.8  2048  99.0  4096  96.5  8192  90.0  16k  61.6  32k   0.1
ep 348000       6871s  mean    253909  max   414300  V    200579  |d|     415    492k mv/s  1024 100.0  2048  99.3  4096  97.2  8192  90.7  16k  62.5  32k   0.0
ep 350000       6911s  mean    250400  max   466640  V    200758  |d|     416    492k mv/s  1024  99.6  2048  98.8  4096  95.7  8192  89.8  16k  62.2  32k   0.1
ep 352000       6950s  mean    250838  max   386440  V    201362  |d|     413    492k mv/s  1024  99.8  2048  99.1  4096  96.6  8192  91.0  16k  62.2  32k   0.0
ep 354000       6989s  mean    249949  max   387164  V    201207  |d|     414    492k mv/s  1024  99.7  2048  99.2  4096  97.0  8192  90.0  16k  61.5  32k   0.0
ep 356000       7028s  mean    251241  max   491084  V    200922  |d|     415    492k mv/s  1024  99.7  2048  99.0  4096  96.5  8192  90.6  16k  62.1  32k   0.1
ep 358000       7067s  mean    249692  max   387464  V    201122  |d|     413    492k mv/s  1024  99.7  2048  99.1  4096  96.5  8192  90.8  16k  61.0  32k   0.0
ep 360000       7107s  mean    253081  max   529208  V    200567  |d|     418    492k mv/s  1024  99.4  2048  98.8  4096  96.9  8192  90.3  16k  62.5  32k   0.1
ep 362000       7147s  mean    250678  max   387976  V    201178  |d|     413    492k mv/s  1024  99.7  2048  99.1  4096  97.2  8192  90.8  16k  61.1  32k   0.0
ep 364000       7186s  mean    252035  max   482224  V    201056  |d|     413    492k mv/s  1024  99.8  2048  99.1  4096  96.8  8192  90.3  16k  62.5  32k   0.1
checkpoint -> runs/r6_a10.bin (ep 365209)
ep 366000       7226s  mean    251196  max   387188  V    200812  |d|     416    492k mv/s  1024  99.8  2048  99.3  4096  96.8  8192  90.5  16k  60.9  32k   0.0
ep 368000       7266s  mean    248735  max   387260  V    201356  |d|     416    492k mv/s  1024  99.8  2048  99.2  4096  96.7  8192  90.2  16k  60.3  32k   0.0
ep 370000       7305s  mean    251556  max   532268  V    201232  |d|     415    492k mv/s  1024  99.7  2048  99.2  4096  97.0  8192  90.7  16k  61.5  32k   0.1
ep 372000       7345s  mean    254938  max   504816  V    200374  |d|     419    492k mv/s  1024  99.6  2048  98.9  4096  97.0  8192  91.4  16k  62.2  32k   0.1
ep 374000       7385s  mean    252110  max   531204  V    201131  |d|     414    492k mv/s  1024  99.8  2048  99.5  4096  97.2  8192  90.8  16k  61.6  32k   0.1
ep 376000       7425s  mean    253872  max   608932  V    200764  |d|     416    492k mv/s  1024  99.8  2048  99.3  4096  97.2  8192  90.8  16k  62.9  32k   0.2
ep 378000       7465s  mean    252532  max   501656  V    201628  |d|     414    492k mv/s  1024  99.8  2048  99.5  4096  97.5  8192  91.3  16k  62.0  32k   0.1
ep 380000       7504s  mean    251051  max   387916  V    201271  |d|     411    492k mv/s  1024  99.8  2048  98.7  4096  96.2  8192  89.8  16k  62.5  32k   0.0
ep 382000       7543s  mean    250629  max   529332  V    201389  |d|     413    492k mv/s  1024  99.8  2048  98.8  4096  96.2  8192  90.0  16k  61.4  32k   0.1
ep 384000       7583s  mean    251796  max   452288  V    201402  |d|     417    492k mv/s  1024  99.8  2048  99.2  4096  96.9  8192  91.0  16k  62.3  32k   0.0
ep 386000       7622s  mean    250547  max   504280  V    201167  |d|     417    492k mv/s  1024  99.8  2048  98.9  4096  96.8  8192  90.1  16k  61.7  32k   0.1
ep 388000       7661s  mean    252430  max   507260  V    201325  |d|     412    492k mv/s  1024  99.8  2048  99.2  4096  96.7  8192  89.8  16k  63.0  32k   0.1
ep 390000       7701s  mean    251236  max   522236  V    201275  |d|     416    492k mv/s  1024  99.9  2048  99.1  4096  97.0  8192  89.9  16k  61.4  32k   0.1
ep 392000       7740s  mean    252159  max   395792  V    201374  |d|     414    492k mv/s  1024  99.8  2048  99.0  4096  96.7  8192  90.7  16k  62.2  32k   0.0
ep 394000       7780s  mean    253490  max   527708  V    201010  |d|     414    492k mv/s  1024  99.8  2048  99.0  4096  96.7  8192  90.0  16k  63.4  32k   0.1
ep 396000       7819s  mean    250023  max   531468  V    201281  |d|     414    492k mv/s  1024  99.8  2048  98.8  4096  96.3  8192  90.0  16k  60.6  32k   0.1
ep 398000       7858s  mean    251132  max   585332  V    201645  |d|     412    492k mv/s  1024  99.6  2048  98.7  4096  96.3  8192  89.9  16k  62.0  32k   0.1
ep 400000       7897s  mean    255157  max   562420  V    200790  |d|     419    492k mv/s  1024  99.8  2048  99.1  4096  97.5  8192  91.1  16k  62.6  32k   0.2
ep 402000       7936s  mean    250617  max   520116  V    201489  |d|     416    492k mv/s  1024  99.7  2048  98.8  4096  97.0  8192  90.9  16k  61.5  32k   0.1
ep 404000       7975s  mean    249693  max   386636  V    201671  |d|     415    492k mv/s  1024  99.7  2048  99.3  4096  96.7  8192  90.7  16k  60.7  32k   0.0
ep 406000       8014s  mean    247720  max   507764  V    201923  |d|     415    492k mv/s  1024  99.4  2048  98.7  4096  96.2  8192  89.5  16k  61.0  32k   0.1
ep 408000       8053s  mean    252431  max   389372  V    201383  |d|     416    492k mv/s  1024  99.7  2048  98.7  4096  96.7  8192  90.3  16k  62.5  32k   0.0
ep 410000       8093s  mean    247924  max   554360  V    201987  |d|     415    492k mv/s  1024  99.6  2048  98.7  4096  96.2  8192  89.4  16k  60.8  32k   0.1
checkpoint -> runs/r6_a10.bin (ep 410972)
ep 412000       8132s  mean    249907  max   528712  V    201497  |d|     417    492k mv/s  1024  99.7  2048  99.0  4096  96.8  8192  90.2  16k  61.2  32k   0.1
ep 414000       8172s  mean    249146  max   460468  V    201841  |d|     414    492k mv/s  1024  99.6  2048  98.7  4096  96.8  8192  90.8  16k  60.1  32k   0.1
ep 416000       8212s  mean    256843  max   535044  V    200951  |d|     415    492k mv/s  1024  99.8  2048  99.0  4096  96.8  8192  91.0  16k  64.2  32k   0.2
ep 418000       8252s  mean    252178  max   522548  V    201484  |d|     415    492k mv/s  1024  99.8  2048  99.0  4096  96.6  8192  89.9  16k  62.1  32k   0.2
ep 420000       8292s  mean    251877  max   453612  V    201970  |d|     413    492k mv/s  1024  99.7  2048  99.2  4096  97.4  8192  91.0  16k  61.8  32k   0.1
ep 422000       8332s  mean    252610  max   488408  V    201703  |d|     416    492k mv/s  1024  99.7  2048  99.0  4096  97.3  8192  90.7  16k  62.7  32k   0.1
ep 424000       8371s  mean    251799  max   533160  V    201652  |d|     416    492k mv/s  1024  99.8  2048  99.2  4096  97.2  8192  91.0  16k  61.7  32k   0.1
ep 426000       8412s  mean    253217  max   576788  V    201659  |d|     415    492k mv/s  1024  99.7  2048  99.1  4096  97.2  8192  91.3  16k  62.3  32k   0.1
ep 428000       8452s  mean    255288  max   527320  V    201302  |d|     419    492k mv/s  1024  99.8  2048  98.9  4096  96.7  8192  91.2  16k  63.6  32k   0.1
ep 430000       8491s  mean    249236  max   522632  V    201719  |d|     418    492k mv/s  1024  99.8  2048  98.9  4096  96.7  8192  90.8  16k  60.4  32k   0.1
ep 432000       8532s  mean    255427  max   425736  V    201271  |d|     417    492k mv/s  1024  99.6  2048  98.8  4096  96.5  8192  90.8  16k  64.0  32k   0.0
ep 434000       8571s  mean    254768  max   511344  V    201459  |d|     414    492k mv/s  1024  99.8  2048  98.8  4096  96.8  8192  91.0  16k  63.8  32k   0.1
ep 436000       8611s  mean    252305  max   387240  V    201560  |d|     416    492k mv/s  1024  99.8  2048  98.9  4096  96.7  8192  91.0  16k  61.7  32k   0.0
ep 438000       8650s  mean    249756  max   529516  V    201981  |d|     415    492k mv/s  1024  99.9  2048  99.4  4096  96.7  8192  89.8  16k  61.1  32k   0.1
ep 440000       8690s  mean    250542  max   506372  V    202315  |d|     412    492k mv/s  1024  99.8  2048  99.0  4096  97.2  8192  91.7  16k  61.0  32k   0.1
ep 442000       8729s  mean    253392  max   411044  V    201886  |d|     415    492k mv/s  1024  99.7  2048  99.0  4096  96.8  8192  90.7  16k  62.9  32k   0.0
ep 444000       8770s  mean    255372  max   427252  V    201652  |d|     413    492k mv/s  1024  99.5  2048  99.0  4096  97.0  8192  91.5  16k  63.9  32k   0.0
ep 446000       8809s  mean    249281  max   511540  V    202152  |d|     413    492k mv/s  1024  99.5  2048  98.9  4096  96.9  8192  90.2  16k  60.6  32k   0.1
ep 448000       8848s  mean    251520  max   533324  V    201945  |d|     417    492k mv/s  1024  99.5  2048  99.0  4096  97.0  8192  90.8  16k  61.2  32k   0.1
ep 450000       8887s  mean    253700  max   387448  V    202076  |d|     414    492k mv/s  1024  99.5  2048  98.8  4096  96.9  8192  90.7  16k  63.9  32k   0.0
ep 452000       8926s  mean    251078  max   386700  V    202282  |d|     418    492k mv/s  1024  99.5  2048  98.8  4096  96.4  8192  90.2  16k  62.9  32k   0.0
ep 454000       8965s  mean    251540  max   524680  V    201811  |d|     416    492k mv/s  1024  99.8  2048  99.0  4096  96.5  8192  90.7  16k  61.2  32k   0.1
saving final checkpoint -> runs/r6_a10.bin
done: 455822 episodes, 4429265338 moves, 9004.6 s
