loading runs/final.bin ...
re-staged 1 -> 3 stage(s), all seeded from stage 0
patterns=8  weights/stage=134217728  stages=3  memory=4.50 GiB  threads=7  alpha=0.100  TC=on
ep 2000           35s  mean    248743  max   473384  V    201572  |d|     416    544k mv/s  1024  99.7  2048  98.8  4096  96.5  8192  89.4  16k  61.2  32k   0.1
ep 4000           71s  mean    251850  max   497816  V    201586  |d|     416    547k mv/s  1024  99.8  2048  99.0  4096  96.7  8192  90.8  16k  62.2  32k   0.1
ep 6000          106s  mean    251169  max   568648  V    201608  |d|     414    550k mv/s  1024  99.8  2048  98.8  4096  96.7  8192  90.3  16k  61.9  32k   0.1
ep 8000          141s  mean    255438  max   388840  V    200809  |d|     417    553k mv/s  1024  99.6  2048  98.5  4096  96.2  8192  90.0  16k  64.3  32k   0.0
ep 10000         176s  mean    252347  max   524308  V    201412  |d|     414    553k mv/s  1024  99.8  2048  98.8  4096  96.9  8192  90.5  16k  62.2  32k   0.1
ep 12000         212s  mean    251710  max   489392  V    201567  |d|     416    552k mv/s  1024  99.8  2048  98.6  4096  96.5  8192  90.8  16k  62.9  32k   0.1
ep 14000         247s  mean    252258  max   533232  V    201904  |d|     410    553k mv/s  1024  99.9  2048  98.8  4096  95.8  8192  90.7  16k  61.9  32k   0.1
ep 16000         282s  mean    250103  max   560552  V    201782  |d|     412    553k mv/s  1024  99.8  2048  98.7  4096  96.5  8192  90.2  16k  61.4  32k   0.1
ep 18000         317s  mean    251878  max   533900  V    201409  |d|     415    553k mv/s  1024  99.6  2048  99.2  4096  97.0  8192  90.2  16k  62.1  32k   0.1
ep 20000         353s  mean    258106  max   492280  V    201422  |d|     410    553k mv/s  1024  99.8  2048  99.2  4096  97.7  8192  92.2  16k  65.2  32k   0.1
ep 22000         387s  mean    251556  max   404888  V    201879  |d|     414    555k mv/s  1024  99.5  2048  98.8  4096  97.5  8192  91.7  16k  62.0  32k   0.0
ep 24000         421s  mean    251101  max   523080  V    202252  |d|     409    556k mv/s  1024  99.8  2048  99.0  4096  96.7  8192  90.2  16k  62.9  32k   0.1
ep 26000         457s  mean    251300  max   523628  V    202192  |d|     411    555k mv/s  1024  99.8  2048  98.8  4096  96.8  8192  90.7  16k  62.2  32k   0.1
ep 28000         493s  mean    252910  max   514952  V    201303  |d|     415    554k mv/s  1024  99.8  2048  99.3  4096  97.1  8192  90.7  16k  62.1  32k   0.1
ep 30000         529s  mean    252484  max   388024  V    201733  |d|     415    554k mv/s  1024  99.8  2048  99.2  4096  96.9  8192  90.5  16k  61.9  32k   0.0
ep 32000         564s  mean    253209  max   509548  V    201530  |d|     411    554k mv/s  1024  99.7  2048  99.0  4096  96.8  8192  89.8  16k  62.7  32k   0.1
ep 34000         599s  mean    255273  max   402728  V    201627  |d|     412    555k mv/s  1024  99.5  2048  98.8  4096  96.7  8192  90.6  16k  65.0  32k   0.0
ep 36000         634s  mean    254126  max   490920  V    201780  |d|     413    555k mv/s  1024  99.7  2048  98.8  4096  96.8  8192  91.3  16k  63.3  32k   0.1
ep 38000         669s  mean    255348  max   406708  V    201707  |d|     415    555k mv/s  1024 100.0  2048  99.5  4096  97.2  8192  92.3  16k  63.0  32k   0.0
ep 40000         705s  mean    252121  max   411616  V    202318  |d|     411    555k mv/s  1024  99.7  2048  99.3  4096  97.7  8192  91.5  16k  62.9  32k   0.0
ep 42000         739s  mean    251926  max   513448  V    202248  |d|     411    555k mv/s  1024  99.8  2048  99.2  4096  97.2  8192  91.1  16k  62.6  32k   0.1
ep 44000         774s  mean    248223  max   409136  V    202615  |d|     412    556k mv/s  1024  99.7  2048  99.3  4096  97.0  8192  90.2  16k  60.6  32k   0.0
ep 46000         809s  mean    255459  max   451864  V    201833  |d|     411    556k mv/s  1024  99.7  2048  99.3  4096  98.0  8192  91.2  16k  63.8  32k   0.0
ep 48000         843s  mean    253911  max   509136  V    201740  |d|     417    557k mv/s  1024  99.8  2048  99.2  4096  96.8  8192  90.5  16k  63.5  32k   0.1
ep 50000         879s  mean    254939  max   510752  V    201843  |d|     414    556k mv/s  1024  99.8  2048  98.9  4096  97.6  8192  92.0  16k  63.9  32k   0.1
ep 52000         915s  mean    255548  max   524420  V    202092  |d|     414    556k mv/s  1024  99.8  2048  99.3  4096  97.0  8192  91.7  16k  64.8  32k   0.1
ep 54000         950s  mean    254537  max   532544  V    201943  |d|     413    556k mv/s  1024  99.8  2048  99.2  4096  96.9  8192  90.7  16k  64.2  32k   0.1
ep 56000         985s  mean    256920  max   532724  V    201896  |d|     411    557k mv/s  1024  99.9  2048  99.4  4096  97.5  8192  92.2  16k  64.6  32k   0.1
ep 58000        1020s  mean    253322  max   523904  V    202356  |d|     413    557k mv/s  1024  99.6  2048  99.2  4096  97.2  8192  91.2  16k  63.2  32k   0.1
ep 60000        1054s  mean    250995  max   512832  V    202649  |d|     407    557k mv/s  1024  99.8  2048  99.0  4096  97.0  8192  90.6  16k  61.9  32k   0.1
ep 62000        1090s  mean    256238  max   387820  V    201789  |d|     415    557k mv/s  1024  99.7  2048  99.2  4096  97.0  8192  90.2  16k  65.2  32k   0.0
ep 64000        1126s  mean    257258  max   559544  V    201806  |d|     414    557k mv/s  1024  99.7  2048  99.0  4096  97.3  8192  91.5  16k  65.3  32k   0.1
ep 66000        1162s  mean    255033  max   533964  V    202490  |d|     411    557k mv/s  1024  99.9  2048  99.2  4096  97.2  8192  91.2  16k  64.1  32k   0.1
ep 68000        1196s  mean    250186  max   488208  V    202584  |d|     410    557k mv/s  1024  99.7  2048  98.8  4096  96.1  8192  89.7  16k  62.4  32k   0.1
checkpoint -> runs/r7_ms.bin (ep 68222)
ep 70000        1232s  mean    251563  max   529104  V    202528  |d|     413    557k mv/s  1024  99.8  2048  99.0  4096  97.1  8192  90.7  16k  62.1  32k   0.1
ep 72000        1268s  mean    256618  max   521604  V    202365  |d|     409    557k mv/s  1024  99.8  2048  99.0  4096  97.2  8192  90.8  16k  65.8  32k   0.1
ep 74000        1302s  mean    254309  max   467900  V    202310  |d|     409    557k mv/s  1024  99.6  2048  99.0  4096  97.0  8192  91.0  16k  63.1  32k   0.1
ep 76000        1337s  mean    250796  max   389136  V    202413  |d|     414    557k mv/s  1024  99.8  2048  99.0  4096  96.7  8192  89.8  16k  62.8  32k   0.0
ep 78000        1371s  mean    254742  max   485560  V    202408  |d|     409    557k mv/s  1024  99.7  2048  99.2  4096  96.8  8192  91.5  16k  64.0  32k   0.1
ep 80000        1406s  mean    255133  max   387348  V    202454  |d|     413    558k mv/s  1024  99.8  2048  99.3  4096  97.0  8192  91.5  16k  65.0  32k   0.0
ep 82000        1441s  mean    253279  max   387560  V    202370  |d|     411    558k mv/s  1024  99.7  2048  99.2  4096  97.2  8192  91.4  16k  63.1  32k   0.0
ep 84000        1475s  mean    251557  max   438580  V    202684  |d|     415    558k mv/s  1024  99.8  2048  99.2  4096  97.6  8192  90.4  16k  62.5  32k   0.0
ep 86000        1511s  mean    256892  max   488960  V    202280  |d|     411    558k mv/s  1024 100.0  2048  99.3  4096  97.0  8192  91.8  16k  64.8  32k   0.1
ep 88000        1546s  mean    252711  max   530152  V    202700  |d|     413    558k mv/s  1024  99.7  2048  99.3  4096  96.8  8192  90.7  16k  63.5  32k   0.1
ep 90000        1580s  mean    253736  max   582012  V    202787  |d|     411    558k mv/s  1024  99.8  2048  99.3  4096  96.9  8192  91.2  16k  63.5  32k   0.1
ep 92000        1615s  mean    253500  max   515280  V    202742  |d|     412    558k mv/s  1024  99.8  2048  99.5  4096  97.5  8192  91.0  16k  63.5  32k   0.1
ep 94000        1650s  mean    254043  max   572124  V    202370  |d|     413    558k mv/s  1024  99.8  2048  98.9  4096  96.3  8192  90.3  16k  64.5  32k   0.1
ep 96000        1685s  mean    251619  max   387444  V    202785  |d|     413    558k mv/s  1024  99.9  2048  99.2  4096  97.0  8192  90.8  16k  62.8  32k   0.0
ep 98000        1720s  mean    251731  max   499264  V    202665  |d|     412    558k mv/s  1024  99.6  2048  98.8  4096  96.1  8192  90.0  16k  62.5  32k   0.1
ep 100000       1755s  mean    255670  max   430064  V    202244  |d|     415    558k mv/s  1024  99.8  2048  99.0  4096  97.0  8192  90.8  16k  64.0  32k   0.0
ep 102000       1789s  mean    249995  max   487808  V    202980  |d|     411    559k mv/s  1024  99.8  2048  99.0  4096  96.7  8192  90.1  16k  61.8  32k   0.1
ep 104000       1825s  mean    255626  max   505004  V    203045  |d|     407    558k mv/s  1024  99.9  2048  99.2  4096  97.5  8192  92.5  16k  64.8  32k   0.1
ep 106000       1860s  mean    252615  max   386632  V    202851  |d|     408    559k mv/s  1024  99.8  2048  99.2  4096  97.1  8192  89.9  16k  63.6  32k   0.0
ep 108000       1894s  mean    252395  max   387664  V    202669  |d|     412    559k mv/s  1024  99.7  2048  98.8  4096  96.8  8192  90.2  16k  63.2  32k   0.0
ep 110000       1927s  mean    250836  max   434668  V    203007  |d|     414    559k mv/s  1024  99.8  2048  99.2  4096  97.2  8192  91.0  16k  62.5  32k   0.0
ep 112000       1962s  mean    249820  max   548716  V    202970  |d|     415    559k mv/s  1024  99.7  2048  99.2  4096  96.2  8192  89.0  16k  62.9  32k   0.1
ep 114000       1997s  mean    250925  max   509512  V    203278  |d|     411    559k mv/s  1024  99.6  2048  98.8  4096  96.8  8192  90.5  16k  62.6  32k   0.1
ep 116000       2032s  mean    256237  max   483984  V    202717  |d|     413    559k mv/s  1024  99.8  2048  99.5  4096  97.5  8192  91.7  16k  64.2  32k   0.1
ep 118000       2067s  mean    251541  max   513012  V    203264  |d|     412    559k mv/s  1024  99.8  2048  99.3  4096  97.5  8192  90.7  16k  62.2  32k   0.1
ep 120000       2101s  mean    251252  max   387460  V    203163  |d|     414    559k mv/s  1024  99.8  2048  99.2  4096  96.6  8192  90.2  16k  62.9  32k   0.0
ep 122000       2137s  mean    255304  max   525812  V    202328  |d|     416    559k mv/s  1024  99.7  2048  99.1  4096  97.1  8192  90.2  16k  64.0  32k   0.1
ep 124000       2171s  mean    253707  max   563908  V    202947  |d|     412    559k mv/s  1024 100.0  2048  99.5  4096  97.3  8192  90.7  16k  64.1  32k   0.1
ep 126000       2205s  mean    249565  max   531368  V    203270  |d|     415    559k mv/s  1024  99.6  2048  98.9  4096  96.0  8192  90.2  16k  62.4  32k   0.1
ep 128000       2240s  mean    252276  max   533260  V    203149  |d|     410    559k mv/s  1024  99.7  2048  99.0  4096  96.5  8192  90.2  16k  63.4  32k   0.1
ep 130000       2276s  mean    254070  max   557504  V    202633  |d|     413    559k mv/s  1024  99.9  2048  98.7  4096  96.3  8192  90.0  16k  63.8  32k   0.1
ep 132000       2312s  mean    254871  max   387232  V    203086  |d|     410    559k mv/s  1024  99.8  2048  99.2  4096  97.5  8192  91.1  16k  64.5  32k   0.0
ep 134000       2346s  mean    246986  max   486328  V    203544  |d|     414    559k mv/s  1024  99.8  2048  99.1  4096  96.9  8192  89.0  16k  61.0  32k   0.1
ep 136000       2380s  mean    250187  max   387120  V    203108  |d|     411    559k mv/s  1024  99.7  2048  98.9  4096  96.8  8192  89.7  16k  62.0  32k   0.0
checkpoint -> runs/r7_ms.bin (ep 137303)
ep 138000       2414s  mean    256482  max   520580  V    202549  |d|     415    560k mv/s  1024  99.8  2048  99.3  4096  97.0  8192  91.0  16k  65.4  32k   0.1
ep 140000       2449s  mean    253404  max   396204  V    203309  |d|     411    560k mv/s  1024  99.7  2048  99.2  4096  96.8  8192  90.5  16k  64.6  32k   0.0
ep 142000       2483s  mean    255822  max   532512  V    202823  |d|     413    560k mv/s  1024  99.8  2048  99.1  4096  97.0  8192  91.4  16k  64.8  32k   0.1
ep 144000       2519s  mean    253350  max   555120  V    202947  |d|     414    560k mv/s  1024  99.7  2048  99.2  4096  96.7  8192  90.5  16k  63.2  32k   0.1
ep 146000       2557s  mean    256190  max   504052  V    203035  |d|     414    559k mv/s  1024  99.8  2048  99.5  4096  97.7  8192  92.0  16k  64.3  32k   0.1
ep 148000       2592s  mean    254307  max   432404  V    203372  |d|     412    559k mv/s  1024  99.7  2048  98.8  4096  97.3  8192  91.0  16k  64.8  32k   0.0
ep 150000       2627s  mean    252025  max   387280  V    203413  |d|     412    559k mv/s  1024  99.8  2048  99.3  4096  97.0  8192  90.8  16k  62.6  32k   0.0
ep 152000       2663s  mean    254172  max   480784  V    203030  |d|     414    559k mv/s  1024  99.7  2048  99.0  4096  97.2  8192  90.8  16k  63.6  32k   0.1
ep 154000       2698s  mean    254118  max   514168  V    203144  |d|     415    559k mv/s  1024  99.9  2048  99.2  4096  97.3  8192  91.0  16k  64.2  32k   0.1
ep 156000       2733s  mean    254026  max   616212  V    203396  |d|     412    559k mv/s  1024  99.7  2048  98.8  4096  96.6  8192  91.2  16k  64.2  32k   0.1
ep 158000       2767s  mean    251978  max   525860  V    203233  |d|     415    559k mv/s  1024  99.5  2048  98.5  4096  97.0  8192  90.9  16k  62.6  32k   0.1
ep 160000       2802s  mean    252077  max   534828  V    203680  |d|     413    559k mv/s  1024  99.8  2048  99.0  4096  96.5  8192  90.8  16k  64.1  32k   0.1
ep 162000       2836s  mean    250554  max   522680  V    203900  |d|     411    559k mv/s  1024  99.8  2048  98.6  4096  97.0  8192  89.8  16k  62.6  32k   0.1
ep 164000       2871s  mean    252943  max   506584  V    203752  |d|     410    559k mv/s  1024  99.8  2048  98.7  4096  96.6  8192  91.0  16k  64.1  32k   0.1
ep 166000       2906s  mean    250885  max   508968  V    203598  |d|     414    559k mv/s  1024  99.7  2048  98.8  4096  96.3  8192  90.0  16k  62.9  32k   0.1
ep 168000       2941s  mean    254028  max   386436  V    203502  |d|     411    559k mv/s  1024  99.6  2048  99.0  4096  96.8  8192  90.2  16k  64.7  32k   0.0
ep 170000       2977s  mean    253430  max   485508  V    203320  |d|     412    559k mv/s  1024  99.6  2048  98.9  4096  96.6  8192  90.6  16k  63.4  32k   0.1
ep 172000       3012s  mean    250653  max   386736  V    203879  |d|     411    559k mv/s  1024  99.7  2048  99.3  4096  96.7  8192  90.5  16k  62.6  32k   0.0
ep 174000       3047s  mean    253199  max   389644  V    203405  |d|     416    559k mv/s  1024  99.8  2048  99.2  4096  97.5  8192  91.5  16k  63.2  32k   0.0
ep 176000       3082s  mean    251556  max   387288  V    204011  |d|     410    559k mv/s  1024  99.7  2048  99.4  4096  97.5  8192  91.2  16k  63.0  32k   0.0
ep 178000       3116s  mean    250371  max   532476  V    204007  |d|     414    559k mv/s  1024  99.8  2048  99.2  4096  96.5  8192  90.9  16k  62.1  32k   0.1
ep 180000       3150s  mean    251009  max   500916  V    203912  |d|     412    559k mv/s  1024  99.6  2048  99.0  4096  96.7  8192  90.2  16k  63.2  32k   0.1
ep 182000       3184s  mean    251043  max   566724  V    203616  |d|     416    559k mv/s  1024  99.7  2048  98.8  4096  96.8  8192  89.5  16k  62.7  32k   0.1
ep 184000       3219s  mean    251032  max   387072  V    203893  |d|     412    559k mv/s  1024  99.7  2048  99.0  4096  96.9  8192  90.3  16k  63.1  32k   0.0
ep 186000       3254s  mean    250059  max   388556  V    203639  |d|     414    559k mv/s  1024  99.8  2048  99.2  4096  96.0  8192  90.2  16k  61.5  32k   0.0
ep 188000       3289s  mean    252731  max   387408  V    203901  |d|     411    559k mv/s  1024  99.8  2048  99.0  4096  97.3  8192  91.2  16k  63.5  32k   0.0
ep 190000       3324s  mean    256477  max   533100  V    203724  |d|     413    559k mv/s  1024  99.6  2048  99.0  4096  97.3  8192  91.7  16k  65.3  32k   0.1
ep 192000       3359s  mean    254272  max   387228  V    203663  |d|     413    559k mv/s  1024  99.8  2048  99.0  4096  97.0  8192  91.2  16k  63.5  32k   0.0
ep 194000       3394s  mean    252950  max   532800  V    203706  |d|     415    559k mv/s  1024  99.8  2048  99.2  4096  97.3  8192  90.9  16k  63.5  32k   0.3
ep 196000       3428s  mean    252291  max   387140  V    204091  |d|     413    559k mv/s  1024  99.7  2048  99.2  4096  97.2  8192  91.0  16k  63.9  32k   0.0
ep 198000       3463s  mean    255367  max   557680  V    203644  |d|     411    560k mv/s  1024  99.8  2048  99.3  4096  97.2  8192  90.5  16k  64.8  32k   0.1
ep 200000       3498s  mean    251976  max   470860  V    204343  |d|     410    560k mv/s  1024  99.9  2048  99.2  4096  97.0  8192  91.4  16k  62.5  32k   0.1
ep 202000       3533s  mean    254000  max   387220  V    203932  |d|     409    560k mv/s  1024  99.8  2048  99.0  4096  96.6  8192  91.0  16k  63.8  32k   0.0
ep 204000       3568s  mean    250468  max   533416  V    204189  |d|     417    560k mv/s  1024  99.8  2048  99.3  4096  97.5  8192  90.7  16k  62.4  32k   0.1
checkpoint -> runs/r7_ms.bin (ep 205978)
ep 206000       3603s  mean    253319  max   407496  V    203623  |d|     414    560k mv/s  1024  99.7  2048  99.0  4096  96.8  8192  90.0  16k  63.9  32k   0.0
ep 208000       3639s  mean    255295  max   421828  V    203528  |d|     414    559k mv/s  1024  99.8  2048  99.0  4096  96.7  8192  91.0  16k  64.4  32k   0.0
ep 210000       3674s  mean    250140  max   482676  V    204405  |d|     412    559k mv/s  1024  99.8  2048  99.2  4096  97.0  8192  90.4  16k  62.8  32k   0.1
ep 212000       3709s  mean    256814  max   511840  V    203672  |d|     412    559k mv/s  1024  99.7  2048  99.3  4096  97.7  8192  91.2  16k  65.0  32k   0.1
ep 214000       3745s  mean    252705  max   534380  V    203896  |d|     415    559k mv/s  1024 100.0  2048  99.7  4096  96.8  8192  90.6  16k  62.5  32k   0.1
ep 216000       3780s  mean    248838  max   387304  V    204802  |d|     409    559k mv/s  1024  99.9  2048  99.2  4096  96.5  8192  89.8  16k  62.9  32k   0.0
ep 218000       3814s  mean    249728  max   566460  V    204448  |d|     414    559k mv/s  1024  99.9  2048  99.2  4096  97.2  8192  90.1  16k  62.4  32k   0.1
ep 220000       3849s  mean    250769  max   558964  V    204258  |d|     414    559k mv/s  1024  99.6  2048  98.9  4096  97.2  8192  90.6  16k  62.2  32k   0.1
ep 222000       3884s  mean    255093  max   488144  V    204156  |d|     413    559k mv/s  1024  99.8  2048  99.4  4096  97.3  8192  91.5  16k  64.5  32k   0.1
ep 224000       3918s  mean    251265  max   477768  V    203988  |d|     417    559k mv/s  1024  99.9  2048  99.1  4096  97.2  8192  91.2  16k  61.9  32k   0.1
ep 226000       3953s  mean    255491  max   485832  V    203682  |d|     414    559k mv/s  1024  99.5  2048  98.9  4096  97.4  8192  90.8  16k  64.7  32k   0.1
ep 228000       3988s  mean    254673  max   561136  V    203870  |d|     413    559k mv/s  1024  99.7  2048  99.0  4096  96.5  8192  90.8  16k  64.6  32k   0.1
ep 230000       4024s  mean    253064  max   387576  V    204417  |d|     412    559k mv/s  1024  99.7  2048  99.1  4096  97.0  8192  90.5  16k  64.0  32k   0.0
ep 232000       4059s  mean    258939  max   507352  V    203638  |d|     413    559k mv/s  1024 100.0  2048  99.5  4096  97.5  8192  91.9  16k  66.5  32k   0.1
ep 234000       4094s  mean    251201  max   512360  V    204547  |d|     412    559k mv/s  1024 100.0  2048  99.3  4096  96.6  8192  89.6  16k  63.0  32k   0.1
ep 236000       4129s  mean    253423  max   386848  V    204274  |d|     416    559k mv/s  1024  99.7  2048  99.5  4096  97.8  8192  91.6  16k  63.6  32k   0.0
ep 238000       4164s  mean    249705  max   476700  V    204786  |d|     412    559k mv/s  1024  99.7  2048  99.2  4096  97.2  8192  90.5  16k  62.1  32k   0.1
ep 240000       4199s  mean    252531  max   488024  V    204480  |d|     411    559k mv/s  1024  99.7  2048  99.2  4096  97.2  8192  90.3  16k  63.4  32k   0.1
ep 242000       4234s  mean    249930  max   408896  V    204660  |d|     412    559k mv/s  1024  99.8  2048  99.0  4096  97.0  8192  90.2  16k  62.9  32k   0.0
ep 244000       4270s  mean    256550  max   566912  V    203818  |d|     411    559k mv/s  1024  99.7  2048  99.1  4096  96.8  8192  91.3  16k  64.9  32k   0.2
ep 246000       4305s  mean    248277  max   511152  V    204961  |d|     416    559k mv/s  1024  99.7  2048  98.8  4096  96.7  8192  90.4  16k  61.8  32k   0.1
ep 248000       4339s  mean    249566  max   455928  V    204485  |d|     417    559k mv/s  1024  99.7  2048  99.0  4096  96.6  8192  90.0  16k  62.5  32k   0.0
ep 250000       4374s  mean    247978  max   477064  V    205049  |d|     415    559k mv/s  1024  99.8  2048  99.1  4096  97.2  8192  90.5  16k  60.6  32k   0.1
ep 252000       4410s  mean    253938  max   387060  V    204473  |d|     410    559k mv/s  1024  99.8  2048  99.3  4096  97.7  8192  91.3  16k  63.4  32k   0.0
ep 254000       4444s  mean    251149  max   488668  V    204643  |d|     414    559k mv/s  1024  99.7  2048  98.9  4096  97.3  8192  90.9  16k  62.3  32k   0.1
ep 256000       4478s  mean    250400  max   561660  V    205053  |d|     413    559k mv/s  1024  99.8  2048  99.3  4096  97.6  8192  91.3  16k  61.8  32k   0.1
ep 258000       4513s  mean    253200  max   531648  V    204175  |d|     414    559k mv/s  1024  99.7  2048  99.3  4096  96.7  8192  90.2  16k  64.0  32k   0.1
ep 260000       4548s  mean    253195  max   486840  V    204550  |d|     415    559k mv/s  1024  99.7  2048  99.2  4096  97.8  8192  91.3  16k  63.5  32k   0.1
ep 262000       4581s  mean    250361  max   483060  V    204880  |d|     414    559k mv/s  1024  99.8  2048  99.5  4096  97.0  8192  90.9  16k  62.6  32k   0.1
ep 264000       4616s  mean    254095  max   520208  V    204503  |d|     413    559k mv/s  1024  99.8  2048  99.2  4096  97.2  8192  90.5  16k  64.0  32k   0.1
ep 266000       4651s  mean    250500  max   527204  V    204719  |d|     412    559k mv/s  1024  99.7  2048  98.7  4096  96.8  8192  89.9  16k  62.2  32k   0.2
ep 268000       4686s  mean    253547  max   532336  V    204834  |d|     412    559k mv/s  1024  99.8  2048  99.1  4096  97.0  8192  91.2  16k  64.3  32k   0.1
ep 270000       4720s  mean    251765  max   398596  V    204833  |d|     410    559k mv/s  1024  99.9  2048  99.2  4096  97.0  8192  90.2  16k  63.5  32k   0.0
ep 272000       4755s  mean    250932  max   560284  V    204843  |d|     415    559k mv/s  1024  99.7  2048  99.1  4096  97.0  8192  90.8  16k  63.0  32k   0.1
ep 274000       4789s  mean    250466  max   511944  V    205003  |d|     414    559k mv/s  1024  99.8  2048  99.3  4096  97.5  8192  90.8  16k  62.2  32k   0.1
checkpoint -> runs/r7_ms.bin (ep 274784)
ep 276000       4823s  mean    252372  max   513108  V    204874  |d|     412    560k mv/s  1024  99.9  2048  99.5  4096  97.2  8192  90.4  16k  64.0  32k   0.1
ep 278000       4857s  mean    252439  max   387812  V    204977  |d|     415    560k mv/s  1024  99.8  2048  98.8  4096  97.0  8192  91.0  16k  63.7  32k   0.0
ep 280000       4891s  mean    250555  max   489684  V    205017  |d|     415    560k mv/s  1024  99.8  2048  99.0  4096  97.0  8192  90.2  16k  63.3  32k   0.1
ep 282000       4925s  mean    254396  max   404628  V    204444  |d|     414    560k mv/s  1024  99.8  2048  99.2  4096  97.2  8192  91.2  16k  63.5  32k   0.0
ep 284000       4960s  mean    255088  max   387364  V    204856  |d|     410    560k mv/s  1024 100.0  2048  99.1  4096  97.5  8192  92.2  16k  63.9  32k   0.0
ep 286000       4996s  mean    251535  max   509060  V    204994  |d|     414    560k mv/s  1024  99.8  2048  99.1  4096  96.9  8192  90.5  16k  63.5  32k   0.1
ep 288000       5032s  mean    256104  max   531236  V    204672  |d|     412    560k mv/s  1024  99.9  2048  99.3  4096  97.3  8192  91.3  16k  65.0  32k   0.1
ep 290000       5066s  mean    251800  max   530688  V    205231  |d|     410    560k mv/s  1024  99.8  2048  98.8  4096  96.8  8192  91.7  16k  62.8  32k   0.1
ep 292000       5101s  mean    252884  max   387160  V    205002  |d|     412    560k mv/s  1024  99.8  2048  98.8  4096  97.1  8192  91.2  16k  64.3  32k   0.0
ep 294000       5135s  mean    248591  max   463344  V    205057  |d|     415    560k mv/s  1024  99.7  2048  99.1  4096  96.7  8192  89.9  16k  61.5  32k   0.0
ep 296000       5170s  mean    254589  max   387352  V    205265  |d|     408    560k mv/s  1024  99.8  2048  99.5  4096  97.5  8192  91.9  16k  64.5  32k   0.0
ep 298000       5205s  mean    253529  max   492308  V    204839  |d|     412    560k mv/s  1024  99.9  2048  99.0  4096  96.8  8192  90.7  16k  64.5  32k   0.1
ep 300000       5239s  mean    253969  max   527660  V    204928  |d|     410    560k mv/s  1024  99.8  2048  99.0  4096  96.4  8192  90.3  16k  64.7  32k   0.1
ep 302000       5273s  mean    250012  max   503824  V    205144  |d|     412    560k mv/s  1024  99.5  2048  98.9  4096  96.3  8192  89.8  16k  62.6  32k   0.1
ep 304000       5308s  mean    253442  max   523456  V    204934  |d|     410    560k mv/s  1024  99.8  2048  99.0  4096  96.8  8192  91.0  16k  64.3  32k   0.1
ep 306000       5344s  mean    255567  max   386952  V    204707  |d|     414    560k mv/s  1024 100.0  2048  99.0  4096  97.1  8192  91.9  16k  64.8  32k   0.0
ep 308000       5379s  mean    253642  max   408800  V    204561  |d|     411    560k mv/s  1024  99.7  2048  99.0  4096  96.6  8192  90.2  16k  63.4  32k   0.0
ep 310000       5413s  mean    252449  max   571780  V    204974  |d|     414    560k mv/s  1024  99.8  2048  99.2  4096  96.7  8192  90.0  16k  63.5  32k   0.1
ep 312000       5448s  mean    255696  max   534032  V    204815  |d|     412    560k mv/s  1024  99.8  2048  99.2  4096  97.2  8192  91.6  16k  64.2  32k   0.1
ep 314000       5482s  mean    249200  max   392620  V    205128  |d|     418    560k mv/s  1024  99.8  2048  99.3  4096  96.6  8192  90.4  16k  61.8  32k   0.0
ep 316000       5517s  mean    252820  max   409776  V    205338  |d|     408    560k mv/s  1024 100.0  2048  99.0  4096  96.6  8192  91.0  16k  63.9  32k   0.0
ep 318000       5552s  mean    251873  max   386264  V    205495  |d|     414    560k mv/s  1024  99.9  2048  99.0  4096  97.0  8192  91.2  16k  63.0  32k   0.0
ep 320000       5587s  mean    253918  max   469744  V    205050  |d|     415    560k mv/s  1024  99.8  2048  99.3  4096  97.5  8192  91.4  16k  64.8  32k   0.1
ep 322000       5622s  mean    251375  max   386740  V    205357  |d|     413    560k mv/s  1024  99.8  2048  99.2  4096  96.7  8192  90.4  16k  63.4  32k   0.0
ep 324000       5656s  mean    254492  max   387296  V    205342  |d|     413    560k mv/s  1024  99.8  2048  99.3  4096  97.2  8192  91.6  16k  65.2  32k   0.0
ep 326000       5689s  mean    250314  max   387152  V    205422  |d|     410    560k mv/s  1024 100.0  2048  99.2  4096  97.0  8192  90.0  16k  62.9  32k   0.0
ep 328000       5723s  mean    250512  max   386908  V    205539  |d|     413    560k mv/s  1024  99.8  2048  99.2  4096  96.7  8192  89.3  16k  64.0  32k   0.0
ep 330000       5759s  mean    255294  max   524148  V    204869  |d|     412    560k mv/s  1024  99.8  2048  99.2  4096  97.5  8192  90.5  16k  64.3  32k   0.1
ep 332000       5793s  mean    253895  max   556932  V    205211  |d|     415    560k mv/s  1024  99.7  2048  99.0  4096  97.0  8192  91.1  16k  64.6  32k   0.1
ep 334000       5828s  mean    253952  max   511972  V    205360  |d|     412    560k mv/s  1024  99.8  2048  99.4  4096  97.5  8192  91.4  16k  64.3  32k   0.1
ep 336000       5861s  mean    250882  max   427872  V    205416  |d|     411    561k mv/s  1024  99.8  2048  99.3  4096  96.6  8192  90.2  16k  62.9  32k   0.0
ep 338000       5896s  mean    253974  max   387052  V    205752  |d|     408    561k mv/s  1024  99.8  2048  99.2  4096  97.2  8192  90.8  16k  65.0  32k   0.0
ep 340000       5929s  mean    251162  max   477868  V    205525  |d|     414    561k mv/s  1024  99.9  2048  99.5  4096  97.5  8192  90.5  16k  62.2  32k   0.1
ep 342000       5963s  mean    252360  max   387208  V    205659  |d|     412    561k mv/s  1024 100.0  2048  99.5  4096  97.1  8192  91.0  16k  63.6  32k   0.0
ep 344000       5997s  mean    250890  max   468724  V    205909  |d|     410    561k mv/s  1024  99.8  2048  99.2  4096  96.7  8192  90.5  16k  62.6  32k   0.1
checkpoint -> runs/r7_ms.bin (ep 344409)
ep 346000       6031s  mean    252639  max   438116  V    205563  |d|     413    561k mv/s  1024  99.8  2048  99.3  4096  97.3  8192  91.3  16k  64.0  32k   0.0
ep 348000       6066s  mean    252887  max   389332  V    205420  |d|     413    561k mv/s  1024  99.8  2048  99.0  4096  96.7  8192  90.0  16k  64.3  32k   0.0
ep 350000       6100s  mean    254495  max   531596  V    205523  |d|     408    561k mv/s  1024  99.8  2048  99.0  4096  96.4  8192  90.2  16k  66.0  32k   0.1
ep 352000       6134s  mean    252199  max   387356  V    205050  |d|     416    561k mv/s  1024  99.7  2048  98.7  4096  96.5  8192  90.0  16k  64.2  32k   0.0
ep 354000       6168s  mean    257488  max   533100  V    204931  |d|     414    561k mv/s  1024  99.8  2048  99.2  4096  97.3  8192  92.1  16k  65.7  32k   0.1
ep 356000       6202s  mean    252963  max   387344  V    205466  |d|     412    561k mv/s  1024  99.9  2048  99.2  4096  97.5  8192  91.2  16k  63.2  32k   0.0
ep 358000       6237s  mean    253304  max   484988  V    205825  |d|     409    561k mv/s  1024  99.7  2048  99.2  4096  97.0  8192  91.1  16k  63.8  32k   0.1
ep 360000       6272s  mean    249517  max   551396  V    205935  |d|     414    561k mv/s  1024  99.8  2048  99.0  4096  96.7  8192  90.2  16k  62.0  32k   0.1
ep 362000       6307s  mean    252082  max   531824  V    205584  |d|     413    561k mv/s  1024  99.8  2048  99.2  4096  96.7  8192  90.8  16k  63.2  32k   0.1
ep 364000       6342s  mean    249190  max   532328  V    206205  |d|     414    561k mv/s  1024  99.7  2048  99.0  4096  97.3  8192  91.0  16k  61.9  32k   0.1
ep 366000       6377s  mean    252880  max   511136  V    205538  |d|     416    561k mv/s  1024  99.8  2048  99.2  4096  97.0  8192  91.1  16k  63.8  32k   0.1
ep 368000       6412s  mean    254489  max   405392  V    205493  |d|     412    561k mv/s  1024  99.9  2048  99.2  4096  97.3  8192  91.5  16k  64.3  32k   0.0
ep 370000       6447s  mean    254368  max   512092  V    205691  |d|     415    561k mv/s  1024  99.8  2048  99.0  4096  97.5  8192  91.8  16k  64.7  32k   0.1
ep 372000       6482s  mean    256455  max   386980  V    205189  |d|     414    561k mv/s  1024  99.8  2048  99.2  4096  97.2  8192  91.5  16k  65.7  32k   0.0
ep 374000       6517s  mean    253249  max   387460  V    205720  |d|     412    561k mv/s  1024  99.7  2048  99.0  4096  97.0  8192  90.5  16k  64.3  32k   0.0
ep 376000       6551s  mean    249896  max   387232  V    206122  |d|     415    561k mv/s  1024  99.9  2048  99.1  4096  96.5  8192  91.0  16k  62.5  32k   0.0
ep 378000       6585s  mean    253268  max   387308  V    205960  |d|     412    561k mv/s  1024  99.8  2048  99.0  4096  97.3  8192  92.2  16k  63.1  32k   0.0
ep 380000       6619s  mean    253231  max   387204  V    205708  |d|     414    561k mv/s  1024  99.8  2048  99.2  4096  97.2  8192  91.0  16k  63.5  32k   0.0
ep 382000       6654s  mean    254991  max   387276  V    205680  |d|     412    561k mv/s  1024  99.7  2048  99.2  4096  97.5  8192  91.8  16k  64.5  32k   0.0
ep 384000       6689s  mean    250610  max   406160  V    206084  |d|     414    561k mv/s  1024  99.8  2048  98.8  4096  96.2  8192  90.7  16k  63.0  32k   0.0
ep 386000       6724s  mean    254896  max   551540  V    205732  |d|     412    561k mv/s  1024  99.8  2048  99.3  4096  97.6  8192  91.0  16k  64.8  32k   0.1
ep 388000       6759s  mean    249485  max   387372  V    206064  |d|     417    561k mv/s  1024  99.8  2048  99.5  4096  97.0  8192  90.5  16k  62.0  32k   0.0
ep 390000       6794s  mean    253727  max   387120  V    205954  |d|     412    561k mv/s  1024  99.8  2048  99.2  4096  97.5  8192  91.7  16k  63.5  32k   0.0
ep 392000       6830s  mean    251883  max   500824  V    206043  |d|     413    561k mv/s  1024  99.8  2048  99.3  4096  96.7  8192  90.3  16k  63.6  32k   0.1
ep 394000       6865s  mean    252177  max   409936  V    206100  |d|     416    561k mv/s  1024  99.9  2048  99.2  4096  97.3  8192  91.7  16k  63.1  32k   0.0
ep 396000       6899s  mean    253085  max   387076  V    205839  |d|     415    561k mv/s  1024  99.8  2048  99.0  4096  96.8  8192  90.2  16k  64.7  32k   0.0
ep 398000       6934s  mean    249657  max   387228  V    206431  |d|     412    561k mv/s  1024  99.8  2048  99.0  4096  97.0  8192  90.2  16k  62.5  32k   0.0
ep 400000       6967s  mean    250695  max   387764  V    206390  |d|     412    561k mv/s  1024  99.8  2048  99.2  4096  96.8  8192  90.5  16k  63.0  32k   0.0
ep 402000       7002s  mean    250276  max   411284  V    206229  |d|     413    561k mv/s  1024  99.8  2048  99.2  4096  96.8  8192  89.8  16k  63.1  32k   0.0
ep 404000       7036s  mean    251554  max   386972  V    206221  |d|     415    561k mv/s  1024  99.8  2048  99.2  4096  96.7  8192  91.5  16k  62.9  32k   0.0
ep 406000       7071s  mean    256237  max   387444  V    205319  |d|     414    561k mv/s  1024  99.8  2048  99.2  4096  96.8  8192  90.6  16k  65.7  32k   0.0
ep 408000       7106s  mean    255211  max   486024  V    205931  |d|     412    561k mv/s  1024  99.7  2048  99.1  4096  97.3  8192  91.7  16k  64.7  32k   0.1
ep 410000       7140s  mean    251111  max   483800  V    206168  |d|     417    561k mv/s  1024  99.9  2048  99.2  4096  96.6  8192  91.2  16k  63.0  32k   0.1
ep 412000       7175s  mean    255423  max   533084  V    205859  |d|     414    561k mv/s  1024  99.8  2048  99.2  4096  97.2  8192  91.8  16k  65.2  32k   0.1
checkpoint -> runs/r7_ms.bin (ep 413806)
ep 414000       7209s  mean    251978  max   528572  V    206387  |d|     414    561k mv/s  1024  99.7  2048  98.9  4096  96.6  8192  91.0  16k  64.5  32k   0.1
ep 416000       7245s  mean    254208  max   607288  V    206018  |d|     416    561k mv/s  1024 100.0  2048  99.5  4096  97.3  8192  91.7  16k  64.3  32k   0.1
ep 418000       7280s  mean    255171  max   387096  V    206121  |d|     414    561k mv/s  1024  99.8  2048  99.3  4096  97.3  8192  91.9  16k  64.7  32k   0.0
ep 420000       7314s  mean    251234  max   574380  V    206287  |d|     414    561k mv/s  1024  99.8  2048  99.3  4096  96.3  8192  90.0  16k  64.6  32k   0.1
ep 422000       7348s  mean    252479  max   425080  V    206260  |d|     417    562k mv/s  1024  99.8  2048  99.2  4096  97.1  8192  91.4  16k  63.6  32k   0.0
ep 424000       7382s  mean    250767  max   386760  V    206602  |d|     411    562k mv/s  1024  99.8  2048  99.2  4096  97.2  8192  91.5  16k  61.7  32k   0.0
ep 426000       7417s  mean    251807  max   386744  V    206110  |d|     415    562k mv/s  1024  99.8  2048  99.1  4096  96.8  8192  90.0  16k  63.5  32k   0.0
ep 428000       7451s  mean    252702  max   387368  V    206286  |d|     414    562k mv/s  1024  99.8  2048  99.2  4096  97.0  8192  90.8  16k  63.9  32k   0.0
ep 430000       7486s  mean    249033  max   387052  V    206566  |d|     413    562k mv/s  1024  99.5  2048  98.5  4096  96.2  8192  89.0  16k  62.6  32k   0.0
ep 432000       7520s  mean    254889  max   386308  V    206072  |d|     410    562k mv/s  1024  99.7  2048  99.2  4096  97.0  8192  91.4  16k  64.3  32k   0.0
ep 434000       7554s  mean    253698  max   387260  V    206222  |d|     413    562k mv/s  1024  99.5  2048  99.1  4096  97.5  8192  91.6  16k  64.3  32k   0.0
ep 436000       7589s  mean    255323  max   429484  V    205762  |d|     412    562k mv/s  1024  99.7  2048  99.2  4096  96.9  8192  90.7  16k  64.9  32k   0.0
ep 438000       7625s  mean    255523  max   525916  V    206039  |d|     414    562k mv/s  1024  99.8  2048  99.3  4096  97.2  8192  91.7  16k  65.0  32k   0.1
ep 440000       7659s  mean    253918  max   405148  V    206547  |d|     410    562k mv/s  1024  99.8  2048  99.3  4096  97.9  8192  91.4  16k  64.4  32k   0.0
ep 442000       7693s  mean    253078  max   387084  V    206235  |d|     412    562k mv/s  1024  99.7  2048  99.0  4096  97.2  8192  90.7  16k  64.5  32k   0.0
ep 444000       7727s  mean    252571  max   386944  V    206359  |d|     414    562k mv/s  1024  99.8  2048  99.3  4096  96.8  8192  90.7  16k  64.1  32k   0.0
ep 446000       7761s  mean    253292  max   528784  V    206257  |d|     412    562k mv/s  1024  99.8  2048  99.2  4096  96.5  8192  90.2  16k  63.9  32k   0.1
ep 448000       7795s  mean    249698  max   386492  V    206734  |d|     417    562k mv/s  1024  99.8  2048  99.1  4096  96.7  8192  90.5  16k  63.1  32k   0.0
ep 450000       7829s  mean    252272  max   522396  V    206448  |d|     411    562k mv/s  1024  99.8  2048  99.2  4096  96.6  8192  90.3  16k  64.3  32k   0.1
ep 452000       7865s  mean    253870  max   387220  V    206127  |d|     413    562k mv/s  1024  99.8  2048  99.2  4096  96.8  8192  90.5  16k  64.5  32k   0.0
ep 454000       7899s  mean    254686  max   387200  V    206122  |d|     417    562k mv/s  1024  99.8  2048  99.2  4096  97.3  8192  91.5  16k  64.5  32k   0.0
ep 456000       7934s  mean    255751  max   508112  V    206248  |d|     416    562k mv/s  1024  99.5  2048  99.0  4096  97.6  8192  91.2  16k  66.0  32k   0.1
ep 458000       7968s  mean    254529  max   557496  V    206238  |d|     413    562k mv/s  1024  99.7  2048  99.2  4096  97.1  8192  91.2  16k  64.7  32k   0.1
ep 460000       8003s  mean    257410  max   387128  V    205610  |d|     420    562k mv/s  1024  99.8  2048  99.0  4096  97.2  8192  91.5  16k  65.8  32k   0.0
ep 462000       8038s  mean    256164  max   466960  V    205957  |d|     418    562k mv/s  1024  99.8  2048  99.2  4096  96.7  8192  91.8  16k  65.8  32k   0.1
ep 464000       8072s  mean    254056  max   387136  V    206075  |d|     417    562k mv/s  1024  99.8  2048  99.2  4096  96.7  8192  91.2  16k  64.3  32k   0.0
ep 466000       8107s  mean    254674  max   531376  V    206144  |d|     414    562k mv/s  1024  99.7  2048  98.8  4096  97.2  8192  91.0  16k  64.8  32k   0.1
ep 468000       8142s  mean    253866  max   387088  V    206648  |d|     412    562k mv/s  1024  99.8  2048  99.2  4096  97.2  8192  90.7  16k  64.5  32k   0.0
ep 470000       8176s  mean    251070  max   478136  V    207109  |d|     409    562k mv/s  1024  99.8  2048  99.3  4096  96.8  8192  91.5  16k  62.5  32k   0.1
ep 472000       8211s  mean    256040  max   392380  V    206382  |d|     412    562k mv/s  1024  99.7  2048  99.0  4096  96.8  8192  91.5  16k  66.3  32k   0.0
ep 474000       8245s  mean    254427  max   387196  V    206335  |d|     415    562k mv/s  1024  99.7  2048  99.1  4096  97.1  8192  91.0  16k  64.7  32k   0.0
ep 476000       8279s  mean    249938  max   456560  V    206619  |d|     417    562k mv/s  1024  99.6  2048  98.8  4096  96.4  8192  89.8  16k  63.1  32k   0.1
ep 478000       8313s  mean    246070  max   385984  V    207720  |d|     411    562k mv/s  1024  99.8  2048  99.2  4096  96.9  8192  89.8  16k  61.0  32k   0.0
ep 480000       8348s  mean    254703  max   386768  V    206696  |d|     412    562k mv/s  1024  99.8  2048  99.2  4096  97.3  8192  91.3  16k  65.3  32k   0.0
ep 482000       8383s  mean    252143  max   410564  V    206948  |d|     414    562k mv/s  1024  99.8  2048  99.1  4096  97.7  8192  90.8  16k  64.3  32k   0.0
checkpoint -> runs/r7_ms.bin (ep 483293)
ep 484000       8418s  mean    251117  max   469104  V    206931  |d|     414    562k mv/s  1024  99.8  2048  99.0  4096  97.0  8192  90.6  16k  63.9  32k   0.1
ep 486000       8452s  mean    252705  max   387788  V    206370  |d|     417    562k mv/s  1024  99.8  2048  99.0  4096  96.8  8192  91.0  16k  63.4  32k   0.0
ep 488000       8487s  mean    251942  max   387032  V    207080  |d|     415    562k mv/s  1024  99.8  2048  99.0  4096  96.4  8192  91.2  16k  63.9  32k   0.0
ep 490000       8521s  mean    251151  max   461800  V    206877  |d|     413    562k mv/s  1024  99.8  2048  99.2  4096  97.0  8192  90.0  16k  63.7  32k   0.1
ep 492000       8556s  mean    252660  max   495604  V    206632  |d|     412    562k mv/s  1024  99.7  2048  99.1  4096  96.8  8192  90.2  16k  64.2  32k   0.1
ep 494000       8590s  mean    251939  max   407372  V    206816  |d|     415    562k mv/s  1024  99.9  2048  99.2  4096  96.8  8192  90.8  16k  64.0  32k   0.0
ep 496000       8624s  mean    251602  max   467856  V    207229  |d|     412    562k mv/s  1024  99.8  2048  99.2  4096  97.0  8192  90.8  16k  63.5  32k   0.1
ep 498000       8658s  mean    253078  max   509480  V    206550  |d|     412    562k mv/s  1024  99.8  2048  99.2  4096  97.2  8192  90.4  16k  63.5  32k   0.1
ep 500000       8693s  mean    254994  max   512180  V    206391  |d|     415    562k mv/s  1024 100.0  2048  99.3  4096  97.0  8192  90.3  16k  65.5  32k   0.1
ep 502000       8728s  mean    254658  max   387152  V    206515  |d|     414    562k mv/s  1024  99.9  2048  99.5  4096  97.0  8192  90.7  16k  64.8  32k   0.0
ep 504000       8763s  mean    253948  max   513240  V    206451  |d|     417    562k mv/s  1024  99.8  2048  99.2  4096  96.6  8192  90.9  16k  64.7  32k   0.1
ep 506000       8797s  mean    251103  max   556472  V    207473  |d|     411    562k mv/s  1024  99.7  2048  99.1  4096  97.3  8192  91.1  16k  63.7  32k   0.1
ep 508000       8832s  mean    253334  max   508560  V    206697  |d|     416    562k mv/s  1024  99.9  2048  99.5  4096  97.3  8192  91.6  16k  63.7  32k   0.1
ep 510000       8866s  mean    251178  max   503940  V    206830  |d|     415    562k mv/s  1024  99.7  2048  99.0  4096  96.5  8192  90.2  16k  62.9  32k   0.1
ep 512000       8900s  mean    251881  max   532644  V    207296  |d|     416    562k mv/s  1024  99.8  2048  99.2  4096  96.8  8192  91.2  16k  63.9  32k   0.1
ep 514000       8935s  mean    252549  max   527716  V    207145  |d|     412    562k mv/s  1024  99.7  2048  99.3  4096  96.3  8192  91.0  16k  64.0  32k   0.1
ep 516000       8969s  mean    250607  max   386716  V    207524  |d|     412    563k mv/s  1024  99.8  2048  99.2  4096  96.8  8192  90.9  16k  63.5  32k   0.0
ep 518000       9004s  mean    252571  max   389292  V    207026  |d|     413    562k mv/s  1024  99.6  2048  99.1  4096  97.3  8192  90.8  16k  63.7  32k   0.0
ep 520000       9039s  mean    254037  max   517444  V    207497  |d|     406    562k mv/s  1024  99.8  2048  99.2  4096  97.0  8192  91.2  16k  65.2  32k   0.1
ep 522000       9074s  mean    249555  max   527524  V    207577  |d|     413    562k mv/s  1024  99.8  2048  99.0  4096  96.5  8192  90.7  16k  62.6  32k   0.1
ep 524000       9109s  mean    254813  max   495240  V    206962  |d|     413    562k mv/s  1024  99.7  2048  99.0  4096  96.9  8192  91.2  16k  64.8  32k   0.1
ep 526000       9145s  mean    258207  max   477108  V    206380  |d|     415    562k mv/s  1024  99.6  2048  99.2  4096  97.8  8192  91.5  16k  66.3  32k   0.1
ep 528000       9180s  mean    248493  max   485636  V    207507  |d|     412    562k mv/s  1024  99.8  2048  99.2  4096  96.5  8192  90.2  16k  62.4  32k   0.1
ep 530000       9216s  mean    252404  max   531708  V    206876  |d|     416    562k mv/s  1024  99.8  2048  99.0  4096  97.0  8192  90.7  16k  63.0  32k   0.1
ep 532000       9250s  mean    252064  max   575200  V    207332  |d|     412    562k mv/s  1024 100.0  2048  99.4  4096  97.8  8192  90.5  16k  63.1  32k   0.1
ep 534000       9286s  mean    256519  max   395932  V    207053  |d|     409    562k mv/s  1024  99.8  2048  99.2  4096  96.9  8192  91.3  16k  66.7  32k   0.0
ep 536000       9321s  mean    255037  max   528800  V    206639  |d|     418    562k mv/s  1024  99.8  2048  99.2  4096  97.5  8192  91.5  16k  64.8  32k   0.1
ep 538000       9356s  mean    251708  max   390072  V    207386  |d|     412    562k mv/s  1024  99.8  2048  99.3  4096  97.3  8192  90.8  16k  63.8  32k   0.0
ep 540000       9391s  mean    253909  max   405100  V    206884  |d|     414    562k mv/s  1024  99.8  2048  99.1  4096  96.5  8192  90.2  16k  65.4  32k   0.0
ep 542000       9426s  mean    254041  max   386468  V    206671  |d|     418    562k mv/s  1024  99.7  2048  98.7  4096  96.7  8192  91.2  16k  64.9  32k   0.0
ep 544000       9461s  mean    253944  max   386188  V    207067  |d|     415    562k mv/s  1024 100.0  2048  99.5  4096  97.4  8192  92.0  16k  64.2  32k   0.0
ep 546000       9496s  mean    251827  max   533096  V    207333  |d|     415    562k mv/s  1024 100.0  2048  99.1  4096  96.8  8192  90.2  16k  63.3  32k   0.1
ep 548000       9532s  mean    252364  max   386116  V    207501  |d|     411    562k mv/s  1024  99.8  2048  99.0  4096  96.9  8192  90.2  16k  64.5  32k   0.0
ep 550000       9566s  mean    250973  max   402272  V    207216  |d|     417    562k mv/s  1024  99.7  2048  98.8  4096  96.8  8192  90.2  16k  63.0  32k   0.0
ep 552000       9600s  mean    249935  max   386992  V    207554  |d|     414    562k mv/s  1024 100.0  2048  99.3  4096  96.9  8192  90.3  16k  63.1  32k   0.0
checkpoint -> runs/r7_ms.bin (ep 552489)
ep 554000       9634s  mean    248970  max   386392  V    208076  |d|     413    562k mv/s  1024  99.8  2048  99.2  4096  97.1  8192  90.3  16k  62.5  32k   0.0
ep 556000       9670s  mean    253389  max   509784  V    207805  |d|     410    562k mv/s  1024  99.8  2048  99.2  4096  97.2  8192  91.2  16k  64.8  32k   0.1
ep 558000       9704s  mean    249207  max   388600  V    207596  |d|     412    562k mv/s  1024  99.6  2048  98.8  4096  96.5  8192  89.4  16k  63.4  32k   0.0
ep 560000       9738s  mean    251369  max   527888  V    207403  |d|     416    562k mv/s  1024  99.7  2048  99.2  4096  96.6  8192  90.0  16k  63.1  32k   0.1
ep 562000       9774s  mean    256257  max   491352  V    207133  |d|     414    562k mv/s  1024  99.9  2048  99.3  4096  97.8  8192  92.0  16k  65.1  32k   0.1
ep 564000       9808s  mean    253748  max   506284  V    207232  |d|     414    562k mv/s  1024  99.7  2048  99.0  4096  97.0  8192  90.5  16k  65.2  32k   0.1
ep 566000       9844s  mean    253810  max   531076  V    207148  |d|     413    562k mv/s  1024  99.8  2048  99.2  4096  97.3  8192  91.0  16k  64.5  32k   0.1
ep 568000       9879s  mean    250999  max   585560  V    207670  |d|     415    562k mv/s  1024  99.8  2048  99.1  4096  96.8  8192  90.8  16k  62.9  32k   0.1
ep 570000       9915s  mean    253645  max   504792  V    207183  |d|     414    562k mv/s  1024  99.9  2048  99.2  4096  96.6  8192  90.0  16k  64.4  32k   0.1
ep 572000       9950s  mean    249958  max   386420  V    207715  |d|     414    562k mv/s  1024  99.7  2048  98.8  4096  97.0  8192  90.2  16k  63.1  32k   0.0
ep 574000       9984s  mean    251154  max   386584  V    208178  |d|     407    562k mv/s  1024  99.8  2048  99.2  4096  96.9  8192  90.5  16k  64.2  32k   0.0
ep 576000      10018s  mean    252497  max   519436  V    207362  |d|     411    562k mv/s  1024  99.8  2048  99.2  4096  96.8  8192  90.7  16k  63.9  32k   0.1
ep 578000      10054s  mean    253727  max   468040  V    207654  |d|     412    562k mv/s  1024  99.8  2048  99.2  4096  96.8  8192  91.3  16k  65.5  32k   0.1
ep 580000      10089s  mean    253423  max   386844  V    207411  |d|     413    562k mv/s  1024  99.8  2048  98.8  4096  96.8  8192  91.2  16k  64.2  32k   0.0
ep 582000      10123s  mean    250839  max   385524  V    207880  |d|     412    562k mv/s  1024  99.7  2048  99.0  4096  96.9  8192  90.0  16k  64.1  32k   0.0
ep 584000      10159s  mean    254145  max   439520  V    207461  |d|     412    562k mv/s  1024  99.7  2048  99.2  4096  97.4  8192  91.2  16k  65.2  32k   0.0
ep 586000      10194s  mean    253811  max   532268  V    207219  |d|     414    562k mv/s  1024  99.8  2048  99.2  4096  97.0  8192  90.3  16k  64.8  32k   0.1
ep 588000      10230s  mean    255676  max   386864  V    207315  |d|     412    562k mv/s  1024 100.0  2048  99.7  4096  97.3  8192  92.0  16k  65.5  32k   0.0
ep 590000      10265s  mean    252459  max   536252  V    207724  |d|     413    562k mv/s  1024  99.9  2048  99.3  4096  97.0  8192  91.1  16k  63.6  32k   0.1
ep 592000      10299s  mean    255678  max   577120  V    207460  |d|     413    562k mv/s  1024 100.0  2048  99.3  4096  97.2  8192  91.3  16k  65.1  32k   0.1
ep 594000      10333s  mean    253544  max   520008  V    207491  |d|     414    562k mv/s  1024  99.7  2048  99.2  4096  97.5  8192  91.2  16k  64.0  32k   0.1
ep 596000      10368s  mean    251502  max   387176  V    208041  |d|     411    562k mv/s  1024  99.8  2048  99.2  4096  96.7  8192  90.7  16k  63.8  32k   0.0
ep 598000      10403s  mean    252265  max   402404  V    207646  |d|     413    562k mv/s  1024  99.7  2048  99.0  4096  96.3  8192  90.3  16k  65.1  32k   0.0
ep 600000      10438s  mean    256256  max   584816  V    207209  |d|     413    562k mv/s  1024  99.8  2048  99.2  4096  97.2  8192  91.2  16k  64.9  32k   0.1
ep 602000      10473s  mean    254701  max   524856  V    207638  |d|     410    562k mv/s  1024  99.8  2048  99.2  4096  97.5  8192  91.2  16k  64.3  32k   0.1
ep 604000      10508s  mean    251619  max   504456  V    207931  |d|     414    562k mv/s  1024  99.7  2048  99.2  4096  96.9  8192  90.3  16k  64.0  32k   0.1
ep 606000      10543s  mean    255415  max   387284  V    207409  |d|     411    562k mv/s  1024 100.0  2048  99.4  4096  97.5  8192  90.8  16k  64.6  32k   0.0
ep 608000      10577s  mean    253026  max   386816  V    207763  |d|     411    562k mv/s  1024  99.5  2048  98.9  4096  96.4  8192  90.3  16k  64.5  32k   0.0
ep 610000      10611s  mean    251794  max   387084  V    207899  |d|     414    562k mv/s  1024  99.8  2048  99.3  4096  97.1  8192  91.0  16k  63.9  32k   0.0
ep 612000      10645s  mean    254777  max   482868  V    207117  |d|     419    562k mv/s  1024  99.7  2048  99.0  4096  96.7  8192  91.5  16k  64.6  32k   0.1
ep 614000      10680s  mean    253126  max   386956  V    207920  |d|     415    562k mv/s  1024  99.7  2048  99.2  4096  97.3  8192  91.5  16k  65.1  32k   0.0
ep 616000      10715s  mean    254026  max   459500  V    207519  |d|     414    562k mv/s  1024  99.7  2048  98.9  4096  97.0  8192  91.2  16k  64.7  32k   0.1
ep 618000      10749s  mean    253718  max   530856  V    207973  |d|     412    562k mv/s  1024  99.8  2048  99.2  4096  97.3  8192  91.5  16k  64.2  32k   0.1
ep 620000      10783s  mean    251060  max   387456  V    207894  |d|     413    562k mv/s  1024  99.6  2048  98.9  4096  96.9  8192  90.3  16k  63.1  32k   0.0
checkpoint -> runs/r7_ms.bin (ep 621505)
ep 622000      10817s  mean    253427  max   406808  V    207906  |d|     412    562k mv/s  1024  99.7  2048  99.3  4096  97.0  8192  90.9  16k  64.8  32k   0.0
ep 624000      10852s  mean    252286  max   386724  V    207791  |d|     412    562k mv/s  1024  99.5  2048  98.7  4096  96.5  8192  90.0  16k  64.4  32k   0.0
ep 626000      10887s  mean    253831  max   386680  V    207832  |d|     411    562k mv/s  1024  99.9  2048  99.3  4096  97.4  8192  91.5  16k  64.7  32k   0.0
ep 628000      10921s  mean    254439  max   387124  V    207678  |d|     412    562k mv/s  1024  99.5  2048  99.2  4096  97.5  8192  91.0  16k  65.0  32k   0.0
ep 630000      10956s  mean    255188  max   487500  V    207714  |d|     411    562k mv/s  1024  99.8  2048  99.3  4096  97.2  8192  91.5  16k  65.8  32k   0.1
ep 632000      10990s  mean    248742  max   572848  V    208386  |d|     415    562k mv/s  1024  99.8  2048  99.1  4096  97.2  8192  90.2  16k  62.1  32k   0.1
ep 634000      11024s  mean    250047  max   479028  V    208471  |d|     411    562k mv/s  1024  99.9  2048  99.0  4096  96.9  8192  90.5  16k  62.8  32k   0.1
ep 636000      11059s  mean    254258  max   386944  V    207620  |d|     411    562k mv/s  1024  99.7  2048  99.0  4096  96.4  8192  90.6  16k  65.0  32k   0.0
ep 638000      11093s  mean    251683  max   387096  V    208322  |d|     413    562k mv/s  1024  99.8  2048  99.3  4096  97.4  8192  91.5  16k  63.5  32k   0.0
ep 640000      11128s  mean    256968  max   387748  V    207606  |d|     413    562k mv/s  1024  99.9  2048  99.2  4096  97.7  8192  92.3  16k  65.8  32k   0.0
ep 642000      11163s  mean    251719  max   387216  V    208206  |d|     412    562k mv/s  1024  99.8  2048  99.2  4096  96.8  8192  90.4  16k  63.7  32k   0.0
ep 644000      11198s  mean    254375  max   387324  V    207764  |d|     414    562k mv/s  1024  99.9  2048  99.2  4096  97.2  8192  91.5  16k  64.5  32k   0.0
ep 646000      11233s  mean    252342  max   387292  V    208349  |d|     412    562k mv/s  1024  99.7  2048  98.8  4096  96.8  8192  91.3  16k  64.1  32k   0.0
ep 648000      11267s  mean    252408  max   529360  V    208268  |d|     413    562k mv/s  1024  99.8  2048  99.2  4096  97.0  8192  91.0  16k  64.3  32k   0.1
ep 650000      11302s  mean    254326  max   575120  V    207891  |d|     411    562k mv/s  1024  99.8  2048  99.2  4096  96.6  8192  90.5  16k  64.7  32k   0.1
ep 652000      11337s  mean    255716  max   387116  V    207990  |d|     408    562k mv/s  1024  99.7  2048  99.2  4096  97.5  8192  90.4  16k  65.8  32k   0.0
ep 654000      11372s  mean    250552  max   387236  V    208172  |d|     415    562k mv/s  1024  99.8  2048  99.2  4096  97.0  8192  90.0  16k  62.8  32k   0.0
ep 656000      11407s  mean    252518  max   492960  V    207821  |d|     417    562k mv/s  1024  99.8  2048  99.0  4096  96.8  8192  90.5  16k  63.9  32k   0.1
ep 658000      11442s  mean    254916  max   387204  V    207947  |d|     410    562k mv/s  1024 100.0  2048  98.9  4096  97.2  8192  90.8  16k  65.6  32k   0.0
ep 660000      11476s  mean    252821  max   531244  V    208414  |d|     413    562k mv/s  1024 100.0  2048  99.2  4096  97.2  8192  91.5  16k  63.6  32k   0.1
ep 662000      11511s  mean    254917  max   386676  V    208104  |d|     411    562k mv/s  1024  99.7  2048  99.2  4096  96.8  8192  90.8  16k  65.4  32k   0.0
ep 664000      11547s  mean    252510  max   513052  V    208185  |d|     415    562k mv/s  1024  99.7  2048  99.0  4096  96.3  8192  90.3  16k  65.0  32k   0.1
ep 666000      11584s  mean    253768  max   527644  V    208220  |d|     412    562k mv/s  1024 100.0  2048  99.2  4096  97.5  8192  91.6  16k  64.2  32k   0.1
ep 668000      11620s  mean    252912  max   501868  V    208069  |d|     411    562k mv/s  1024  99.7  2048  99.0  4096  96.5  8192  90.5  16k  64.6  32k   0.1
ep 670000      11655s  mean    250931  max   386980  V    208714  |d|     413    562k mv/s  1024  99.8  2048  99.2  4096  97.0  8192  90.5  16k  64.3  32k   0.0
ep 672000      11692s  mean    255234  max   386224  V    207991  |d|     414    562k mv/s  1024  99.8  2048  99.3  4096  97.2  8192  91.7  16k  65.5  32k   0.0
ep 674000      11728s  mean    252919  max   529220  V    208277  |d|     412    562k mv/s  1024  99.8  2048  99.5  4096  96.5  8192  90.2  16k  64.8  32k   0.1
ep 676000      11765s  mean    255712  max   410020  V    207759  |d|     414    562k mv/s  1024  99.8  2048  99.2  4096  97.7  8192  91.0  16k  65.2  32k   0.0
ep 678000      11801s  mean    253893  max   510212  V    208343  |d|     413    562k mv/s  1024  99.8  2048  99.4  4096  97.2  8192  91.4  16k  64.0  32k   0.1
ep 680000      11836s  mean    249349  max   387336  V    208932  |d|     412    562k mv/s  1024  99.8  2048  99.2  4096  97.1  8192  90.2  16k  62.6  32k   0.0
ep 682000      11870s  mean    252822  max   489012  V    208036  |d|     415    562k mv/s  1024  99.8  2048  99.2  4096  96.5  8192  89.8  16k  65.4  32k   0.1
ep 684000      11903s  mean    249982  max   534032  V    208839  |d|     416    562k mv/s  1024  99.7  2048  99.2  4096  97.8  8192  91.5  16k  62.0  32k   0.1
ep 686000      11938s  mean    250116  max   387212  V    208692  |d|     415    562k mv/s  1024  99.8  2048  99.0  4096  96.4  8192  90.0  16k  63.6  32k   0.0
ep 688000      11973s  mean    258504  max   387132  V    207974  |d|     411    562k mv/s  1024  99.7  2048  99.2  4096  97.3  8192  91.5  16k  67.3  32k   0.0
ep 690000      12008s  mean    255209  max   470568  V    207942  |d|     412    562k mv/s  1024  99.8  2048  98.8  4096  96.6  8192  91.3  16k  65.2  32k   0.1
checkpoint -> runs/r7_ms.bin (ep 690044)
ep 692000      12043s  mean    256654  max   465684  V    207892  |d|     415    562k mv/s  1024  99.9  2048  99.5  4096  97.8  8192  91.4  16k  66.0  32k   0.1
ep 694000      12077s  mean    256789  max   386608  V    208181  |d|     411    562k mv/s  1024  99.8  2048  99.2  4096  97.8  8192  91.8  16k  65.8  32k   0.0
ep 696000      12111s  mean    248378  max   387664  V    209125  |d|     413    562k mv/s  1024  99.8  2048  99.3  4096  97.5  8192  90.3  16k  61.8  32k   0.0
ep 698000      12146s  mean    251383  max   509348  V    208691  |d|     414    562k mv/s  1024  99.7  2048  99.0  4096  96.8  8192  90.8  16k  63.0  32k   0.1
ep 700000      12180s  mean    256937  max   502976  V    207575  |d|     415    562k mv/s  1024  99.8  2048  99.3  4096  96.9  8192  91.1  16k  65.7  32k   0.1
ep 702000      12214s  mean    254411  max   608156  V    208166  |d|     412    562k mv/s  1024  99.5  2048  98.8  4096  96.5  8192  90.7  16k  65.2  32k   0.1
ep 704000      12248s  mean    253616  max   424068  V    208333  |d|     412    562k mv/s  1024  99.8  2048  99.1  4096  97.2  8192  91.3  16k  64.3  32k   0.0
ep 706000      12282s  mean    253224  max   511416  V    208641  |d|     413    562k mv/s  1024  99.8  2048  99.2  4096  97.2  8192  91.8  16k  64.3  32k   0.1
ep 708000      12316s  mean    253441  max   534048  V    208219  |d|     415    562k mv/s  1024  99.8  2048  99.0  4096  97.0  8192  90.7  16k  63.8  32k   0.1
ep 710000      12350s  mean    252696  max   389396  V    208982  |d|     411    562k mv/s  1024  99.8  2048  99.2  4096  97.2  8192  91.8  16k  63.5  32k   0.0
ep 712000      12384s  mean    251900  max   386836  V    208801  |d|     414    562k mv/s  1024  99.9  2048  99.2  4096  96.8  8192  91.3  16k  64.0  32k   0.0
ep 714000      12420s  mean    252197  max   444328  V    208906  |d|     411    562k mv/s  1024  99.8  2048  99.3  4096  97.1  8192  90.2  16k  64.0  32k   0.0
ep 716000      12455s  mean    259414  max   560156  V    207855  |d|     414    562k mv/s  1024  99.7  2048  99.0  4096  97.3  8192  91.8  16k  67.8  32k   0.1
ep 718000      12489s  mean    255224  max   498012  V    208408  |d|     413    562k mv/s  1024  99.8  2048  99.4  4096  97.0  8192  91.4  16k  66.0  32k   0.1
ep 720000      12523s  mean    251251  max   460080  V    208987  |d|     412    562k mv/s  1024  99.7  2048  99.2  4096  97.2  8192  90.0  16k  63.7  32k   0.1
ep 722000      12557s  mean    250456  max   574612  V    208621  |d|     415    562k mv/s  1024  99.8  2048  99.0  4096  96.5  8192  90.1  16k  62.4  32k   0.1
ep 724000      12591s  mean    253790  max   389200  V    208557  |d|     412    562k mv/s  1024 100.0  2048  99.0  4096  97.4  8192  90.6  16k  64.8  32k   0.0
ep 726000      12624s  mean    247189  max   385280  V    209466  |d|     414    562k mv/s  1024  99.7  2048  99.0  4096  96.7  8192  89.9  16k  61.6  32k   0.0
ep 728000      12658s  mean    251308  max   386520  V    209067  |d|     413    562k mv/s  1024 100.0  2048  99.0  4096  97.0  8192  91.5  16k  63.1  32k   0.0
ep 730000      12691s  mean    251170  max   385972  V    208970  |d|     413    562k mv/s  1024  99.6  2048  99.1  4096  96.7  8192  90.9  16k  63.6  32k   0.0
ep 732000      12724s  mean    251601  max   387056  V    209249  |d|     410    562k mv/s  1024  99.8  2048  99.3  4096  97.0  8192  90.7  16k  64.3  32k   0.0
ep 734000      12757s  mean    252426  max   485256  V    208748  |d|     412    563k mv/s  1024  99.6  2048  98.7  4096  96.1  8192  90.7  16k  65.1  32k   0.1
ep 736000      12791s  mean    252984  max   467832  V    208530  |d|     411    563k mv/s  1024  99.8  2048  99.1  4096  96.5  8192  89.6  16k  65.2  32k   0.1
ep 738000      12825s  mean    250627  max   386600  V    208725  |d|     416    563k mv/s  1024  99.8  2048  99.3  4096  96.7  8192  89.6  16k  63.5  32k   0.0
ep 740000      12858s  mean    251626  max   387676  V    208527  |d|     418    563k mv/s  1024  99.8  2048  98.9  4096  96.8  8192  91.0  16k  62.9  32k   0.0
ep 742000      12892s  mean    252493  max   586556  V    208653  |d|     416    563k mv/s  1024  99.8  2048  99.1  4096  97.3  8192  90.5  16k  64.7  32k   0.1
ep 744000      12926s  mean    252472  max   512716  V    208509  |d|     416    563k mv/s  1024  99.8  2048  99.1  4096  96.8  8192  90.0  16k  63.9  32k   0.1
ep 746000      12960s  mean    254973  max   386884  V    208185  |d|     419    563k mv/s  1024 100.0  2048  99.2  4096  97.2  8192  91.7  16k  64.6  32k   0.0
ep 748000      12994s  mean    256113  max   519208  V    208686  |d|     412    563k mv/s  1024  99.8  2048  99.3  4096  97.7  8192  92.3  16k  65.4  32k   0.1
ep 750000      13028s  mean    251479  max   389536  V    208582  |d|     415    563k mv/s  1024  99.8  2048  98.9  4096  96.5  8192  90.2  16k  63.4  32k   0.0
ep 752000      13063s  mean    254520  max   385272  V    208791  |d|     416    563k mv/s  1024  99.8  2048  99.5  4096  97.9  8192  91.7  16k  64.8  32k   0.0
ep 754000      13097s  mean    255633  max   386604  V    208283  |d|     414    563k mv/s  1024  99.8  2048  98.8  4096  97.5  8192  92.0  16k  64.5  32k   0.0
ep 756000      13131s  mean    253640  max   489076  V    209048  |d|     413    563k mv/s  1024  99.8  2048  99.4  4096  97.5  8192  91.3  16k  65.0  32k   0.1
ep 758000      13166s  mean    252249  max   530500  V    208906  |d|     416    563k mv/s  1024  99.8  2048  99.5  4096  97.5  8192  91.2  16k  63.0  32k   0.1
ep 760000      13202s  mean    254701  max   387344  V    208528  |d|     410    563k mv/s  1024  99.8  2048  99.5  4096  97.2  8192  91.8  16k  63.8  32k   0.0
checkpoint -> runs/r7_ms.bin (ep 760435)
ep 762000      13236s  mean    251156  max   386488  V    209067  |d|     411    563k mv/s  1024  99.9  2048  99.3  4096  97.0  8192  90.3  16k  62.9  32k   0.0
ep 764000      13271s  mean    254207  max   387296  V    209035  |d|     413    563k mv/s  1024  99.8  2048  99.0  4096  97.2  8192  91.2  16k  65.6  32k   0.0
ep 766000      13307s  mean    252863  max   485368  V    209036  |d|     414    563k mv/s  1024  99.7  2048  99.2  4096  96.8  8192  91.0  16k  64.7  32k   0.1
ep 768000      13341s  mean    250507  max   535308  V    209454  |d|     413    563k mv/s  1024  99.8  2048  99.2  4096  97.0  8192  90.8  16k  63.5  32k   0.1
ep 770000      13376s  mean    252996  max   387432  V    208773  |d|     414    563k mv/s  1024  99.7  2048  99.2  4096  97.0  8192  91.2  16k  64.7  32k   0.0
ep 772000      13410s  mean    255141  max   537180  V    208906  |d|     413    563k mv/s  1024  99.9  2048  99.2  4096  97.8  8192  91.9  16k  65.3  32k   0.2
ep 774000      13444s  mean    251986  max   385492  V    209053  |d|     415    563k mv/s  1024  99.8  2048  99.2  4096  96.7  8192  90.8  16k  64.2  32k   0.0
ep 776000      13478s  mean    251601  max   387392  V    209288  |d|     413    563k mv/s  1024  99.8  2048  99.0  4096  96.7  8192  90.7  16k  63.8  32k   0.0
ep 778000      13514s  mean    254949  max   388064  V    208445  |d|     413    563k mv/s  1024  99.8  2048  99.1  4096  97.0  8192  91.7  16k  64.7  32k   0.0
ep 780000      13548s  mean    255912  max   388668  V    208608  |d|     412    563k mv/s  1024 100.0  2048  99.5  4096  97.2  8192  91.3  16k  65.7  32k   0.0
ep 782000      13582s  mean    254899  max   533256  V    209116  |d|     411    563k mv/s  1024  99.8  2048  99.3  4096  97.2  8192  91.4  16k  66.3  32k   0.1
ep 784000      13617s  mean    256959  max   447144  V    208594  |d|     411    563k mv/s  1024  99.9  2048  99.5  4096  97.6  8192  91.4  16k  66.2  32k   0.0
ep 786000      13652s  mean    254610  max   530696  V    208847  |d|     411    563k mv/s  1024  99.7  2048  99.2  4096  97.0  8192  90.6  16k  65.4  32k   0.1
ep 788000      13685s  mean    252627  max   386796  V    209220  |d|     410    563k mv/s  1024  99.8  2048  99.3  4096  97.5  8192  90.8  16k  64.5  32k   0.0
ep 790000      13719s  mean    248848  max   529492  V    209372  |d|     413    563k mv/s  1024  99.4  2048  98.5  4096  96.8  8192  90.0  16k  61.9  32k   0.1
ep 792000      13753s  mean    255305  max   386300  V    208540  |d|     416    563k mv/s  1024  99.8  2048  99.2  4096  97.1  8192  91.5  16k  65.0  32k   0.0
ep 794000      13788s  mean    254398  max   542080  V    208898  |d|     412    563k mv/s  1024  99.8  2048  99.3  4096  97.2  8192  91.2  16k  64.5  32k   0.1
ep 796000      13824s  mean    251260  max   387120  V    209098  |d|     413    563k mv/s  1024  99.8  2048  99.0  4096  96.8  8192  90.2  16k  62.9  32k   0.0
ep 798000      13858s  mean    251460  max   387380  V    209252  |d|     411    563k mv/s  1024  99.6  2048  99.0  4096  96.8  8192  90.3  16k  63.6  32k   0.0
ep 800000      13894s  mean    253088  max   585184  V    208991  |d|     412    563k mv/s  1024  99.7  2048  99.3  4096  96.8  8192  90.2  16k  65.1  32k   0.1
ep 802000      13928s  mean    252131  max   386348  V    209238  |d|     412    563k mv/s  1024  99.8  2048  99.2  4096  97.0  8192  90.9  16k  64.3  32k   0.0
ep 804000      13963s  mean    254391  max   387248  V    208987  |d|     411    563k mv/s  1024  99.8  2048  99.0  4096  97.0  8192  91.0  16k  65.0  32k   0.0
ep 806000      13997s  mean    251958  max   386416  V    209134  |d|     413    563k mv/s  1024  99.7  2048  98.9  4096  97.2  8192  90.5  16k  64.0  32k   0.0
ep 808000      14032s  mean    254101  max   533108  V    208756  |d|     416    563k mv/s  1024  99.8  2048  99.2  4096  97.0  8192  90.8  16k  64.8  32k   0.1
ep 810000      14066s  mean    255168  max   476556  V    208977  |d|     413    563k mv/s  1024  99.8  2048  99.3  4096  97.2  8192  91.2  16k  65.2  32k   0.0
ep 812000      14101s  mean    255527  max   605052  V    208950  |d|     412    563k mv/s  1024  99.9  2048  99.2  4096  96.9  8192  91.8  16k  65.3  32k   0.1
ep 814000      14135s  mean    254946  max   489032  V    209001  |d|     414    563k mv/s  1024  99.6  2048  98.9  4096  97.8  8192  90.9  16k  65.5  32k   0.1
ep 816000      14169s  mean    250634  max   386420  V    209447  |d|     415    563k mv/s  1024  99.6  2048  99.0  4096  97.1  8192  90.2  16k  63.6  32k   0.0
ep 818000      14205s  mean    254002  max   386124  V    209344  |d|     411    563k mv/s  1024  99.8  2048  99.3  4096  97.5  8192  91.2  16k  65.0  32k   0.0
ep 820000      14241s  mean    256457  max   529512  V    208760  |d|     411    563k mv/s  1024  99.8  2048  99.5  4096  97.3  8192  91.2  16k  65.6  32k   0.1
ep 822000      14276s  mean    254802  max   386784  V    208985  |d|     410    563k mv/s  1024  99.8  2048  99.2  4096  97.0  8192  90.7  16k  65.8  32k   0.0
ep 824000      14313s  mean    256126  max   388272  V    208877  |d|     407    563k mv/s  1024  99.8  2048  99.2  4096  97.2  8192  90.4  16k  67.0  32k   0.0
ep 826000      14347s  mean    253877  max   386696  V    209315  |d|     409    563k mv/s  1024  99.9  2048  99.4  4096  97.3  8192  90.8  16k  65.6  32k   0.0
ep 828000      14381s  mean    253771  max   386584  V    209325  |d|     408    563k mv/s  1024  99.9  2048  98.8  4096  97.2  8192  90.5  16k  64.9  32k   0.0
saving final checkpoint -> runs/r7_ms.bin
done: 829166 episodes, 8108629932 moves, 14411.3 s
