loading runs/final.bin ...
resumed 1 stage(s)
patterns=8  weights/stage=134217728  stages=1  memory=1.50 GiB  threads=7  alpha=0.100  TC=on
ep 2000           39s  mean    248039  max   505492  V    201731  |d|     414    494k mv/s  1024  99.8  2048  98.8  4096  96.0  8192  89.5  16k  61.1  32k   0.1
ep 4000           77s  mean    250361  max   512412  V    201670  |d|     412    499k mv/s  1024  99.5  2048  99.0  4096  96.9  8192  89.8  16k  61.2  32k   0.1
ep 6000          117s  mean    254456  max   387664  V    201495  |d|     411    498k mv/s  1024  99.8  2048  99.3  4096  97.5  8192  90.8  16k  64.1  32k   0.0
ep 8000          155s  mean    252309  max   388092  V    201447  |d|     414    501k mv/s  1024  99.5  2048  98.7  4096  96.5  8192  90.7  16k  62.0  32k   0.0
ep 10000         194s  mean    248788  max   387372  V    201806  |d|     416    500k mv/s  1024  99.8  2048  99.2  4096  97.0  8192  90.5  16k  60.2  32k   0.0
ep 12000         233s  mean    254347  max   387160  V    201426  |d|     413    501k mv/s  1024  99.8  2048  99.2  4096  96.4  8192  91.8  16k  63.0  32k   0.0
ep 14000         272s  mean    253746  max   515116  V    201705  |d|     414    502k mv/s  1024 100.0  2048  99.2  4096  97.5  8192  91.7  16k  63.3  32k   0.1
ep 16000         311s  mean    249024  max   388264  V    201952  |d|     413    502k mv/s  1024  99.7  2048  98.7  4096  96.0  8192  91.0  16k  60.9  32k   0.0
ep 18000         350s  mean    255715  max   512292  V    201341  |d|     414    501k mv/s  1024  99.9  2048  99.4  4096  97.2  8192  91.5  16k  63.5  32k   0.1
ep 20000         389s  mean    256114  max   533136  V    201286  |d|     414    503k mv/s  1024  99.9  2048  99.0  4096  96.9  8192  91.6  16k  63.7  32k   0.1
ep 22000         427s  mean    252791  max   387276  V    201377  |d|     415    504k mv/s  1024  99.8  2048  99.2  4096  96.8  8192  90.5  16k  62.1  32k   0.0
ep 24000         466s  mean    253770  max   456244  V    201637  |d|     413    503k mv/s  1024  99.8  2048  99.0  4096  96.9  8192  90.5  16k  63.5  32k   0.0
ep 26000         506s  mean    251731  max   523784  V    201742  |d|     414    503k mv/s  1024  99.5  2048  99.0  4096  97.4  8192  91.4  16k  61.1  32k   0.1
ep 28000         545s  mean    253642  max   389056  V    201564  |d|     413    503k mv/s  1024  99.8  2048  98.9  4096  96.6  8192  90.7  16k  63.1  32k   0.0
ep 30000         583s  mean    251996  max   385496  V    201973  |d|     414    503k mv/s  1024  99.9  2048  99.3  4096  97.5  8192  90.3  16k  62.2  32k   0.0
ep 32000         620s  mean    247927  max   484896  V    202156  |d|     415    504k mv/s  1024  99.7  2048  99.1  4096  96.5  8192  89.6  16k  60.0  32k   0.1
ep 34000         659s  mean    253899  max   488752  V    201788  |d|     415    504k mv/s  1024 100.0  2048  99.0  4096  97.0  8192  90.8  16k  63.6  32k   0.1
ep 36000         698s  mean    250789  max   487488  V    201692  |d|     419    504k mv/s  1024  99.6  2048  98.8  4096  96.1  8192  90.4  16k  61.5  32k   0.1
ep 38000         737s  mean    251431  max   551472  V    201646  |d|     417    504k mv/s  1024  99.8  2048  99.2  4096  96.3  8192  90.1  16k  61.9  32k   0.1
ep 40000         776s  mean    252375  max   526996  V    201803  |d|     414    504k mv/s  1024  99.6  2048  99.0  4096  96.8  8192  89.5  16k  63.0  32k   0.1
ep 42000         813s  mean    247649  max   387896  V    202271  |d|     413    504k mv/s  1024  99.7  2048  98.8  4096  96.6  8192  89.4  16k  60.4  32k   0.0
ep 44000         851s  mean    253646  max   508220  V    201654  |d|     417    505k mv/s  1024  99.7  2048  98.8  4096  97.1  8192  91.8  16k  61.8  32k   0.1
ep 46000         891s  mean    252189  max   527916  V    201813  |d|     418    504k mv/s  1024  99.8  2048  99.3  4096  97.3  8192  90.5  16k  62.4  32k   0.1
ep 48000         930s  mean    252375  max   532908  V    202105  |d|     416    504k mv/s  1024  99.5  2048  98.7  4096  97.1  8192  91.2  16k  62.4  32k   0.1
ep 50000         968s  mean    251683  max   552328  V    201800  |d|     415    504k mv/s  1024  99.5  2048  98.7  4096  96.9  8192  90.0  16k  61.8  32k   0.1
ep 52000        1006s  mean    252695  max   533224  V    202208  |d|     413    505k mv/s  1024  99.8  2048  99.0  4096  96.9  8192  91.0  16k  63.0  32k   0.1
ep 54000        1045s  mean    255207  max   553596  V    201654  |d|     413    505k mv/s  1024  99.6  2048  99.0  4096  96.0  8192  90.5  16k  63.5  32k   0.3
ep 56000        1084s  mean    249583  max   490804  V    202103  |d|     415    504k mv/s  1024  99.8  2048  99.2  4096  96.6  8192  90.0  16k  61.2  32k   0.1
ep 58000        1124s  mean    255527  max   544412  V    201864  |d|     415    504k mv/s  1024  99.8  2048  98.7  4096  97.0  8192  91.2  16k  64.0  32k   0.1
ep 60000        1162s  mean    250367  max   520128  V    202252  |d|     414    504k mv/s  1024  99.7  2048  99.0  4096  96.5  8192  90.6  16k  61.8  32k   0.1
checkpoint -> runs/r7_ss.bin (ep 61940)
ep 62000        1201s  mean    253133  max   417836  V    201688  |d|     415    504k mv/s  1024  99.8  2048  98.5  4096  96.0  8192  90.7  16k  62.6  32k   0.0
ep 64000        1240s  mean    249858  max   428264  V    202111  |d|     415    504k mv/s  1024  99.6  2048  98.8  4096  96.2  8192  89.0  16k  63.0  32k   0.0
ep 66000        1279s  mean    250194  max   529480  V    202311  |d|     412    503k mv/s  1024  99.7  2048  98.6  4096  96.1  8192  89.8  16k  61.9  32k   0.1
ep 68000        1318s  mean    251752  max   529260  V    202360  |d|     417    504k mv/s  1024  99.9  2048  99.2  4096  97.1  8192  91.0  16k  61.9  32k   0.1
ep 70000        1356s  mean    252033  max   532520  V    201745  |d|     416    504k mv/s  1024  99.8  2048  99.0  4096  96.3  8192  90.5  16k  62.3  32k   0.1
ep 72000        1394s  mean    253920  max   408288  V    202030  |d|     415    504k mv/s  1024  99.8  2048  98.9  4096  97.1  8192  90.9  16k  62.6  32k   0.0
ep 74000        1433s  mean    254083  max   573016  V    202178  |d|     413    504k mv/s  1024  99.8  2048  99.0  4096  96.2  8192  90.2  16k  63.9  32k   0.1
ep 76000        1471s  mean    252143  max   386628  V    202395  |d|     413    505k mv/s  1024  99.8  2048  99.0  4096  97.0  8192  91.7  16k  61.6  32k   0.0
ep 78000        1510s  mean    255434  max   407216  V    202165  |d|     414    504k mv/s  1024  99.8  2048  99.0  4096  96.5  8192  90.2  16k  64.8  32k   0.0
ep 80000        1548s  mean    250496  max   530724  V    202329  |d|     415    505k mv/s  1024  99.8  2048  99.2  4096  97.0  8192  89.3  16k  61.5  32k   0.1
ep 82000        1586s  mean    249337  max   533224  V    202701  |d|     413    505k mv/s  1024  99.8  2048  99.2  4096  96.9  8192  90.2  16k  61.4  32k   0.1
ep 84000        1625s  mean    251161  max   387424  V    202511  |d|     415    505k mv/s  1024  99.5  2048  99.0  4096  96.7  8192  90.2  16k  62.2  32k   0.0
ep 86000        1663s  mean    249714  max   531944  V    202500  |d|     414    505k mv/s  1024  99.8  2048  98.5  4096  96.7  8192  91.5  16k  59.8  32k   0.1
ep 88000        1702s  mean    254160  max   532780  V    202460  |d|     413    505k mv/s  1024  99.8  2048  99.2  4096  97.2  8192  91.0  16k  63.4  32k   0.1
ep 90000        1741s  mean    250173  max   507192  V    202218  |d|     415    505k mv/s  1024  99.5  2048  98.6  4096  95.8  8192  90.0  16k  60.8  32k   0.1
ep 92000        1779s  mean    251375  max   503580  V    202321  |d|     415    505k mv/s  1024  99.8  2048  98.8  4096  96.6  8192  90.3  16k  61.4  32k   0.1
ep 94000        1818s  mean    253777  max   525956  V    202306  |d|     413    505k mv/s  1024  99.6  2048  98.8  4096  96.6  8192  91.1  16k  62.6  32k   0.1
ep 96000        1856s  mean    251637  max   483168  V    202688  |d|     417    505k mv/s  1024  99.9  2048  99.5  4096  97.3  8192  91.0  16k  61.9  32k   0.1
ep 98000        1894s  mean    249971  max   506784  V    202661  |d|     416    505k mv/s  1024  99.7  2048  98.7  4096  96.7  8192  90.8  16k  60.8  32k   0.1
ep 100000       1931s  mean    249060  max   478024  V    202756  |d|     417    505k mv/s  1024  99.7  2048  98.8  4096  96.8  8192  90.0  16k  60.8  32k   0.1
ep 102000       1970s  mean    254734  max   488692  V    202262  |d|     415    505k mv/s  1024  99.8  2048  99.0  4096  96.8  8192  91.5  16k  63.1  32k   0.1
ep 104000       2009s  mean    253626  max   517528  V    202606  |d|     413    505k mv/s  1024  99.7  2048  99.0  4096  97.2  8192  91.4  16k  62.9  32k   0.1
ep 106000       2048s  mean    248882  max   387276  V    203023  |d|     418    505k mv/s  1024  99.8  2048  99.6  4096  97.2  8192  90.0  16k  61.2  32k   0.0
ep 108000       2086s  mean    250629  max   509108  V    202815  |d|     418    505k mv/s  1024  99.8  2048  98.8  4096  96.4  8192  90.7  16k  62.0  32k   0.1
ep 110000       2125s  mean    251810  max   601588  V    202216  |d|     414    505k mv/s  1024  99.8  2048  99.3  4096  96.7  8192  89.1  16k  61.7  32k   0.1
ep 112000       2164s  mean    249453  max   506756  V    202853  |d|     415    505k mv/s  1024  99.7  2048  98.8  4096  96.4  8192  90.3  16k  60.4  32k   0.1
ep 114000       2202s  mean    247930  max   387028  V    203000  |d|     418    505k mv/s  1024  99.8  2048  99.2  4096  97.2  8192  90.2  16k  60.2  32k   0.0
ep 116000       2241s  mean    253291  max   533764  V    202658  |d|     414    505k mv/s  1024  99.7  2048  98.7  4096  96.5  8192  90.5  16k  63.8  32k   0.1
ep 118000       2279s  mean    247910  max   531640  V    202823  |d|     416    505k mv/s  1024  99.8  2048  99.0  4096  96.2  8192  89.5  16k  60.0  32k   0.1
ep 120000       2318s  mean    249529  max   529832  V    202860  |d|     417    505k mv/s  1024  99.5  2048  98.9  4096  96.6  8192  90.7  16k  60.4  32k   0.1
ep 122000       2356s  mean    249622  max   513984  V    203142  |d|     415    505k mv/s  1024  99.5  2048  98.8  4096  96.5  8192  90.0  16k  61.5  32k   0.1
ep 124000       2394s  mean    252746  max   428204  V    202834  |d|     416    505k mv/s  1024  99.8  2048  99.2  4096  97.2  8192  90.8  16k  63.1  32k   0.0
checkpoint -> runs/r7_ss.bin (ep 124385)
ep 126000       2432s  mean    252091  max   608864  V    202826  |d|     418    505k mv/s  1024  99.8  2048  99.1  4096  96.8  8192  90.8  16k  62.3  32k   0.1
ep 128000       2470s  mean    251461  max   535456  V    202950  |d|     415    505k mv/s  1024  99.5  2048  98.8  4096  96.5  8192  90.2  16k  62.0  32k   0.1
ep 130000       2509s  mean    251252  max   524248  V    203043  |d|     417    505k mv/s  1024  99.8  2048  99.3  4096  97.3  8192  91.3  16k  61.6  32k   0.1
ep 132000       2549s  mean    255607  max   524032  V    202534  |d|     414    505k mv/s  1024  99.9  2048  99.2  4096  97.2  8192  91.0  16k  63.6  32k   0.1
ep 134000       2590s  mean    254855  max   387884  V    202753  |d|     413    505k mv/s  1024  99.8  2048  99.3  4096  97.2  8192  91.6  16k  63.4  32k   0.0
ep 136000       2629s  mean    254441  max   488272  V    202524  |d|     417    505k mv/s  1024  99.8  2048  98.9  4096  97.0  8192  90.2  16k  63.8  32k   0.1
ep 138000       2668s  mean    249104  max   386932  V    203441  |d|     411    504k mv/s  1024  99.8  2048  98.7  4096  96.5  8192  89.7  16k  61.5  32k   0.0
ep 140000       2707s  mean    252482  max   504788  V    202815  |d|     415    504k mv/s  1024  99.8  2048  99.0  4096  97.0  8192  91.2  16k  61.5  32k   0.1
ep 142000       2745s  mean    252444  max   534816  V    202778  |d|     417    504k mv/s  1024  99.8  2048  99.2  4096  97.0  8192  90.7  16k  62.3  32k   0.1
ep 144000       2783s  mean    251559  max   553288  V    203011  |d|     416    505k mv/s  1024  99.8  2048  99.2  4096  97.2  8192  91.0  16k  61.5  32k   0.1
ep 146000       2823s  mean    254183  max   487764  V    202946  |d|     414    505k mv/s  1024  99.8  2048  98.8  4096  96.8  8192  91.6  16k  62.7  32k   0.1
ep 148000       2861s  mean    254325  max   528960  V    202601  |d|     417    505k mv/s  1024  99.8  2048  99.0  4096  97.2  8192  90.7  16k  63.4  32k   0.1
ep 150000       2900s  mean    251856  max   473756  V    202976  |d|     417    505k mv/s  1024  99.7  2048  98.7  4096  96.1  8192  89.5  16k  63.0  32k   0.1
ep 152000       2938s  mean    250498  max   532960  V    203121  |d|     418    505k mv/s  1024  99.8  2048  99.2  4096  96.8  8192  90.5  16k  61.0  32k   0.1
ep 154000       2976s  mean    246327  max   488520  V    203881  |d|     418    505k mv/s  1024  99.9  2048  99.3  4096  97.0  8192  90.0  16k  60.1  32k   0.1
ep 156000       3015s  mean    250992  max   387356  V    202878  |d|     419    505k mv/s  1024  99.9  2048  99.2  4096  96.2  8192  90.2  16k  61.6  32k   0.0
ep 158000       3053s  mean    250225  max   387084  V    203403  |d|     413    505k mv/s  1024  99.8  2048  99.2  4096  96.8  8192  90.8  16k  62.5  32k   0.0
ep 160000       3092s  mean    252405  max   397056  V    202989  |d|     416    505k mv/s  1024  99.7  2048  99.0  4096  96.5  8192  90.5  16k  62.6  32k   0.0
ep 162000       3130s  mean    252602  max   482256  V    203107  |d|     414    505k mv/s  1024  99.7  2048  98.8  4096  96.9  8192  91.0  16k  62.6  32k   0.1
ep 164000       3169s  mean    251769  max   465160  V    202986  |d|     417    505k mv/s  1024  99.8  2048  99.2  4096  96.7  8192  90.7  16k  61.5  32k   0.1
ep 166000       3207s  mean    247632  max   386656  V    203728  |d|     413    505k mv/s  1024  99.7  2048  99.0  4096  97.0  8192  90.5  16k  60.6  32k   0.0
ep 168000       3245s  mean    250877  max   509552  V    203031  |d|     417    505k mv/s  1024  99.7  2048  99.0  4096  96.5  8192  89.3  16k  62.5  32k   0.1
ep 170000       3284s  mean    254844  max   528372  V    203006  |d|     416    505k mv/s  1024  99.7  2048  99.0  4096  97.2  8192  92.5  16k  62.0  32k   0.1
ep 172000       3322s  mean    253072  max   479436  V    202814  |d|     415    505k mv/s  1024  99.5  2048  98.9  4096  96.7  8192  90.0  16k  62.7  32k   0.1
ep 174000       3361s  mean    251573  max   408868  V    203590  |d|     412    505k mv/s  1024  99.7  2048  99.1  4096  97.0  8192  91.3  16k  62.1  32k   0.0
ep 176000       3399s  mean    254900  max   444872  V    203127  |d|     415    505k mv/s  1024  99.7  2048  99.2  4096  97.1  8192  92.1  16k  63.5  32k   0.0
ep 178000       3438s  mean    252481  max   411020  V    203082  |d|     419    505k mv/s  1024  99.5  2048  99.0  4096  97.0  8192  91.4  16k  62.5  32k   0.0
ep 180000       3477s  mean    253684  max   563804  V    203014  |d|     416    505k mv/s  1024  99.7  2048  98.8  4096  97.0  8192  91.0  16k  62.9  32k   0.1
ep 182000       3516s  mean    253067  max   399652  V    203425  |d|     413    505k mv/s  1024  99.7  2048  99.0  4096  97.0  8192  90.8  16k  63.0  32k   0.0
ep 184000       3555s  mean    253107  max   550644  V    203330  |d|     416    505k mv/s  1024  99.7  2048  99.0  4096  96.8  8192  90.3  16k  63.2  32k   0.1
ep 186000       3594s  mean    257407  max   387248  V    202717  |d|     416    505k mv/s  1024  99.8  2048  99.2  4096  97.3  8192  91.9  16k  64.2  32k   0.0
checkpoint -> runs/r7_ss.bin (ep 186435)
ep 188000       3633s  mean    253025  max   480148  V    203315  |d|     415    505k mv/s  1024  99.8  2048  99.2  4096  97.3  8192  91.2  16k  62.1  32k   0.1
ep 190000       3672s  mean    255734  max   387308  V    203148  |d|     415    505k mv/s  1024  99.8  2048  98.9  4096  97.7  8192  91.2  16k  64.2  32k   0.0
ep 192000       3711s  mean    251588  max   597284  V    203593  |d|     416    505k mv/s  1024  99.5  2048  98.7  4096  96.8  8192  90.8  16k  62.7  32k   0.1
ep 194000       3750s  mean    255837  max   555404  V    203274  |d|     415    505k mv/s  1024  99.7  2048  99.0  4096  97.0  8192  92.3  16k  63.6  32k   0.1
ep 196000       3789s  mean    251393  max   557368  V    203793  |d|     411    505k mv/s  1024  99.6  2048  98.8  4096  96.2  8192  89.5  16k  63.3  32k   0.1
ep 198000       3827s  mean    249694  max   387168  V    203869  |d|     416    505k mv/s  1024  99.7  2048  98.8  4096  96.5  8192  90.5  16k  62.0  32k   0.0
ep 200000       3865s  mean    250021  max   536944  V    203556  |d|     417    505k mv/s  1024  99.8  2048  99.2  4096  96.7  8192  89.8  16k  61.0  32k   0.1
ep 202000       3904s  mean    256384  max   412696  V    202950  |d|     417    505k mv/s  1024  99.8  2048  99.4  4096  97.5  8192  91.3  16k  64.3  32k   0.0
ep 204000       3942s  mean    255132  max   527408  V    203561  |d|     410    505k mv/s  1024  99.7  2048  98.7  4096  96.1  8192  90.2  16k  64.0  32k   0.1
ep 206000       3981s  mean    253517  max   548616  V    203630  |d|     416    505k mv/s  1024  99.8  2048  98.6  4096  97.1  8192  91.1  16k  63.6  32k   0.1
ep 208000       4020s  mean    254292  max   532200  V    203709  |d|     411    505k mv/s  1024  99.7  2048  98.8  4096  97.1  8192  91.0  16k  64.0  32k   0.1
ep 210000       4058s  mean    248791  max   527360  V    203734  |d|     414    505k mv/s  1024  99.8  2048  99.0  4096  96.5  8192  90.0  16k  60.3  32k   0.1
ep 212000       4097s  mean    255108  max   489500  V    203365  |d|     417    505k mv/s  1024 100.0  2048  99.6  4096  97.7  8192  91.2  16k  64.0  32k   0.1
ep 214000       4136s  mean    254948  max   411176  V    203939  |d|     411    505k mv/s  1024  99.8  2048  99.3  4096  97.1  8192  91.5  16k  64.3  32k   0.0
ep 216000       4174s  mean    251223  max   511248  V    203885  |d|     414    505k mv/s  1024  99.8  2048  99.0  4096  97.4  8192  90.5  16k  61.8  32k   0.1
ep 218000       4213s  mean    253470  max   564852  V    203663  |d|     415    505k mv/s  1024  99.8  2048  99.2  4096  96.8  8192  91.6  16k  62.6  32k   0.1
ep 220000       4252s  mean    250552  max   586660  V    204008  |d|     418    505k mv/s  1024  99.8  2048  99.3  4096  96.8  8192  91.0  16k  61.9  32k   0.1
ep 222000       4291s  mean    254069  max   574604  V    203708  |d|     415    505k mv/s  1024  99.7  2048  99.0  4096  96.7  8192  91.3  16k  63.6  32k   0.1
ep 224000       4330s  mean    254310  max   504996  V    203628  |d|     413    505k mv/s  1024  99.7  2048  99.0  4096  96.7  8192  90.5  16k  64.2  32k   0.1
ep 226000       4369s  mean    258316  max   577296  V    203263  |d|     413    505k mv/s  1024  99.8  2048  99.2  4096  97.5  8192  91.8  16k  65.2  32k   0.1
ep 228000       4409s  mean    251611  max   387224  V    204028  |d|     414    505k mv/s  1024  99.7  2048  98.9  4096  97.0  8192  90.5  16k  63.2  32k   0.0
ep 230000       4447s  mean    251278  max   408536  V    203993  |d|     414    505k mv/s  1024  99.8  2048  99.2  4096  96.7  8192  90.6  16k  61.9  32k   0.0
ep 232000       4485s  mean    251574  max   388220  V    204228  |d|     412    505k mv/s  1024  99.5  2048  98.7  4096  96.7  8192  90.5  16k  62.5  32k   0.0
ep 234000       4524s  mean    252409  max   410040  V    203974  |d|     416    505k mv/s  1024  99.8  2048  99.3  4096  98.0  8192  91.2  16k  62.4  32k   0.0
ep 236000       4562s  mean    255417  max   481844  V    203820  |d|     413    505k mv/s  1024  99.9  2048  99.4  4096  97.8  8192  91.8  16k  63.4  32k   0.1
ep 238000       4600s  mean    250672  max   564740  V    203968  |d|     414    505k mv/s  1024  99.7  2048  98.7  4096  96.5  8192  90.5  16k  62.0  32k   0.1
ep 240000       4639s  mean    251233  max   388640  V    204129  |d|     416    505k mv/s  1024  99.7  2048  98.6  4096  96.7  8192  91.0  16k  62.2  32k   0.0
ep 242000       4678s  mean    248600  max   571772  V    204369  |d|     413    505k mv/s  1024  99.6  2048  98.6  4096  96.5  8192  89.5  16k  61.4  32k   0.1
ep 244000       4716s  mean    250459  max   527432  V    204283  |d|     414    505k mv/s  1024  99.8  2048  98.8  4096  96.8  8192  91.3  16k  60.8  32k   0.1
ep 246000       4755s  mean    253740  max   550568  V    203829  |d|     414    505k mv/s  1024  99.8  2048  99.3  4096  96.6  8192  91.2  16k  62.6  32k   0.1
ep 248000       4793s  mean    251656  max   532284  V    204041  |d|     417    505k mv/s  1024  99.8  2048  99.3  4096  97.0  8192  90.5  16k  62.5  32k   0.1
checkpoint -> runs/r7_ss.bin (ep 248591)
ep 250000       4832s  mean    252209  max   523840  V    204074  |d|     414    505k mv/s  1024  99.5  2048  99.2  4096  96.5  8192  90.3  16k  63.0  32k   0.1
ep 252000       4870s  mean    256386  max   532832  V    203612  |d|     415    505k mv/s  1024  99.5  2048  99.0  4096  97.0  8192  91.0  16k  64.4  32k   0.1
ep 254000       4908s  mean    251709  max   556372  V    204253  |d|     413    505k mv/s  1024  99.8  2048  99.2  4096  96.5  8192  91.0  16k  62.2  32k   0.1
ep 256000       4947s  mean    260261  max   387028  V    203510  |d|     412    505k mv/s  1024  99.8  2048  99.2  4096  97.5  8192  92.1  16k  65.8  32k   0.0
ep 258000       4987s  mean    258003  max   535680  V    203726  |d|     413    505k mv/s  1024  99.7  2048  99.0  4096  97.3  8192  91.3  16k  65.5  32k   0.1
ep 260000       5026s  mean    252648  max   531208  V    204442  |d|     412    505k mv/s  1024  99.8  2048  99.0  4096  96.3  8192  90.1  16k  63.5  32k   0.1
ep 262000       5065s  mean    252075  max   534420  V    203909  |d|     415    505k mv/s  1024  99.8  2048  99.2  4096  96.5  8192  90.0  16k  62.5  32k   0.1
ep 264000       5104s  mean    254558  max   530872  V    204139  |d|     413    505k mv/s  1024  99.8  2048  99.0  4096  96.7  8192  91.0  16k  63.8  32k   0.1
ep 266000       5142s  mean    250255  max   387236  V    204746  |d|     414    505k mv/s  1024  99.7  2048  99.0  4096  97.0  8192  90.5  16k  62.5  32k   0.0
ep 268000       5180s  mean    252667  max   504048  V    204119  |d|     414    505k mv/s  1024  99.9  2048  99.4  4096  97.4  8192  89.8  16k  62.5  32k   0.1
ep 270000       5219s  mean    251643  max   572172  V    204091  |d|     416    505k mv/s  1024  99.6  2048  98.5  4096  95.9  8192  89.7  16k  63.1  32k   0.1
ep 272000       5257s  mean    253838  max   469608  V    204508  |d|     411    505k mv/s  1024  99.7  2048  99.1  4096  96.8  8192  91.2  16k  63.9  32k   0.1
ep 274000       5295s  mean    254309  max   573548  V    204414  |d|     416    505k mv/s  1024  99.7  2048  99.2  4096  97.0  8192  91.8  16k  63.4  32k   0.1
ep 276000       5334s  mean    252591  max   456172  V    204494  |d|     414    505k mv/s  1024  99.8  2048  99.2  4096  97.5  8192  91.6  16k  62.0  32k   0.0
ep 278000       5373s  mean    253801  max   476232  V    204702  |d|     410    506k mv/s  1024  99.6  2048  99.2  4096  97.2  8192  91.0  16k  63.8  32k   0.1
ep 280000       5411s  mean    255684  max   533236  V    204238  |d|     412    506k mv/s  1024  99.7  2048  99.0  4096  96.8  8192  92.0  16k  64.1  32k   0.1
ep 282000       5449s  mean    254393  max   502852  V    204176  |d|     415    506k mv/s  1024  99.6  2048  98.9  4096  96.5  8192  91.6  16k  63.9  32k   0.1
ep 284000       5488s  mean    254646  max   398640  V    204291  |d|     413    506k mv/s  1024  99.5  2048  99.0  4096  97.3  8192  90.8  16k  63.5  32k   0.0
ep 286000       5526s  mean    252367  max   508716  V    204528  |d|     412    506k mv/s  1024  99.8  2048  99.2  4096  96.9  8192  91.2  16k  61.9  32k   0.1
ep 288000       5565s  mean    250696  max   554948  V    204689  |d|     416    506k mv/s  1024  99.8  2048  99.0  4096  96.9  8192  90.9  16k  61.9  32k   0.1
ep 290000       5604s  mean    252851  max   413100  V    204123  |d|     419    506k mv/s  1024  99.8  2048  99.2  4096  97.2  8192  90.7  16k  62.6  32k   0.0
ep 292000       5642s  mean    251538  max   504936  V    205125  |d|     414    506k mv/s  1024  99.7  2048  99.3  4096  97.0  8192  91.3  16k  62.7  32k   0.1
ep 294000       5680s  mean    254412  max   477852  V    204835  |d|     410    506k mv/s  1024  99.8  2048  99.0  4096  96.7  8192  91.7  16k  63.8  32k   0.1
ep 296000       5718s  mean    249119  max   497868  V    205134  |d|     416    506k mv/s  1024  99.8  2048  99.2  4096  97.3  8192  91.2  16k  60.5  32k   0.1
ep 298000       5757s  mean    253742  max   528736  V    204176  |d|     415    506k mv/s  1024  99.7  2048  99.2  4096  97.0  8192  90.2  16k  63.0  32k   0.1
ep 300000       5796s  mean    256505  max   501852  V    204540  |d|     415    506k mv/s  1024  99.8  2048  99.3  4096  97.7  8192  91.6  16k  64.4  32k   0.1
ep 302000       5835s  mean    258936  max   564680  V    204200  |d|     416    506k mv/s  1024  99.8  2048  99.4  4096  97.5  8192  92.7  16k  65.5  32k   0.1
ep 304000       5873s  mean    252418  max   576572  V    204690  |d|     418    506k mv/s  1024  99.8  2048  99.1  4096  97.1  8192  91.0  16k  62.4  32k   0.1
ep 306000       5911s  mean    253716  max   387400  V    204256  |d|     417    506k mv/s  1024  99.7  2048  99.2  4096  97.2  8192  90.5  16k  62.8  32k   0.0
ep 308000       5948s  mean    251615  max   387112  V    204704  |d|     417    506k mv/s  1024  99.8  2048  99.2  4096  96.9  8192  90.5  16k  62.4  32k   0.0
ep 310000       5987s  mean    256865  max   479268  V    204309  |d|     417    506k mv/s  1024  99.8  2048  99.2  4096  97.3  8192  91.9  16k  64.2  32k   0.1
checkpoint -> runs/r7_ss.bin (ep 311011)
ep 312000       6025s  mean    252135  max   507980  V    204920  |d|     412    506k mv/s  1024  99.7  2048  99.0  4096  96.7  8192  91.0  16k  62.0  32k   0.1
ep 314000       6063s  mean    252400  max   407424  V    204731  |d|     413    506k mv/s  1024  99.7  2048  99.4  4096  97.0  8192  90.9  16k  62.1  32k   0.0
ep 316000       6101s  mean    251920  max   498000  V    204468  |d|     418    506k mv/s  1024  99.7  2048  98.9  4096  96.5  8192  90.2  16k  62.7  32k   0.1
ep 318000       6139s  mean    255205  max   554280  V    204495  |d|     416    506k mv/s  1024  99.6  2048  98.8  4096  97.1  8192  91.6  16k  64.0  32k   0.1
ep 320000       6177s  mean    254021  max   433920  V    204670  |d|     414    506k mv/s  1024  99.9  2048  99.1  4096  96.8  8192  90.9  16k  63.9  32k   0.0
ep 322000       6215s  mean    257631  max   525896  V    204421  |d|     415    506k mv/s  1024  99.8  2048  99.0  4096  97.7  8192  91.5  16k  65.3  32k   0.1
ep 324000       6254s  mean    253746  max   480072  V    204868  |d|     414    506k mv/s  1024  99.8  2048  99.1  4096  96.6  8192  90.9  16k  64.2  32k   0.1
ep 326000       6294s  mean    253620  max   388376  V    204787  |d|     414    506k mv/s  1024  99.8  2048  99.2  4096  97.3  8192  90.3  16k  63.2  32k   0.0
ep 328000       6333s  mean    253814  max   523668  V    204801  |d|     414    506k mv/s  1024  99.7  2048  99.0  4096  97.0  8192  91.7  16k  62.7  32k   0.1
ep 330000       6373s  mean    258186  max   522708  V    204407  |d|     415    506k mv/s  1024  99.8  2048  99.5  4096  97.6  8192  92.0  16k  64.2  32k   0.1
ep 332000       6412s  mean    251707  max   472912  V    204751  |d|     420    506k mv/s  1024  99.8  2048  98.9  4096  97.0  8192  90.8  16k  61.6  32k   0.1
ep 334000       6450s  mean    253486  max   387580  V    204944  |d|     414    506k mv/s  1024  99.8  2048  99.2  4096  97.2  8192  91.5  16k  63.0  32k   0.0
ep 336000       6489s  mean    252267  max   562220  V    205039  |d|     411    506k mv/s  1024  99.8  2048  99.4  4096  96.5  8192  90.5  16k  62.5  32k   0.1
ep 338000       6528s  mean    254928  max   555532  V    204529  |d|     416    506k mv/s  1024  99.7  2048  98.8  4096  97.3  8192  90.9  16k  63.1  32k   0.1
ep 340000       6567s  mean    254324  max   581076  V    204940  |d|     414    506k mv/s  1024  99.5  2048  98.7  4096  97.0  8192  91.3  16k  63.5  32k   0.1
ep 342000       6606s  mean    255461  max   488064  V    204619  |d|     414    506k mv/s  1024  99.8  2048  99.0  4096  97.5  8192  90.7  16k  63.8  32k   0.1
ep 344000       6645s  mean    253506  max   524464  V    204907  |d|     414    506k mv/s  1024  99.8  2048  99.3  4096  97.0  8192  90.4  16k  63.5  32k   0.1
ep 346000       6683s  mean    252197  max   524340  V    205291  |d|     412    506k mv/s  1024  99.9  2048  99.0  4096  96.7  8192  90.0  16k  63.2  32k   0.1
ep 348000       6721s  mean    251692  max   488544  V    205002  |d|     414    506k mv/s  1024  99.8  2048  99.4  4096  96.8  8192  90.6  16k  61.8  32k   0.1
ep 350000       6760s  mean    255881  max   532736  V    204834  |d|     416    506k mv/s  1024  99.8  2048  98.9  4096  97.0  8192  91.2  16k  63.9  32k   0.1
ep 352000       6798s  mean    249802  max   488564  V    205517  |d|     414    506k mv/s  1024  99.8  2048  98.8  4096  96.7  8192  91.5  16k  60.6  32k   0.1
ep 354000       6838s  mean    255001  max   530828  V    204799  |d|     416    506k mv/s  1024  99.8  2048  99.0  4096  97.2  8192  91.0  16k  63.6  32k   0.2
ep 356000       6878s  mean    256340  max   509956  V    204653  |d|     418    506k mv/s  1024  99.8  2048  99.3  4096  97.1  8192  91.4  16k  64.7  32k   0.1
ep 358000       6916s  mean    256101  max   528552  V    204832  |d|     412    506k mv/s  1024  99.9  2048  99.5  4096  97.2  8192  91.3  16k  63.4  32k   0.1
ep 360000       6955s  mean    254547  max   387452  V    205137  |d|     413    506k mv/s  1024  99.8  2048  99.0  4096  97.8  8192  91.8  16k  62.8  32k   0.0
ep 362000       6993s  mean    254136  max   509732  V    204969  |d|     416    506k mv/s  1024  99.8  2048  99.0  4096  96.5  8192  91.1  16k  62.7  32k   0.1
ep 364000       7031s  mean    252752  max   487384  V    205015  |d|     415    506k mv/s  1024  99.7  2048  98.6  4096  96.2  8192  90.5  16k  62.3  32k   0.1
ep 366000       7070s  mean    255410  max   530836  V    205192  |d|     414    506k mv/s  1024  99.8  2048  99.3  4096  97.1  8192  91.7  16k  63.7  32k   0.1
ep 368000       7108s  mean    252647  max   410388  V    204974  |d|     416    506k mv/s  1024  99.8  2048  98.8  4096  96.3  8192  90.3  16k  63.1  32k   0.0
ep 370000       7146s  mean    249153  max   518100  V    205556  |d|     416    506k mv/s  1024  99.7  2048  98.8  4096  96.4  8192  90.3  16k  60.9  32k   0.1
ep 372000       7185s  mean    257393  max   490340  V    204851  |d|     415    506k mv/s  1024  99.9  2048  99.2  4096  97.3  8192  91.8  16k  65.0  32k   0.1
checkpoint -> runs/r7_ss.bin (ep 373179)
ep 374000       7223s  mean    252290  max   388456  V    205063  |d|     415    507k mv/s  1024  99.9  2048  98.9  4096  96.5  8192  89.5  16k  62.9  32k   0.0
ep 376000       7262s  mean    254218  max   388220  V    205303  |d|     414    507k mv/s  1024  99.9  2048  99.2  4096  96.8  8192  91.0  16k  63.8  32k   0.0
ep 378000       7300s  mean    251266  max   387248  V    205386  |d|     414    507k mv/s  1024  99.8  2048  99.0  4096  96.7  8192  90.8  16k  61.9  32k   0.0
ep 380000       7337s  mean    250625  max   407908  V    205898  |d|     414    507k mv/s  1024  99.8  2048  99.2  4096  97.7  8192  90.5  16k  62.5  32k   0.0
ep 382000       7376s  mean    255089  max   486032  V    205259  |d|     416    507k mv/s  1024  99.7  2048  99.2  4096  97.2  8192  92.0  16k  63.4  32k   0.1
ep 384000       7415s  mean    252578  max   505508  V    205310  |d|     416    507k mv/s  1024  99.8  2048  99.0  4096  96.8  8192  91.2  16k  62.5  32k   0.1
ep 386000       7453s  mean    252958  max   544412  V    204909  |d|     419    507k mv/s  1024  99.5  2048  99.1  4096  96.8  8192  90.6  16k  62.5  32k   0.1
ep 388000       7492s  mean    253552  max   468072  V    205012  |d|     416    507k mv/s  1024  99.8  2048  99.0  4096  97.1  8192  90.9  16k  62.5  32k   0.1
ep 390000       7530s  mean    251145  max   531492  V    205659  |d|     412    507k mv/s  1024  99.8  2048  99.2  4096  96.6  8192  90.0  16k  62.4  32k   0.1
ep 392000       7567s  mean    248916  max   480368  V    206010  |d|     414    507k mv/s  1024  99.5  2048  98.8  4096  96.8  8192  90.0  16k  61.0  32k   0.1
ep 394000       7606s  mean    252000  max   554848  V    205359  |d|     417    507k mv/s  1024  99.8  2048  99.3  4096  97.2  8192  90.8  16k  62.4  32k   0.1
ep 396000       7644s  mean    252952  max   529484  V    205272  |d|     415    507k mv/s  1024  99.6  2048  98.8  4096  96.8  8192  91.2  16k  62.4  32k   0.1
ep 398000       7682s  mean    251172  max   521640  V    205694  |d|     414    507k mv/s  1024  99.7  2048  99.2  4096  97.2  8192  90.5  16k  61.5  32k   0.1
ep 400000       7719s  mean    245964  max   386684  V    205776  |d|     416    507k mv/s  1024  99.8  2048  99.0  4096  95.8  8192  89.0  16k  60.0  32k   0.0
ep 402000       7757s  mean    254413  max   571888  V    205301  |d|     415    507k mv/s  1024  99.5  2048  99.0  4096  97.0  8192  90.7  16k  63.8  32k   0.1
ep 404000       7795s  mean    251630  max   480356  V    205710  |d|     417    507k mv/s  1024  99.6  2048  98.9  4096  97.0  8192  90.5  16k  62.0  32k   0.1
ep 406000       7833s  mean    252614  max   510684  V    205725  |d|     414    507k mv/s  1024  99.6  2048  98.8  4096  96.2  8192  90.8  16k  63.7  32k   0.1
ep 408000       7872s  mean    251595  max   536760  V    205583  |d|     419    507k mv/s  1024  99.7  2048  99.0  4096  96.3  8192  90.0  16k  62.1  32k   0.1
ep 410000       7910s  mean    253832  max   386540  V    205449  |d|     418    507k mv/s  1024  99.8  2048  99.1  4096  97.0  8192  91.0  16k  63.5  32k   0.0
ep 412000       7948s  mean    250638  max   489212  V    205757  |d|     414    507k mv/s  1024  99.8  2048  99.0  4096  96.8  8192  90.4  16k  61.6  32k   0.1
ep 414000       7986s  mean    252269  max   451368  V    205651  |d|     416    507k mv/s  1024  99.7  2048  98.8  4096  96.7  8192  90.4  16k  62.4  32k   0.0
ep 416000       8024s  mean    252908  max   522716  V    205403  |d|     418    507k mv/s  1024  99.8  2048  99.1  4096  96.8  8192  90.8  16k  62.5  32k   0.1
ep 418000       8062s  mean    249490  max   528316  V    206102  |d|     416    507k mv/s  1024  99.9  2048  99.2  4096  96.5  8192  89.9  16k  61.8  32k   0.1
ep 420000       8100s  mean    253054  max   405192  V    205461  |d|     417    507k mv/s  1024  99.7  2048  99.2  4096  96.8  8192  90.4  16k  64.0  32k   0.0
ep 422000       8139s  mean    253593  max   555796  V    205517  |d|     416    507k mv/s  1024  99.5  2048  98.8  4096  96.5  8192  90.9  16k  63.0  32k   0.1
ep 424000       8177s  mean    251929  max   410612  V    205774  |d|     413    507k mv/s  1024  99.8  2048  99.2  4096  97.2  8192  90.5  16k  61.5  32k   0.0
ep 426000       8215s  mean    253453  max   387244  V    205891  |d|     412    507k mv/s  1024  99.8  2048  99.0  4096  96.7  8192  91.2  16k  63.4  32k   0.0
ep 428000       8253s  mean    254066  max   387192  V    205412  |d|     413    507k mv/s  1024  99.8  2048  99.2  4096  96.6  8192  90.1  16k  63.8  32k   0.0
ep 430000       8292s  mean    254535  max   508920  V    205320  |d|     418    507k mv/s  1024  99.9  2048  99.2  4096  96.9  8192  90.5  16k  63.4  32k   0.1
ep 432000       8331s  mean    257725  max   527304  V    205532  |d|     415    507k mv/s  1024  99.8  2048  99.1  4096  97.5  8192  92.6  16k  64.3  32k   0.1
ep 434000       8369s  mean    253259  max   487148  V    205585  |d|     416    507k mv/s  1024  99.9  2048  99.1  4096  96.4  8192  90.7  16k  63.2  32k   0.1
ep 436000       8408s  mean    252139  max   391424  V    205942  |d|     413    507k mv/s  1024  99.6  2048  98.7  4096  96.8  8192  90.4  16k  62.7  32k   0.0
checkpoint -> runs/r7_ss.bin (ep 436083)
ep 438000       8446s  mean    254185  max   526844  V    205675  |d|     414    507k mv/s  1024  99.7  2048  98.8  4096  96.6  8192  91.3  16k  62.5  32k   0.1
ep 440000       8484s  mean    255427  max   467008  V    205661  |d|     416    507k mv/s  1024  99.7  2048  99.3  4096  97.1  8192  91.5  16k  63.5  32k   0.1
ep 442000       8523s  mean    255113  max   469060  V    205740  |d|     415    507k mv/s  1024  99.7  2048  98.9  4096  96.9  8192  91.8  16k  63.6  32k   0.1
ep 444000       8561s  mean    252759  max   389192  V    205864  |d|     417    507k mv/s  1024  99.8  2048  99.2  4096  97.0  8192  89.6  16k  63.8  32k   0.0
ep 446000       8600s  mean    254506  max   412924  V    205479  |d|     418    507k mv/s  1024  99.8  2048  99.0  4096  97.0  8192  90.5  16k  63.1  32k   0.0
ep 448000       8637s  mean    252116  max   388020  V    206099  |d|     415    507k mv/s  1024  99.7  2048  98.9  4096  96.8  8192  90.0  16k  62.8  32k   0.0
ep 450000       8675s  mean    248895  max   527828  V    206560  |d|     414    507k mv/s  1024  99.7  2048  99.0  4096  96.8  8192  90.5  16k  60.3  32k   0.1
ep 452000       8714s  mean    254912  max   387288  V    205923  |d|     416    507k mv/s  1024 100.0  2048  99.3  4096  97.0  8192  90.7  16k  64.3  32k   0.0
ep 454000       8754s  mean    256945  max   547432  V    205528  |d|     415    507k mv/s  1024  99.7  2048  98.7  4096  97.0  8192  90.9  16k  64.5  32k   0.1
ep 456000       8792s  mean    253563  max   531484  V    205718  |d|     419    507k mv/s  1024  99.5  2048  98.9  4096  96.9  8192  90.8  16k  63.0  32k   0.1
ep 458000       8831s  mean    253466  max   489476  V    206351  |d|     412    507k mv/s  1024  99.8  2048  99.0  4096  97.0  8192  91.8  16k  62.6  32k   0.1
ep 460000       8869s  mean    254992  max   532576  V    205844  |d|     419    507k mv/s  1024  99.7  2048  99.2  4096  97.7  8192  91.5  16k  63.5  32k   0.1
ep 462000       8908s  mean    253350  max   509236  V    206087  |d|     414    507k mv/s  1024  99.5  2048  98.5  4096  96.4  8192  91.4  16k  63.3  32k   0.1
ep 464000       8946s  mean    254498  max   387320  V    206034  |d|     414    507k mv/s  1024  99.7  2048  99.2  4096  97.0  8192  91.0  16k  63.2  32k   0.0
ep 466000       8985s  mean    252315  max   387232  V    206139  |d|     418    507k mv/s  1024  99.7  2048  99.2  4096  97.0  8192  91.7  16k  61.7  32k   0.0
ep 468000       9025s  mean    257227  max   387132  V    205960  |d|     414    507k mv/s  1024  99.8  2048  99.2  4096  97.3  8192  92.2  16k  64.2  32k   0.0
ep 470000       9065s  mean    255266  max   534900  V    206019  |d|     417    507k mv/s  1024  99.7  2048  99.2  4096  97.6  8192  91.2  16k  63.5  32k   0.1
ep 472000       9105s  mean    255547  max   473560  V    206048  |d|     417    507k mv/s  1024  99.9  2048  99.2  4096  97.6  8192  91.8  16k  64.0  32k   0.1
ep 474000       9145s  mean    255998  max   508924  V    206393  |d|     412    507k mv/s  1024  99.8  2048  99.3  4096  97.4  8192  92.6  16k  64.0  32k   0.1
ep 476000       9185s  mean    256764  max   387308  V    206105  |d|     416    507k mv/s  1024  99.7  2048  99.0  4096  96.9  8192  91.5  16k  64.9  32k   0.0
ep 478000       9225s  mean    253769  max   512944  V    206186  |d|     417    507k mv/s  1024  99.9  2048  99.2  4096  96.8  8192  91.5  16k  62.9  32k   0.1
ep 480000       9264s  mean    253365  max   387344  V    206258  |d|     415    507k mv/s  1024  99.7  2048  98.8  4096  96.5  8192  90.7  16k  63.5  32k   0.0
ep 482000       9303s  mean    254477  max   530948  V    206208  |d|     415    507k mv/s  1024  99.8  2048  99.2  4096  97.2  8192  91.8  16k  63.4  32k   0.1
ep 484000       9342s  mean    253294  max   513288  V    206098  |d|     414    507k mv/s  1024  99.8  2048  98.9  4096  95.9  8192  90.3  16k  63.3  32k   0.1
ep 486000       9381s  mean    254019  max   585624  V    206048  |d|     419    507k mv/s  1024  99.7  2048  98.8  4096  96.6  8192  90.2  16k  63.7  32k   0.2
ep 488000       9421s  mean    256260  max   532208  V    206163  |d|     416    507k mv/s  1024  99.5  2048  99.0  4096  97.3  8192  91.5  16k  64.2  32k   0.1
ep 490000       9460s  mean    253685  max   406576  V    206169  |d|     415    507k mv/s  1024  99.9  2048  99.2  4096  97.7  8192  91.1  16k  62.0  32k   0.0
ep 492000       9500s  mean    257464  max   556468  V    206131  |d|     414    507k mv/s  1024  99.8  2048  98.8  4096  97.2  8192  92.1  16k  64.6  32k   0.1
ep 494000       9539s  mean    254983  max   609092  V    206245  |d|     418    507k mv/s  1024  99.9  2048  99.5  4096  97.8  8192  91.5  16k  63.5  32k   0.1
ep 496000       9577s  mean    249724  max   413996  V    206214  |d|     421    507k mv/s  1024  99.5  2048  98.6  4096  95.5  8192  89.5  16k  61.8  32k   0.0
checkpoint -> runs/r7_ss.bin (ep 497770)
ep 498000       9615s  mean    255056  max   508556  V    206041  |d|     418    507k mv/s  1024  99.9  2048  99.2  4096  97.3  8192  91.0  16k  63.2  32k   0.1
ep 500000       9654s  mean    255183  max   387484  V    206044  |d|     418    507k mv/s  1024  99.9  2048  99.5  4096  97.2  8192  91.1  16k  63.8  32k   0.0
ep 502000       9693s  mean    253108  max   604344  V    206830  |d|     415    507k mv/s  1024  99.8  2048  99.2  4096  97.2  8192  91.2  16k  63.2  32k   0.1
ep 504000       9732s  mean    253504  max   530024  V    206143  |d|     418    507k mv/s  1024  99.8  2048  99.0  4096  96.8  8192  90.3  16k  62.9  32k   0.1
ep 506000       9771s  mean    248906  max   509764  V    207110  |d|     417    507k mv/s  1024  99.8  2048  99.2  4096  97.5  8192  90.6  16k  60.5  32k   0.1
ep 508000       9810s  mean    254014  max   393424  V    206422  |d|     414    507k mv/s  1024  99.7  2048  98.5  4096  97.0  8192  90.4  16k  63.8  32k   0.0
ep 510000       9849s  mean    252848  max   508016  V    206544  |d|     415    507k mv/s  1024  99.7  2048  99.0  4096  96.8  8192  90.6  16k  63.5  32k   0.1
ep 512000       9889s  mean    259098  max   387020  V    206027  |d|     416    507k mv/s  1024  99.9  2048  99.5  4096  97.8  8192  92.2  16k  65.2  32k   0.0
ep 514000       9929s  mean    253759  max   531312  V    206779  |d|     413    507k mv/s  1024  99.8  2048  99.4  4096  97.2  8192  90.8  16k  63.5  32k   0.1
ep 516000       9968s  mean    255870  max   460352  V    206254  |d|     415    507k mv/s  1024  99.8  2048  99.0  4096  96.8  8192  91.2  16k  64.0  32k   0.1
ep 518000      10005s  mean    251053  max   527776  V    206731  |d|     419    507k mv/s  1024  99.6  2048  98.8  4096  96.7  8192  90.8  16k  62.0  32k   0.1
ep 520000      10044s  mean    255465  max   387724  V    206344  |d|     415    507k mv/s  1024  99.9  2048  99.0  4096  97.2  8192  91.4  16k  63.8  32k   0.0
ep 522000      10083s  mean    256636  max   576588  V    206317  |d|     417    507k mv/s  1024  99.8  2048  99.2  4096  97.0  8192  91.8  16k  64.6  32k   0.1
ep 524000      10122s  mean    251757  max   478936  V    206660  |d|     414    507k mv/s  1024  99.7  2048  99.0  4096  96.2  8192  90.1  16k  62.5  32k   0.1
ep 526000      10161s  mean    253770  max   511932  V    206804  |d|     413    507k mv/s  1024  99.8  2048  99.3  4096  96.3  8192  90.5  16k  64.0  32k   0.1
ep 528000      10199s  mean    251273  max   513180  V    206999  |d|     414    507k mv/s  1024  99.8  2048  99.1  4096  97.0  8192  90.7  16k  62.3  32k   0.2
ep 530000      10239s  mean    259763  max   508540  V    206191  |d|     414    507k mv/s  1024  99.9  2048  99.3  4096  97.2  8192  91.4  16k  66.7  32k   0.1
ep 532000      10277s  mean    251895  max   387268  V    206825  |d|     417    507k mv/s  1024 100.0  2048  98.9  4096  96.5  8192  90.0  16k  63.5  32k   0.0
ep 534000      10315s  mean    253798  max   521788  V    206752  |d|     413    507k mv/s  1024  99.8  2048  99.2  4096  97.2  8192  90.0  16k  63.8  32k   0.1
ep 536000      10354s  mean    254010  max   504380  V    207042  |d|     416    507k mv/s  1024  99.8  2048  99.0  4096  97.2  8192  92.2  16k  63.3  32k   0.1
ep 538000      10393s  mean    254000  max   524900  V    206616  |d|     414    507k mv/s  1024  99.8  2048  98.9  4096  96.7  8192  90.5  16k  63.1  32k   0.1
ep 540000      10433s  mean    253688  max   556492  V    206596  |d|     419    507k mv/s  1024  99.8  2048  98.6  4096  96.5  8192  90.9  16k  63.2  32k   0.1
ep 542000      10471s  mean    255138  max   525644  V    206732  |d|     415    507k mv/s  1024  99.8  2048  99.0  4096  97.3  8192  91.0  16k  64.0  32k   0.1
ep 544000      10511s  mean    253728  max   529904  V    207099  |d|     413    507k mv/s  1024  99.8  2048  99.4  4096  96.9  8192  90.8  16k  63.5  32k   0.1
ep 546000      10550s  mean    258489  max   527440  V    206616  |d|     416    507k mv/s  1024 100.0  2048  99.4  4096  97.8  8192  92.8  16k  65.0  32k   0.1
ep 548000      10588s  mean    251274  max   387496  V    206915  |d|     417    507k mv/s  1024  99.7  2048  99.2  4096  96.2  8192  90.5  16k  61.9  32k   0.0
ep 550000      10627s  mean    254026  max   387376  V    206829  |d|     416    507k mv/s  1024  99.8  2048  98.8  4096  97.5  8192  90.8  16k  63.6  32k   0.0
ep 552000      10665s  mean    255306  max   511608  V    206670  |d|     415    507k mv/s  1024  99.9  2048  98.8  4096  96.8  8192  91.2  16k  64.3  32k   0.1
ep 554000      10704s  mean    252999  max   386636  V    206861  |d|     416    507k mv/s  1024  99.6  2048  99.1  4096  97.2  8192  90.5  16k  62.8  32k   0.0
ep 556000      10741s  mean    249229  max   580072  V    207030  |d|     418    507k mv/s  1024  99.6  2048  98.7  4096  96.6  8192  89.6  16k  60.9  32k   0.1
ep 558000      10779s  mean    253114  max   517212  V    206836  |d|     417    507k mv/s  1024  99.8  2048  99.1  4096  95.9  8192  90.4  16k  62.8  32k   0.1
checkpoint -> runs/r7_ss.bin (ep 559802)
ep 560000      10817s  mean    250012  max   547300  V    207325  |d|     414    507k mv/s  1024  99.8  2048  99.2  4096  96.8  8192  90.3  16k  61.0  32k   0.1
ep 562000      10856s  mean    253647  max   558432  V    206850  |d|     415    507k mv/s  1024  99.7  2048  98.8  4096  96.3  8192  90.3  16k  63.6  32k   0.1
ep 564000      10895s  mean    257355  max   489052  V    206324  |d|     420    507k mv/s  1024  99.8  2048  99.2  4096  97.3  8192  91.8  16k  64.5  32k   0.1
ep 566000      10934s  mean    256669  max   533780  V    206942  |d|     412    507k mv/s  1024  99.8  2048  99.2  4096  96.9  8192  90.8  16k  65.8  32k   0.1
ep 568000      10972s  mean    253496  max   513420  V    207341  |d|     414    507k mv/s  1024  99.6  2048  98.9  4096  96.6  8192  91.2  16k  64.2  32k   0.1
ep 570000      11012s  mean    255096  max   387480  V    207261  |d|     413    507k mv/s  1024  99.8  2048  99.5  4096  97.5  8192  92.0  16k  64.0  32k   0.0
ep 572000      11051s  mean    257372  max   505272  V    206401  |d|     415    507k mv/s  1024  99.7  2048  99.2  4096  96.8  8192  90.8  16k  64.8  32k   0.1
ep 574000      11089s  mean    253917  max   512860  V    207454  |d|     413    507k mv/s  1024  99.6  2048  98.8  4096  96.7  8192  91.4  16k  63.8  32k   0.1
ep 576000      11128s  mean    255657  max   387204  V    207228  |d|     410    507k mv/s  1024 100.0  2048  99.4  4096  97.3  8192  91.7  16k  63.8  32k   0.0
ep 578000      11167s  mean    256367  max   386920  V    206848  |d|     417    507k mv/s  1024  99.9  2048  99.4  4096  97.9  8192  91.8  16k  63.8  32k   0.0
ep 580000      11206s  mean    256153  max   531076  V    206968  |d|     415    507k mv/s  1024  99.9  2048  99.2  4096  96.8  8192  91.0  16k  64.1  32k   0.1
ep 582000      11245s  mean    256548  max   532284  V    207165  |d|     414    507k mv/s  1024  99.9  2048  99.2  4096  97.4  8192  91.5  16k  64.3  32k   0.1
ep 584000      11283s  mean    255824  max   583456  V    207250  |d|     415    507k mv/s  1024  99.8  2048  99.4  4096  97.3  8192  91.5  16k  64.6  32k   0.1
ep 586000      11321s  mean    249809  max   530024  V    207138  |d|     421    507k mv/s  1024  99.6  2048  99.0  4096  96.3  8192  90.0  16k  61.4  32k   0.1
ep 588000      11360s  mean    256549  max   527188  V    207209  |d|     413    507k mv/s  1024  99.9  2048  99.1  4096  96.3  8192  91.7  16k  64.0  32k   0.1
ep 590000      11399s  mean    255026  max   528548  V    207200  |d|     415    507k mv/s  1024  99.8  2048  99.2  4096  97.5  8192  91.9  16k  64.0  32k   0.1
ep 592000      11437s  mean    253267  max   556532  V    207107  |d|     418    507k mv/s  1024  99.8  2048  99.1  4096  96.8  8192  91.3  16k  62.5  32k   0.1
ep 594000      11475s  mean    252322  max   478592  V    207542  |d|     413    507k mv/s  1024  99.8  2048  99.0  4096  96.4  8192  91.2  16k  61.8  32k   0.1
ep 596000      11513s  mean    255413  max   447064  V    207232  |d|     414    507k mv/s  1024  99.8  2048  99.2  4096  97.2  8192  91.0  16k  63.8  32k   0.0
ep 598000      11553s  mean    252525  max   410364  V    207602  |d|     413    507k mv/s  1024  99.6  2048  98.8  4096  96.3  8192  91.0  16k  62.6  32k   0.0
ep 600000      11594s  mean    255715  max   486568  V    207383  |d|     409    507k mv/s  1024  99.8  2048  99.2  4096  97.2  8192  91.6  16k  63.6  32k   0.1
ep 602000      11634s  mean    253035  max   387248  V    207702  |d|     415    507k mv/s  1024  99.7  2048  99.3  4096  97.0  8192  90.5  16k  63.6  32k   0.0
ep 604000      11673s  mean    254276  max   532572  V    207380  |d|     414    507k mv/s  1024  99.8  2048  99.2  4096  97.0  8192  90.8  16k  63.2  32k   0.1
ep 606000      11713s  mean    254924  max   528940  V    206834  |d|     418    507k mv/s  1024  99.7  2048  99.0  4096  96.7  8192  90.8  16k  63.6  32k   0.1
ep 608000      11753s  mean    253275  max   605104  V    207492  |d|     418    507k mv/s  1024  99.9  2048  99.0  4096  97.0  8192  92.0  16k  62.7  32k   0.3
ep 610000      11794s  mean    256619  max   487672  V    207236  |d|     413    507k mv/s  1024  99.8  2048  99.0  4096  97.2  8192  91.4  16k  64.5  32k   0.1
ep 612000      11834s  mean    255138  max   510024  V    207184  |d|     415    507k mv/s  1024  99.7  2048  99.2  4096  97.0  8192  90.9  16k  63.4  32k   0.1
ep 614000      11872s  mean    253204  max   503952  V    207444  |d|     416    507k mv/s  1024  99.7  2048  99.3  4096  96.3  8192  90.7  16k  62.6  32k   0.1
ep 616000      11910s  mean    253201  max   529076  V    207097  |d|     417    507k mv/s  1024  99.5  2048  99.0  4096  97.0  8192  90.0  16k  63.0  32k   0.1
ep 618000      11950s  mean    257233  max   509940  V    207236  |d|     413    507k mv/s  1024  99.8  2048  99.1  4096  97.2  8192  91.8  16k  64.9  32k   0.1
ep 620000      11989s  mean    256202  max   488460  V    207483  |d|     415    507k mv/s  1024  99.5  2048  98.8  4096  97.0  8192  91.5  16k  64.6  32k   0.1
checkpoint -> runs/r7_ss.bin (ep 621310)
ep 622000      12028s  mean    257071  max   510208  V    207047  |d|     418    507k mv/s  1024  99.8  2048  99.4  4096  97.5  8192  91.2  16k  64.5  32k   0.1
ep 624000      12066s  mean    252845  max   533212  V    207519  |d|     417    507k mv/s  1024  99.8  2048  99.5  4096  96.8  8192  90.4  16k  62.9  32k   0.1
ep 626000      12104s  mean    253619  max   533304  V    207545  |d|     416    507k mv/s  1024  99.5  2048  98.7  4096  96.2  8192  90.7  16k  63.6  32k   0.1
ep 628000      12143s  mean    254596  max   485184  V    207043  |d|     416    507k mv/s  1024  99.5  2048  99.0  4096  96.3  8192  90.5  16k  64.0  32k   0.1
ep 630000      12181s  mean    255857  max   513752  V    207199  |d|     420    507k mv/s  1024  99.9  2048  99.0  4096  97.2  8192  91.6  16k  64.1  32k   0.1
ep 632000      12219s  mean    258485  max   387236  V    207409  |d|     415    507k mv/s  1024  99.7  2048  99.3  4096  97.6  8192  91.7  16k  65.8  32k   0.0
ep 634000      12258s  mean    258134  max   536948  V    207339  |d|     413    507k mv/s  1024  99.8  2048  99.0  4096  97.1  8192  91.6  16k  64.9  32k   0.1
ep 636000      12297s  mean    257274  max   532856  V    207597  |d|     414    507k mv/s  1024  99.8  2048  99.2  4096  97.6  8192  92.1  16k  65.0  32k   0.1
ep 638000      12336s  mean    257645  max   465500  V    207771  |d|     411    507k mv/s  1024  99.7  2048  99.2  4096  97.2  8192  91.9  16k  65.4  32k   0.0
ep 640000      12374s  mean    255715  max   557820  V    207365  |d|     416    507k mv/s  1024  99.8  2048  99.1  4096  97.1  8192  91.0  16k  63.5  32k   0.1
ep 642000      12414s  mean    254052  max   563176  V    207841  |d|     413    507k mv/s  1024  99.7  2048  99.0  4096  96.8  8192  90.7  16k  64.0  32k   0.1
ep 644000      12452s  mean    254687  max   389412  V    207734  |d|     412    507k mv/s  1024  99.8  2048  99.5  4096  96.8  8192  91.3  16k  64.2  32k   0.0
ep 646000      12491s  mean    255280  max   388780  V    207882  |d|     413    507k mv/s  1024  99.9  2048  99.1  4096  97.5  8192  92.0  16k  64.0  32k   0.0
ep 648000      12529s  mean    252675  max   486416  V    207980  |d|     415    507k mv/s  1024  99.6  2048  98.7  4096  96.9  8192  90.5  16k  63.5  32k   0.1
ep 650000      12567s  mean    257131  max   584312  V    207342  |d|     415    507k mv/s  1024  99.8  2048  99.1  4096  97.2  8192  91.2  16k  64.3  32k   0.1
ep 652000      12605s  mean    254264  max   574188  V    208088  |d|     417    507k mv/s  1024  99.7  2048  99.2  4096  97.5  8192  91.6  16k  63.6  32k   0.1
ep 654000      12643s  mean    253876  max   534948  V    207554  |d|     416    507k mv/s  1024  99.7  2048  98.8  4096  96.8  8192  90.8  16k  62.5  32k   0.1
ep 656000      12682s  mean    256839  max   556804  V    207895  |d|     413    507k mv/s  1024  99.8  2048  99.2  4096  98.0  8192  92.2  16k  64.5  32k   0.1
ep 658000      12720s  mean    259930  max   484076  V    207313  |d|     415    507k mv/s  1024  99.9  2048  99.5  4096  97.7  8192  91.8  16k  66.0  32k   0.1
ep 660000      12757s  mean    253933  max   558508  V    207947  |d|     411    507k mv/s  1024  99.7  2048  99.2  4096  96.5  8192  91.0  16k  63.1  32k   0.1
ep 662000      12795s  mean    255864  max   503640  V    207499  |d|     416    507k mv/s  1024  99.8  2048  99.2  4096  96.8  8192  90.5  16k  64.3  32k   0.1
ep 664000      12832s  mean    254756  max   387916  V    207504  |d|     419    507k mv/s  1024  99.7  2048  98.7  4096  96.6  8192  90.1  16k  64.3  32k   0.0
ep 666000      12870s  mean    251523  max   511464  V    208163  |d|     417    507k mv/s  1024  99.8  2048  99.3  4096  96.8  8192  90.7  16k  61.7  32k   0.1
ep 668000      12909s  mean    260332  max   387700  V    207359  |d|     415    507k mv/s  1024  99.8  2048  99.0  4096  97.2  8192  92.5  16k  66.5  32k   0.0
ep 670000      12947s  mean    252744  max   595688  V    207576  |d|     420    507k mv/s  1024  99.7  2048  98.7  4096  96.7  8192  91.0  16k  61.5  32k   0.1
ep 672000      12985s  mean    256770  max   528508  V    208007  |d|     412    507k mv/s  1024  99.8  2048  99.3  4096  97.3  8192  91.5  16k  65.2  32k   0.1
ep 674000      13025s  mean    261096  max   465364  V    207449  |d|     414    507k mv/s  1024 100.0  2048  99.2  4096  97.7  8192  92.8  16k  66.1  32k   0.1
ep 676000      13064s  mean    257363  max   387168  V    207884  |d|     414    507k mv/s  1024  99.7  2048  99.0  4096  96.8  8192  91.8  16k  65.4  32k   0.0
ep 678000      13102s  mean    251858  max   532540  V    208726  |d|     413    507k mv/s  1024  99.8  2048  99.2  4096  97.5  8192  91.5  16k  62.8  32k   0.1
ep 680000      13140s  mean    255875  max   386904  V    207760  |d|     415    507k mv/s  1024  99.8  2048  99.2  4096  97.1  8192  91.3  16k  64.3  32k   0.0
ep 682000      13180s  mean    254371  max   499636  V    208067  |d|     415    507k mv/s  1024  99.8  2048  99.3  4096  97.2  8192  91.2  16k  63.3  32k   0.1
checkpoint -> runs/r7_ss.bin (ep 683852)
ep 684000      13218s  mean    253860  max   532752  V    207799  |d|     420    507k mv/s  1024  99.7  2048  98.8  4096  96.5  8192  90.3  16k  64.0  32k   0.1
ep 686000      13258s  mean    257184  max   387156  V    207736  |d|     414    507k mv/s  1024  99.8  2048  99.4  4096  97.0  8192  91.2  16k  64.4  32k   0.0
ep 688000      13298s  mean    254697  max   557016  V    208005  |d|     414    507k mv/s  1024  99.4  2048  98.9  4096  97.0  8192  91.0  16k  63.6  32k   0.1
ep 690000      13338s  mean    257322  max   471500  V    207870  |d|     415    507k mv/s  1024  99.8  2048  98.8  4096  97.0  8192  91.5  16k  64.5  32k   0.1
ep 692000      13377s  mean    256173  max   508632  V    207998  |d|     418    507k mv/s  1024 100.0  2048  99.1  4096  97.7  8192  92.2  16k  63.4  32k   0.1
ep 694000      13416s  mean    260843  max   503668  V    207979  |d|     411    507k mv/s  1024  99.8  2048  99.1  4096  97.5  8192  92.5  16k  67.3  32k   0.1
ep 696000      13454s  mean    255838  max   523612  V    208239  |d|     416    507k mv/s  1024  99.8  2048  99.2  4096  97.2  8192  91.8  16k  65.0  32k   0.1
ep 698000      13493s  mean    255998  max   508100  V    208055  |d|     414    507k mv/s  1024  99.8  2048  99.2  4096  97.3  8192  91.4  16k  64.1  32k   0.1
ep 700000      13533s  mean    256109  max   531288  V    208018  |d|     416    507k mv/s  1024  99.7  2048  99.3  4096  97.5  8192  91.5  16k  63.9  32k   0.1
ep 702000      13571s  mean    255437  max   586844  V    208212  |d|     415    507k mv/s  1024  99.8  2048  99.2  4096  97.5  8192  91.5  16k  63.7  32k   0.2
ep 704000      13609s  mean    255848  max   566524  V    208204  |d|     414    507k mv/s  1024  99.8  2048  99.0  4096  97.2  8192  92.2  16k  63.8  32k   0.1
ep 706000      13649s  mean    256464  max   515144  V    207778  |d|     416    507k mv/s  1024  99.8  2048  99.0  4096  97.5  8192  90.5  16k  65.0  32k   0.1
ep 708000      13687s  mean    251708  max   386668  V    208693  |d|     414    507k mv/s  1024  99.8  2048  99.2  4096  97.5  8192  90.8  16k  62.4  32k   0.0
ep 710000      13726s  mean    254887  max   528232  V    208227  |d|     414    507k mv/s  1024  99.9  2048  99.3  4096  97.0  8192  91.0  16k  64.4  32k   0.1
ep 712000      13764s  mean    254479  max   387452  V    208434  |d|     413    507k mv/s  1024  99.7  2048  99.0  4096  97.4  8192  91.6  16k  63.7  32k   0.0
ep 714000      13804s  mean    254150  max   568700  V    208390  |d|     414    507k mv/s  1024  99.7  2048  99.0  4096  97.3  8192  90.9  16k  63.7  32k   0.1
ep 716000      13843s  mean    256588  max   532992  V    208426  |d|     412    507k mv/s  1024  99.5  2048  99.0  4096  97.2  8192  91.5  16k  64.6  32k   0.1
ep 718000      13883s  mean    257397  max   532276  V    208177  |d|     412    507k mv/s  1024  99.8  2048  99.0  4096  97.0  8192  91.8  16k  64.5  32k   0.1
ep 720000      13922s  mean    255124  max   467748  V    208427  |d|     413    507k mv/s  1024  99.8  2048  99.3  4096  96.8  8192  91.5  16k  63.8  32k   0.1
ep 722000      13961s  mean    257646  max   509240  V    208322  |d|     413    507k mv/s  1024  99.8  2048  99.0  4096  97.2  8192  91.5  16k  65.6  32k   0.1
ep 724000      14000s  mean    256026  max   387956  V    208127  |d|     417    507k mv/s  1024  99.8  2048  99.2  4096  97.4  8192  91.6  16k  63.9  32k   0.0
ep 726000      14039s  mean    258379  max   528652  V    208023  |d|     415    507k mv/s  1024  99.8  2048  99.2  4096  97.2  8192  91.4  16k  65.7  32k   0.1
ep 728000      14077s  mean    255021  max   516600  V    208556  |d|     415    507k mv/s  1024  99.8  2048  99.2  4096  97.0  8192  91.5  16k  63.8  32k   0.1
ep 730000      14116s  mean    257471  max   521844  V    207767  |d|     419    507k mv/s  1024  99.9  2048  99.3  4096  97.4  8192  90.9  16k  65.2  32k   0.1
ep 732000      14154s  mean    254862  max   533144  V    208392  |d|     414    507k mv/s  1024  99.7  2048  98.9  4096  97.2  8192  91.0  16k  63.8  32k   0.1
ep 734000      14193s  mean    256526  max   599084  V    208423  |d|     414    507k mv/s  1024  99.8  2048  99.1  4096  97.2  8192  91.4  16k  65.0  32k   0.1
ep 736000      14234s  mean    259945  max   387124  V    207781  |d|     417    507k mv/s  1024  99.8  2048  99.2  4096  97.3  8192  92.1  16k  65.7  32k   0.0
ep 738000      14274s  mean    255355  max   557704  V    208448  |d|     416    507k mv/s  1024  99.8  2048  99.4  4096  97.5  8192  91.0  16k  64.5  32k   0.1
ep 740000      14314s  mean    260871  max   387024  V    208140  |d|     415    507k mv/s  1024 100.0  2048  99.2  4096  97.8  8192  93.0  16k  66.5  32k   0.0
ep 742000      14353s  mean    258489  max   387324  V    207926  |d|     419    507k mv/s  1024  99.7  2048  99.2  4096  97.2  8192  92.0  16k  65.5  32k   0.0
ep 744000      14391s  mean    253585  max   489436  V    208687  |d|     416    507k mv/s  1024  99.7  2048  98.9  4096  97.0  8192  91.1  16k  63.4  32k   0.1
saving final checkpoint -> runs/r7_ss.bin
done: 744582 episodes, 7307176628 moves, 14405.2 s
