loading runs/final.bin ...
resumed 1 stage(s)
patterns=8  weights/stage=134217728  stages=1  memory=1.50 GiB  threads=7  alpha=0.100  TC=on
ep 2000           40s  mean    255634  max   525712  V    208613  |d|     413    492k mv/s  1024  99.7  2048  99.1  4096  97.2  8192  91.2  16k  64.7  32k   0.1
ep 4000           80s  mean    257894  max   554852  V    208268  |d|     415    493k mv/s  1024  99.5  2048  99.3  4096  97.0  8192  91.6  16k  65.2  32k   0.1
ep 6000          119s  mean    256136  max   386992  V    208625  |d|     414    498k mv/s  1024  99.8  2048  99.1  4096  97.1  8192  91.3  16k  65.2  32k   0.0
ep 8000          158s  mean    256095  max   387228  V    208585  |d|     414    502k mv/s  1024  99.9  2048  99.0  4096  96.8  8192  91.0  16k  65.0  32k   0.0
ep 10000         196s  mean    255386  max   509252  V    208683  |d|     415    505k mv/s  1024  99.5  2048  98.8  4096  96.9  8192  91.5  16k  64.4  32k   0.1
ep 12000         235s  mean    260503  max   529704  V    208220  |d|     415    507k mv/s  1024  99.8  2048  99.0  4096  96.8  8192  92.8  16k  66.8  32k   0.1
ep 14000         273s  mean    254780  max   410388  V    208805  |d|     413    509k mv/s  1024  99.8  2048  99.2  4096  97.5  8192  91.3  16k  63.6  32k   0.0
ep 16000         311s  mean    252934  max   532588  V    209141  |d|     412    509k mv/s  1024  99.8  2048  99.3  4096  97.0  8192  91.7  16k  63.0  32k   0.1
ep 18000         351s  mean    256387  max   388300  V    208407  |d|     414    507k mv/s  1024  99.8  2048  99.0  4096  97.0  8192  91.3  16k  64.4  32k   0.0
ep 20000         391s  mean    257947  max   389184  V    208246  |d|     415    507k mv/s  1024  99.8  2048  99.2  4096  97.2  8192  91.5  16k  65.3  32k   0.0
ep 22000         430s  mean    257259  max   407196  V    208609  |d|     414    507k mv/s  1024  99.8  2048  99.3  4096  97.2  8192  91.0  16k  65.7  32k   0.0
ep 24000         470s  mean    257630  max   521972  V    208278  |d|     418    506k mv/s  1024  99.8  2048  99.0  4096  97.0  8192  91.6  16k  64.9  32k   0.1
ep 26000         510s  mean    258523  max   479412  V    208545  |d|     414    506k mv/s  1024  99.8  2048  99.3  4096  97.5  8192  91.5  16k  65.0  32k   0.1
ep 28000         549s  mean    259902  max   468780  V    208244  |d|     416    506k mv/s  1024  99.7  2048  98.7  4096  96.7  8192  92.0  16k  66.5  32k   0.1
ep 30000         589s  mean    254337  max   489356  V    208669  |d|     417    505k mv/s  1024  99.8  2048  99.3  4096  97.5  8192  90.5  16k  64.0  32k   0.1
ep 32000         629s  mean    257242  max   565800  V    208731  |d|     413    505k mv/s  1024  99.8  2048  98.8  4096  96.4  8192  90.6  16k  65.7  32k   0.1
ep 34000         668s  mean    255144  max   555312  V    208708  |d|     419    505k mv/s  1024  99.8  2048  99.0  4096  97.2  8192  91.5  16k  63.4  32k   0.1
ep 36000         707s  mean    255325  max   533392  V    209019  |d|     413    505k mv/s  1024  99.8  2048  98.8  4096  97.0  8192  91.1  16k  64.5  32k   0.1
ep 38000         746s  mean    253642  max   455196  V    209080  |d|     417    505k mv/s  1024  99.7  2048  98.9  4096  97.0  8192  90.8  16k  63.8  32k   0.0
ep 40000         785s  mean    259953  max   563824  V    208367  |d|     414    505k mv/s  1024  99.6  2048  99.2  4096  96.9  8192  91.6  16k  66.3  32k   0.2
ep 42000         825s  mean    256348  max   512772  V    208613  |d|     415    505k mv/s  1024  99.7  2048  99.0  4096  96.3  8192  91.0  16k  64.0  32k   0.2
ep 44000         865s  mean    255200  max   526632  V    209011  |d|     413    504k mv/s  1024  99.7  2048  98.6  4096  96.7  8192  91.2  16k  63.9  32k   0.1
ep 46000         905s  mean    256604  max   509908  V    208860  |d|     414    504k mv/s  1024  99.6  2048  99.2  4096  97.1  8192  91.7  16k  63.7  32k   0.1
ep 48000         945s  mean    258775  max   530000  V    208798  |d|     412    504k mv/s  1024  99.8  2048  99.0  4096  97.2  8192  91.9  16k  66.0  32k   0.1
ep 50000         983s  mean    254253  max   530276  V    208886  |d|     416    504k mv/s  1024  99.7  2048  99.0  4096  97.0  8192  90.5  16k  63.6  32k   0.1
ep 52000        1022s  mean    255424  max   387072  V    208866  |d|     415    504k mv/s  1024  99.6  2048  99.0  4096  97.2  8192  90.9  16k  64.5  32k   0.0
ep 54000        1061s  mean    255871  max   387356  V    208949  |d|     414    504k mv/s  1024  99.7  2048  98.8  4096  96.8  8192  91.5  16k  64.5  32k   0.0
ep 56000        1102s  mean    258756  max   532972  V    208974  |d|     417    504k mv/s  1024  99.7  2048  99.3  4096  97.2  8192  92.5  16k  66.2  32k   0.1
ep 58000        1142s  mean    253476  max   386844  V    208863  |d|     418    503k mv/s  1024  99.6  2048  98.8  4096  96.5  8192  89.7  16k  64.2  32k   0.0
ep 60000        1182s  mean    254183  max   483844  V    209178  |d|     417    503k mv/s  1024 100.0  2048  99.0  4096  96.8  8192  90.8  16k  64.2  32k   0.1
checkpoint -> runs/r8_ctl.bin (ep 60883)
ep 62000        1223s  mean    255038  max   387440  V    209286  |d|     412    502k mv/s  1024  99.8  2048  99.0  4096  97.2  8192  91.2  16k  64.3  32k   0.0
ep 64000        1263s  mean    253957  max   479740  V    209322  |d|     413    502k mv/s  1024  99.8  2048  99.2  4096  97.6  8192  91.5  16k  63.3  32k   0.1
ep 66000        1304s  mean    253813  max   387608  V    209555  |d|     413    501k mv/s  1024  99.8  2048  99.2  4096  97.5  8192  92.0  16k  62.5  32k   0.0
ep 68000        1344s  mean    252901  max   536156  V    209298  |d|     418    501k mv/s  1024  99.8  2048  99.1  4096  97.2  8192  90.6  16k  63.5  32k   0.1
ep 70000        1384s  mean    255371  max   565568  V    208729  |d|     418    500k mv/s  1024  99.6  2048  99.0  4096  96.3  8192  90.2  16k  64.3  32k   0.1
ep 72000        1422s  mean    255085  max   548152  V    209275  |d|     414    501k mv/s  1024  99.8  2048  98.9  4096  96.8  8192  91.3  16k  64.5  32k   0.1
ep 74000        1460s  mean    254701  max   505476  V    209077  |d|     416    501k mv/s  1024  99.7  2048  99.0  4096  96.8  8192  91.0  16k  63.8  32k   0.1
ep 76000        1499s  mean    254902  max   561920  V    209250  |d|     414    502k mv/s  1024  99.5  2048  98.7  4096  97.0  8192  91.8  16k  63.9  32k   0.1
ep 78000        1538s  mean    257683  max   580628  V    208870  |d|     415    502k mv/s  1024  99.7  2048  99.0  4096  96.8  8192  91.5  16k  65.5  32k   0.1
ep 80000        1577s  mean    256010  max   501644  V    209037  |d|     415    502k mv/s  1024  99.8  2048  99.0  4096  96.8  8192  91.2  16k  63.9  32k   0.1
ep 82000        1617s  mean    256839  max   488412  V    208953  |d|     416    502k mv/s  1024  99.6  2048  99.2  4096  96.8  8192  91.9  16k  64.4  32k   0.1
ep 84000        1655s  mean    254658  max   524112  V    209280  |d|     413    502k mv/s  1024  99.5  2048  98.8  4096  96.8  8192  91.1  16k  64.3  32k   0.1
ep 86000        1696s  mean    257694  max   509992  V    209015  |d|     414    502k mv/s  1024  99.5  2048  99.0  4096  97.3  8192  91.7  16k  65.3  32k   0.1
ep 88000        1736s  mean    253938  max   557056  V    209556  |d|     414    502k mv/s  1024  99.7  2048  99.0  4096  97.2  8192  91.6  16k  63.2  32k   0.1
ep 90000        1775s  mean    258363  max   601012  V    208959  |d|     415    502k mv/s  1024  99.8  2048  99.3  4096  97.8  8192  92.5  16k  65.2  32k   0.1
ep 92000        1814s  mean    257455  max   387052  V    209305  |d|     415    502k mv/s  1024  99.9  2048  99.2  4096  97.7  8192  92.2  16k  65.0  32k   0.0
ep 94000        1854s  mean    255465  max   513068  V    209214  |d|     414    502k mv/s  1024  99.7  2048  99.2  4096  96.8  8192  90.8  16k  64.0  32k   0.1
ep 96000        1893s  mean    253089  max   585940  V    209715  |d|     414    502k mv/s  1024  99.8  2048  98.8  4096  96.7  8192  90.7  16k  63.4  32k   0.1
ep 98000        1932s  mean    256079  max   530504  V    209356  |d|     414    502k mv/s  1024  99.8  2048  99.5  4096  97.3  8192  91.5  16k  64.4  32k   0.1
ep 100000       1972s  mean    253642  max   519192  V    209413  |d|     413    502k mv/s  1024  99.8  2048  99.2  4096  97.0  8192  90.7  16k  63.6  32k   0.1
ep 102000       2012s  mean    254539  max   490728  V    209126  |d|     417    502k mv/s  1024  99.8  2048  99.0  4096  96.3  8192  90.5  16k  64.3  32k   0.1
ep 104000       2051s  mean    257401  max   527172  V    209357  |d|     413    502k mv/s  1024  99.8  2048  99.3  4096  97.5  8192  92.0  16k  65.2  32k   0.1
ep 106000       2091s  mean    258032  max   453252  V    208710  |d|     416    501k mv/s  1024  99.7  2048  98.7  4096  96.5  8192  91.0  16k  64.8  32k   0.0
ep 108000       2131s  mean    258308  max   436464  V    209375  |d|     412    501k mv/s  1024  99.8  2048  99.2  4096  97.0  8192  92.0  16k  66.2  32k   0.0
ep 110000       2171s  mean    258889  max   387416  V    209153  |d|     414    502k mv/s  1024  99.8  2048  99.0  4096  97.2  8192  92.3  16k  65.3  32k   0.0
ep 112000       2210s  mean    255153  max   387372  V    209718  |d|     411    501k mv/s  1024  99.8  2048  99.3  4096  98.0  8192  92.2  16k  63.0  32k   0.0
ep 114000       2251s  mean    255911  max   465416  V    209599  |d|     412    501k mv/s  1024  99.8  2048  99.0  4096  97.3  8192  91.6  16k  63.8  32k   0.1
ep 116000       2290s  mean    253480  max   552096  V    209828  |d|     413    501k mv/s  1024  99.7  2048  98.8  4096  97.0  8192  90.8  16k  63.6  32k   0.1
ep 118000       2329s  mean    257033  max   387108  V    209407  |d|     412    501k mv/s  1024  99.7  2048  99.3  4096  97.3  8192  92.0  16k  64.3  32k   0.0
ep 120000       2368s  mean    253587  max   498252  V    209611  |d|     415    501k mv/s  1024  99.8  2048  99.2  4096  97.0  8192  91.3  16k  62.3  32k   0.1
checkpoint -> runs/r8_ctl.bin (ep 121783)
ep 122000       2406s  mean    254524  max   387088  V    209816  |d|     413    502k mv/s  1024  99.8  2048  99.0  4096  97.0  8192  90.8  16k  63.8  32k   0.0
ep 124000       2445s  mean    255594  max   386248  V    209384  |d|     416    502k mv/s  1024  99.7  2048  99.2  4096  97.3  8192  91.7  16k  63.8  32k   0.0
ep 126000       2483s  mean    250006  max   413620  V    210607  |d|     413    502k mv/s  1024  99.7  2048  99.0  4096  96.8  8192  90.3  16k  62.8  32k   0.0
ep 128000       2522s  mean    258802  max   464736  V    209481  |d|     412    502k mv/s  1024  99.5  2048  98.7  4096  96.8  8192  91.4  16k  66.4  32k   0.1
ep 130000       2560s  mean    256823  max   532576  V    209550  |d|     415    502k mv/s  1024  99.9  2048  99.4  4096  97.5  8192  91.2  16k  64.5  32k   0.1
ep 132000       2599s  mean    258953  max   387228  V    209228  |d|     414    502k mv/s  1024  99.8  2048  99.3  4096  97.3  8192  91.7  16k  65.4  32k   0.0
ep 134000       2637s  mean    256398  max   486668  V    209307  |d|     414    503k mv/s  1024  99.7  2048  99.0  4096  96.7  8192  91.6  16k  64.0  32k   0.1
ep 136000       2677s  mean    258339  max   514448  V    209086  |d|     418    503k mv/s  1024  99.9  2048  99.2  4096  97.6  8192  91.7  16k  64.2  32k   0.1
ep 138000       2718s  mean    255489  max   576772  V    209355  |d|     419    502k mv/s  1024  99.8  2048  99.2  4096  97.0  8192  91.0  16k  64.4  32k   0.1
ep 140000       2757s  mean    259517  max   533480  V    209675  |d|     413    503k mv/s  1024  99.8  2048  99.5  4096  97.8  8192  93.0  16k  65.3  32k   0.1
ep 142000       2796s  mean    253509  max   387112  V    210039  |d|     415    503k mv/s  1024  99.8  2048  98.8  4096  96.8  8192  91.1  16k  63.5  32k   0.0
ep 144000       2835s  mean    251759  max   386820  V    210218  |d|     414    503k mv/s  1024  99.8  2048  99.3  4096  97.3  8192  91.2  16k  61.9  32k   0.0
ep 146000       2873s  mean    254667  max   413792  V    209693  |d|     413    503k mv/s  1024  99.7  2048  99.0  4096  96.6  8192  90.5  16k  63.6  32k   0.0
ep 148000       2912s  mean    255475  max   556468  V    209516  |d|     417    503k mv/s  1024  99.6  2048  99.0  4096  96.5  8192  90.8  16k  64.2  32k   0.1
ep 150000       2952s  mean    258080  max   489844  V    209573  |d|     414    503k mv/s  1024  99.8  2048  99.3  4096  97.6  8192  91.8  16k  64.5  32k   0.1
ep 152000       2990s  mean    254200  max   387080  V    210467  |d|     412    503k mv/s  1024  99.7  2048  99.2  4096  97.4  8192  92.0  16k  63.9  32k   0.0
ep 154000       3030s  mean    253562  max   387432  V    209893  |d|     413    503k mv/s  1024  99.7  2048  98.8  4096  96.5  8192  91.1  16k  62.9  32k   0.0
ep 156000       3068s  mean    255123  max   514660  V    209684  |d|     416    503k mv/s  1024  99.8  2048  99.2  4096  97.0  8192  90.9  16k  63.9  32k   0.1
ep 158000       3108s  mean    254444  max   404980  V    210100  |d|     412    503k mv/s  1024  99.8  2048  99.5  4096  97.3  8192  91.2  16k  64.0  32k   0.0
ep 160000       3147s  mean    256812  max   387348  V    209577  |d|     421    503k mv/s  1024  99.7  2048  99.0  4096  97.2  8192  91.7  16k  65.0  32k   0.0
ep 162000       3187s  mean    256410  max   585840  V    209455  |d|     417    503k mv/s  1024  99.8  2048  98.8  4096  96.6  8192  91.1  16k  65.0  32k   0.1
ep 164000       3226s  mean    257383  max   458984  V    209626  |d|     417    503k mv/s  1024  99.8  2048  99.0  4096  97.0  8192  91.7  16k  65.2  32k   0.1
ep 166000       3266s  mean    257236  max   500720  V    209840  |d|     415    503k mv/s  1024  99.5  2048  98.8  4096  97.2  8192  91.4  16k  65.5  32k   0.1
ep 168000       3306s  mean    258812  max   533164  V    209945  |d|     414    503k mv/s  1024  99.8  2048  99.4  4096  97.6  8192  91.7  16k  66.2  32k   0.2
ep 170000       3346s  mean    251396  max   388684  V    210148  |d|     419    503k mv/s  1024  99.8  2048  99.0  4096  96.6  8192  90.7  16k  62.1  32k   0.0
ep 172000       3386s  mean    262031  max   533704  V    209438  |d|     415    503k mv/s  1024  99.8  2048  99.2  4096  97.4  8192  92.6  16k  67.2  32k   0.1
ep 174000       3426s  mean    252069  max   519568  V    210244  |d|     416    502k mv/s  1024  99.8  2048  98.8  4096  96.9  8192  90.8  16k  61.9  32k   0.1
ep 176000       3465s  mean    259564  max   484996  V    209493  |d|     414    502k mv/s  1024  99.6  2048  98.9  4096  96.6  8192  91.2  16k  66.3  32k   0.1
ep 178000       3505s  mean    256452  max   480668  V    209790  |d|     419    502k mv/s  1024  99.5  2048  99.0  4096  97.3  8192  90.8  16k  65.0  32k   0.1
ep 180000       3543s  mean    255236  max   556968  V    209701  |d|     419    503k mv/s  1024  99.7  2048  99.0  4096  97.0  8192  91.0  16k  64.0  32k   0.1
ep 182000       3582s  mean    256500  max   523364  V    210018  |d|     411    503k mv/s  1024  99.7  2048  98.8  4096  96.8  8192  91.3  16k  64.4  32k   0.1
checkpoint -> runs/r8_ctl.bin (ep 183028)
ep 184000       3622s  mean    262154  max   536640  V    209584  |d|     414    503k mv/s  1024  99.9  2048  99.4  4096  97.7  8192  92.2  16k  67.4  32k   0.2
ep 186000       3661s  mean    256307  max   387196  V    210330  |d|     413    503k mv/s  1024  99.8  2048  99.2  4096  97.3  8192  92.0  16k  64.8  32k   0.0
ep 188000       3699s  mean    257106  max   531564  V    209609  |d|     418    503k mv/s  1024  99.8  2048  99.2  4096  97.3  8192  91.0  16k  64.7  32k   0.1
ep 190000       3737s  mean    254761  max   386976  V    210018  |d|     415    503k mv/s  1024  99.8  2048  99.0  4096  96.7  8192  91.2  16k  63.4  32k   0.0
ep 192000       3776s  mean    258595  max   562696  V    210199  |d|     413    503k mv/s  1024  99.8  2048  99.2  4096  97.8  8192  92.9  16k  64.8  32k   0.1
ep 194000       3815s  mean    258587  max   477368  V    209347  |d|     421    503k mv/s  1024  99.8  2048  99.1  4096  97.4  8192  91.7  16k  65.3  32k   0.1
ep 196000       3853s  mean    258492  max   531464  V    209998  |d|     415    504k mv/s  1024  99.8  2048  99.3  4096  97.3  8192  91.8  16k  65.7  32k   0.1
ep 198000       3891s  mean    255492  max   530436  V    210200  |d|     412    504k mv/s  1024  99.8  2048  99.2  4096  96.9  8192  91.3  16k  64.3  32k   0.1
ep 200000       3931s  mean    257075  max   524172  V    209811  |d|     414    504k mv/s  1024  99.9  2048  99.3  4096  97.2  8192  91.5  16k  64.7  32k   0.1
ep 202000       3969s  mean    256598  max   387340  V    210218  |d|     415    504k mv/s  1024  99.8  2048  99.2  4096  97.2  8192  91.5  16k  64.9  32k   0.0
ep 204000       4007s  mean    253641  max   406384  V    210558  |d|     416    504k mv/s  1024  99.7  2048  98.8  4096  97.2  8192  91.5  16k  63.4  32k   0.0
ep 206000       4047s  mean    257517  max   577116  V    210091  |d|     414    504k mv/s  1024  99.6  2048  99.0  4096  97.0  8192  91.7  16k  65.3  32k   0.1
ep 208000       4087s  mean    258249  max   531236  V    209908  |d|     414    504k mv/s  1024  99.8  2048  99.2  4096  97.2  8192  92.5  16k  65.3  32k   0.1
ep 210000       4126s  mean    255666  max   488692  V    209837  |d|     416    504k mv/s  1024  99.8  2048  98.8  4096  96.3  8192  90.8  16k  64.8  32k   0.1
ep 212000       4165s  mean    253584  max   513800  V    210281  |d|     414    504k mv/s  1024  99.5  2048  98.8  4096  96.5  8192  91.0  16k  63.6  32k   0.1
ep 214000       4204s  mean    255806  max   532656  V    210130  |d|     414    504k mv/s  1024  99.8  2048  99.2  4096  97.0  8192  91.0  16k  64.8  32k   0.1
ep 216000       4243s  mean    256594  max   487736  V    210332  |d|     412    504k mv/s  1024  99.8  2048  99.2  4096  96.8  8192  90.5  16k  65.1  32k   0.1
ep 218000       4282s  mean    255514  max   409064  V    210420  |d|     413    504k mv/s  1024  99.7  2048  99.0  4096  96.7  8192  91.4  16k  64.5  32k   0.0
ep 220000       4321s  mean    257311  max   535000  V    210254  |d|     414    504k mv/s  1024  99.8  2048  99.5  4096  97.0  8192  90.7  16k  65.8  32k   0.1
ep 222000       4360s  mean    257143  max   563032  V    209852  |d|     414    504k mv/s  1024  99.5  2048  98.9  4096  97.0  8192  91.3  16k  64.4  32k   0.1
ep 224000       4399s  mean    254479  max   490576  V    210434  |d|     414    504k mv/s  1024  99.5  2048  98.5  4096  96.6  8192  90.4  16k  64.2  32k   0.1
ep 226000       4437s  mean    253819  max   387544  V    210347  |d|     419    504k mv/s  1024  99.8  2048  99.2  4096  97.2  8192  91.4  16k  63.6  32k   0.0
ep 228000       4477s  mean    258228  max   478484  V    210064  |d|     414    504k mv/s  1024  99.8  2048  99.0  4096  96.9  8192  91.5  16k  65.3  32k   0.1
ep 230000       4516s  mean    258193  max   410428  V    209811  |d|     418    504k mv/s  1024  99.8  2048  99.4  4096  97.1  8192  91.2  16k  65.7  32k   0.0
ep 232000       4555s  mean    256653  max   387448  V    210048  |d|     416    504k mv/s  1024  99.8  2048  99.2  4096  97.6  8192  91.7  16k  64.5  32k   0.0
ep 234000       4594s  mean    259215  max   387704  V    209929  |d|     414    504k mv/s  1024  99.9  2048  99.5  4096  97.9  8192  91.5  16k  65.5  32k   0.0
ep 236000       4633s  mean    257729  max   387128  V    210244  |d|     415    504k mv/s  1024  99.5  2048  99.0  4096  96.6  8192  91.5  16k  65.7  32k   0.0
ep 238000       4672s  mean    258969  max   530996  V    210087  |d|     413    504k mv/s  1024  99.8  2048  98.7  4096  96.7  8192  91.8  16k  65.5  32k   0.1
ep 240000       4710s  mean    256248  max   508560  V    210169  |d|     414    505k mv/s  1024  99.8  2048  99.2  4096  96.2  8192  91.0  16k  64.7  32k   0.1
ep 242000       4749s  mean    257542  max   517992  V    210445  |d|     417    505k mv/s  1024  99.8  2048  98.9  4096  97.3  8192  92.6  16k  65.8  32k   0.1
ep 244000       4787s  mean    256965  max   523636  V    210207  |d|     417    505k mv/s  1024  99.8  2048  99.2  4096  97.0  8192  91.8  16k  64.0  32k   0.1
checkpoint -> runs/r8_ctl.bin (ep 244858)
ep 246000       4826s  mean    256810  max   533392  V    210564  |d|     413    505k mv/s  1024  99.9  2048  99.2  4096  97.0  8192  92.0  16k  64.6  32k   0.1
ep 248000       4866s  mean    261007  max   510152  V    209713  |d|     417    505k mv/s  1024  99.8  2048  99.2  4096  97.0  8192  92.2  16k  67.0  32k   0.1
ep 250000       4905s  mean    257574  max   387200  V    210582  |d|     412    505k mv/s  1024  99.8  2048  99.2  4096  97.0  8192  91.5  16k  65.6  32k   0.0
ep 252000       4943s  mean    250132  max   476776  V    210890  |d|     415    505k mv/s  1024  99.5  2048  98.5  4096  96.2  8192  89.8  16k  61.9  32k   0.1
ep 254000       4982s  mean    253647  max   513408  V    210755  |d|     417    505k mv/s  1024  99.7  2048  98.8  4096  96.3  8192  90.8  16k  63.5  32k   0.1
ep 256000       5022s  mean    256354  max   530988  V    210471  |d|     415    505k mv/s  1024  99.8  2048  99.2  4096  97.2  8192  91.3  16k  64.8  32k   0.1
ep 258000       5062s  mean    259547  max   456092  V    210352  |d|     414    505k mv/s  1024  99.7  2048  99.2  4096  97.5  8192  91.5  16k  67.2  32k   0.0
ep 260000       5101s  mean    258402  max   479588  V    210399  |d|     414    505k mv/s  1024  99.8  2048  99.3  4096  96.9  8192  91.8  16k  66.3  32k   0.1
ep 262000       5139s  mean    253901  max   574236  V    210814  |d|     416    505k mv/s  1024  99.7  2048  99.0  4096  97.2  8192  91.6  16k  63.1  32k   0.1
ep 264000       5177s  mean    256481  max   519128  V    210237  |d|     417    505k mv/s  1024  99.8  2048  99.0  4096  96.3  8192  90.8  16k  64.4  32k   0.1
ep 266000       5217s  mean    257481  max   534624  V    210456  |d|     417    505k mv/s  1024  99.8  2048  99.2  4096  97.2  8192  91.4  16k  65.0  32k   0.1
ep 268000       5257s  mean    253814  max   387248  V    211071  |d|     416    505k mv/s  1024  99.9  2048  99.2  4096  97.0  8192  91.7  16k  63.4  32k   0.0
ep 270000       5296s  mean    257304  max   530496  V    210645  |d|     412    505k mv/s  1024  99.8  2048  99.0  4096  96.9  8192  92.0  16k  65.1  32k   0.1
ep 272000       5335s  mean    256639  max   530832  V    210416  |d|     416    505k mv/s  1024  99.9  2048  99.2  4096  97.7  8192  90.5  16k  64.5  32k   0.1
ep 274000       5374s  mean    257347  max   386252  V    210231  |d|     416    505k mv/s  1024  99.8  2048  99.0  4096  96.5  8192  91.2  16k  65.0  32k   0.0
ep 276000       5413s  mean    253829  max   386664  V    211224  |d|     411    505k mv/s  1024  99.5  2048  99.1  4096  97.2  8192  91.5  16k  63.6  32k   0.0
ep 278000       5452s  mean    259090  max   386940  V    210132  |d|     415    505k mv/s  1024  99.8  2048  99.0  4096  97.2  8192  91.5  16k  66.0  32k   0.0
ep 280000       5491s  mean    259280  max   514080  V    210472  |d|     418    505k mv/s  1024  99.7  2048  99.3  4096  97.7  8192  93.0  16k  65.5  32k   0.1
ep 282000       5529s  mean    253072  max   405396  V    211058  |d|     413    505k mv/s  1024  99.7  2048  99.2  4096  97.0  8192  91.5  16k  63.4  32k   0.0
ep 284000       5568s  mean    261037  max   553232  V    210148  |d|     418    505k mv/s  1024  99.7  2048  99.0  4096  97.4  8192  92.4  16k  66.8  32k   0.1
ep 286000       5606s  mean    259517  max   469160  V    210106  |d|     419    505k mv/s  1024  99.8  2048  99.2  4096  97.4  8192  92.2  16k  65.8  32k   0.1
ep 288000       5644s  mean    251600  max   386616  V    211317  |d|     411    505k mv/s  1024  99.7  2048  98.8  4096  96.0  8192  89.7  16k  63.3  32k   0.0
ep 290000       5682s  mean    255953  max   522288  V    210797  |d|     414    505k mv/s  1024  99.8  2048  99.2  4096  97.2  8192  91.9  16k  63.7  32k   0.1
ep 292000       5722s  mean    259972  max   533552  V    210328  |d|     416    505k mv/s  1024  99.8  2048  99.0  4096  97.6  8192  92.8  16k  65.8  32k   0.1
ep 294000       5760s  mean    254227  max   405112  V    211045  |d|     414    506k mv/s  1024  99.6  2048  98.7  4096  97.2  8192  91.2  16k  63.8  32k   0.0
ep 296000       5799s  mean    258834  max   526156  V    210708  |d|     412    506k mv/s  1024  99.8  2048  99.5  4096  97.8  8192  92.7  16k  64.7  32k   0.1
ep 298000       5837s  mean    252476  max   386400  V    210942  |d|     417    506k mv/s  1024  99.6  2048  99.2  4096  97.3  8192  90.2  16k  62.8  32k   0.0
ep 300000       5876s  mean    256771  max   406504  V    210602  |d|     416    506k mv/s  1024  99.7  2048  99.1  4096  97.0  8192  91.2  16k  64.9  32k   0.0
ep 302000       5915s  mean    257372  max   407764  V    211094  |d|     412    506k mv/s  1024  99.7  2048  99.3  4096  97.0  8192  92.8  16k  64.9  32k   0.0
ep 304000       5954s  mean    258954  max   556768  V    210414  |d|     417    506k mv/s  1024  99.6  2048  99.0  4096  97.0  8192  92.1  16k  65.3  32k   0.1
ep 306000       5994s  mean    257949  max   386584  V    210788  |d|     415    506k mv/s  1024  99.9  2048  99.2  4096  97.1  8192  91.5  16k  65.4  32k   0.0
checkpoint -> runs/r8_ctl.bin (ep 306606)
ep 308000       6033s  mean    256632  max   481144  V    210606  |d|     416    506k mv/s  1024 100.0  2048  99.3  4096  96.8  8192  91.5  16k  64.0  32k   0.1
ep 310000       6072s  mean    254816  max   389340  V    211334  |d|     412    506k mv/s  1024  99.7  2048  99.2  4096  97.2  8192  91.6  16k  63.4  32k   0.0
ep 312000       6112s  mean    256351  max   470708  V    210806  |d|     415    506k mv/s  1024  99.9  2048  99.0  4096  96.9  8192  91.0  16k  64.9  32k   0.1
ep 314000       6151s  mean    258028  max   521056  V    210915  |d|     413    506k mv/s  1024  99.9  2048  99.5  4096  97.0  8192  91.8  16k  65.6  32k   0.1
ep 316000       6190s  mean    260752  max   389460  V    211020  |d|     409    506k mv/s  1024  99.8  2048  99.5  4096  98.2  8192  93.3  16k  66.0  32k   0.0
ep 318000       6229s  mean    260118  max   488876  V    210545  |d|     417    506k mv/s  1024  99.7  2048  99.0  4096  97.6  8192  92.0  16k  66.3  32k   0.1
ep 320000       6267s  mean    253969  max   538000  V    211161  |d|     416    506k mv/s  1024  99.6  2048  99.2  4096  97.2  8192  91.3  16k  63.1  32k   0.1
ep 322000       6306s  mean    256367  max   525048  V    211134  |d|     414    506k mv/s  1024  99.8  2048  98.8  4096  97.2  8192  92.0  16k  64.0  32k   0.1
ep 324000       6344s  mean    255978  max   563780  V    210813  |d|     416    506k mv/s  1024  99.8  2048  98.8  4096  96.4  8192  90.8  16k  64.4  32k   0.2
ep 326000       6382s  mean    258445  max   411788  V    211331  |d|     413    506k mv/s  1024  99.8  2048  99.5  4096  97.4  8192  92.4  16k  65.9  32k   0.0
ep 328000       6422s  mean    261740  max   386480  V    210388  |d|     416    506k mv/s  1024  99.9  2048  99.6  4096  97.5  8192  92.0  16k  67.5  32k   0.0
ep 330000       6462s  mean    255395  max   553148  V    211386  |d|     414    506k mv/s  1024  99.7  2048  99.0  4096  96.8  8192  91.5  16k  63.8  32k   0.1
ep 332000       6501s  mean    259753  max   532844  V    210431  |d|     417    506k mv/s  1024  99.8  2048  99.1  4096  97.5  8192  91.3  16k  66.2  32k   0.1
ep 334000       6539s  mean    252540  max   513344  V    211799  |d|     413    506k mv/s  1024  99.8  2048  99.0  4096  97.2  8192  91.2  16k  63.5  32k   0.1
ep 336000       6577s  mean    257085  max   509304  V    210888  |d|     415    506k mv/s  1024  99.9  2048  99.3  4096  97.0  8192  90.5  16k  65.2  32k   0.1
ep 338000       6617s  mean    254528  max   572784  V    211324  |d|     412    506k mv/s  1024  99.6  2048  98.8  4096  96.5  8192  90.8  16k  63.8  32k   0.1
ep 340000       6657s  mean    257927  max   488172  V    210837  |d|     413    506k mv/s  1024  99.8  2048  99.0  4096  96.5  8192  91.3  16k  65.0  32k   0.1
ep 342000       6697s  mean    256849  max   512760  V    211156  |d|     413    506k mv/s  1024  99.7  2048  99.1  4096  96.8  8192  90.9  16k  65.2  32k   0.1
ep 344000       6736s  mean    257769  max   605856  V    210768  |d|     415    506k mv/s  1024  99.8  2048  99.2  4096  97.2  8192  91.6  16k  64.2  32k   0.1
ep 346000       6776s  mean    257495  max   386752  V    210964  |d|     415    506k mv/s  1024  99.7  2048  99.0  4096  96.7  8192  91.0  16k  65.2  32k   0.0
ep 348000       6815s  mean    255208  max   529132  V    211114  |d|     417    506k mv/s  1024  99.8  2048  99.1  4096  97.3  8192  91.5  16k  63.0  32k   0.1
ep 350000       6854s  mean    258386  max   524152  V    210961  |d|     417    506k mv/s  1024  99.8  2048  99.2  4096  97.2  8192  91.2  16k  65.5  32k   0.1
ep 352000       6893s  mean    256799  max   520884  V    211224  |d|     414    506k mv/s  1024  99.7  2048  99.0  4096  96.9  8192  91.2  16k  65.8  32k   0.1
ep 354000       6932s  mean    254493  max   387456  V    211619  |d|     414    506k mv/s  1024 100.0  2048  99.6  4096  97.0  8192  91.6  16k  63.5  32k   0.0
ep 356000       6971s  mean    259360  max   386976  V    210968  |d|     415    506k mv/s  1024  99.8  2048  99.1  4096  96.8  8192  91.5  16k  66.8  32k   0.0
ep 358000       7011s  mean    257523  max   469624  V    210888  |d|     414    506k mv/s  1024  99.5  2048  99.0  4096  96.8  8192  90.7  16k  65.0  32k   0.1
ep 360000       7053s  mean    262519  max   463776  V    210716  |d|     415    506k mv/s  1024  99.8  2048  99.2  4096  97.0  8192  91.8  16k  67.8  32k   0.0
ep 362000       7093s  mean    257515  max   404888  V    211168  |d|     411    506k mv/s  1024  99.5  2048  99.2  4096  96.5  8192  91.1  16k  65.5  32k   0.0
ep 364000       7134s  mean    257765  max   387232  V    211187  |d|     415    506k mv/s  1024  99.8  2048  99.2  4096  97.0  8192  91.7  16k  65.2  32k   0.0
ep 366000       7174s  mean    252979  max   407420  V    211598  |d|     413    506k mv/s  1024  99.6  2048  98.8  4096  96.3  8192  90.0  16k  64.0  32k   0.0
checkpoint -> runs/r8_ctl.bin (ep 367636)
ep 368000       7215s  mean    255121  max   513120  V    211751  |d|     410    505k mv/s  1024  99.9  2048  99.0  4096  96.9  8192  91.4  16k  64.2  32k   0.1
ep 370000       7255s  mean    260179  max   531760  V    211018  |d|     416    505k mv/s  1024 100.0  2048  99.8  4096  97.8  8192  92.8  16k  66.2  32k   0.1
ep 372000       7295s  mean    257721  max   572732  V    211185  |d|     412    505k mv/s  1024  99.9  2048  99.2  4096  96.8  8192  91.1  16k  65.9  32k   0.1
ep 374000       7333s  mean    254830  max   481884  V    211583  |d|     413    505k mv/s  1024  99.7  2048  99.0  4096  97.2  8192  91.0  16k  63.9  32k   0.1
ep 376000       7373s  mean    256906  max   532320  V    211263  |d|     416    505k mv/s  1024  99.8  2048  99.2  4096  97.1  8192  91.0  16k  64.7  32k   0.1
ep 378000       7414s  mean    257541  max   513096  V    211406  |d|     415    505k mv/s  1024  99.8  2048  99.0  4096  97.2  8192  92.2  16k  65.3  32k   0.1
ep 380000       7453s  mean    253898  max   480120  V    211379  |d|     418    505k mv/s  1024  99.7  2048  98.6  4096  96.7  8192  90.4  16k  63.7  32k   0.1
ep 382000       7494s  mean    256806  max   486780  V    211448  |d|     410    505k mv/s  1024  99.8  2048  99.3  4096  97.0  8192  91.3  16k  64.0  32k   0.1
ep 384000       7533s  mean    258364  max   483280  V    211519  |d|     411    505k mv/s  1024  99.8  2048  99.2  4096  97.3  8192  92.0  16k  65.0  32k   0.1
ep 386000       7573s  mean    259873  max   451056  V    210693  |d|     419    505k mv/s  1024  99.8  2048  99.0  4096  97.3  8192  92.2  16k  65.7  32k   0.0
ep 388000       7612s  mean    257636  max   387448  V    211174  |d|     414    505k mv/s  1024  99.8  2048  98.9  4096  97.1  8192  91.7  16k  65.0  32k   0.0
ep 390000       7651s  mean    260855  max   533280  V    211108  |d|     415    505k mv/s  1024  99.8  2048  99.2  4096  97.7  8192  92.4  16k  66.8  32k   0.1
ep 392000       7690s  mean    258219  max   532848  V    211528  |d|     413    505k mv/s  1024 100.0  2048  99.3  4096  97.7  8192  92.2  16k  65.3  32k   0.1
ep 394000       7730s  mean    256277  max   490376  V    211252  |d|     414    505k mv/s  1024  99.6  2048  98.7  4096  96.5  8192  90.5  16k  64.7  32k   0.1
ep 396000       7768s  mean    257977  max   529140  V    211221  |d|     418    505k mv/s  1024  99.8  2048  99.3  4096  97.5  8192  91.7  16k  65.4  32k   0.1
ep 398000       7809s  mean    259823  max   386976  V    211121  |d|     414    505k mv/s  1024  99.7  2048  98.8  4096  97.2  8192  91.7  16k  66.2  32k   0.0
ep 400000       7849s  mean    257822  max   470880  V    211119  |d|     418    505k mv/s  1024  99.7  2048  99.0  4096  97.2  8192  91.9  16k  64.8  32k   0.0
ep 402000       7887s  mean    254856  max   522532  V    211741  |d|     414    505k mv/s  1024  99.8  2048  99.5  4096  97.2  8192  91.7  16k  63.5  32k   0.1
ep 404000       7925s  mean    256223  max   508824  V    211672  |d|     411    505k mv/s  1024  99.8  2048  99.2  4096  96.3  8192  91.1  16k  65.8  32k   0.1
ep 406000       7965s  mean    260157  max   386696  V    211002  |d|     415    505k mv/s  1024  99.8  2048  99.4  4096  97.4  8192  91.9  16k  65.8  32k   0.0
ep 408000       8004s  mean    257972  max   507276  V    211558  |d|     414    505k mv/s  1024  99.7  2048  99.0  4096  97.2  8192  91.8  16k  66.0  32k   0.1
ep 410000       8044s  mean    260236  max   572216  V    211300  |d|     412    505k mv/s  1024  99.6  2048  99.2  4096  97.2  8192  92.2  16k  66.2  32k   0.1
ep 412000       8083s  mean    256746  max   473312  V    211796  |d|     413    505k mv/s  1024  99.9  2048  99.1  4096  97.0  8192  92.2  16k  65.0  32k   0.1
ep 414000       8123s  mean    257932  max   407332  V    211416  |d|     413    505k mv/s  1024  99.7  2048  99.0  4096  96.8  8192  91.8  16k  65.0  32k   0.0
ep 416000       8164s  mean    264467  max   575760  V    210871  |d|     416    505k mv/s  1024  99.7  2048  99.2  4096  97.5  8192  92.2  16k  68.0  32k   0.1
ep 418000       8204s  mean    258764  max   387460  V    211338  |d|     413    505k mv/s  1024  99.6  2048  98.8  4096  97.0  8192  91.7  16k  65.3  32k   0.0
ep 420000       8243s  mean    259846  max   465396  V    210837  |d|     415    505k mv/s  1024  99.9  2048  99.2  4096  96.6  8192  90.8  16k  66.0  32k   0.1
ep 422000       8284s  mean    263353  max   488428  V    211013  |d|     413    505k mv/s  1024  99.8  2048  99.2  4096  97.9  8192  92.3  16k  67.7  32k   0.1
ep 424000       8325s  mean    255923  max   387032  V    211723  |d|     413    505k mv/s  1024  99.7  2048  99.1  4096  97.0  8192  90.9  16k  64.2  32k   0.0
ep 426000       8366s  mean    255918  max   413840  V    211562  |d|     416    505k mv/s  1024  99.8  2048  99.0  4096  96.3  8192  91.2  16k  64.5  32k   0.0
ep 428000       8405s  mean    256446  max   577428  V    211732  |d|     413    505k mv/s  1024  99.7  2048  99.0  4096  96.7  8192  91.3  16k  64.2  32k   0.1
checkpoint -> runs/r8_ctl.bin (ep 428160)
ep 430000       8444s  mean    254343  max   503760  V    211905  |d|     416    505k mv/s  1024  99.7  2048  99.2  4096  97.2  8192  90.9  16k  64.0  32k   0.1
ep 432000       8483s  mean    256138  max   389632  V    211727  |d|     415    505k mv/s  1024  99.6  2048  98.8  4096  97.3  8192  91.5  16k  64.3  32k   0.0
ep 434000       8523s  mean    258489  max   487332  V    211847  |d|     413    505k mv/s  1024  99.8  2048  98.9  4096  97.2  8192  92.2  16k  65.6  32k   0.1
ep 436000       8564s  mean    259302  max   486804  V    211564  |d|     415    505k mv/s  1024  99.9  2048  99.2  4096  97.2  8192  92.5  16k  65.8  32k   0.1
ep 438000       8603s  mean    251650  max   553008  V    212225  |d|     412    505k mv/s  1024  99.8  2048  98.5  4096  96.2  8192  89.7  16k  63.6  32k   0.1
ep 440000       8642s  mean    257074  max   387068  V    211956  |d|     414    505k mv/s  1024  99.8  2048  99.5  4096  97.7  8192  91.7  16k  65.2  32k   0.0
ep 442000       8680s  mean    256628  max   556712  V    211551  |d|     419    505k mv/s  1024  99.8  2048  99.1  4096  96.7  8192  91.4  16k  64.6  32k   0.1
ep 444000       8719s  mean    257082  max   485412  V    212087  |d|     413    505k mv/s  1024  99.8  2048  99.2  4096  97.8  8192  91.8  16k  65.0  32k   0.1
ep 446000       8758s  mean    255666  max   386588  V    212259  |d|     412    505k mv/s  1024  99.7  2048  98.8  4096  96.7  8192  91.5  16k  65.0  32k   0.0
ep 448000       8797s  mean    256538  max   528008  V    211898  |d|     415    505k mv/s  1024  99.8  2048  99.0  4096  97.1  8192  91.7  16k  64.5  32k   0.1
ep 450000       8838s  mean    255783  max   531556  V    211747  |d|     413    505k mv/s  1024  99.5  2048  99.0  4096  96.5  8192  90.0  16k  64.8  32k   0.1
ep 452000       8877s  mean    252801  max   387264  V    212419  |d|     414    505k mv/s  1024  99.7  2048  99.1  4096  96.7  8192  90.7  16k  62.9  32k   0.0
ep 454000       8919s  mean    258761  max   530900  V    211657  |d|     413    505k mv/s  1024  99.7  2048  99.3  4096  97.9  8192  92.2  16k  65.3  32k   0.1
ep 456000       8958s  mean    257479  max   388112  V    211723  |d|     417    505k mv/s  1024  99.8  2048  99.2  4096  96.8  8192  91.2  16k  65.8  32k   0.0
ep 458000       8999s  mean    257365  max   552536  V    211928  |d|     414    505k mv/s  1024  99.8  2048  99.4  4096  98.3  8192  91.9  16k  64.5  32k   0.1
ep 460000       9040s  mean    258952  max   387104  V    211723  |d|     415    505k mv/s  1024 100.0  2048  99.2  4096  97.5  8192  91.8  16k  65.8  32k   0.0
ep 462000       9081s  mean    257969  max   469700  V    211767  |d|     414    505k mv/s  1024  99.8  2048  99.5  4096  96.8  8192  91.7  16k  65.5  32k   0.1
ep 464000       9121s  mean    257603  max   520916  V    211856  |d|     411    504k mv/s  1024  99.8  2048  98.8  4096  97.0  8192  91.8  16k  65.1  32k   0.1
ep 466000       9162s  mean    256832  max   549788  V    212016  |d|     413    504k mv/s  1024  99.8  2048  99.1  4096  96.8  8192  91.7  16k  64.6  32k   0.1
ep 468000       9204s  mean    260784  max   387196  V    211497  |d|     416    504k mv/s  1024  99.8  2048  99.0  4096  97.0  8192  92.2  16k  66.8  32k   0.0
ep 470000       9244s  mean    255883  max   427784  V    212062  |d|     416    504k mv/s  1024  99.7  2048  99.1  4096  97.2  8192  91.5  16k  64.5  32k   0.0
ep 472000       9284s  mean    256732  max   480032  V    211910  |d|     415    504k mv/s  1024  99.8  2048  99.0  4096  97.2  8192  91.5  16k  64.7  32k   0.1
ep 474000       9324s  mean    254760  max   498268  V    211954  |d|     416    504k mv/s  1024  99.7  2048  98.8  4096  96.5  8192  90.3  16k  65.0  32k   0.1
ep 476000       9365s  mean    260190  max   406744  V    211523  |d|     414    504k mv/s  1024 100.0  2048  99.3  4096  97.5  8192  92.2  16k  66.2  32k   0.0
ep 478000       9406s  mean    259383  max   387256  V    212096  |d|     412    504k mv/s  1024  99.7  2048  99.2  4096  97.2  8192  92.5  16k  65.4  32k   0.0
ep 480000       9447s  mean    258933  max   532452  V    211889  |d|     412    504k mv/s  1024  99.8  2048  99.2  4096  97.0  8192  92.2  16k  65.5  32k   0.1
ep 482000       9489s  mean    260676  max   390872  V    211673  |d|     415    504k mv/s  1024  99.8  2048  99.0  4096  97.3  8192  92.5  16k  66.5  32k   0.0
ep 484000       9530s  mean    261594  max   523800  V    211751  |d|     416    504k mv/s  1024  99.9  2048  99.3  4096  97.3  8192  92.6  16k  66.7  32k   0.1
ep 486000       9571s  mean    258386  max   490456  V    211740  |d|     413    504k mv/s  1024  99.8  2048  99.5  4096  97.2  8192  91.2  16k  65.5  32k   0.1
checkpoint -> runs/r8_ctl.bin (ep 487900)
ep 488000       9612s  mean    258543  max   531556  V    211900  |d|     414    504k mv/s  1024  99.8  2048  99.2  4096  97.3  8192  91.8  16k  64.8  32k   0.1
ep 490000       9653s  mean    255424  max   563520  V    211911  |d|     417    504k mv/s  1024  99.8  2048  99.0  4096  96.8  8192  91.0  16k  63.8  32k   0.1
ep 492000       9694s  mean    256441  max   484428  V    212439  |d|     412    503k mv/s  1024  99.8  2048  99.3  4096  97.2  8192  91.2  16k  64.0  32k   0.1
ep 494000       9735s  mean    258388  max   529380  V    212158  |d|     413    503k mv/s  1024  99.8  2048  99.0  4096  96.7  8192  91.8  16k  65.8  32k   0.1
ep 496000       9775s  mean    257320  max   565920  V    211929  |d|     413    503k mv/s  1024  99.8  2048  99.2  4096  96.8  8192  90.3  16k  64.8  32k   0.1
ep 498000       9815s  mean    260275  max   519900  V    211681  |d|     413    503k mv/s  1024  99.5  2048  98.5  4096  96.3  8192  91.5  16k  66.8  32k   0.1
ep 500000       9856s  mean    255882  max   470516  V    212138  |d|     416    503k mv/s  1024 100.0  2048  99.5  4096  97.5  8192  91.2  16k  64.6  32k   0.1
ep 502000       9896s  mean    260752  max   386852  V    212056  |d|     414    503k mv/s  1024  99.8  2048  99.5  4096  97.4  8192  92.3  16k  67.2  32k   0.0
ep 504000       9934s  mean    257157  max   530304  V    212248  |d|     414    503k mv/s  1024  99.8  2048  99.2  4096  97.5  8192  92.0  16k  64.8  32k   0.1
ep 506000       9974s  mean    256713  max   387156  V    212453  |d|     410    503k mv/s  1024  99.5  2048  99.0  4096  96.6  8192  91.8  16k  65.1  32k   0.0
ep 508000      10014s  mean    256454  max   386844  V    212289  |d|     414    503k mv/s  1024  99.7  2048  99.0  4096  96.9  8192  92.0  16k  64.5  32k   0.0
ep 510000      10053s  mean    257523  max   529048  V    212244  |d|     416    503k mv/s  1024  99.7  2048  99.0  4096  97.3  8192  91.8  16k  65.3  32k   0.1
ep 512000      10093s  mean    258697  max   524408  V    212015  |d|     413    503k mv/s  1024  99.8  2048  99.2  4096  96.8  8192  91.5  16k  66.2  32k   0.1
ep 514000      10132s  mean    257859  max   387196  V    211850  |d|     417    503k mv/s  1024  99.7  2048  99.2  4096  96.8  8192  91.5  16k  65.2  32k   0.0
ep 516000      10172s  mean    255878  max   528576  V    212422  |d|     412    503k mv/s  1024  99.8  2048  99.2  4096  97.3  8192  91.7  16k  63.6  32k   0.1
ep 518000      10211s  mean    258433  max   566480  V    212592  |d|     410    503k mv/s  1024  99.8  2048  99.1  4096  97.3  8192  91.9  16k  66.2  32k   0.1
ep 520000      10251s  mean    257002  max   531460  V    211908  |d|     419    503k mv/s  1024  99.8  2048  99.2  4096  97.0  8192  91.9  16k  64.5  32k   0.1
ep 522000      10289s  mean    256113  max   513076  V    212280  |d|     414    503k mv/s  1024  99.6  2048  99.0  4096  97.0  8192  91.2  16k  64.3  32k   0.1
ep 524000      10328s  mean    256095  max   387284  V    212382  |d|     414    503k mv/s  1024  99.7  2048  98.9  4096  97.1  8192  91.2  16k  64.7  32k   0.0
ep 526000      10366s  mean    257942  max   387624  V    212120  |d|     413    503k mv/s  1024  99.7  2048  99.0  4096  96.8  8192  91.2  16k  65.8  32k   0.0
ep 528000      10405s  mean    258988  max   489524  V    212213  |d|     413    503k mv/s  1024  99.7  2048  99.2  4096  97.3  8192  91.8  16k  66.0  32k   0.1
ep 530000      10444s  mean    257457  max   508192  V    212614  |d|     414    504k mv/s  1024  99.9  2048  99.0  4096  97.0  8192  91.8  16k  65.5  32k   0.1
ep 532000      10484s  mean    259962  max   529376  V    212182  |d|     411    504k mv/s  1024  99.7  2048  99.1  4096  97.5  8192  91.3  16k  66.8  32k   0.1
ep 534000      10523s  mean    254896  max   533692  V    212509  |d|     416    504k mv/s  1024  99.8  2048  99.0  4096  96.5  8192  91.1  16k  64.2  32k   0.1
ep 536000      10561s  mean    258613  max   386576  V    212119  |d|     416    504k mv/s  1024  99.7  2048  99.1  4096  96.8  8192  91.3  16k  66.3  32k   0.0
ep 538000      10600s  mean    258594  max   387096  V    212402  |d|     412    504k mv/s  1024  99.7  2048  99.0  4096  96.7  8192  91.1  16k  66.5  32k   0.0
ep 540000      10639s  mean    256953  max   528592  V    212355  |d|     417    504k mv/s  1024 100.0  2048  99.3  4096  96.9  8192  91.0  16k  65.4  32k   0.1
ep 542000      10678s  mean    259381  max   408740  V    212229  |d|     416    504k mv/s  1024  99.8  2048  99.2  4096  97.0  8192  91.7  16k  66.5  32k   0.0
ep 544000      10717s  mean    261909  max   469388  V    212022  |d|     414    504k mv/s  1024  99.8  2048  99.1  4096  97.4  8192  91.9  16k  67.0  32k   0.1
ep 546000      10756s  mean    259981  max   430460  V    212235  |d|     414    504k mv/s  1024  99.8  2048  99.3  4096  97.3  8192  92.7  16k  65.8  32k   0.0
ep 548000      10794s  mean    255199  max   391872  V    212334  |d|     415    504k mv/s  1024  99.8  2048  99.0  4096  97.0  8192  91.0  16k  63.9  32k   0.0
checkpoint -> runs/r8_ctl.bin (ep 548913)
ep 550000      10832s  mean    256680  max   528600  V    212459  |d|     413    504k mv/s  1024  99.8  2048  99.0  4096  96.5  8192  91.8  16k  64.7  32k   0.1
ep 552000      10872s  mean    259725  max   390100  V    211917  |d|     414    504k mv/s  1024  99.8  2048  99.0  4096  96.9  8192  91.0  16k  66.2  32k   0.0
ep 554000      10911s  mean    255165  max   404972  V    212717  |d|     416    504k mv/s  1024  99.8  2048  99.0  4096  97.0  8192  91.0  16k  64.3  32k   0.0
ep 556000      10951s  mean    259567  max   386540  V    212215  |d|     413    504k mv/s  1024  99.8  2048  99.0  4096  96.8  8192  91.6  16k  66.2  32k   0.0
ep 558000      10991s  mean    258077  max   498852  V    212203  |d|     419    504k mv/s  1024  99.8  2048  98.9  4096  96.7  8192  91.2  16k  65.8  32k   0.1
ep 560000      11030s  mean    259963  max   388128  V    212245  |d|     411    504k mv/s  1024  99.7  2048  99.0  4096  96.8  8192  91.7  16k  67.2  32k   0.0
ep 562000      11069s  mean    256773  max   530924  V    212430  |d|     414    504k mv/s  1024  99.8  2048  99.3  4096  96.6  8192  91.5  16k  64.6  32k   0.1
ep 564000      11108s  mean    261198  max   627380  V    211841  |d|     416    504k mv/s  1024  99.8  2048  99.1  4096  96.8  8192  90.9  16k  67.3  32k   0.1
ep 566000      11147s  mean    255746  max   387332  V    212660  |d|     414    504k mv/s  1024  99.8  2048  99.0  4096  96.8  8192  91.8  16k  64.2  32k   0.0
ep 568000      11186s  mean    255927  max   471024  V    212627  |d|     419    504k mv/s  1024  99.7  2048  99.1  4096  96.9  8192  91.5  16k  65.0  32k   0.1
ep 570000      11225s  mean    257971  max   503944  V    212441  |d|     415    504k mv/s  1024  99.8  2048  98.9  4096  96.5  8192  91.2  16k  66.2  32k   0.1
ep 572000      11264s  mean    259568  max   530532  V    212244  |d|     414    504k mv/s  1024  99.7  2048  99.0  4096  96.8  8192  91.5  16k  66.5  32k   0.1
ep 574000      11303s  mean    259005  max   492168  V    212529  |d|     415    504k mv/s  1024  99.6  2048  99.0  4096  97.6  8192  92.0  16k  65.8  32k   0.1
ep 576000      11343s  mean    260602  max   490584  V    212242  |d|     414    504k mv/s  1024  99.7  2048  99.4  4096  97.2  8192  91.8  16k  66.4  32k   0.1
ep 578000      11383s  mean    261442  max   405184  V    212296  |d|     415    504k mv/s  1024  99.9  2048  99.5  4096  97.5  8192  92.3  16k  67.1  32k   0.0
ep 580000      11423s  mean    262783  max   530888  V    212078  |d|     414    504k mv/s  1024  99.8  2048  99.3  4096  97.8  8192  92.5  16k  67.3  32k   0.1
ep 582000      11463s  mean    261451  max   386436  V    212280  |d|     412    504k mv/s  1024  99.8  2048  99.2  4096  97.1  8192  92.4  16k  66.9  32k   0.0
ep 584000      11502s  mean    257640  max   388092  V    212499  |d|     414    504k mv/s  1024  99.8  2048  99.1  4096  96.8  8192  91.4  16k  64.8  32k   0.0
ep 586000      11541s  mean    259083  max   520340  V    212623  |d|     414    504k mv/s  1024  99.8  2048  99.3  4096  97.2  8192  91.6  16k  66.0  32k   0.1
ep 588000      11580s  mean    255316  max   524004  V    213167  |d|     414    504k mv/s  1024  99.8  2048  99.0  4096  96.8  8192  91.1  16k  65.0  32k   0.1
ep 590000      11620s  mean    258392  max   490940  V    212629  |d|     412    504k mv/s  1024  99.6  2048  99.0  4096  97.0  8192  91.0  16k  66.4  32k   0.1
ep 592000      11659s  mean    257228  max   512248  V    213370  |d|     406    504k mv/s  1024  99.8  2048  99.3  4096  97.7  8192  92.0  16k  65.1  32k   0.1
ep 594000      11699s  mean    258413  max   563616  V    212694  |d|     414    504k mv/s  1024  99.6  2048  99.0  4096  96.8  8192  92.1  16k  65.6  32k   0.1
ep 596000      11737s  mean    257539  max   564048  V    212339  |d|     417    504k mv/s  1024  99.8  2048  99.1  4096  96.9  8192  90.8  16k  64.9  32k   0.1
ep 598000      11776s  mean    256021  max   531088  V    213371  |d|     410    504k mv/s  1024  99.8  2048  99.0  4096  97.7  8192  92.5  16k  64.4  32k   0.1
ep 600000      11814s  mean    258942  max   532836  V    212375  |d|     417    504k mv/s  1024  99.7  2048  99.2  4096  96.6  8192  91.1  16k  66.0  32k   0.1
ep 602000      11855s  mean    261930  max   513964  V    212353  |d|     413    504k mv/s  1024  99.6  2048  99.0  4096  97.2  8192  92.4  16k  66.3  32k   0.1
ep 604000      11894s  mean    258361  max   388404  V    212851  |d|     412    504k mv/s  1024  99.8  2048  99.3  4096  97.5  8192  92.5  16k  65.5  32k   0.0
ep 606000      11934s  mean    258981  max   387264  V    212515  |d|     413    504k mv/s  1024  99.8  2048  99.1  4096  96.8  8192  91.5  16k  65.7  32k   0.0
ep 608000      11973s  mean    256083  max   386800  V    213211  |d|     415    504k mv/s  1024  99.7  2048  99.2  4096  97.1  8192  91.3  16k  65.1  32k   0.0
ep 610000      12012s  mean    259336  max   527108  V    212715  |d|     413    504k mv/s  1024  99.8  2048  99.2  4096  97.2  8192  91.8  16k  66.5  32k   0.1
checkpoint -> runs/r8_ctl.bin (ep 610022)
ep 612000      12051s  mean    257341  max   534244  V    212981  |d|     411    504k mv/s  1024  99.8  2048  99.2  4096  97.2  8192  91.3  16k  65.7  32k   0.1
ep 614000      12091s  mean    259611  max   388836  V    212702  |d|     414    504k mv/s  1024  99.6  2048  98.8  4096  96.8  8192  91.8  16k  66.7  32k   0.0
ep 616000      12130s  mean    261430  max   473684  V    212321  |d|     412    504k mv/s  1024  99.8  2048  99.4  4096  97.2  8192  90.7  16k  67.2  32k   0.1
ep 618000      12170s  mean    259165  max   503092  V    212735  |d|     413    504k mv/s  1024  99.8  2048  99.0  4096  97.2  8192  91.8  16k  65.7  32k   0.1
ep 620000      12210s  mean    258470  max   513324  V    212563  |d|     419    504k mv/s  1024  99.8  2048  99.2  4096  97.6  8192  91.2  16k  65.7  32k   0.1
ep 622000      12249s  mean    261090  max   387796  V    212992  |d|     411    504k mv/s  1024  99.9  2048  99.5  4096  97.8  8192  92.4  16k  66.7  32k   0.0
ep 624000      12288s  mean    257069  max   387036  V    212839  |d|     414    504k mv/s  1024  99.8  2048  99.1  4096  97.4  8192  91.5  16k  65.0  32k   0.0
ep 626000      12327s  mean    256068  max   468532  V    213106  |d|     413    504k mv/s  1024  99.8  2048  99.1  4096  96.8  8192  91.2  16k  64.2  32k   0.1
ep 628000      12366s  mean    262089  max   386688  V    212334  |d|     415    504k mv/s  1024  99.6  2048  99.0  4096  97.0  8192  91.8  16k  67.5  32k   0.0
ep 630000      12406s  mean    258787  max   511240  V    213006  |d|     413    504k mv/s  1024  99.8  2048  99.3  4096  97.8  8192  92.3  16k  66.7  32k   0.1
ep 632000      12446s  mean    262407  max   445528  V    212712  |d|     412    504k mv/s  1024 100.0  2048  99.2  4096  97.5  8192  92.8  16k  66.8  32k   0.0
ep 634000      12484s  mean    256958  max   387248  V    212783  |d|     414    504k mv/s  1024  99.6  2048  98.7  4096  96.3  8192  90.7  16k  65.5  32k   0.0
ep 636000      12523s  mean    259688  max   533244  V    212714  |d|     414    504k mv/s  1024 100.0  2048  99.3  4096  97.5  8192  92.2  16k  66.2  32k   0.1
ep 638000      12562s  mean    258674  max   408232  V    212949  |d|     414    504k mv/s  1024  99.8  2048  99.3  4096  97.3  8192  92.2  16k  66.0  32k   0.0
ep 640000      12600s  mean    255673  max   533212  V    213199  |d|     414    505k mv/s  1024  99.7  2048  98.8  4096  96.8  8192  91.0  16k  64.0  32k   0.1
ep 642000      12639s  mean    257386  max   513140  V    213090  |d|     414    505k mv/s  1024  99.9  2048  99.4  4096  97.3  8192  91.8  16k  65.2  32k   0.1
ep 644000      12678s  mean    258623  max   486456  V    213050  |d|     413    505k mv/s  1024  99.7  2048  99.2  4096  97.1  8192  91.4  16k  65.7  32k   0.1
ep 646000      12717s  mean    259495  max   595604  V    212724  |d|     413    505k mv/s  1024  99.9  2048  99.2  4096  96.7  8192  92.1  16k  65.7  32k   0.1
ep 648000      12755s  mean    257991  max   387312  V    213018  |d|     414    505k mv/s  1024 100.0  2048  99.3  4096  97.6  8192  92.2  16k  64.2  32k   0.0
ep 650000      12794s  mean    258503  max   512164  V    212868  |d|     414    505k mv/s  1024  99.9  2048  99.4  4096  97.0  8192  91.6  16k  65.2  32k   0.1
ep 652000      12834s  mean    258633  max   531640  V    212899  |d|     413    505k mv/s  1024  99.7  2048  99.2  4096  96.8  8192  90.9  16k  66.2  32k   0.1
ep 654000      12873s  mean    258624  max   531836  V    213031  |d|     415    505k mv/s  1024  99.7  2048  99.2  4096  97.2  8192  91.6  16k  66.0  32k   0.1
ep 656000      12912s  mean    259488  max   386908  V    213141  |d|     414    505k mv/s  1024  99.8  2048  99.3  4096  98.0  8192  92.0  16k  66.4  32k   0.0
ep 658000      12952s  mean    260832  max   484236  V    212679  |d|     413    505k mv/s  1024  99.8  2048  99.2  4096  97.0  8192  91.0  16k  67.2  32k   0.1
ep 660000      12990s  mean    259311  max   529724  V    213383  |d|     410    505k mv/s  1024  99.8  2048  99.5  4096  97.3  8192  91.7  16k  67.0  32k   0.1
ep 662000      13030s  mean    261114  max   520992  V    212827  |d|     413    505k mv/s  1024  99.8  2048  99.3  4096  97.8  8192  92.7  16k  65.8  32k   0.1
ep 664000      13070s  mean    260136  max   532824  V    213154  |d|     412    505k mv/s  1024  99.9  2048  99.5  4096  97.7  8192  92.6  16k  66.8  32k   0.1
ep 666000      13110s  mean    258582  max   569492  V    213112  |d|     410    505k mv/s  1024  99.7  2048  99.0  4096  97.0  8192  91.5  16k  65.7  32k   0.1
ep 668000      13149s  mean    259989  max   584156  V    213211  |d|     414    505k mv/s  1024  99.7  2048  99.2  4096  96.8  8192  92.5  16k  66.3  32k   0.1
ep 670000      13188s  mean    257164  max   609428  V    213450  |d|     412    505k mv/s  1024  99.8  2048  99.2  4096  97.1  8192  91.7  16k  64.8  32k   0.1
checkpoint -> runs/r8_ctl.bin (ep 671369)
ep 672000      13227s  mean    256515  max   531132  V    213263  |d|     413    505k mv/s  1024  99.8  2048  99.2  4096  96.2  8192  91.0  16k  64.7  32k   0.1
ep 674000      13265s  mean    258383  max   567672  V    213501  |d|     409    505k mv/s  1024  99.8  2048  99.0  4096  97.0  8192  92.1  16k  65.1  32k   0.1
ep 676000      13305s  mean    260273  max   387092  V    212942  |d|     416    505k mv/s  1024  99.7  2048  99.2  4096  97.8  8192  91.8  16k  66.5  32k   0.0
ep 678000      13344s  mean    257145  max   550400  V    213345  |d|     413    505k mv/s  1024  99.8  2048  99.3  4096  97.0  8192  91.2  16k  65.3  32k   0.1
ep 680000      13383s  mean    260229  max   532524  V    212683  |d|     417    505k mv/s  1024  99.8  2048  99.2  4096  97.0  8192  90.6  16k  66.7  32k   0.1
ep 682000      13424s  mean    261671  max   533172  V    212920  |d|     415    505k mv/s  1024  99.8  2048  99.2  4096  97.1  8192  92.2  16k  67.2  32k   0.1
ep 684000      13463s  mean    257379  max   510708  V    213542  |d|     413    505k mv/s  1024  99.7  2048  99.2  4096  97.4  8192  92.7  16k  65.2  32k   0.1
ep 686000      13502s  mean    256675  max   513436  V    213437  |d|     411    505k mv/s  1024  99.8  2048  99.2  4096  97.1  8192  91.0  16k  64.8  32k   0.1
ep 688000      13541s  mean    261135  max   466812  V    212976  |d|     416    505k mv/s  1024  99.7  2048  99.2  4096  97.2  8192  92.5  16k  67.2  32k   0.1
ep 690000      13582s  mean    262552  max   511892  V    212692  |d|     416    505k mv/s  1024  99.9  2048  99.4  4096  97.5  8192  91.8  16k  67.5  32k   0.1
ep 692000      13619s  mean    252606  max   467880  V    213996  |d|     411    505k mv/s  1024  99.8  2048  99.0  4096  97.2  8192  91.3  16k  62.0  32k   0.1
ep 694000      13657s  mean    260354  max   532180  V    213256  |d|     412    505k mv/s  1024  99.8  2048  99.2  4096  97.2  8192  92.5  16k  66.2  32k   0.1
ep 696000      13696s  mean    256721  max   387212  V    213444  |d|     414    505k mv/s  1024  99.8  2048  99.0  4096  97.2  8192  92.2  16k  64.8  32k   0.0
ep 698000      13735s  mean    254065  max   518584  V    213841  |d|     414    505k mv/s  1024  99.8  2048  99.2  4096  96.5  8192  90.7  16k  64.0  32k   0.1
ep 700000      13775s  mean    263372  max   387428  V    213121  |d|     415    505k mv/s  1024  99.8  2048  99.4  4096  97.8  8192  92.5  16k  68.0  32k   0.0
ep 702000      13814s  mean    259769  max   532040  V    213584  |d|     412    505k mv/s  1024  99.7  2048  99.2  4096  97.3  8192  92.8  16k  65.8  32k   0.1
ep 704000      13853s  mean    258912  max   520332  V    213563  |d|     410    505k mv/s  1024  99.8  2048  99.2  4096  97.3  8192  92.2  16k  65.5  32k   0.1
ep 706000      13893s  mean    257829  max   524320  V    213566  |d|     409    505k mv/s  1024  99.8  2048  98.8  4096  96.8  8192  91.0  16k  65.7  32k   0.1
ep 708000      13933s  mean    263116  max   570304  V    213025  |d|     414    505k mv/s  1024  99.9  2048  99.2  4096  97.5  8192  92.6  16k  68.0  32k   0.1
ep 710000      13972s  mean    258622  max   469600  V    213137  |d|     416    505k mv/s  1024  99.6  2048  99.1  4096  96.8  8192  90.8  16k  66.5  32k   0.1
ep 712000      14011s  mean    257767  max   488208  V    213554  |d|     411    505k mv/s  1024  99.8  2048  99.0  4096  96.9  8192  91.8  16k  65.5  32k   0.1
ep 714000      14051s  mean    259176  max   493028  V    213368  |d|     409    505k mv/s  1024  99.7  2048  98.8  4096  96.9  8192  91.2  16k  66.4  32k   0.1
ep 716000      14089s  mean    255292  max   388888  V    213894  |d|     411    505k mv/s  1024  99.8  2048  99.2  4096  97.2  8192  91.3  16k  64.3  32k   0.0
ep 718000      14128s  mean    257796  max   557848  V    213290  |d|     415    505k mv/s  1024  99.8  2048  99.5  4096  97.3  8192  92.0  16k  64.8  32k   0.1
ep 720000      14167s  mean    259049  max   501784  V    213268  |d|     417    505k mv/s  1024  99.8  2048  99.2  4096  97.2  8192  92.7  16k  65.4  32k   0.1
ep 722000      14206s  mean    260789  max   418496  V    213154  |d|     416    505k mv/s  1024  99.6  2048  99.0  4096  97.0  8192  92.2  16k  67.0  32k   0.0
ep 724000      14245s  mean    257766  max   532892  V    213464  |d|     413    505k mv/s  1024  99.8  2048  99.1  4096  97.1  8192  91.8  16k  64.9  32k   0.1
ep 726000      14284s  mean    259796  max   410680  V    213310  |d|     412    505k mv/s  1024  99.8  2048  99.2  4096  97.0  8192  92.5  16k  66.0  32k   0.0
ep 728000      14324s  mean    258563  max   386540  V    213287  |d|     415    505k mv/s  1024  99.8  2048  99.2  4096  97.6  8192  92.5  16k  65.0  32k   0.0
ep 730000      14363s  mean    258207  max   549000  V    213628  |d|     413    505k mv/s  1024  99.8  2048  99.3  4096  97.2  8192  92.0  16k  64.9  32k   0.1
ep 732000      14401s  mean    253996  max   386688  V    213278  |d|     417    505k mv/s  1024  99.9  2048  99.5  4096  96.2  8192  89.8  16k  63.1  32k   0.0
saving final checkpoint -> runs/r8_ctl.bin
done: 732029 episodes, 7276200702 moves, 14405.5 s
