loading runs/final.bin ...
widened 8 -> 16 patterns, existing tables copied, new tables zero
patterns=16  weights/stage=268435456  stages=1  memory=3.00 GiB  threads=7  alpha=0.100  TC=on
ep 2000           84s  mean    259242  max   514248  V    208079  |d|     419    240k mv/s  1024  99.7  2048  99.2  4096  97.2  8192  91.8  16k  65.8  32k   0.1
ep 4000          163s  mean    255465  max   477524  V    208593  |d|     414    245k mv/s  1024  99.6  2048  99.1  4096  97.6  8192  92.1  16k  62.6  32k   0.1
ep 6000          241s  mean    258235  max   387340  V    208479  |d|     411    248k mv/s  1024  99.5  2048  98.7  4096  96.8  8192  91.7  16k  65.5  32k   0.0
ep 8000          322s  mean    259525  max   531792  V    208520  |d|     411    248k mv/s  1024  99.8  2048  99.3  4096  97.5  8192  91.9  16k  65.7  32k   0.1
ep 10000         405s  mean    259856  max   524160  V    208584  |d|     407    246k mv/s  1024  99.8  2048  99.3  4096  97.8  8192  92.6  16k  65.8  32k   0.1
ep 12000         488s  mean    259013  max   503784  V    208683  |d|     407    246k mv/s  1024  99.8  2048  99.4  4096  97.2  8192  92.3  16k  65.7  32k   0.1
ep 14000         572s  mean    262375  max   462424  V    207930  |d|     407    245k mv/s  1024  99.8  2048  99.5  4096  97.7  8192  91.7  16k  66.7  32k   0.1
ep 16000         654s  mean    261474  max   387316  V    208407  |d|     404    245k mv/s  1024  99.7  2048  99.0  4096  97.0  8192  92.7  16k  66.5  32k   0.0
ep 18000         736s  mean    260237  max   502908  V    208531  |d|     403    245k mv/s  1024  99.6  2048  99.0  4096  97.7  8192  92.3  16k  65.5  32k   0.1
ep 20000         817s  mean    257635  max   388808  V    208577  |d|     404    245k mv/s  1024  99.8  2048  99.1  4096  96.8  8192  91.2  16k  64.8  32k   0.0
ep 22000         900s  mean    258623  max   509380  V    208691  |d|     404    245k mv/s  1024  99.8  2048  99.2  4096  97.2  8192  92.2  16k  64.6  32k   0.1
ep 24000         982s  mean    261253  max   530016  V    208373  |d|     406    245k mv/s  1024  99.8  2048  99.3  4096  97.2  8192  92.0  16k  66.2  32k   0.1
ep 26000        1063s  mean    258617  max   387524  V    209014  |d|     400    245k mv/s  1024  99.8  2048  99.2  4096  96.9  8192  91.5  16k  66.1  32k   0.0
ep 28000        1145s  mean    260787  max   553472  V    208408  |d|     405    245k mv/s  1024  99.8  2048  99.5  4096  97.7  8192  91.7  16k  65.2  32k   0.1
checkpoint -> runs/r8_wide.bin (ep 29319)
ep 30000        1229s  mean    261059  max   523624  V    208347  |d|     402    245k mv/s  1024  99.8  2048  99.2  4096  96.9  8192  91.3  16k  66.2  32k   0.1
ep 32000        1314s  mean    260540  max   387128  V    208295  |d|     402    244k mv/s  1024  99.7  2048  99.0  4096  97.0  8192  91.2  16k  66.0  32k   0.0
ep 34000        1396s  mean    260080  max   557728  V    208762  |d|     404    244k mv/s  1024  99.8  2048  99.4  4096  97.1  8192  91.7  16k  66.5  32k   0.1
ep 36000        1478s  mean    264479  max   520492  V    208387  |d|     400    245k mv/s  1024  99.8  2048  99.3  4096  97.2  8192  92.5  16k  67.3  32k   0.1
ep 38000        1559s  mean    259963  max   469888  V    208949  |d|     401    245k mv/s  1024  99.8  2048  99.0  4096  97.3  8192  91.6  16k  66.1  32k   0.1
ep 40000        1642s  mean    260648  max   388632  V    208813  |d|     403    244k mv/s  1024  99.8  2048  99.3  4096  97.5  8192  92.5  16k  65.5  32k   0.0
ep 42000        1726s  mean    261479  max   500088  V    208807  |d|     399    244k mv/s  1024  99.7  2048  99.2  4096  97.2  8192  91.5  16k  67.0  32k   0.1
ep 44000        1809s  mean    264454  max   469276  V    208352  |d|     402    244k mv/s  1024  99.8  2048  99.3  4096  97.3  8192  92.3  16k  67.5  32k   0.1
ep 46000        1892s  mean    264153  max   387220  V    208518  |d|     401    244k mv/s  1024  99.8  2048  99.0  4096  97.2  8192  91.8  16k  67.5  32k   0.0
ep 48000        1977s  mean    263742  max   389232  V    208543  |d|     401    244k mv/s  1024  99.8  2048  99.2  4096  97.4  8192  92.2  16k  67.8  32k   0.0
ep 50000        2060s  mean    261931  max   386856  V    208479  |d|     402    244k mv/s  1024  99.8  2048  99.3  4096  97.4  8192  91.3  16k  66.5  32k   0.0
ep 52000        2141s  mean    260109  max   576988  V    209177  |d|     403    244k mv/s  1024  99.6  2048  99.0  4096  97.2  8192  91.7  16k  66.0  32k   0.1
ep 54000        2224s  mean    261876  max   522588  V    208812  |d|     400    244k mv/s  1024  99.7  2048  99.3  4096  97.0  8192  91.3  16k  66.7  32k   0.1
ep 56000        2306s  mean    262584  max   532492  V    208801  |d|     403    244k mv/s  1024  99.7  2048  99.2  4096  97.3  8192  92.5  16k  66.5  32k   0.1
ep 58000        2388s  mean    263908  max   497928  V    208542  |d|     403    245k mv/s  1024  99.9  2048  99.5  4096  97.2  8192  92.0  16k  67.2  32k   0.1
checkpoint -> runs/r8_wide.bin (ep 58302)
ep 60000        2469s  mean    260765  max   556828  V    209197  |d|     399    245k mv/s  1024  99.8  2048  99.2  4096  97.7  8192  92.0  16k  65.8  32k   0.1
ep 62000        2551s  mean    266031  max   600796  V    208921  |d|     399    245k mv/s  1024  99.7  2048  99.3  4096  97.3  8192  92.3  16k  69.3  32k   0.1
ep 64000        2631s  mean    258598  max   531624  V    209623  |d|     398    245k mv/s  1024  99.8  2048  99.6  4096  97.3  8192  92.0  16k  65.0  32k   0.1
ep 66000        2715s  mean    262056  max   409640  V    208845  |d|     400    245k mv/s  1024  99.8  2048  99.2  4096  96.3  8192  91.0  16k  67.0  32k   0.0
ep 68000        2795s  mean    260828  max   533264  V    209279  |d|     399    245k mv/s  1024  99.8  2048  99.4  4096  97.3  8192  92.5  16k  64.8  32k   0.1
ep 70000        2877s  mean    263429  max   504480  V    209189  |d|     400    245k mv/s  1024 100.0  2048  99.3  4096  98.0  8192  92.7  16k  67.0  32k   0.1
ep 72000        2958s  mean    262060  max   402452  V    209063  |d|     400    245k mv/s  1024  99.8  2048  99.0  4096  97.4  8192  92.0  16k  66.9  32k   0.0
ep 74000        3041s  mean    263033  max   517636  V    209085  |d|     400    245k mv/s  1024  99.7  2048  99.3  4096  97.7  8192  92.4  16k  66.5  32k   0.1
ep 76000        3124s  mean    266461  max   537828  V    208834  |d|     400    245k mv/s  1024  99.9  2048  99.2  4096  97.2  8192  92.8  16k  68.3  32k   0.1
ep 78000        3207s  mean    264316  max   516756  V    208859  |d|     401    245k mv/s  1024  99.7  2048  98.8  4096  97.2  8192  92.1  16k  67.7  32k   0.1
ep 80000        3289s  mean    263208  max   407160  V    209201  |d|     398    245k mv/s  1024  99.8  2048  99.5  4096  97.3  8192  91.7  16k  67.8  32k   0.0
ep 82000        3372s  mean    264190  max   627868  V    209318  |d|     397    245k mv/s  1024  99.8  2048  99.2  4096  97.1  8192  92.0  16k  67.8  32k   0.1
ep 84000        3454s  mean    259341  max   525176  V    209336  |d|     402    245k mv/s  1024  99.9  2048  99.3  4096  97.2  8192  91.0  16k  65.1  32k   0.1
ep 86000        3536s  mean    263767  max   389344  V    209039  |d|     403    245k mv/s  1024  99.8  2048  99.5  4096  97.5  8192  92.4  16k  67.3  32k   0.0
checkpoint -> runs/r8_wide.bin (ep 87560)
ep 88000        3619s  mean    263514  max   531376  V    209622  |d|     399    245k mv/s  1024  99.7  2048  99.4  4096  98.5  8192  93.2  16k  67.1  32k   0.1
ep 90000        3700s  mean    261799  max   505476  V    209337  |d|     401    245k mv/s  1024  99.7  2048  99.2  4096  97.0  8192  91.8  16k  66.0  32k   0.1
ep 92000        3782s  mean    264282  max   582928  V    209341  |d|     399    246k mv/s  1024  99.9  2048  99.4  4096  97.7  8192  92.3  16k  66.7  32k   0.2
ep 94000        3862s  mean    260737  max   565712  V    209411  |d|     398    246k mv/s  1024  99.8  2048  99.5  4096  97.5  8192  91.3  16k  65.7  32k   0.1
ep 96000        3944s  mean    259885  max   400640  V    209762  |d|     397    246k mv/s  1024  99.5  2048  99.0  4096  97.0  8192  91.9  16k  65.1  32k   0.0
ep 98000        4025s  mean    263357  max   508612  V    209296  |d|     399    246k mv/s  1024  99.9  2048  99.1  4096  97.2  8192  91.8  16k  66.2  32k   0.1
ep 100000       4110s  mean    265221  max   417788  V    209528  |d|     397    246k mv/s  1024  99.8  2048  99.3  4096  97.3  8192  92.7  16k  68.0  32k   0.0
ep 102000       4192s  mean    263344  max   532396  V    209583  |d|     396    246k mv/s  1024  99.5  2048  99.2  4096  97.2  8192  92.0  16k  67.4  32k   0.1
ep 104000       4274s  mean    259755  max   387272  V    209996  |d|     397    246k mv/s  1024  99.8  2048  99.2  4096  97.5  8192  91.5  16k  65.7  32k   0.0
ep 106000       4356s  mean    262500  max   387220  V    209591  |d|     400    246k mv/s  1024  99.8  2048  99.3  4096  97.2  8192  92.2  16k  66.5  32k   0.0
ep 108000       4438s  mean    263554  max   519876  V    209732  |d|     399    246k mv/s  1024  99.9  2048  99.5  4096  97.7  8192  92.2  16k  66.7  32k   0.1
ep 110000       4520s  mean    260782  max   521208  V    209834  |d|     394    246k mv/s  1024  99.8  2048  99.2  4096  97.0  8192  91.3  16k  66.5  32k   0.1
ep 112000       4602s  mean    264370  max   415076  V    209855  |d|     396    246k mv/s  1024  99.8  2048  99.2  4096  97.8  8192  93.5  16k  67.1  32k   0.0
ep 114000       4683s  mean    262757  max   488436  V    209608  |d|     399    246k mv/s  1024  99.8  2048  99.1  4096  97.0  8192  91.7  16k  66.3  32k   0.1
ep 116000       4764s  mean    260193  max   557132  V    209904  |d|     400    246k mv/s  1024  99.8  2048  99.0  4096  97.0  8192  91.7  16k  65.5  32k   0.1
checkpoint -> runs/r8_wide.bin (ep 116922)
ep 118000       4847s  mean    267148  max   509412  V    209453  |d|     398    246k mv/s  1024  99.9  2048  99.5  4096  97.3  8192  92.0  16k  69.3  32k   0.1
ep 120000       4928s  mean    264968  max   478912  V    209945  |d|     395    246k mv/s  1024  99.8  2048  99.4  4096  98.0  8192  93.0  16k  67.0  32k   0.0
ep 122000       5012s  mean    262982  max   490212  V    209940  |d|     396    246k mv/s  1024  99.5  2048  98.8  4096  96.8  8192  91.5  16k  67.8  32k   0.1
ep 124000       5095s  mean    261654  max   387320  V    209900  |d|     399    246k mv/s  1024  99.8  2048  99.2  4096  97.3  8192  92.2  16k  65.8  32k   0.0
ep 126000       5178s  mean    265747  max   529556  V    209383  |d|     400    246k mv/s  1024  99.8  2048  99.1  4096  96.8  8192  92.0  16k  67.8  32k   0.1
ep 128000       5261s  mean    261940  max   387064  V    210277  |d|     398    246k mv/s  1024  99.8  2048  99.2  4096  97.6  8192  92.2  16k  67.2  32k   0.0
ep 130000       5345s  mean    263746  max   513476  V    209962  |d|     400    246k mv/s  1024 100.0  2048  99.8  4096  97.8  8192  92.4  16k  67.5  32k   0.1
ep 132000       5428s  mean    265043  max   533312  V    209846  |d|     397    246k mv/s  1024  99.9  2048  99.2  4096  97.5  8192  92.5  16k  67.7  32k   0.2
ep 134000       5511s  mean    262617  max   486740  V    210179  |d|     398    246k mv/s  1024  99.8  2048  99.2  4096  97.6  8192  92.4  16k  66.0  32k   0.1
ep 136000       5593s  mean    264827  max   533264  V    210027  |d|     400    246k mv/s  1024  99.9  2048  99.3  4096  97.5  8192  92.7  16k  67.2  32k   0.1
ep 138000       5675s  mean    265010  max   387256  V    209675  |d|     399    246k mv/s  1024  99.6  2048  98.6  4096  96.8  8192  91.8  16k  67.9  32k   0.0
ep 140000       5757s  mean    263476  max   504036  V    209807  |d|     399    246k mv/s  1024  99.8  2048  99.0  4096  97.0  8192  92.0  16k  67.3  32k   0.1
ep 142000       5839s  mean    262306  max   531132  V    210230  |d|     400    246k mv/s  1024  99.8  2048  99.3  4096  97.2  8192  93.1  16k  65.7  32k   0.1
ep 144000       5921s  mean    261762  max   534200  V    210342  |d|     397    246k mv/s  1024  99.5  2048  99.1  4096  97.3  8192  92.3  16k  65.8  32k   0.1
checkpoint -> runs/r8_wide.bin (ep 145960)
ep 146000       6005s  mean    264359  max   387420  V    210512  |d|     396    246k mv/s  1024  99.8  2048  99.0  4096  97.8  8192  92.8  16k  67.7  32k   0.0
ep 148000       6088s  mean    261409  max   544172  V    210246  |d|     398    246k mv/s  1024 100.0  2048  99.2  4096  97.2  8192  90.7  16k  66.1  32k   0.1
ep 150000       6170s  mean    264775  max   387244  V    210446  |d|     396    246k mv/s  1024  99.8  2048  99.5  4096  97.5  8192  92.8  16k  66.8  32k   0.0
ep 152000       6251s  mean    263836  max   567648  V    209884  |d|     398    246k mv/s  1024  99.6  2048  99.1  4096  96.9  8192  91.5  16k  66.8  32k   0.1
ep 154000       6333s  mean    263884  max   571016  V    210195  |d|     397    246k mv/s  1024  99.8  2048  99.2  4096  97.1  8192  92.0  16k  66.8  32k   0.1
ep 156000       6414s  mean    263728  max   451940  V    210795  |d|     394    246k mv/s  1024 100.0  2048  99.7  4096  98.1  8192  93.2  16k  66.8  32k   0.0
ep 158000       6496s  mean    263867  max   413864  V    210474  |d|     396    246k mv/s  1024  99.8  2048  99.5  4096  97.5  8192  92.2  16k  67.1  32k   0.0
ep 160000       6577s  mean    261483  max   388688  V    210999  |d|     396    246k mv/s  1024  99.8  2048  99.2  4096  97.1  8192  92.6  16k  66.2  32k   0.0
ep 162000       6661s  mean    264493  max   387352  V    210424  |d|     395    246k mv/s  1024  99.8  2048  99.2  4096  96.7  8192  92.1  16k  68.2  32k   0.0
ep 164000       6745s  mean    262238  max   524924  V    210796  |d|     397    246k mv/s  1024  99.8  2048  99.4  4096  97.8  8192  92.7  16k  65.6  32k   0.1
ep 166000       6828s  mean    264148  max   488644  V    210393  |d|     395    246k mv/s  1024  99.7  2048  99.2  4096  97.2  8192  91.4  16k  67.8  32k   0.1
ep 168000       6911s  mean    267169  max   387340  V    210853  |d|     392    246k mv/s  1024  99.8  2048  99.3  4096  97.9  8192  93.3  16k  68.8  32k   0.0
ep 170000       6995s  mean    268722  max   517252  V    210363  |d|     393    246k mv/s  1024  99.9  2048  99.5  4096  97.9  8192  93.2  16k  69.2  32k   0.1
ep 172000       7082s  mean    265943  max   619036  V    210650  |d|     396    246k mv/s  1024  99.8  2048  99.2  4096  97.8  8192  93.2  16k  67.6  32k   0.1
ep 174000       7167s  mean    263018  max   387036  V    210916  |d|     396    246k mv/s  1024  99.8  2048  99.2  4096  97.3  8192  92.1  16k  67.3  32k   0.0
checkpoint -> runs/r8_wide.bin (ep 174854)
ep 176000       7254s  mean    266778  max   560048  V    210383  |d|     399    246k mv/s  1024  99.8  2048  99.3  4096  97.8  8192  92.8  16k  67.8  32k   0.1
ep 178000       7337s  mean    267141  max   453752  V    210349  |d|     399    246k mv/s  1024  99.7  2048  99.3  4096  97.8  8192  92.9  16k  67.8  32k   0.1
ep 180000       7422s  mean    265335  max   511636  V    210819  |d|     396    246k mv/s  1024  99.8  2048  99.2  4096  97.9  8192  93.3  16k  68.0  32k   0.1
ep 182000       7508s  mean    266044  max   405676  V    210709  |d|     395    246k mv/s  1024  99.8  2048  99.3  4096  97.6  8192  92.9  16k  68.0  32k   0.0
ep 184000       7591s  mean    265040  max   387064  V    210736  |d|     397    246k mv/s  1024  99.8  2048  99.2  4096  97.0  8192  92.7  16k  67.3  32k   0.0
ep 186000       7673s  mean    265524  max   564504  V    210843  |d|     396    246k mv/s  1024  99.9  2048  99.5  4096  98.0  8192  93.2  16k  66.7  32k   0.1
ep 188000       7758s  mean    267579  max   471164  V    210650  |d|     396    246k mv/s  1024  99.7  2048  99.0  4096  97.4  8192  92.2  16k  69.1  32k   0.1
ep 190000       7843s  mean    263498  max   484048  V    211115  |d|     393    246k mv/s  1024  99.8  2048  99.3  4096  97.4  8192  91.5  16k  67.0  32k   0.1
ep 192000       7924s  mean    263911  max   386808  V    210961  |d|     397    246k mv/s  1024  99.8  2048  99.3  4096  97.2  8192  92.4  16k  66.4  32k   0.0
ep 194000       8007s  mean    264525  max   467800  V    210748  |d|     399    246k mv/s  1024  99.9  2048  99.1  4096  97.0  8192  92.1  16k  67.2  32k   0.1
ep 196000       8089s  mean    265669  max   389152  V    210892  |d|     398    246k mv/s  1024  99.9  2048  99.1  4096  97.3  8192  93.5  16k  67.5  32k   0.0
ep 198000       8174s  mean    264950  max   523356  V    210878  |d|     397    246k mv/s  1024  99.8  2048  98.8  4096  96.3  8192  91.5  16k  68.0  32k   0.1
ep 200000       8257s  mean    265623  max   600968  V    210772  |d|     396    246k mv/s  1024  99.8  2048  98.9  4096  97.3  8192  92.2  16k  68.0  32k   0.2
ep 202000       8343s  mean    266292  max   513156  V    210842  |d|     396    246k mv/s  1024  99.8  2048  99.2  4096  97.1  8192  91.8  16k  67.9  32k   0.1
checkpoint -> runs/r8_wide.bin (ep 203460)
ep 204000       8427s  mean    265107  max   504736  V    210969  |d|     398    246k mv/s  1024  99.8  2048  99.5  4096  98.2  8192  92.8  16k  67.2  32k   0.1
ep 206000       8511s  mean    268045  max   533544  V    210706  |d|     397    246k mv/s  1024  99.7  2048  99.5  4096  98.2  8192  93.4  16k  68.5  32k   0.1
ep 208000       8597s  mean    266594  max   387976  V    210780  |d|     396    246k mv/s  1024  99.8  2048  99.1  4096  97.2  8192  91.8  16k  68.6  32k   0.0
ep 210000       8679s  mean    269371  max   528452  V    210548  |d|     398    246k mv/s  1024  99.8  2048  99.4  4096  97.8  8192  93.7  16k  69.0  32k   0.1
ep 212000       8760s  mean    264352  max   387200  V    211074  |d|     398    246k mv/s  1024  99.6  2048  99.1  4096  98.0  8192  92.8  16k  66.8  32k   0.0
ep 214000       8846s  mean    264717  max   526176  V    210930  |d|     395    246k mv/s  1024  99.8  2048  99.2  4096  96.5  8192  91.5  16k  66.9  32k   0.1
ep 216000       8931s  mean    264198  max   551732  V    211526  |d|     394    245k mv/s  1024  99.8  2048  99.3  4096  97.7  8192  92.4  16k  67.2  32k   0.1
ep 218000       9017s  mean    264218  max   386960  V    211559  |d|     395    245k mv/s  1024  99.9  2048  99.3  4096  97.4  8192  93.0  16k  66.9  32k   0.0
ep 220000       9104s  mean    264737  max   528468  V    211454  |d|     395    245k mv/s  1024  99.8  2048  99.3  4096  97.3  8192  92.8  16k  67.0  32k   0.1
ep 222000       9191s  mean    263832  max   545052  V    211522  |d|     394    245k mv/s  1024  99.8  2048  99.0  4096  97.2  8192  91.7  16k  66.8  32k   0.1
ep 224000       9277s  mean    264162  max   522324  V    211365  |d|     398    245k mv/s  1024  99.8  2048  99.3  4096  97.8  8192  92.8  16k  66.5  32k   0.1
ep 226000       9363s  mean    264559  max   527200  V    211326  |d|     398    245k mv/s  1024  99.8  2048  99.2  4096  97.7  8192  92.3  16k  67.3  32k   0.1
ep 228000       9450s  mean    265336  max   483744  V    211427  |d|     395    245k mv/s  1024  99.8  2048  99.2  4096  97.5  8192  92.6  16k  67.2  32k   0.1
ep 230000       9537s  mean    265020  max   387424  V    211365  |d|     396    245k mv/s  1024  99.5  2048  98.7  4096  97.1  8192  92.5  16k  68.5  32k   0.0
checkpoint -> runs/r8_wide.bin (ep 231590)
ep 232000       9625s  mean    269446  max   565912  V    211345  |d|     396    245k mv/s  1024  99.7  2048  99.4  4096  97.7  8192  93.3  16k  69.7  32k   0.1
ep 234000       9711s  mean    265410  max   530104  V    211669  |d|     399    245k mv/s  1024  99.8  2048  99.3  4096  97.5  8192  93.2  16k  67.7  32k   0.1
ep 236000       9796s  mean    265443  max   456056  V    211261  |d|     398    245k mv/s  1024  99.8  2048  99.5  4096  97.3  8192  92.7  16k  68.3  32k   0.0
ep 238000       9883s  mean    272768  max   387176  V    210617  |d|     395    245k mv/s  1024  99.6  2048  99.1  4096  97.2  8192  93.3  16k  71.0  32k   0.0
ep 240000       9967s  mean    268852  max   387384  V    211054  |d|     400    245k mv/s  1024  99.7  2048  99.2  4096  97.8  8192  93.8  16k  68.7  32k   0.0
ep 242000      10053s  mean    265444  max   410432  V    211334  |d|     397    245k mv/s  1024  99.6  2048  99.0  4096  97.2  8192  92.2  16k  67.8  32k   0.0
ep 244000      10138s  mean    269621  max   404372  V    211283  |d|     395    245k mv/s  1024  99.8  2048  99.5  4096  97.5  8192  93.2  16k  69.8  32k   0.0
ep 246000      10222s  mean    271481  max   532544  V    210503  |d|     401    245k mv/s  1024  99.8  2048  99.2  4096  97.5  8192  92.2  16k  70.0  32k   0.1
ep 248000      10305s  mean    262241  max   530596  V    212162  |d|     395    245k mv/s  1024  99.8  2048  99.3  4096  97.2  8192  92.1  16k  66.5  32k   0.1
ep 250000      10387s  mean    266224  max   415160  V    211692  |d|     393    245k mv/s  1024  99.8  2048  99.2  4096  96.8  8192  92.2  16k  68.7  32k   0.0
ep 252000      10469s  mean    263554  max   577080  V    211586  |d|     395    245k mv/s  1024  99.9  2048  99.1  4096  97.0  8192  91.0  16k  66.8  32k   0.1
ep 254000      10553s  mean    267105  max   557184  V    211845  |d|     394    245k mv/s  1024  99.8  2048  99.2  4096  97.5  8192  92.8  16k  68.2  32k   0.2
ep 256000      10636s  mean    266744  max   532416  V    211777  |d|     396    245k mv/s  1024  99.8  2048  99.2  4096  97.8  8192  92.5  16k  68.5  32k   0.1
ep 258000      10719s  mean    265657  max   387164  V    211757  |d|     397    245k mv/s  1024  99.7  2048  99.3  4096  98.1  8192  93.3  16k  66.8  32k   0.0
ep 260000      10801s  mean    265997  max   507852  V    211743  |d|     395    245k mv/s  1024  99.6  2048  99.3  4096  97.5  8192  91.8  16k  68.3  32k   0.1
checkpoint -> runs/r8_wide.bin (ep 260165)
ep 262000      10883s  mean    263767  max   523748  V    211939  |d|     395    245k mv/s  1024  99.7  2048  99.3  4096  97.3  8192  92.1  16k  66.8  32k   0.1
ep 264000      10967s  mean    267748  max   387300  V    211594  |d|     398    245k mv/s  1024  99.8  2048  99.3  4096  97.5  8192  92.6  16k  69.1  32k   0.0
ep 266000      11050s  mean    267963  max   387064  V    211736  |d|     394    245k mv/s  1024  99.5  2048  99.0  4096  97.3  8192  93.0  16k  68.7  32k   0.0
ep 268000      11133s  mean    264530  max   392124  V    211791  |d|     395    245k mv/s  1024  99.8  2048  99.1  4096  97.0  8192  91.3  16k  67.5  32k   0.0
ep 270000      11217s  mean    268598  max   523444  V    211892  |d|     393    245k mv/s  1024  99.9  2048  99.7  4096  97.8  8192  93.0  16k  69.3  32k   0.1
ep 272000      11299s  mean    268549  max   513708  V    211689  |d|     397    245k mv/s  1024  99.8  2048  99.5  4096  97.5  8192  92.3  16k  69.3  32k   0.1
ep 274000      11384s  mean    268011  max   405136  V    212082  |d|     394    245k mv/s  1024  99.8  2048  99.3  4096  97.3  8192  92.2  16k  69.8  32k   0.0
ep 276000      11467s  mean    265746  max   522700  V    212179  |d|     395    245k mv/s  1024  99.8  2048  99.2  4096  97.8  8192  92.7  16k  68.5  32k   0.1
ep 278000      11550s  mean    266807  max   575524  V    212355  |d|     395    245k mv/s  1024  99.8  2048  99.5  4096  97.8  8192  93.9  16k  67.5  32k   0.1
ep 280000      11633s  mean    264782  max   387252  V    212236  |d|     396    245k mv/s  1024  99.7  2048  99.3  4096  97.8  8192  92.8  16k  67.0  32k   0.0
ep 282000      11717s  mean    267226  max   546500  V    211816  |d|     399    245k mv/s  1024  99.8  2048  99.3  4096  97.5  8192  92.7  16k  68.0  32k   0.1
ep 284000      11798s  mean    265937  max   517720  V    212183  |d|     397    245k mv/s  1024  99.8  2048  99.0  4096  97.5  8192  93.0  16k  67.8  32k   0.1
ep 286000      11882s  mean    266118  max   586332  V    211945  |d|     399    245k mv/s  1024  99.8  2048  99.5  4096  97.5  8192  92.0  16k  67.7  32k   0.1
ep 288000      11965s  mean    265681  max   562048  V    212365  |d|     394    245k mv/s  1024  99.8  2048  99.4  4096  97.7  8192  92.0  16k  67.8  32k   0.1
checkpoint -> runs/r8_wide.bin (ep 288999)
ep 290000      12049s  mean    267482  max   533044  V    212167  |d|     395    245k mv/s  1024  99.7  2048  99.2  4096  97.5  8192  93.2  16k  69.0  32k   0.1
ep 292000      12132s  mean    265597  max   576028  V    212249  |d|     398    245k mv/s  1024  99.7  2048  99.2  4096  97.2  8192  92.8  16k  67.8  32k   0.1
ep 294000      12215s  mean    264303  max   529592  V    212373  |d|     397    245k mv/s  1024  99.8  2048  99.0  4096  97.0  8192  92.0  16k  67.3  32k   0.1
ep 296000      12296s  mean    264528  max   529132  V    212069  |d|     400    245k mv/s  1024  99.8  2048  99.2  4096  97.3  8192  91.7  16k  67.1  32k   0.1
ep 298000      12380s  mean    268318  max   387416  V    212270  |d|     395    245k mv/s  1024  99.9  2048  99.2  4096  97.8  8192  93.0  16k  68.8  32k   0.0
ep 300000      12463s  mean    265065  max   386520  V    212750  |d|     391    245k mv/s  1024 100.0  2048  99.2  4096  97.5  8192  92.8  16k  67.4  32k   0.0
ep 302000      12546s  mean    268925  max   489664  V    212429  |d|     393    245k mv/s  1024  99.8  2048  99.4  4096  97.7  8192  93.3  16k  69.7  32k   0.1
ep 304000      12628s  mean    265537  max   492828  V    212303  |d|     398    245k mv/s  1024  99.5  2048  99.2  4096  97.7  8192  93.0  16k  67.8  32k   0.1
ep 306000      12710s  mean    266122  max   387364  V    212510  |d|     395    245k mv/s  1024  99.8  2048  99.2  4096  97.3  8192  92.4  16k  68.2  32k   0.0
ep 308000      12792s  mean    267448  max   506612  V    212180  |d|     397    245k mv/s  1024  99.8  2048  99.2  4096  97.2  8192  92.1  16k  68.8  32k   0.1
ep 310000      12875s  mean    267803  max   402168  V    212473  |d|     394    245k mv/s  1024  99.7  2048  98.9  4096  97.2  8192  92.8  16k  69.0  32k   0.0
ep 312000      12958s  mean    268968  max   387048  V    212532  |d|     391    245k mv/s  1024  99.8  2048  99.1  4096  97.5  8192  93.3  16k  69.3  32k   0.0
ep 314000      13041s  mean    266973  max   565460  V    212473  |d|     398    245k mv/s  1024  99.9  2048  99.4  4096  97.6  8192  92.7  16k  68.8  32k   0.2
ep 316000      13125s  mean    269376  max   553248  V    212629  |d|     395    245k mv/s  1024 100.0  2048  99.6  4096  98.0  8192  93.2  16k  70.2  32k   0.1
ep 318000      13207s  mean    267444  max   531592  V    212477  |d|     395    245k mv/s  1024  99.8  2048  99.3  4096  97.7  8192  92.5  16k  69.2  32k   0.1
checkpoint -> runs/r8_wide.bin (ep 318047)
ep 320000      13290s  mean    267486  max   485296  V    212653  |d|     396    245k mv/s  1024 100.0  2048  99.5  4096  97.8  8192  92.5  16k  68.7  32k   0.1
ep 322000      13372s  mean    263615  max   583536  V    212762  |d|     400    245k mv/s  1024  99.7  2048  99.3  4096  97.7  8192  92.5  16k  66.8  32k   0.1
ep 324000      13454s  mean    264000  max   513516  V    212943  |d|     393    245k mv/s  1024  99.8  2048  99.2  4096  97.6  8192  92.5  16k  67.0  32k   0.1
ep 326000      13536s  mean    266279  max   387116  V    213110  |d|     395    245k mv/s  1024  99.8  2048  99.2  4096  97.5  8192  93.5  16k  68.8  32k   0.0
ep 328000      13618s  mean    264518  max   387284  V    212953  |d|     397    245k mv/s  1024  99.8  2048  99.3  4096  97.9  8192  92.4  16k  67.3  32k   0.0
ep 330000      13701s  mean    269687  max   533092  V    212589  |d|     397    245k mv/s  1024  99.8  2048  99.3  4096  98.0  8192  93.2  16k  69.3  32k   0.2
ep 332000      13784s  mean    270685  max   496804  V    212628  |d|     395    246k mv/s  1024  99.8  2048  99.4  4096  98.2  8192  93.4  16k  70.5  32k   0.1
ep 334000      13868s  mean    268434  max   566124  V    213200  |d|     394    246k mv/s  1024  99.9  2048  99.5  4096  97.9  8192  93.8  16k  69.2  32k   0.1
ep 336000      13951s  mean    267884  max   388260  V    212559  |d|     397    246k mv/s  1024  99.8  2048  99.3  4096  97.5  8192  92.2  16k  69.3  32k   0.0
ep 338000      14033s  mean    265210  max   497424  V    212925  |d|     397    246k mv/s  1024  99.8  2048  99.0  4096  97.0  8192  92.0  16k  67.5  32k   0.1
ep 340000      14116s  mean    269036  max   388016  V    212422  |d|     396    246k mv/s  1024  99.8  2048  99.3  4096  97.8  8192  93.0  16k  68.8  32k   0.0
ep 342000      14197s  mean    265123  max   530828  V    213164  |d|     397    246k mv/s  1024  99.8  2048  99.3  4096  97.8  8192  92.0  16k  67.8  32k   0.1
ep 344000      14280s  mean    268905  max   386968  V    212563  |d|     398    246k mv/s  1024  99.9  2048  99.3  4096  97.6  8192  93.0  16k  69.4  32k   0.0
ep 346000      14363s  mean    265947  max   490620  V    213205  |d|     396    246k mv/s  1024  99.7  2048  99.2  4096  97.0  8192  92.8  16k  68.0  32k   0.1
saving final checkpoint -> runs/r8_wide.bin
done: 346933 episodes, 3538074545 moves, 14407.6 s
