loading runs/final.bin ...
resumed 1 stage(s)
patterns=16  weights/stage=268435456  stages=1  memory=3.00 GiB  threads=7  alpha=0.100  TC=on
ep 2000           87s  mean    268362  max   529544  V    212418  |d|     394    238k mv/s  1024  99.8  2048  99.4  4096  97.3  8192  92.8  16k  68.9  32k   0.1
ep 4000          173s  mean    265695  max   533816  V    212805  |d|     395    238k mv/s  1024  99.8  2048  99.4  4096  97.6  8192  92.8  16k  67.8  32k   0.1
ep 6000          261s  mean    268296  max   574368  V    212647  |d|     393    237k mv/s  1024  99.9  2048  99.5  4096  98.1  8192  93.1  16k  68.9  32k   0.1
ep 8000          346s  mean    266744  max   405868  V    212566  |d|     394    238k mv/s  1024  99.8  2048  99.2  4096  97.3  8192  92.8  16k  68.0  32k   0.0
ep 10000         434s  mean    267789  max   497948  V    212375  |d|     399    238k mv/s  1024  99.7  2048  99.0  4096  97.1  8192  92.5  16k  68.5  32k   0.1
ep 12000         520s  mean    268001  max   500888  V    212579  |d|     394    238k mv/s  1024  99.8  2048  99.3  4096  97.3  8192  92.0  16k  69.2  32k   0.1
ep 14000         605s  mean    265601  max   529940  V    212851  |d|     398    239k mv/s  1024  99.8  2048  99.2  4096  97.5  8192  92.8  16k  67.5  32k   0.1
ep 16000         691s  mean    270968  max   529344  V    212592  |d|     395    239k mv/s  1024  99.9  2048  99.7  4096  98.1  8192  93.8  16k  70.1  32k   0.1
ep 18000         777s  mean    268482  max   426288  V    212179  |d|     400    239k mv/s  1024 100.0  2048  99.3  4096  97.3  8192  92.8  16k  69.2  32k   0.0
ep 20000         861s  mean    265429  max   387072  V    213000  |d|     399    240k mv/s  1024  99.8  2048  99.3  4096  97.3  8192  92.7  16k  68.2  32k   0.0
ep 22000         943s  mean    263178  max   470872  V    213427  |d|     394    240k mv/s  1024 100.0  2048  99.4  4096  97.3  8192  92.2  16k  66.4  32k   0.1
ep 24000        1026s  mean    267131  max   387012  V    212867  |d|     395    241k mv/s  1024  99.8  2048  99.1  4096  97.1  8192  92.2  16k  69.2  32k   0.0
ep 26000        1109s  mean    266416  max   386848  V    213190  |d|     393    241k mv/s  1024  99.8  2048  99.1  4096  96.9  8192  92.0  16k  69.4  32k   0.0
ep 28000        1193s  mean    269097  max   388912  V    212538  |d|     398    242k mv/s  1024  99.5  2048  99.2  4096  97.3  8192  93.6  16k  69.0  32k   0.0
checkpoint -> runs/r9_ctl.bin (ep 28182)
ep 30000        1277s  mean    270826  max   555704  V    212754  |d|     399    242k mv/s  1024  99.8  2048  99.5  4096  98.3  8192  93.8  16k  70.0  32k   0.1
ep 32000        1363s  mean    268888  max   585160  V    212636  |d|     397    242k mv/s  1024  99.8  2048  99.5  4096  97.8  8192  92.8  16k  68.8  32k   0.1
ep 34000        1448s  mean    271466  max   488248  V    212960  |d|     391    242k mv/s  1024  99.8  2048  99.5  4096  97.9  8192  93.3  16k  70.7  32k   0.1
ep 36000        1532s  mean    268721  max   533872  V    213055  |d|     397    243k mv/s  1024  99.8  2048  99.5  4096  97.5  8192  93.3  16k  69.3  32k   0.1
ep 38000        1616s  mean    267650  max   463168  V    213246  |d|     392    243k mv/s  1024  99.9  2048  99.4  4096  97.3  8192  92.5  16k  68.7  32k   0.1
ep 40000        1699s  mean    269176  max   564740  V    213063  |d|     395    243k mv/s  1024  99.8  2048  99.3  4096  97.8  8192  92.7  16k  70.3  32k   0.1
ep 42000        1781s  mean    267115  max   522256  V    213500  |d|     392    243k mv/s  1024  99.9  2048  99.5  4096  97.9  8192  93.0  16k  68.5  32k   0.1
ep 44000        1864s  mean    265181  max   387308  V    213551  |d|     395    244k mv/s  1024  99.9  2048  99.3  4096  97.5  8192  92.4  16k  67.3  32k   0.0
ep 46000        1945s  mean    264482  max   529148  V    213178  |d|     396    244k mv/s  1024  99.7  2048  99.2  4096  97.0  8192  91.9  16k  66.8  32k   0.1
ep 48000        2028s  mean    269532  max   479228  V    212994  |d|     394    244k mv/s  1024  99.8  2048  99.2  4096  97.5  8192  93.1  16k  69.7  32k   0.1
ep 50000        2113s  mean    268677  max   388312  V    213551  |d|     391    244k mv/s  1024 100.0  2048  99.7  4096  98.0  8192  92.9  16k  69.8  32k   0.0
ep 52000        2201s  mean    268056  max   521764  V    213055  |d|     399    244k mv/s  1024  99.9  2048  99.5  4096  98.0  8192  92.5  16k  68.8  32k   0.2
ep 54000        2289s  mean    266256  max   471404  V    213455  |d|     395    243k mv/s  1024 100.0  2048  99.5  4096  97.2  8192  92.3  16k  67.8  32k   0.1
ep 56000        2376s  mean    267185  max   509192  V    213509  |d|     394    243k mv/s  1024  99.9  2048  99.4  4096  97.8  8192  92.7  16k  68.5  32k   0.2
checkpoint -> runs/r9_ctl.bin (ep 56546)
ep 58000        2464s  mean    268650  max   388692  V    213173  |d|     395    243k mv/s  1024  99.5  2048  99.1  4096  97.4  8192  93.0  16k  69.1  32k   0.0
ep 60000        2550s  mean    266775  max   469852  V    213311  |d|     395    243k mv/s  1024  99.7  2048  99.2  4096  97.7  8192  92.5  16k  68.6  32k   0.0
ep 62000        2639s  mean    266772  max   524548  V    213567  |d|     394    242k mv/s  1024  99.8  2048  99.2  4096  97.3  8192  92.7  16k  68.2  32k   0.1
ep 64000        2725s  mean    269315  max   387152  V    212942  |d|     398    242k mv/s  1024  99.8  2048  99.3  4096  97.6  8192  93.3  16k  69.5  32k   0.0
ep 66000        2808s  mean    267508  max   533208  V    213579  |d|     398    242k mv/s  1024 100.0  2048  99.4  4096  98.1  8192  93.8  16k  68.8  32k   0.1
ep 68000        2891s  mean    267763  max   531268  V    213439  |d|     397    243k mv/s  1024  99.8  2048  99.5  4096  97.8  8192  93.5  16k  67.2  32k   0.1
ep 70000        2978s  mean    267676  max   519016  V    213393  |d|     403    242k mv/s  1024  99.8  2048  99.3  4096  97.8  8192  92.8  16k  68.4  32k   0.2
ep 72000        3062s  mean    267415  max   392908  V    213231  |d|     398    243k mv/s  1024  99.7  2048  99.1  4096  97.5  8192  92.5  16k  68.2  32k   0.0
ep 74000        3148s  mean    270905  max   531364  V    212975  |d|     399    243k mv/s  1024  99.9  2048  99.5  4096  97.8  8192  92.7  16k  69.7  32k   0.1
ep 76000        3231s  mean    268230  max   478652  V    213785  |d|     394    243k mv/s  1024  99.6  2048  99.0  4096  97.0  8192  92.5  16k  70.0  32k   0.1
ep 78000        3314s  mean    264455  max   533712  V    213968  |d|     394    243k mv/s  1024  99.7  2048  99.4  4096  98.0  8192  92.6  16k  66.5  32k   0.1
ep 80000        3401s  mean    267531  max   553280  V    213777  |d|     395    243k mv/s  1024 100.0  2048  99.5  4096  97.8  8192  92.8  16k  69.0  32k   0.1
ep 82000        3489s  mean    266423  max   388012  V    213953  |d|     395    242k mv/s  1024  99.7  2048  99.0  4096  97.4  8192  92.1  16k  68.8  32k   0.0
ep 84000        3577s  mean    268236  max   535464  V    213680  |d|     395    242k mv/s  1024  99.8  2048  99.3  4096  98.0  8192  93.0  16k  68.8  32k   0.1
checkpoint -> runs/r9_ctl.bin (ep 84559)
ep 86000        3664s  mean    269222  max   387228  V    213565  |d|     400    242k mv/s  1024  99.7  2048  99.3  4096  98.2  8192  93.8  16k  68.8  32k   0.0
ep 88000        3751s  mean    268897  max   519484  V    213724  |d|     397    242k mv/s  1024 100.0  2048  99.4  4096  97.6  8192  93.5  16k  69.8  32k   0.1
ep 90000        3838s  mean    266323  max   387296  V    213933  |d|     395    242k mv/s  1024  99.8  2048  99.2  4096  97.6  8192  92.8  16k  68.0  32k   0.0
ep 92000        3925s  mean    270701  max   428104  V    213641  |d|     396    242k mv/s  1024  99.9  2048  99.5  4096  98.0  8192  93.8  16k  70.0  32k   0.0
ep 94000        4010s  mean    268500  max   506344  V    213721  |d|     399    242k mv/s  1024  99.9  2048  99.2  4096  97.8  8192  92.8  16k  68.8  32k   0.1
ep 96000        4098s  mean    269930  max   387240  V    213350  |d|     399    242k mv/s  1024 100.0  2048  99.3  4096  97.8  8192  93.5  16k  69.3  32k   0.0
ep 98000        4185s  mean    271740  max   509768  V    213304  |d|     395    242k mv/s  1024  99.9  2048  99.2  4096  97.4  8192  92.8  16k  71.0  32k   0.1
ep 100000       4270s  mean    266002  max   513132  V    214435  |d|     393    242k mv/s  1024 100.0  2048  99.5  4096  97.8  8192  92.8  16k  67.6  32k   0.1
ep 102000       4358s  mean    271250  max   392012  V    213740  |d|     396    242k mv/s  1024  99.8  2048  99.5  4096  98.0  8192  93.8  16k  70.5  32k   0.0
ep 104000       4445s  mean    266981  max   530928  V    214027  |d|     395    242k mv/s  1024  99.8  2048  99.2  4096  97.1  8192  92.0  16k  69.0  32k   0.1
ep 106000       4531s  mean    268203  max   504884  V    213958  |d|     395    241k mv/s  1024  99.8  2048  99.1  4096  97.2  8192  92.0  16k  70.0  32k   0.1
ep 108000       4618s  mean    268390  max   402408  V    213955  |d|     395    241k mv/s  1024  99.7  2048  99.1  4096  97.7  8192  92.7  16k  69.2  32k   0.0
ep 110000       4706s  mean    266869  max   531252  V    213830  |d|     398    241k mv/s  1024  99.7  2048  99.0  4096  97.1  8192  92.0  16k  68.9  32k   0.1
ep 112000       4792s  mean    267097  max   492748  V    213829  |d|     399    241k mv/s  1024  99.7  2048  99.2  4096  97.5  8192  92.4  16k  68.2  32k   0.1
checkpoint -> runs/r9_ctl.bin (ep 112219)
ep 114000       4880s  mean    270820  max   532116  V    213683  |d|     399    241k mv/s  1024  99.9  2048  99.4  4096  98.2  8192  93.5  16k  68.8  32k   0.1
ep 116000       4970s  mean    273046  max   386940  V    213696  |d|     394    241k mv/s  1024  99.8  2048  99.7  4096  98.1  8192  93.8  16k  70.7  32k   0.0
ep 118000       5058s  mean    270560  max   534876  V    214000  |d|     394    241k mv/s  1024 100.0  2048  99.5  4096  98.0  8192  93.8  16k  69.2  32k   0.1
ep 120000       5146s  mean    272044  max   533020  V    213880  |d|     395    241k mv/s  1024  99.8  2048  99.5  4096  98.2  8192  93.0  16k  70.9  32k   0.2
ep 122000       5232s  mean    268334  max   468752  V    214151  |d|     394    241k mv/s  1024  99.8  2048  99.5  4096  97.8  8192  93.0  16k  69.0  32k   0.1
ep 124000       5318s  mean    266662  max   533496  V    214132  |d|     398    241k mv/s  1024  99.8  2048  99.3  4096  97.4  8192  92.2  16k  68.7  32k   0.1
ep 126000       5403s  mean    269861  max   546516  V    214072  |d|     396    241k mv/s  1024  99.8  2048  99.3  4096  97.5  8192  92.6  16k  69.8  32k   0.1
ep 128000       5489s  mean    269249  max   499908  V    214068  |d|     395    241k mv/s  1024  99.9  2048  99.5  4096  98.0  8192  92.8  16k  68.5  32k   0.1
ep 130000       5578s  mean    274039  max   553548  V    213439  |d|     398    241k mv/s  1024  99.8  2048  99.6  4096  97.5  8192  93.5  16k  71.5  32k   0.1
ep 132000       5662s  mean    269472  max   532784  V    214238  |d|     395    241k mv/s  1024  99.8  2048  99.4  4096  97.5  8192  92.8  16k  69.4  32k   0.1
ep 134000       5749s  mean    269792  max   507948  V    214019  |d|     397    241k mv/s  1024  99.9  2048  99.2  4096  97.9  8192  92.5  16k  69.2  32k   0.1
ep 136000       5835s  mean    270437  max   540916  V    213924  |d|     397    241k mv/s  1024 100.0  2048  99.4  4096  97.2  8192  92.9  16k  69.8  32k   0.1
ep 138000       5921s  mean    266535  max   465036  V    214843  |d|     394    241k mv/s  1024  99.8  2048  99.3  4096  97.6  8192  92.8  16k  68.2  32k   0.1
checkpoint -> runs/r9_ctl.bin (ep 139880)
ep 140000       6008s  mean    263491  max   486284  V    214834  |d|     401    241k mv/s  1024  99.9  2048  99.3  4096  97.2  8192  92.5  16k  66.8  32k   0.1
ep 142000       6096s  mean    270157  max   511404  V    214088  |d|     399    241k mv/s  1024  99.8  2048  99.5  4096  97.7  8192  92.7  16k  70.4  32k   0.1
ep 144000       6184s  mean    271778  max   533680  V    213945  |d|     399    241k mv/s  1024  99.8  2048  99.2  4096  97.2  8192  92.7  16k  71.2  32k   0.1
ep 146000       6269s  mean    265752  max   529156  V    214716  |d|     397    241k mv/s  1024  99.8  2048  99.0  4096  97.4  8192  91.9  16k  68.2  32k   0.1
ep 148000       6358s  mean    275081  max   470372  V    213671  |d|     399    241k mv/s  1024  99.8  2048  99.5  4096  98.0  8192  93.2  16k  71.9  32k   0.1
ep 150000       6443s  mean    264716  max   533164  V    214855  |d|     397    241k mv/s  1024  99.7  2048  99.1  4096  97.0  8192  92.5  16k  67.7  32k   0.1
ep 152000       6531s  mean    265927  max   386872  V    214596  |d|     399    241k mv/s  1024  99.9  2048  99.3  4096  97.5  8192  92.4  16k  67.2  32k   0.0
ep 154000       6617s  mean    268338  max   488904  V    214586  |d|     398    241k mv/s  1024  99.8  2048  99.3  4096  97.5  8192  93.2  16k  69.7  32k   0.1
ep 156000       6704s  mean    269749  max   552888  V    214063  |d|     399    241k mv/s  1024  99.9  2048  99.5  4096  97.7  8192  92.8  16k  69.0  32k   0.1
ep 158000       6791s  mean    269721  max   582984  V    214403  |d|     398    241k mv/s  1024 100.0  2048  99.5  4096  98.0  8192  93.0  16k  69.2  32k   0.2
ep 160000       6878s  mean    268641  max   535188  V    214690  |d|     397    240k mv/s  1024  99.7  2048  99.1  4096  97.8  8192  92.8  16k  69.9  32k   0.1
ep 162000       6965s  mean    270633  max   521292  V    214202  |d|     399    240k mv/s  1024  99.8  2048  99.3  4096  97.2  8192  92.8  16k  70.2  32k   0.1
ep 164000       7050s  mean    264677  max   532348  V    214804  |d|     397    240k mv/s  1024  99.8  2048  99.2  4096  96.6  8192  91.5  16k  68.2  32k   0.1
ep 166000       7135s  mean    264308  max   528332  V    215076  |d|     396    240k mv/s  1024  99.9  2048  99.5  4096  97.3  8192  92.2  16k  66.6  32k   0.1
checkpoint -> runs/r9_ctl.bin (ep 167614)
ep 168000       7220s  mean    265794  max   386628  V    214844  |d|     398    240k mv/s  1024  99.9  2048  99.2  4096  97.1  8192  92.1  16k  68.5  32k   0.0
ep 170000       7307s  mean    267716  max   530196  V    214838  |d|     394    240k mv/s  1024  99.9  2048  99.2  4096  97.8  8192  92.2  16k  69.3  32k   0.1
ep 172000       7394s  mean    267908  max   387448  V    214702  |d|     398    240k mv/s  1024  99.9  2048  99.5  4096  97.2  8192  92.5  16k  69.5  32k   0.0
ep 174000       7482s  mean    268946  max   533020  V    214651  |d|     396    240k mv/s  1024  99.8  2048  99.5  4096  97.5  8192  92.8  16k  69.1  32k   0.1
ep 176000       7570s  mean    269943  max   388392  V    214174  |d|     399    240k mv/s  1024  99.8  2048  99.1  4096  97.2  8192  92.4  16k  70.0  32k   0.0
ep 178000       7657s  mean    267040  max   485468  V    215168  |d|     393    240k mv/s  1024  99.8  2048  99.2  4096  97.4  8192  92.4  16k  69.3  32k   0.1
ep 180000       7742s  mean    264707  max   530040  V    215460  |d|     398    240k mv/s  1024  99.8  2048  99.2  4096  97.8  8192  92.7  16k  67.0  32k   0.1
ep 182000       7829s  mean    266169  max   507488  V    214770  |d|     398    240k mv/s  1024  99.8  2048  99.3  4096  97.0  8192  92.1  16k  68.5  32k   0.1
ep 184000       7915s  mean    269769  max   511172  V    214505  |d|     399    240k mv/s  1024  99.8  2048  99.5  4096  97.7  8192  92.7  16k  69.7  32k   0.1
ep 186000       8001s  mean    266760  max   563272  V    214968  |d|     397    240k mv/s  1024  99.8  2048  99.2  4096  97.8  8192  92.8  16k  68.0  32k   0.2
ep 188000       8088s  mean    268677  max   523304  V    214735  |d|     399    240k mv/s  1024  99.8  2048  99.0  4096  97.5  8192  92.5  16k  68.8  32k   0.1
ep 190000       8173s  mean    266247  max   457352  V    215346  |d|     396    240k mv/s  1024  99.9  2048  99.2  4096  97.6  8192  92.8  16k  68.7  32k   0.1
ep 192000       8259s  mean    266577  max   387320  V    214938  |d|     397    240k mv/s  1024  99.8  2048  99.2  4096  97.3  8192  92.0  16k  68.5  32k   0.0
ep 194000       8346s  mean    270389  max   531564  V    214715  |d|     395    240k mv/s  1024  99.7  2048  99.1  4096  97.3  8192  93.0  16k  69.7  32k   0.1
checkpoint -> runs/r9_ctl.bin (ep 195389)
ep 196000       8430s  mean    267658  max   509472  V    215268  |d|     395    240k mv/s  1024  99.8  2048  99.4  4096  98.0  8192  93.0  16k  68.9  32k   0.1
ep 198000       8517s  mean    267645  max   477824  V    215203  |d|     395    240k mv/s  1024  99.9  2048  99.3  4096  97.2  8192  92.3  16k  69.2  32k   0.1
ep 200000       8605s  mean    268882  max   407212  V    214790  |d|     399    240k mv/s  1024  99.8  2048  99.2  4096  97.5  8192  93.3  16k  69.0  32k   0.0
ep 202000       8688s  mean    268189  max   387128  V    214888  |d|     397    240k mv/s  1024  99.8  2048  99.2  4096  97.1  8192  92.5  16k  69.2  32k   0.0
ep 204000       8772s  mean    266898  max   502168  V    215027  |d|     399    240k mv/s  1024  99.5  2048  99.2  4096  97.6  8192  92.5  16k  68.5  32k   0.1
ep 206000       8856s  mean    270210  max   564196  V    214838  |d|     397    240k mv/s  1024  99.8  2048  99.5  4096  97.3  8192  92.8  16k  69.5  32k   0.1
ep 208000       8940s  mean    269469  max   528204  V    214758  |d|     398    240k mv/s  1024  99.8  2048  99.3  4096  98.0  8192  93.1  16k  68.2  32k   0.1
ep 210000       9023s  mean    266381  max   577236  V    215067  |d|     399    240k mv/s  1024  99.8  2048  99.1  4096  97.2  8192  92.0  16k  67.9  32k   0.1
ep 212000       9106s  mean    268825  max   467756  V    214988  |d|     398    241k mv/s  1024  99.8  2048  99.2  4096  97.0  8192  92.4  16k  70.0  32k   0.1
ep 214000       9188s  mean    266431  max   387320  V    215533  |d|     396    241k mv/s  1024  99.8  2048  99.7  4096  98.0  8192  93.0  16k  67.9  32k   0.0
ep 216000       9271s  mean    267361  max   513040  V    215433  |d|     398    241k mv/s  1024 100.0  2048  99.2  4096  97.8  8192  93.1  16k  68.7  32k   0.1
ep 218000       9355s  mean    269057  max   533392  V    215067  |d|     400    241k mv/s  1024  99.8  2048  99.2  4096  97.3  8192  92.3  16k  69.9  32k   0.1
ep 220000       9441s  mean    269987  max   435552  V    214915  |d|     401    241k mv/s  1024  99.8  2048  99.4  4096  97.8  8192  93.7  16k  69.5  32k   0.0
ep 222000       9527s  mean    268573  max   567964  V    215297  |d|     399    241k mv/s  1024 100.0  2048  99.8  4096  98.0  8192  92.5  16k  69.5  32k   0.1
checkpoint -> runs/r9_ctl.bin (ep 223838)
ep 224000       9611s  mean    264988  max   532820  V    215264  |d|     400    241k mv/s  1024  99.6  2048  99.0  4096  96.8  8192  91.2  16k  68.0  32k   0.1
ep 226000       9698s  mean    268369  max   387324  V    215372  |d|     394    241k mv/s  1024  99.9  2048  99.3  4096  97.3  8192  91.8  16k  69.6  32k   0.0
ep 228000       9788s  mean    272500  max   387364  V    214941  |d|     395    241k mv/s  1024  99.7  2048  99.4  4096  97.5  8192  93.4  16k  70.2  32k   0.0
ep 230000       9875s  mean    267035  max   577672  V    215775  |d|     395    241k mv/s  1024  99.8  2048  99.3  4096  97.5  8192  92.3  16k  68.7  32k   0.1
ep 232000       9963s  mean    270783  max   410332  V    215440  |d|     394    241k mv/s  1024  99.8  2048  99.5  4096  97.8  8192  93.8  16k  70.2  32k   0.0
ep 234000      10050s  mean    268096  max   533152  V    215400  |d|     397    241k mv/s  1024  99.9  2048  99.6  4096  98.0  8192  92.0  16k  68.8  32k   0.1
ep 236000      10138s  mean    270658  max   386980  V    215266  |d|     398    241k mv/s  1024  99.8  2048  99.5  4096  97.5  8192  93.4  16k  69.4  32k   0.0
ep 238000      10224s  mean    263985  max   387204  V    216108  |d|     398    241k mv/s  1024  99.8  2048  99.3  4096  97.3  8192  92.6  16k  67.2  32k   0.0
ep 240000      10313s  mean    272332  max   538496  V    215148  |d|     401    240k mv/s  1024  99.9  2048  99.7  4096  98.0  8192  93.7  16k  70.8  32k   0.2
ep 242000      10400s  mean    268670  max   530708  V    215347  |d|     401    240k mv/s  1024  99.8  2048  99.4  4096  97.7  8192  93.0  16k  69.0  32k   0.1
ep 244000      10488s  mean    267712  max   517272  V    215851  |d|     396    240k mv/s  1024  99.8  2048  99.5  4096  98.0  8192  92.5  16k  69.2  32k   0.1
ep 246000      10575s  mean    268131  max   452044  V    215605  |d|     398    240k mv/s  1024  99.8  2048  99.3  4096  97.2  8192  92.7  16k  69.2  32k   0.0
ep 248000      10662s  mean    267928  max   587912  V    215491  |d|     399    240k mv/s  1024  99.9  2048  99.3  4096  97.5  8192  92.5  16k  68.5  32k   0.1
ep 250000      10748s  mean    268342  max   386720  V    215664  |d|     398    240k mv/s  1024  99.8  2048  99.3  4096  97.6  8192  92.8  16k  68.8  32k   0.0
checkpoint -> runs/r9_ctl.bin (ep 251378)
ep 252000      10833s  mean    267835  max   387360  V    215686  |d|     396    240k mv/s  1024  99.8  2048  99.2  4096  97.2  8192  92.6  16k  69.3  32k   0.0
ep 254000      10917s  mean    269257  max   524348  V    215633  |d|     397    240k mv/s  1024  99.8  2048  99.3  4096  97.7  8192  93.2  16k  69.8  32k   0.1
ep 256000      11005s  mean    274699  max   468956  V    214925  |d|     396    240k mv/s  1024  99.7  2048  99.3  4096  97.8  8192  93.1  16k  72.1  32k   0.1
ep 258000      11093s  mean    271515  max   533708  V    215329  |d|     398    240k mv/s  1024  99.9  2048  99.7  4096  97.7  8192  93.7  16k  70.0  32k   0.1
ep 260000      11177s  mean    269480  max   532500  V    215560  |d|     396    240k mv/s  1024  99.8  2048  99.5  4096  97.5  8192  93.0  16k  69.0  32k   0.1
ep 262000      11262s  mean    269268  max   387212  V    215678  |d|     398    240k mv/s  1024  99.8  2048  99.1  4096  97.6  8192  93.1  16k  69.0  32k   0.0
ep 264000      11348s  mean    271553  max   387100  V    215580  |d|     397    241k mv/s  1024  99.8  2048  99.2  4096  97.5  8192  93.8  16k  70.6  32k   0.0
ep 266000      11433s  mean    267817  max   387304  V    215751  |d|     399    241k mv/s  1024  99.8  2048  99.3  4096  97.4  8192  92.0  16k  69.4  32k   0.0
ep 268000      11519s  mean    266832  max   534168  V    216141  |d|     395    241k mv/s  1024  99.8  2048  99.2  4096  97.3  8192  93.0  16k  68.8  32k   0.1
ep 270000      11606s  mean    271241  max   386872  V    215388  |d|     400    241k mv/s  1024  99.9  2048  99.5  4096  98.0  8192  93.1  16k  70.3  32k   0.0
ep 272000      11691s  mean    271488  max   489916  V    215619  |d|     399    241k mv/s  1024  99.8  2048  99.3  4096  97.7  8192  92.8  16k  71.0  32k   0.1
ep 274000      11777s  mean    269082  max   533048  V    215559  |d|     399    241k mv/s  1024  99.8  2048  99.0  4096  97.3  8192  92.5  16k  69.3  32k   0.1
ep 276000      11864s  mean    268593  max   387232  V    215890  |d|     400    241k mv/s  1024  99.8  2048  99.5  4096  97.5  8192  93.3  16k  68.7  32k   0.0
ep 278000      11951s  mean    266546  max   478908  V    216142  |d|     400    241k mv/s  1024  99.7  2048  99.1  4096  97.4  8192  92.5  16k  68.8  32k   0.1
checkpoint -> runs/r9_ctl.bin (ep 279291)
ep 280000      12039s  mean    270646  max   524464  V    215664  |d|     397    240k mv/s  1024  99.8  2048  99.0  4096  97.0  8192  92.3  16k  70.8  32k   0.1
ep 282000      12125s  mean    268992  max   508212  V    216132  |d|     394    240k mv/s  1024 100.0  2048  99.5  4096  98.0  8192  93.1  16k  68.5  32k   0.1
ep 284000      12215s  mean    266743  max   504056  V    215843  |d|     399    240k mv/s  1024  99.8  2048  99.3  4096  97.3  8192  91.9  16k  68.1  32k   0.1
ep 286000      12305s  mean    274440  max   387272  V    215157  |d|     401    240k mv/s  1024  99.8  2048  99.3  4096  97.5  8192  93.5  16k  71.8  32k   0.0
ep 288000      12393s  mean    271001  max   609420  V    215648  |d|     399    240k mv/s  1024 100.0  2048  99.2  4096  97.8  8192  93.7  16k  70.1  32k   0.1
ep 290000      12480s  mean    268315  max   531448  V    216351  |d|     399    240k mv/s  1024  99.8  2048  99.2  4096  97.7  8192  93.4  16k  69.5  32k   0.1
ep 292000      12568s  mean    268232  max   386620  V    216127  |d|     399    240k mv/s  1024  99.9  2048  99.6  4096  97.8  8192  93.0  16k  68.5  32k   0.0
ep 294000      12656s  mean    269730  max   389512  V    215923  |d|     398    240k mv/s  1024  99.8  2048  99.3  4096  97.5  8192  92.8  16k  70.0  32k   0.0
ep 296000      12742s  mean    262852  max   508964  V    216798  |d|     396    240k mv/s  1024 100.0  2048  99.3  4096  97.4  8192  92.2  16k  66.8  32k   0.1
ep 298000      12830s  mean    268680  max   387452  V    216039  |d|     398    240k mv/s  1024  99.7  2048  99.0  4096  97.4  8192  93.0  16k  69.5  32k   0.0
ep 300000      12916s  mean    268010  max   530848  V    216175  |d|     398    240k mv/s  1024  99.8  2048  99.2  4096  97.5  8192  92.8  16k  68.7  32k   0.1
ep 302000      13004s  mean    268642  max   387428  V    216061  |d|     399    240k mv/s  1024  99.7  2048  99.4  4096  97.5  8192  92.7  16k  69.5  32k   0.0
ep 304000      13090s  mean    265583  max   501796  V    216248  |d|     401    240k mv/s  1024 100.0  2048  99.2  4096  97.5  8192  92.5  16k  67.2  32k   0.1
ep 306000      13179s  mean    273452  max   509364  V    215673  |d|     401    240k mv/s  1024  99.7  2048  99.3  4096  98.0  8192  93.7  16k  71.5  32k   0.1
checkpoint -> runs/r9_ctl.bin (ep 306680)
ep 308000      13266s  mean    267901  max   553888  V    216490  |d|     399    240k mv/s  1024  99.8  2048  99.2  4096  97.3  8192  92.7  16k  69.8  32k   0.1
ep 310000      13354s  mean    267927  max   506136  V    216685  |d|     396    240k mv/s  1024  99.5  2048  99.0  4096  97.3  8192  93.2  16k  69.2  32k   0.1
ep 312000      13439s  mean    269145  max   389548  V    216025  |d|     397    240k mv/s  1024  99.8  2048  99.5  4096  97.1  8192  93.2  16k  69.1  32k   0.0
ep 314000      13525s  mean    269357  max   530424  V    216132  |d|     400    240k mv/s  1024  99.8  2048  99.0  4096  97.7  8192  92.2  16k  70.4  32k   0.1
ep 316000      13610s  mean    270990  max   460756  V    215899  |d|     400    240k mv/s  1024  99.8  2048  99.4  4096  97.5  8192  92.1  16k  71.1  32k   0.1
ep 318000      13696s  mean    268234  max   504756  V    216534  |d|     397    240k mv/s  1024  99.7  2048  99.2  4096  97.2  8192  93.0  16k  69.2  32k   0.1
ep 320000      13779s  mean    267213  max   528816  V    216412  |d|     398    240k mv/s  1024  99.8  2048  99.5  4096  97.8  8192  92.2  16k  68.7  32k   0.1
ep 322000      13865s  mean    267806  max   387748  V    216676  |d|     400    240k mv/s  1024  99.8  2048  99.5  4096  98.0  8192  93.2  16k  68.8  32k   0.0
ep 324000      13953s  mean    273366  max   528596  V    215880  |d|     401    240k mv/s  1024  99.8  2048  99.2  4096  97.3  8192  94.1  16k  70.2  32k   0.1
ep 326000      14039s  mean    268183  max   465372  V    216176  |d|     402    240k mv/s  1024  99.8  2048  99.2  4096  97.2  8192  92.0  16k  69.4  32k   0.1
ep 328000      14125s  mean    267893  max   387668  V    216724  |d|     398    240k mv/s  1024  99.8  2048  99.2  4096  97.2  8192  93.2  16k  69.0  32k   0.0
ep 330000      14212s  mean    267783  max   387584  V    216686  |d|     394    240k mv/s  1024  99.6  2048  99.2  4096  97.3  8192  92.8  16k  68.8  32k   0.0
ep 332000      14298s  mean    272043  max   419100  V    216312  |d|     399    240k mv/s  1024  99.8  2048  99.5  4096  98.0  8192  93.6  16k  71.1  32k   0.0
ep 334000      14386s  mean    270765  max   386872  V    216683  |d|     398    240k mv/s  1024  99.8  2048  99.5  4096  98.0  8192  94.1  16k  70.7  32k   0.0
saving final checkpoint -> runs/r9_ctl.bin
done: 334344 episodes, 3457986244 moves, 14407.6 s
