loading runs/final.bin ...
resumed 1 stage(s)
patterns=16  weights/stage=268435456  stages=1  memory=3.00 GiB  threads=7  alpha=0.100  TC=on
restart training: frac=0.50 tile=14 (2^14 = 16384)
ep 2000           67s  mean    264498  max   522040  V    212808  |d|     395    237k mv/s  1024  99.9  2048  99.2  4096  97.3  8192  91.9  16k  67.4  32k   0.2  rst 836/4@32k pool 788
ep 4000          131s  mean    271662  max   407176  V    211815  |d|     395    238k mv/s  1024  99.4  2048  99.1  4096  96.9  8192  91.9  16k  70.9  32k   0.0  rst 1855/8@32k pool 1487
ep 6000          195s  mean    264555  max   513116  V    212623  |d|     393    238k mv/s  1024  99.7  2048  98.7  4096  96.8  8192  91.5  16k  67.1  32k   0.1  rst 2817/14@32k pool 2188
ep 8000          260s  mean    264038  max   529676  V    212865  |d|     399    238k mv/s  1024  99.9  2048  98.9  4096  96.4  8192  92.6  16k  67.4  32k   0.3  rst 3781/22@32k pool 2890
ep 10000         324s  mean    266522  max   470168  V    211909  |d|     399    238k mv/s  1024  99.4  2048  98.6  4096  96.7  8192  90.7  16k  68.6  32k   0.1  rst 4746/29@32k pool 3600
ep 12000         387s  mean    267639  max   439356  V    212547  |d|     395    239k mv/s  1024  99.9  2048  99.0  4096  97.5  8192  92.8  16k  69.4  32k   0.0  rst 5737/34@32k pool 4303
ep 14000         450s  mean    267555  max   387144  V    212426  |d|     394    239k mv/s  1024  99.6  2048  99.4  4096  98.0  8192  93.8  16k  68.2  32k   0.0  rst 6723/37@32k pool 4993
ep 16000         515s  mean    272326  max   386636  V    211841  |d|     394    239k mv/s  1024  99.7  2048  99.3  4096  98.0  8192  92.9  16k  70.6  32k   0.0  rst 7718/39@32k pool 5704
ep 18000         575s  mean    262447  max   386868  V    213285  |d|     391    240k mv/s  1024  99.8  2048  99.1  4096  96.9  8192  92.1  16k  66.7  32k   0.0  rst 8751/41@32k pool 6349
ep 20000         638s  mean    266567  max   528172  V    212903  |d|     393    240k mv/s  1024  99.9  2048  99.6  4096  98.0  8192  93.6  16k  68.0  32k   0.1  rst 9740/42@32k pool 7038
ep 22000         700s  mean    267564  max   499132  V    212507  |d|     393    241k mv/s  1024  99.7  2048  99.2  4096  97.9  8192  93.6  16k  68.2  32k   0.1  rst 10729/49@32k pool 7733
ep 24000         762s  mean    261478  max   483740  V    213333  |d|     393    241k mv/s  1024  99.8  2048  99.6  4096  98.1  8192  92.1  16k  66.4  32k   0.1  rst 11739/54@32k pool 8392
ep 26000         824s  mean    266084  max   550888  V    212393  |d|     394    241k mv/s  1024  99.5  2048  98.9  4096  97.6  8192  92.1  16k  68.3  32k   0.2  rst 12751/59@32k pool 9067
ep 28000         884s  mean    261865  max   386684  V    213038  |d|     396    241k mv/s  1024  99.8  2048  99.7  4096  98.0  8192  92.6  16k  67.0  32k   0.0  rst 13762/61@32k pool 9731
ep 30000         944s  mean    267953  max   531496  V    212096  |d|     397    242k mv/s  1024 100.0  2048  99.8  4096  98.2  8192  92.2  16k  69.1  32k   0.2  rst 14784/67@32k pool 10410
ep 32000        1005s  mean    265584  max   435760  V    212626  |d|     396    242k mv/s  1024  99.7  2048  99.4  4096  97.7  8192  92.9  16k  68.1  32k   0.0  rst 15760/71@32k pool 11107
ep 34000        1065s  mean    262328  max   504192  V    212374  |d|     401    243k mv/s  1024  99.7  2048  98.9  4096  97.2  8192  92.1  16k  66.1  32k   0.1  rst 16768/77@32k pool 11764
ep 36000        1126s  mean    263785  max   386940  V    212536  |d|     393    243k mv/s  1024  99.6  2048  98.8  4096  96.7  8192  91.8  16k  67.3  32k   0.0  rst 17733/80@32k pool 12466
ep 38000        1188s  mean    268371  max   387956  V    211738  |d|     393    243k mv/s  1024  99.9  2048  99.0  4096  97.3  8192  91.8  16k  69.2  32k   0.0  rst 18738/83@32k pool 13156
checkpoint -> runs/r9_rst.bin (ep 38410)
ep 40000        1247s  mean    264563  max   477832  V    212329  |d|     393    244k mv/s  1024  99.9  2048  99.5  4096  96.5  8192  91.4  16k  67.2  32k   0.1  rst 19807/88@32k pool 13783
ep 42000        1310s  mean    262700  max   565420  V    213112  |d|     395    243k mv/s  1024  99.7  2048  99.7  4096  97.9  8192  92.2  16k  67.3  32k   0.1  rst 20837/91@32k pool 14438
ep 44000        1371s  mean    265449  max   546176  V    212733  |d|     393    243k mv/s  1024 100.0  2048  99.3  4096  97.1  8192  92.5  16k  68.6  32k   0.1  rst 21851/94@32k pool 15115
ep 46000        1433s  mean    267491  max   514720  V    211722  |d|     400    243k mv/s  1024  99.7  2048  99.3  4096  98.0  8192  92.4  16k  68.0  32k   0.1  rst 22850/98@32k pool 15798
ep 48000        1494s  mean    266903  max   386924  V    212325  |d|     392    244k mv/s  1024  99.8  2048  99.5  4096  97.9  8192  92.5  16k  68.7  32k   0.0  rst 23850/99@32k pool 16487
ep 50000        1555s  mean    266022  max   387316  V    212305  |d|     394    244k mv/s  1024  99.4  2048  98.9  4096  96.8  8192  92.4  16k  68.3  32k   0.0  rst 24866/106@32k pool 17164
ep 52000        1616s  mean    262339  max   386880  V    212895  |d|     394    244k mv/s  1024  99.9  2048  99.0  4096  97.1  8192  92.6  16k  66.3  32k   0.0  rst 25837/109@32k pool 17849
ep 54000        1676s  mean    268013  max   415120  V    211949  |d|     396    244k mv/s  1024  99.4  2048  99.1  4096  97.3  8192  93.3  16k  69.7  32k   0.0  rst 26850/112@32k pool 18538
ep 56000        1737s  mean    268979  max   470028  V    211671  |d|     396    244k mv/s  1024  99.9  2048  99.2  4096  96.8  8192  92.7  16k  68.2  32k   0.1  rst 27873/115@32k pool 19207
ep 58000        1796s  mean    263074  max   387028  V    212524  |d|     395    244k mv/s  1024  99.8  2048  99.4  4096  97.5  8192  91.6  16k  67.5  32k   0.0  rst 28883/119@32k pool 19873
ep 60000        1856s  mean    262840  max   386952  V    212562  |d|     396    245k mv/s  1024  99.9  2048  99.2  4096  96.7  8192  92.5  16k  68.2  32k   0.0  rst 29872/120@32k pool 20564
ep 62000        1915s  mean    265934  max   404964  V    212349  |d|     399    245k mv/s  1024 100.0  2048  99.4  4096  97.7  8192  92.8  16k  67.8  32k   0.0  rst 30899/125@32k pool 21223
ep 64000        1974s  mean    262484  max   386712  V    212640  |d|     393    245k mv/s  1024  99.8  2048  99.0  4096  97.2  8192  92.4  16k  65.6  32k   0.0  rst 31890/126@32k pool 21884
ep 66000        2034s  mean    267295  max   385512  V    212190  |d|     393    245k mv/s  1024  99.7  2048  99.3  4096  97.2  8192  93.3  16k  68.0  32k   0.0  rst 32874/134@32k pool 22579
ep 68000        2097s  mean    270160  max   548764  V    211831  |d|     395    245k mv/s  1024  99.9  2048  99.2  4096  98.0  8192  92.8  16k  69.4  32k   0.3  rst 33850/139@32k pool 23294
ep 70000        2160s  mean    270153  max   486196  V    211533  |d|     398    245k mv/s  1024  99.8  2048  99.4  4096  97.2  8192  92.6  16k  69.8  32k   0.2  rst 34894/142@32k pool 23963
ep 72000        2223s  mean    265309  max   476980  V    212058  |d|     395    245k mv/s  1024  99.8  2048  98.9  4096  97.0  8192  92.5  16k  68.0  32k   0.1  rst 35881/147@32k pool 24656
ep 74000        2285s  mean    262669  max   386880  V    212971  |d|     395    245k mv/s  1024  99.8  2048  99.3  4096  97.1  8192  92.9  16k  67.4  32k   0.0  rst 36910/153@32k pool 25309
ep 76000        2349s  mean    263642  max   556632  V    212338  |d|     393    245k mv/s  1024  99.5  2048  98.9  4096  96.8  8192  92.1  16k  66.5  32k   0.1  rst 37877/156@32k pool 25999
checkpoint -> runs/r9_rst.bin (ep 77608)
ep 78000        2413s  mean    266142  max   563752  V    212381  |d|     396    245k mv/s  1024 100.0  2048  99.7  4096  97.4  8192  93.0  16k  68.6  32k   0.1  rst 38860/161@32k pool 26699
ep 80000        2476s  mean    266469  max   387300  V    211989  |d|     392    244k mv/s  1024  99.9  2048  99.2  4096  97.0  8192  92.2  16k  68.1  32k   0.0  rst 39859/163@32k pool 27383
ep 82000        2538s  mean    267074  max   386768  V    211673  |d|     395    244k mv/s  1024  99.7  2048  98.6  4096  96.8  8192  91.7  16k  68.9  32k   0.0  rst 40852/168@32k pool 28077
ep 84000        2601s  mean    260475  max   387256  V    212278  |d|     395    244k mv/s  1024  99.8  2048  99.1  4096  96.2  8192  90.4  16k  66.3  32k   0.0  rst 41867/173@32k pool 28733
ep 86000        2666s  mean    263668  max   387444  V    212392  |d|     396    244k mv/s  1024 100.0  2048  99.4  4096  97.9  8192  92.3  16k  66.4  32k   0.0  rst 42884/179@32k pool 29389
ep 88000        2728s  mean    271310  max   509972  V    211056  |d|     398    244k mv/s  1024  99.7  2048  99.3  4096  97.5  8192  91.4  16k  71.9  32k   0.1  rst 43880/183@32k pool 30111
ep 90000        2788s  mean    264546  max   564500  V    211833  |d|     402    244k mv/s  1024  99.9  2048  99.7  4096  97.5  8192  91.4  16k  68.3  32k   0.1  rst 44891/186@32k pool 30788
ep 92000        2848s  mean    271968  max   385480  V    211727  |d|     395    244k mv/s  1024  99.8  2048  99.2  4096  97.8  8192  94.7  16k  71.2  32k   0.0  rst 45903/190@32k pool 31492
ep 94000        2911s  mean    267057  max   498788  V    211727  |d|     398    244k mv/s  1024  99.9  2048  99.3  4096  97.7  8192  91.6  16k  68.8  32k   0.2  rst 46913/191@32k pool 32176
ep 96000        2974s  mean    266150  max   438268  V    212105  |d|     395    244k mv/s  1024  99.8  2048  99.1  4096  97.8  8192  93.3  16k  66.6  32k   0.0  rst 47902/192@32k pool 32848
ep 98000        3036s  mean    262650  max   387004  V    212662  |d|     395    244k mv/s  1024 100.0  2048  99.3  4096  97.3  8192  92.4  16k  67.3  32k   0.0  rst 48886/197@32k pool 33533
ep 100000       3097s  mean    261354  max   406712  V    212187  |d|     394    244k mv/s  1024  99.3  2048  98.8  4096  96.2  8192  90.5  16k  66.1  32k   0.0  rst 49849/201@32k pool 34220
ep 102000       3158s  mean    269150  max   620996  V    211570  |d|     394    244k mv/s  1024  99.6  2048  99.4  4096  97.6  8192  92.4  16k  70.0  32k   0.1  rst 50847/204@32k pool 34922
ep 104000       3217s  mean    266886  max   533976  V    212472  |d|     392    245k mv/s  1024  99.7  2048  99.5  4096  98.1  8192  92.5  16k  69.9  32k   0.1  rst 51832/210@32k pool 35633
ep 106000       3277s  mean    263112  max   387200  V    212158  |d|     399    245k mv/s  1024  99.8  2048  99.3  4096  97.7  8192  91.3  16k  67.0  32k   0.0  rst 52808/214@32k pool 36321
ep 108000       3339s  mean    266015  max   386584  V    211890  |d|     398    245k mv/s  1024  99.8  2048  99.4  4096  97.1  8192  92.1  16k  68.8  32k   0.0  rst 53822/215@32k pool 36997
ep 110000       3404s  mean    268846  max   500484  V    211636  |d|     395    244k mv/s  1024  99.9  2048  99.2  4096  97.8  8192  92.5  16k  69.5  32k   0.1  rst 54773/216@32k pool 37730
ep 112000       3467s  mean    263970  max   530116  V    212268  |d|     395    244k mv/s  1024  99.8  2048  99.5  4096  97.7  8192  91.7  16k  67.1  32k   0.3  rst 55771/219@32k pool 38403
ep 114000       3530s  mean    268128  max   387744  V    211786  |d|     392    244k mv/s  1024  99.7  2048  98.7  4096  97.7  8192  92.3  16k  68.9  32k   0.0  rst 56817/224@32k pool 39061
ep 116000       3593s  mean    259738  max   471112  V    212407  |d|     398    244k mv/s  1024  99.7  2048  99.1  4096  95.8  8192  90.3  16k  66.7  32k   0.1  rst 57786/228@32k pool 39752
checkpoint -> runs/r9_rst.bin (ep 116256)
ep 118000       3657s  mean    266752  max   528992  V    211657  |d|     393    244k mv/s  1024  99.9  2048  99.3  4096  96.9  8192  92.2  16k  68.5  32k   0.3  rst 58740/231@32k pool 40472
ep 120000       3720s  mean    268076  max   533432  V    211486  |d|     399    244k mv/s  1024  99.9  2048  99.5  4096  98.4  8192  92.9  16k  68.7  32k   0.1  rst 59700/235@32k pool 41188
ep 122000       3783s  mean    265495  max   514228  V    212139  |d|     391    244k mv/s  1024  99.9  2048  99.3  4096  96.8  8192  93.1  16k  68.0  32k   0.1  rst 60738/240@32k pool 41843
ep 124000       3847s  mean    264368  max   386368  V    211705  |d|     396    244k mv/s  1024 100.0  2048  98.9  4096  97.0  8192  92.1  16k  66.9  32k   0.0  rst 61719/243@32k pool 42528
ep 126000       3909s  mean    262882  max   387236  V    212287  |d|     394    244k mv/s  1024  99.9  2048  98.8  4096  97.2  8192  92.0  16k  66.7  32k   0.0  rst 62698/247@32k pool 43207
ep 128000       3970s  mean    266002  max   513032  V    211960  |d|     393    244k mv/s  1024 100.0  2048  99.8  4096  97.6  8192  91.6  16k  68.6  32k   0.1  rst 63718/250@32k pool 43883
ep 130000       4032s  mean    266064  max   386364  V    211722  |d|     395    244k mv/s  1024  99.5  2048  99.0  4096  97.0  8192  92.4  16k  68.7  32k   0.0  rst 64740/252@32k pool 44554
ep 132000       4096s  mean    264904  max   533468  V    212068  |d|     396    244k mv/s  1024  99.8  2048  99.6  4096  97.2  8192  92.7  16k  66.8  32k   0.2  rst 65737/254@32k pool 45226
ep 134000       4157s  mean    263933  max   532596  V    211889  |d|     396    244k mv/s  1024  99.6  2048  99.2  4096  96.9  8192  92.1  16k  67.7  32k   0.1  rst 66774/256@32k pool 45879
ep 136000       4219s  mean    262609  max   497252  V    211894  |d|     401    244k mv/s  1024  99.8  2048  99.4  4096  96.4  8192  91.4  16k  66.8  32k   0.1  rst 67757/260@32k pool 46562
ep 138000       4281s  mean    263393  max   532548  V    212369  |d|     392    244k mv/s  1024  99.9  2048  99.3  4096  97.9  8192  92.9  16k  66.2  32k   0.2  rst 68733/266@32k pool 47240
ep 140000       4343s  mean    265298  max   513412  V    212480  |d|     392    244k mv/s  1024  99.8  2048  99.5  4096  98.0  8192  92.6  16k  69.2  32k   0.1  rst 69772/268@32k pool 47909
ep 142000       4406s  mean    262726  max   387540  V    212640  |d|     389    244k mv/s  1024  99.6  2048  99.0  4096  97.6  8192  92.3  16k  67.6  32k   0.0  rst 70770/272@32k pool 48587
ep 144000       4469s  mean    265453  max   388784  V    211600  |d|     399    243k mv/s  1024 100.0  2048  99.4  4096  97.4  8192  92.8  16k  67.5  32k   0.0  rst 71769/276@32k pool 49265
ep 146000       4532s  mean    269445  max   387060  V    211660  |d|     393    243k mv/s  1024  99.9  2048  99.3  4096  97.6  8192  93.4  16k  70.3  32k   0.0  rst 72757/282@32k pool 49977
ep 148000       4594s  mean    263365  max   387172  V    212734  |d|     388    243k mv/s  1024  99.9  2048  99.5  4096  97.8  8192  92.8  16k  67.3  32k   0.0  rst 73806/283@32k pool 50619
ep 150000       4657s  mean    267510  max   386748  V    211296  |d|     400    243k mv/s  1024  99.9  2048  99.2  4096  96.8  8192  91.5  16k  69.3  32k   0.0  rst 74805/284@32k pool 51312
ep 152000       4720s  mean    264201  max   529156  V    211864  |d|     396    243k mv/s  1024  99.8  2048  98.7  4096  97.2  8192  91.9  16k  67.4  32k   0.2  rst 75789/288@32k pool 52001
ep 154000       4783s  mean    265335  max   499784  V    211935  |d|     394    243k mv/s  1024  99.8  2048  99.4  4096  96.8  8192  92.2  16k  68.6  32k   0.1  rst 76767/289@32k pool 52701
checkpoint -> runs/r9_rst.bin (ep 154630)
ep 156000       4845s  mean    263670  max   486800  V    212026  |d|     397    243k mv/s  1024 100.0  2048  99.3  4096  98.2  8192  92.4  16k  66.8  32k   0.1  rst 77772/291@32k pool 53367
ep 158000       4907s  mean    259937  max   488336  V    211823  |d|     397    243k mv/s  1024 100.0  2048  99.0  4096  97.6  8192  90.8  16k  65.6  32k   0.2  rst 78782/291@32k pool 54020
ep 160000       4970s  mean    259197  max   532056  V    212395  |d|     399    243k mv/s  1024  99.6  2048  98.9  4096  96.6  8192  91.8  16k  64.6  32k   0.2  rst 79778/295@32k pool 54672
ep 162000       5033s  mean    266393  max   518240  V    211533  |d|     398    243k mv/s  1024 100.0  2048  99.5  4096  97.2  8192  92.5  16k  67.8  32k   0.1  rst 80782/302@32k pool 55349
ep 164000       5095s  mean    263382  max   552396  V    211884  |d|     398    243k mv/s  1024 100.0  2048  99.3  4096  97.6  8192  93.3  16k  67.5  32k   0.2  rst 81788/306@32k pool 56023
ep 166000       5158s  mean    261034  max   386632  V    212051  |d|     395    243k mv/s  1024  99.8  2048  99.0  4096  97.3  8192  93.3  16k  64.9  32k   0.0  rst 82776/313@32k pool 56686
ep 168000       5220s  mean    268734  max   507256  V    211097  |d|     397    243k mv/s  1024  99.5  2048  98.8  4096  96.9  8192  92.2  16k  69.8  32k   0.1  rst 83811/318@32k pool 57361
ep 170000       5282s  mean    266158  max   504220  V    211689  |d|     395    243k mv/s  1024  99.6  2048  99.3  4096  97.4  8192  93.4  16k  67.3  32k   0.2  rst 84804/322@32k pool 58045
ep 172000       5344s  mean    270988  max   414028  V    210902  |d|     396    243k mv/s  1024  99.8  2048  99.5  4096  98.4  8192  92.8  16k  70.0  32k   0.0  rst 85870/322@32k pool 58697
ep 174000       5405s  mean    265862  max   483504  V    211043  |d|     400    243k mv/s  1024  99.8  2048  99.4  4096  97.3  8192  91.9  16k  68.4  32k   0.1  rst 86867/327@32k pool 59385
ep 176000       5467s  mean    263354  max   509204  V    212158  |d|     397    243k mv/s  1024 100.0  2048  99.7  4096  97.9  8192  92.5  16k  67.5  32k   0.1  rst 87847/334@32k pool 60075
ep 178000       5530s  mean    263996  max   387240  V    211878  |d|     394    243k mv/s  1024  99.8  2048  99.6  4096  97.8  8192  92.1  16k  66.8  32k   0.0  rst 88855/339@32k pool 60742
ep 180000       5591s  mean    265080  max   386972  V    211719  |d|     399    243k mv/s  1024  99.8  2048  99.0  4096  97.7  8192  93.0  16k  67.5  32k   0.0  rst 89876/343@32k pool 61401
ep 182000       5651s  mean    259632  max   387132  V    212141  |d|     398    243k mv/s  1024  99.8  2048  99.2  4096  96.8  8192  91.7  16k  64.7  32k   0.0  rst 90924/348@32k pool 62021
ep 184000       5713s  mean    262512  max   525384  V    211703  |d|     395    243k mv/s  1024  99.9  2048  99.3  4096  97.2  8192  92.5  16k  65.9  32k   0.1  rst 91910/352@32k pool 62688
ep 186000       5776s  mean    263013  max   386488  V    211975  |d|     394    243k mv/s  1024  99.9  2048  99.5  4096  98.0  8192  92.7  16k  66.2  32k   0.0  rst 92898/355@32k pool 63361
ep 188000       5837s  mean    261210  max   387244  V    211919  |d|     392    243k mv/s  1024  99.9  2048  98.7  4096  96.5  8192  91.7  16k  66.4  32k   0.0  rst 93882/356@32k pool 64034
ep 190000       5900s  mean    267677  max   387000  V    211341  |d|     397    243k mv/s  1024  99.9  2048  99.5  4096  98.0  8192  93.3  16k  68.4  32k   0.0  rst 94840/357@32k pool 64747
ep 192000       5963s  mean    262792  max   387140  V    212432  |d|     390    243k mv/s  1024  99.6  2048  99.0  4096  97.0  8192  93.1  16k  66.5  32k   0.0  rst 95810/359@32k pool 65433
checkpoint -> runs/r9_rst.bin (ep 193295)
ep 194000       6025s  mean    257934  max   387144  V    212179  |d|     398    243k mv/s  1024  99.6  2048  99.1  4096  97.5  8192  91.7  16k  63.8  32k   0.0  rst 96806/361@32k pool 65536
ep 196000       6088s  mean    263441  max   386524  V    211636  |d|     398    243k mv/s  1024  99.8  2048  98.7  4096  96.3  8192  91.6  16k  67.8  32k   0.0  rst 97849/363@32k pool 65536
ep 198000       6150s  mean    266546  max   386876  V    212108  |d|     390    243k mv/s  1024  99.5  2048  99.1  4096  98.3  8192  93.9  16k  68.6  32k   0.0  rst 98901/368@32k pool 65536
ep 200000       6213s  mean    269965  max   387448  V    211083  |d|     397    243k mv/s  1024  99.9  2048  99.8  4096  98.3  8192  93.5  16k  70.0  32k   0.0  rst 99904/370@32k pool 65536
ep 202000       6277s  mean    266671  max   386328  V    211611  |d|     393    243k mv/s  1024  99.5  2048  98.9  4096  97.2  8192  92.4  16k  69.6  32k   0.0  rst 100897/373@32k pool 65536
ep 204000       6340s  mean    266797  max   533168  V    211037  |d|     396    243k mv/s  1024  99.8  2048  99.1  4096  97.0  8192  90.7  16k  69.6  32k   0.1  rst 101901/374@32k pool 65536
ep 206000       6403s  mean    263758  max   387268  V    211215  |d|     400    243k mv/s  1024  99.9  2048  99.1  4096  96.9  8192  91.6  16k  66.9  32k   0.0  rst 102869/377@32k pool 65536
ep 208000       6464s  mean    257690  max   385504  V    212118  |d|     395    243k mv/s  1024  99.9  2048  99.0  4096  96.7  8192  91.6  16k  63.9  32k   0.0  rst 103894/381@32k pool 65536
ep 210000       6527s  mean    265947  max   532056  V    211254  |d|     396    243k mv/s  1024  99.8  2048  99.3  4096  97.5  8192  92.2  16k  67.9  32k   0.1  rst 104875/383@32k pool 65536
ep 212000       6592s  mean    271985  max   386632  V    210890  |d|     395    243k mv/s  1024  99.8  2048  99.3  4096  98.0  8192  93.8  16k  70.7  32k   0.0  rst 105857/384@32k pool 65536
ep 214000       6654s  mean    258713  max   387196  V    211815  |d|     396    243k mv/s  1024  99.7  2048  99.3  4096  96.7  8192  91.4  16k  65.0  32k   0.0  rst 106848/385@32k pool 65536
ep 216000       6716s  mean    261240  max   386432  V    212103  |d|     390    243k mv/s  1024  99.8  2048  99.3  4096  97.7  8192  92.7  16k  65.5  32k   0.0  rst 107856/386@32k pool 65536
ep 218000       6779s  mean    269366  max   495220  V    210659  |d|     398    243k mv/s  1024  99.9  2048  99.4  4096  97.8  8192  93.4  16k  68.8  32k   0.1  rst 108857/391@32k pool 65536
ep 220000       6842s  mean    267086  max   490132  V    211665  |d|     394    243k mv/s  1024 100.0  2048  99.6  4096  98.4  8192  94.2  16k  68.2  32k   0.1  rst 109826/394@32k pool 65536
ep 222000       6906s  mean    266710  max   387068  V    211709  |d|     395    243k mv/s  1024  99.8  2048  99.4  4096  98.2  8192  93.2  16k  68.2  32k   0.0  rst 110819/396@32k pool 65536
ep 224000       6968s  mean    264974  max   527072  V    211328  |d|     394    243k mv/s  1024  99.7  2048  99.1  4096  97.2  8192  92.2  16k  67.1  32k   0.1  rst 111843/401@32k pool 65536
ep 226000       7032s  mean    263230  max   385636  V    211821  |d|     394    242k mv/s  1024  99.8  2048  98.5  4096  96.8  8192  91.6  16k  68.6  32k   0.0  rst 112836/406@32k pool 65536
ep 228000       7094s  mean    262563  max   388292  V    210950  |d|     400    242k mv/s  1024  99.7  2048  99.0  4096  96.6  8192  90.9  16k  67.3  32k   0.0  rst 113819/407@32k pool 65536
ep 230000       7157s  mean    268628  max   533376  V    211189  |d|     396    242k mv/s  1024  99.9  2048  99.6  4096  98.1  8192  93.5  16k  69.1  32k   0.2  rst 114818/411@32k pool 65536
checkpoint -> runs/r9_rst.bin (ep 231529)
ep 232000       7219s  mean    261270  max   532680  V    211515  |d|     394    242k mv/s  1024  99.7  2048  98.6  4096  96.9  8192  91.2  16k  65.9  32k   0.2  rst 115815/413@32k pool 65536
ep 234000       7282s  mean    268409  max   385108  V    211246  |d|     395    242k mv/s  1024 100.0  2048  99.6  4096  98.2  8192  93.1  16k  69.7  32k   0.0  rst 116806/414@32k pool 65536
ep 236000       7345s  mean    263007  max   387068  V    211537  |d|     397    242k mv/s  1024  99.7  2048  99.0  4096  96.9  8192  92.6  16k  65.7  32k   0.0  rst 117798/418@32k pool 65536
ep 238000       7410s  mean    266457  max   574924  V    211337  |d|     394    242k mv/s  1024 100.0  2048  99.5  4096  97.7  8192  92.7  16k  68.6  32k   0.2  rst 118759/422@32k pool 65536
ep 240000       7472s  mean    260736  max   455680  V    211873  |d|     396    242k mv/s  1024  99.7  2048  99.0  4096  96.7  8192  92.0  16k  66.2  32k   0.0  rst 119775/428@32k pool 65536
ep 242000       7535s  mean    263296  max   387148  V    211321  |d|     391    242k mv/s  1024  99.3  2048  98.8  4096  96.6  8192  91.4  16k  67.8  32k   0.0  rst 120753/431@32k pool 65536
ep 244000       7599s  mean    267731  max   518316  V    210546  |d|     399    242k mv/s  1024  99.6  2048  99.0  4096  96.7  8192  91.9  16k  69.2  32k   0.1  rst 121758/440@32k pool 65536
ep 246000       7661s  mean    262840  max   387620  V    211415  |d|     396    242k mv/s  1024  99.9  2048  99.2  4096  97.1  8192  92.3  16k  66.3  32k   0.0  rst 122762/443@32k pool 65536
ep 248000       7723s  mean    265184  max   385656  V    210926  |d|     397    242k mv/s  1024  99.6  2048  99.3  4096  96.9  8192  91.9  16k  67.6  32k   0.0  rst 123798/447@32k pool 65536
ep 250000       7786s  mean    261105  max   388208  V    212163  |d|     391    242k mv/s  1024  99.8  2048  99.1  4096  97.2  8192  92.7  16k  66.8  32k   0.0  rst 124803/454@32k pool 65536
ep 252000       7848s  mean    261361  max   450500  V    211440  |d|     398    242k mv/s  1024  99.7  2048  99.4  4096  97.5  8192  92.2  16k  65.3  32k   0.0  rst 125800/458@32k pool 65536
ep 254000       7912s  mean    262384  max   386176  V    211666  |d|     395    242k mv/s  1024  99.8  2048  99.0  4096  97.6  8192  92.2  16k  66.2  32k   0.0  rst 126755/459@32k pool 65536
ep 256000       7975s  mean    268814  max   512676  V    210646  |d|     402    242k mv/s  1024  99.8  2048  99.3  4096  98.1  8192  93.6  16k  69.5  32k   0.2  rst 127774/464@32k pool 65536
ep 258000       8038s  mean    262880  max   489780  V    211288  |d|     399    242k mv/s  1024  99.6  2048  98.9  4096  97.0  8192  91.5  16k  67.5  32k   0.2  rst 128799/467@32k pool 65536
ep 260000       8102s  mean    266538  max   580348  V    211587  |d|     389    242k mv/s  1024 100.0  2048  99.5  4096  98.2  8192  93.8  16k  67.5  32k   0.1  rst 129797/473@32k pool 65536
ep 262000       8165s  mean    265978  max   503044  V    211029  |d|     397    242k mv/s  1024  99.7  2048  99.1  4096  97.0  8192  91.6  16k  69.7  32k   0.1  rst 130795/478@32k pool 65536
ep 264000       8229s  mean    271083  max   555940  V    210363  |d|     395    242k mv/s  1024  99.9  2048  99.4  4096  98.3  8192  94.2  16k  68.8  32k   0.1  rst 131764/483@32k pool 65536
ep 266000       8291s  mean    261974  max   387084  V    211725  |d|     390    242k mv/s  1024  99.7  2048  98.8  4096  97.3  8192  91.8  16k  66.9  32k   0.0  rst 132787/484@32k pool 65536
ep 268000       8354s  mean    266369  max   387052  V    211177  |d|     396    242k mv/s  1024  99.8  2048  99.5  4096  97.5  8192  93.1  16k  68.6  32k   0.0  rst 133778/486@32k pool 65536
checkpoint -> runs/r9_rst.bin (ep 269629)
ep 270000       8417s  mean    268014  max   563308  V    210912  |d|     397    242k mv/s  1024  99.6  2048  99.0  4096  97.8  8192  93.1  16k  69.5  32k   0.1  rst 134757/489@32k pool 65536
ep 272000       8480s  mean    267651  max   385804  V    211097  |d|     397    242k mv/s  1024 100.0  2048  99.7  4096  98.4  8192  93.4  16k  69.2  32k   0.0  rst 135717/494@32k pool 65536
ep 274000       8545s  mean    268956  max   387472  V    211006  |d|     394    242k mv/s  1024  99.8  2048  99.5  4096  97.4  8192  93.1  16k  69.4  32k   0.0  rst 136699/495@32k pool 65536
ep 276000       8608s  mean    264880  max   386736  V    211493  |d|     391    242k mv/s  1024  99.9  2048  99.4  4096  97.5  8192  92.3  16k  68.9  32k   0.0  rst 137716/497@32k pool 65536
ep 278000       8667s  mean    265273  max   386108  V    211161  |d|     395    242k mv/s  1024  99.8  2048  99.3  4096  97.2  8192  93.2  16k  67.7  32k   0.0  rst 138750/500@32k pool 65536
ep 280000       8728s  mean    265845  max   405740  V    211470  |d|     391    242k mv/s  1024  99.8  2048  99.2  4096  97.2  8192  92.4  16k  68.6  32k   0.0  rst 139731/504@32k pool 65536
ep 282000       8789s  mean    262384  max   386396  V    210807  |d|     396    242k mv/s  1024  99.7  2048  98.9  4096  96.3  8192  91.1  16k  66.5  32k   0.0  rst 140704/504@32k pool 65536
ep 284000       8850s  mean    265624  max   386496  V    211276  |d|     392    242k mv/s  1024  99.8  2048  99.3  4096  97.0  8192  91.9  16k  69.0  32k   0.0  rst 141689/508@32k pool 65536
ep 286000       8910s  mean    259559  max   387000  V    211720  |d|     393    242k mv/s  1024  99.8  2048  99.0  4096  97.1  8192  92.0  16k  65.3  32k   0.0  rst 142645/509@32k pool 65536
ep 288000       8969s  mean    257492  max   390168  V    211836  |d|     399    242k mv/s  1024  99.8  2048  99.0  4096  96.0  8192  91.3  16k  64.9  32k   0.0  rst 143645/509@32k pool 65536
ep 290000       9030s  mean    264801  max   528468  V    210801  |d|     396    242k mv/s  1024  99.9  2048  99.4  4096  96.9  8192  92.2  16k  68.3  32k   0.2  rst 144624/510@32k pool 65536
ep 292000       9088s  mean    268293  max   386976  V    210461  |d|     394    242k mv/s  1024  99.7  2048  99.1  4096  97.6  8192  92.2  16k  69.9  32k   0.0  rst 145655/513@32k pool 65536
ep 294000       9147s  mean    265494  max   386228  V    210966  |d|     398    242k mv/s  1024  99.6  2048  99.1  4096  97.1  8192  92.3  16k  68.7  32k   0.0  rst 146681/516@32k pool 65536
ep 296000       9207s  mean    262858  max   386644  V    211577  |d|     392    243k mv/s  1024  99.6  2048  99.4  4096  97.1  8192  92.6  16k  66.9  32k   0.0  rst 147696/518@32k pool 65536
ep 298000       9268s  mean    264756  max   387236  V    210693  |d|     394    243k mv/s  1024  99.8  2048  99.2  4096  97.4  8192  91.8  16k  67.0  32k   0.0  rst 148689/521@32k pool 65536
ep 300000       9328s  mean    266628  max   523416  V    210864  |d|     395    243k mv/s  1024  99.9  2048  99.7  4096  97.8  8192  93.5  16k  67.8  32k   0.1  rst 149705/524@32k pool 65536
ep 302000       9390s  mean    258854  max   513804  V    211779  |d|     394    243k mv/s  1024  99.9  2048  98.9  4096  96.8  8192  91.6  16k  65.3  32k   0.1  rst 150689/525@32k pool 65536
ep 304000       9455s  mean    264812  max   386856  V    211262  |d|     394    243k mv/s  1024  99.9  2048  99.7  4096  98.2  8192  92.5  16k  67.6  32k   0.0  rst 151634/526@32k pool 65536
ep 306000       9517s  mean    269706  max   504008  V    210092  |d|     392    243k mv/s  1024  99.8  2048  98.9  4096  96.8  8192  90.9  16k  70.2  32k   0.1  rst 152665/527@32k pool 65536
ep 308000       9578s  mean    261114  max   387388  V    211295  |d|     394    243k mv/s  1024  99.6  2048  99.1  4096  96.4  8192  91.1  16k  66.5  32k   0.0  rst 153685/534@32k pool 65536
checkpoint -> runs/r9_rst.bin (ep 308876)
ep 310000       9640s  mean    259279  max   524840  V    211584  |d|     396    243k mv/s  1024  99.9  2048  99.3  4096  97.0  8192  91.3  16k  64.7  32k   0.2  rst 154658/536@32k pool 65536
ep 312000       9706s  mean    271223  max   587928  V    210408  |d|     394    242k mv/s  1024  99.7  2048  99.1  4096  97.5  8192  93.2  16k  70.5  32k   0.3  rst 155658/539@32k pool 65536
ep 314000       9769s  mean    265867  max   507660  V    210859  |d|     396    242k mv/s  1024  99.6  2048  99.2  4096  97.5  8192  91.8  16k  68.8  32k   0.1  rst 156700/541@32k pool 65536
ep 316000       9833s  mean    265182  max   529176  V    211450  |d|     391    242k mv/s  1024 100.0  2048  99.7  4096  98.4  8192  93.8  16k  67.4  32k   0.2  rst 157667/547@32k pool 65536
ep 318000       9896s  mean    267325  max   473612  V    211098  |d|     395    242k mv/s  1024 100.0  2048  99.3  4096  98.2  8192  93.7  16k  69.5  32k   0.1  rst 158686/553@32k pool 65536
ep 320000       9957s  mean    258888  max   386348  V    211174  |d|     398    242k mv/s  1024  99.5  2048  98.8  4096  95.7  8192  90.0  16k  66.8  32k   0.0  rst 159692/554@32k pool 65536
ep 322000      10022s  mean    264737  max   387128  V    211285  |d|     394    242k mv/s  1024  99.7  2048  99.2  4096  97.4  8192  92.8  16k  68.0  32k   0.0  rst 160643/558@32k pool 65536
ep 324000      10085s  mean    263022  max   488792  V    211133  |d|     393    242k mv/s  1024  99.9  2048  99.3  4096  97.4  8192  92.0  16k  66.8  32k   0.1  rst 161652/565@32k pool 65536
ep 326000      10148s  mean    264715  max   414848  V    210854  |d|     397    242k mv/s  1024  99.9  2048  99.2  4096  97.7  8192  92.1  16k  67.8  32k   0.0  rst 162629/567@32k pool 65536
ep 328000      10211s  mean    262911  max   533484  V    211234  |d|     393    242k mv/s  1024  99.7  2048  98.9  4096  97.1  8192  91.3  16k  67.1  32k   0.2  rst 163679/569@32k pool 65536
ep 330000      10273s  mean    262203  max   476328  V    211470  |d|     390    242k mv/s  1024  99.8  2048  99.2  4096  96.8  8192  91.9  16k  66.8  32k   0.1  rst 164667/572@32k pool 65536
ep 332000      10336s  mean    263036  max   387432  V    211729  |d|     391    242k mv/s  1024  99.9  2048  99.8  4096  97.5  8192  92.1  16k  67.5  32k   0.0  rst 165674/576@32k pool 65536
ep 334000      10399s  mean    266465  max   534172  V    210684  |d|     392    242k mv/s  1024  99.8  2048  98.8  4096  96.6  8192  92.1  16k  69.3  32k   0.1  rst 166649/578@32k pool 65536
ep 336000      10461s  mean    264319  max   521664  V    210766  |d|     394    242k mv/s  1024  99.8  2048  99.2  4096  96.6  8192  91.1  16k  68.7  32k   0.1  rst 167666/581@32k pool 65536
ep 338000      10523s  mean    265377  max   387368  V    210953  |d|     394    242k mv/s  1024  99.8  2048  98.9  4096  97.3  8192  92.3  16k  68.5  32k   0.0  rst 168716/586@32k pool 65536
ep 340000      10586s  mean    261813  max   386948  V    210834  |d|     398    242k mv/s  1024  99.8  2048  99.1  4096  97.1  8192  90.5  16k  67.0  32k   0.0  rst 169707/592@32k pool 65536
ep 342000      10650s  mean    269960  max   385896  V    210395  |d|     390    242k mv/s  1024  99.8  2048  99.2  4096  97.3  8192  92.0  16k  70.8  32k   0.0  rst 170687/595@32k pool 65536
ep 344000      10713s  mean    264609  max   387356  V    210600  |d|     395    242k mv/s  1024  99.8  2048  99.1  4096  96.6  8192  90.7  16k  68.8  32k   0.0  rst 171680/599@32k pool 65536
ep 346000      10773s  mean    262984  max   386812  V    210995  |d|     395    242k mv/s  1024  99.8  2048  99.5  4096  97.0  8192  92.0  16k  67.4  32k   0.0  rst 172658/607@32k pool 65536
checkpoint -> runs/r9_rst.bin (ep 347117)
ep 348000      10834s  mean    259563  max   387212  V    211163  |d|     396    242k mv/s  1024  99.9  2048  99.4  4096  97.7  8192  92.3  16k  64.3  32k   0.0  rst 173671/608@32k pool 65536
ep 350000      10894s  mean    261487  max   506732  V    210953  |d|     393    242k mv/s  1024  99.7  2048  98.9  4096  97.0  8192  90.9  16k  65.8  32k   0.3  rst 174663/609@32k pool 65536
ep 352000      10955s  mean    264448  max   488336  V    210859  |d|     388    242k mv/s  1024 100.0  2048  99.7  4096  98.0  8192  92.6  16k  67.2  32k   0.1  rst 175669/611@32k pool 65536
ep 354000      11018s  mean    261885  max   522364  V    211027  |d|     398    242k mv/s  1024  99.6  2048  99.5  4096  97.8  8192  92.0  16k  66.1  32k   0.1  rst 176644/617@32k pool 65536
ep 356000      11081s  mean    263428  max   387288  V    211045  |d|     392    242k mv/s  1024  99.9  2048  99.0  4096  97.9  8192  92.1  16k  66.8  32k   0.0  rst 177654/620@32k pool 65536
ep 358000      11142s  mean    263922  max   387208  V    210639  |d|     392    242k mv/s  1024  99.9  2048  99.2  4096  97.7  8192  92.0  16k  66.6  32k   0.0  rst 178627/621@32k pool 65536
ep 360000      11202s  mean    258513  max   482028  V    211465  |d|     395    242k mv/s  1024 100.0  2048  99.2  4096  97.0  8192  91.1  16k  65.8  32k   0.1  rst 179654/623@32k pool 65536
ep 362000      11264s  mean    266211  max   565464  V    211134  |d|     393    242k mv/s  1024  99.7  2048  99.2  4096  98.1  8192  93.2  16k  69.3  32k   0.1  rst 180675/626@32k pool 65536
ep 364000      11325s  mean    263832  max   386940  V    210806  |d|     393    242k mv/s  1024  99.7  2048  99.3  4096  97.0  8192  92.1  16k  67.3  32k   0.0  rst 181696/629@32k pool 65536
ep 366000      11386s  mean    265304  max   503296  V    210679  |d|     392    242k mv/s  1024  99.5  2048  99.0  4096  96.9  8192  92.8  16k  67.8  32k   0.1  rst 182719/633@32k pool 65536
ep 368000      11449s  mean    265488  max   533228  V    210308  |d|     391    242k mv/s  1024  99.7  2048  99.5  4096  96.9  8192  91.2  16k  68.2  32k   0.2  rst 183705/641@32k pool 65536
ep 370000      11511s  mean    265947  max   556148  V    210611  |d|     397    242k mv/s  1024  99.9  2048  99.2  4096  97.7  8192  92.6  16k  68.2  32k   0.2  rst 184688/646@32k pool 65536
ep 372000      11574s  mean    263098  max   532428  V    210587  |d|     397    242k mv/s  1024  99.8  2048  99.1  4096  97.1  8192  91.7  16k  66.1  32k   0.2  rst 185682/648@32k pool 65536
ep 374000      11636s  mean    268082  max   522644  V    210296  |d|     397    242k mv/s  1024  99.9  2048  99.7  4096  98.0  8192  94.2  16k  67.9  32k   0.2  rst 186690/649@32k pool 65536
ep 376000      11698s  mean    263030  max   585712  V    210542  |d|     400    242k mv/s  1024  99.5  2048  98.7  4096  96.4  8192  91.4  16k  67.3  32k   0.3  rst 187667/651@32k pool 65536
ep 378000      11760s  mean    264033  max   387184  V    210597  |d|     396    242k mv/s  1024  99.8  2048  99.2  4096  97.4  8192  92.6  16k  67.9  32k   0.0  rst 188645/655@32k pool 65536
ep 380000      11825s  mean    266942  max   533872  V    209872  |d|     400    242k mv/s  1024  99.7  2048  98.9  4096  96.3  8192  91.5  16k  68.5  32k   0.3  rst 189625/657@32k pool 65536
ep 382000      11888s  mean    263404  max   385788  V    210753  |d|     400    242k mv/s  1024  99.6  2048  98.7  4096  97.4  8192  93.1  16k  66.1  32k   0.0  rst 190606/660@32k pool 65536
ep 384000      11950s  mean    258407  max   387084  V    211094  |d|     400    242k mv/s  1024  99.9  2048  99.6  4096  98.2  8192  91.5  16k  64.4  32k   0.0  rst 191617/663@32k pool 65536
checkpoint -> runs/r9_rst.bin (ep 385856)
ep 386000      12013s  mean    264162  max   584784  V    210728  |d|     397    242k mv/s  1024  99.9  2048  99.7  4096  98.0  8192  92.7  16k  67.5  32k   0.2  rst 192622/664@32k pool 65536
ep 388000      12077s  mean    263610  max   386992  V    210865  |d|     394    242k mv/s  1024  99.7  2048  98.7  4096  97.2  8192  92.9  16k  67.7  32k   0.0  rst 193617/668@32k pool 65536
ep 390000      12138s  mean    263076  max   457420  V    210812  |d|     395    242k mv/s  1024  99.8  2048  99.3  4096  98.2  8192  92.6  16k  66.2  32k   0.1  rst 194619/670@32k pool 65536
ep 392000      12203s  mean    261737  max   387116  V    210613  |d|     396    242k mv/s  1024  99.7  2048  99.1  4096  95.9  8192  90.9  16k  68.5  32k   0.0  rst 195598/672@32k pool 65536
ep 394000      12267s  mean    267779  max   531736  V    209835  |d|     398    242k mv/s  1024  99.9  2048  98.9  4096  97.4  8192  92.1  16k  68.6  32k   0.1  rst 196624/680@32k pool 65536
ep 396000      12330s  mean    265920  max   471808  V    210132  |d|     399    242k mv/s  1024  99.5  2048  99.0  4096  97.3  8192  92.2  16k  68.3  32k   0.1  rst 197660/682@32k pool 65536
ep 398000      12392s  mean    263827  max   385524  V    210159  |d|     399    242k mv/s  1024  99.9  2048  99.5  4096  97.4  8192  90.3  16k  67.8  32k   0.0  rst 198701/684@32k pool 65536
ep 400000      12455s  mean    266496  max   386656  V    210519  |d|     394    242k mv/s  1024 100.0  2048  99.5  4096  97.5  8192  94.1  16k  67.8  32k   0.0  rst 199733/688@32k pool 65536
ep 402000      12518s  mean    265720  max   557008  V    210195  |d|     396    242k mv/s  1024  99.8  2048  99.1  4096  97.3  8192  91.3  16k  69.6  32k   0.1  rst 200730/689@32k pool 65536
ep 404000      12580s  mean    259770  max   405876  V    210658  |d|     400    242k mv/s  1024  99.9  2048  99.4  4096  97.3  8192  91.6  16k  65.3  32k   0.0  rst 201771/693@32k pool 65536
ep 406000      12641s  mean    261305  max   572544  V    211307  |d|     394    242k mv/s  1024  99.9  2048  99.4  4096  97.7  8192  92.8  16k  66.3  32k   0.2  rst 202790/696@32k pool 65536
ep 408000      12705s  mean    266811  max   386092  V    210217  |d|     397    242k mv/s  1024  99.7  2048  99.5  4096  97.7  8192  93.0  16k  67.9  32k   0.0  rst 203808/701@32k pool 65536
ep 410000      12767s  mean    263653  max   386260  V    210645  |d|     396    242k mv/s  1024  99.8  2048  99.0  4096  97.5  8192  92.8  16k  66.9  32k   0.0  rst 204811/706@32k pool 65536
ep 412000      12832s  mean    271329  max   386824  V    209389  |d|     396    242k mv/s  1024  99.8  2048  99.5  4096  98.0  8192  92.9  16k  69.4  32k   0.0  rst 205811/708@32k pool 65536
ep 414000      12895s  mean    265734  max   385124  V    210422  |d|     392    242k mv/s  1024  99.8  2048  99.7  4096  97.7  8192  93.1  16k  67.4  32k   0.0  rst 206842/713@32k pool 65536
ep 416000      12956s  mean    263359  max   387276  V    210530  |d|     393    242k mv/s  1024  99.9  2048  99.4  4096  97.0  8192  91.9  16k  67.5  32k   0.0  rst 207850/715@32k pool 65536
ep 418000      13018s  mean    265754  max   408688  V    209826  |d|     400    242k mv/s  1024 100.0  2048  99.5  4096  97.9  8192  92.6  16k  67.8  32k   0.0  rst 208829/719@32k pool 65536
ep 420000      13081s  mean    262410  max   388564  V    210852  |d|     394    242k mv/s  1024  99.7  2048  99.1  4096  97.6  8192  92.4  16k  66.4  32k   0.0  rst 209797/721@32k pool 65536
ep 422000      13144s  mean    260883  max   528860  V    211085  |d|     393    242k mv/s  1024  99.7  2048  99.1  4096  96.6  8192  92.6  16k  66.7  32k   0.1  rst 210805/725@32k pool 65536
ep 424000      13208s  mean    264731  max   529644  V    210478  |d|     393    242k mv/s  1024  99.6  2048  99.3  4096  97.0  8192  92.9  16k  67.7  32k   0.1  rst 211787/729@32k pool 65536
checkpoint -> runs/r9_rst.bin (ep 424041)
ep 426000      13272s  mean    271183  max   386660  V    209936  |d|     393    242k mv/s  1024  99.9  2048  99.5  4096  97.8  8192  94.8  16k  70.6  32k   0.0  rst 212806/731@32k pool 65536
ep 428000      13337s  mean    264316  max   500912  V    210813  |d|     394    242k mv/s  1024  99.9  2048  99.6  4096  97.9  8192  92.5  16k  68.0  32k   0.1  rst 213798/734@32k pool 65536
ep 430000      13399s  mean    265052  max   532548  V    209969  |d|     400    242k mv/s  1024  99.8  2048  99.3  4096  97.6  8192  92.0  16k  66.8  32k   0.3  rst 214808/740@32k pool 65536
ep 432000      13460s  mean    264510  max   384716  V    210281  |d|     395    242k mv/s  1024  99.9  2048  99.3  4096  96.7  8192  91.5  16k  68.5  32k   0.0  rst 215822/747@32k pool 65536
ep 434000      13522s  mean    262968  max   444892  V    210595  |d|     391    242k mv/s  1024  99.7  2048  99.3  4096  97.8  8192  92.5  16k  67.2  32k   0.0  rst 216808/752@32k pool 65536
ep 436000      13583s  mean    265649  max   472836  V    210229  |d|     394    242k mv/s  1024  99.5  2048  98.5  4096  97.1  8192  92.2  16k  68.7  32k   0.1  rst 217813/758@32k pool 65536
ep 438000      13644s  mean    266751  max   426156  V    210587  |d|     388    242k mv/s  1024  99.9  2048  99.6  4096  98.0  8192  93.4  16k  68.2  32k   0.0  rst 218823/762@32k pool 65536
ep 440000      13706s  mean    266250  max   386684  V    210301  |d|     392    242k mv/s  1024  99.9  2048  99.3  4096  98.1  8192  93.3  16k  67.7  32k   0.0  rst 219795/765@32k pool 65536
ep 442000      13768s  mean    263431  max   497400  V    210806  |d|     389    242k mv/s  1024  99.9  2048  99.3  4096  97.7  8192  92.7  16k  66.9  32k   0.2  rst 220779/769@32k pool 65536
ep 444000      13829s  mean    267739  max   386844  V    210265  |d|     395    242k mv/s  1024  99.6  2048  99.0  4096  97.7  8192  93.8  16k  69.4  32k   0.0  rst 221785/773@32k pool 65536
ep 446000      13892s  mean    265502  max   513956  V    210258  |d|     399    242k mv/s  1024  99.9  2048  99.5  4096  98.0  8192  94.0  16k  66.8  32k   0.1  rst 222788/775@32k pool 65536
ep 448000      13955s  mean    268218  max   385424  V    209998  |d|     393    242k mv/s  1024  99.8  2048  99.5  4096  97.4  8192  92.0  16k  70.3  32k   0.0  rst 223773/776@32k pool 65536
ep 450000      14018s  mean    265363  max   577240  V    210243  |d|     392    242k mv/s  1024  99.6  2048  99.1  4096  97.9  8192  92.6  16k  67.8  32k   0.2  rst 224806/778@32k pool 65536
ep 452000      14082s  mean    259295  max   525956  V    211233  |d|     393    242k mv/s  1024  99.8  2048  99.1  4096  97.1  8192  91.7  16k  64.7  32k   0.1  rst 225765/781@32k pool 65536
ep 454000      14146s  mean    264264  max   435864  V    210008  |d|     394    242k mv/s  1024  99.8  2048  99.1  4096  96.8  8192  92.0  16k  67.4  32k   0.0  rst 226728/785@32k pool 65536
ep 456000      14210s  mean    266750  max   515184  V    209739  |d|     394    242k mv/s  1024  99.7  2048  99.0  4096  97.0  8192  91.9  16k  68.8  32k   0.1  rst 227711/792@32k pool 65536
ep 458000      14274s  mean    265176  max   533464  V    209844  |d|     396    242k mv/s  1024  99.8  2048  99.3  4096  97.8  8192  92.3  16k  67.5  32k   0.1  rst 228686/797@32k pool 65536
ep 460000      14336s  mean    267050  max   387068  V    209772  |d|     394    242k mv/s  1024  99.8  2048  99.2  4096  97.4  8192  93.1  16k  68.2  32k   0.0  rst 229667/799@32k pool 65536
ep 462000      14400s  mean    263300  max   387072  V    210318  |d|     392    242k mv/s  1024  99.8  2048  99.3  4096  96.9  8192  91.2  16k  67.0  32k   0.0  rst 230653/804@32k pool 65536
saving final checkpoint -> runs/r9_rst.bin
done: 462039 episodes, 3481000055 moves, 14408.8 s
