=== alpha=0.5 ===
patterns=8  weights/stage=134217728  stages=1  memory=1.50 GiB  threads=14  alpha=0.500  TC=on
ep 20000           4s  mean      2073  max    11312  V 219651904434940  |d| 63840443734207    884k mv/s  1024   0.0  2048   0.0  4096   0.0  8192   0.0  16k   0.0  32k   0.0
ep 40000           8s  mean      2228  max     9748  V 96653479813053  |d| 26369145409499    909k mv/s  1024   0.0  2048   0.0  4096   0.0  8192   0.0  16k   0.0  32k   0.0
ep 60000          12s  mean      2262  max    10668  V 71324808419550  |d| 19779394108596    922k mv/s  1024   0.0  2048   0.0  4096   0.0  8192   0.0  16k   0.0  32k   0.0
ep 80000          16s  mean      2290  max    10220  V 55829529295929  |d| 16238946420674    931k mv/s  1024   0.0  2048   0.0  4096   0.0  8192   0.0  16k   0.0  32k   0.0
ep 100000         21s  mean      2301  max    10288  V 45111901807215  |d| 13866605473454    936k mv/s  1024   0.0  2048   0.0  4096   0.0  8192   0.0  16k   0.0  32k   0.0
ep 120000         25s  mean      2263  max    11548  V 37095088673370  |d| 12202108338872    936k mv/s  1024   0.0  2048   0.0  4096   0.0  8192   0.0  16k   0.0  32k   0.0
ep 140000         29s  mean      2222  max     8256  V 30993122615464  |d| 10941740731878    937k mv/s  1024   0.0  2048   0.0  4096   0.0  8192   0.0  16k   0.0  32k   0.0
ep 160000         33s  mean      2197  max    10444  V 26269123259266  |d| 9916749658809    939k mv/s  1024   0.0  2048   0.0  4096   0.0  8192   0.0  16k   0.0  32k   0.0
ep 180000         37s  mean      2152  max     7624  V 22491733331666  |d| 9042414666473    941k mv/s  1024   0.0  2048   0.0  4096   0.0  8192   0.0  16k   0.0  32k   0.0
ep 200000         41s  mean      2093  max     9552  V 19349963858330  |d| 8373354652623    944k mv/s  1024   0.0  2048   0.0  4096   0.0  8192   0.0  16k   0.0  32k   0.0
ep 220000         44s  mean      2030  max     7036  V 16809630779275  |d| 7822708952909    948k mv/s  1024   0.0  2048   0.0  4096   0.0  8192   0.0  16k   0.0  32k   0.0
ep 240000         48s  mean      1982  max     7160  V 14715729887239  |d| 7288935630456    954k mv/s  1024   0.0  2048   0.0  4096   0.0  8192   0.0  16k   0.0  32k   0.0
ep 260000         51s  mean      1951  max     9840  V 12883384156933  |d| 6831294216268    958k mv/s  1024   0.0  2048   0.0  4096   0.0  8192   0.0  16k   0.0  32k   0.0
ep 280000         55s  mean      1874  max     8652  V 11373216701490  |d| 6416474525481    960k mv/s  1024   0.0  2048   0.0  4096   0.0  8192   0.0  16k   0.0  32k   0.0
ep 300000         58s  mean      1818  max    10116  V 9988337269221  |d| 6111040128651    960k mv/s  1024   0.0  2048   0.0  4096   0.0  8192   0.0  16k   0.0  32k   0.0
ep 320000         62s  mean      1780  max     6924  V 8921273295762  |d| 5766616841127    960k mv/s  1024   0.0  2048   0.0  4096   0.0  8192   0.0  16k   0.0  32k   0.0
ep 340000         65s  mean      1729  max     6836  V 7931122518960  |d| 5447225598054    960k mv/s  1024   0.0  2048   0.0  4096   0.0  8192   0.0  16k   0.0  32k   0.0
ep 360000         68s  mean      1686  max     7272  V 7050097818718  |d| 5178471121945    960k mv/s  1024   0.0  2048   0.0  4096   0.0  8192   0.0  16k   0.0  32k   0.0
ep 380000         71s  mean      1644  max     7248  V 6307426157360  |d| 4947064950430    962k mv/s  1024   0.0  2048   0.0  4096   0.0  8192   0.0  16k   0.0  32k   0.0
ep 400000         75s  mean      1609  max     7164  V 5682525387042  |d| 4770202179866    963k mv/s  1024   0.0  2048   0.0  4096   0.0  8192   0.0  16k   0.0  32k   0.0
ep 420000         78s  mean      1559  max     6724  V 5165871225965  |d| 4528379577102    963k mv/s  1024   0.0  2048   0.0  4096   0.0  8192   0.0  16k   0.0  32k   0.0
ep 440000         81s  mean      1514  max     6920  V 4610227461210  |d| 4371494565120    964k mv/s  1024   0.0  2048   0.0  4096   0.0  8192   0.0  16k   0.0  32k   0.0
ep 460000         84s  mean      1495  max     6728  V 4159696006988  |d| 4208223461931    966k mv/s  1024   0.0  2048   0.0  4096   0.0  8192   0.0  16k   0.0  32k   0.0
ep 480000         87s  mean      1448  max     6712  V 3753801703807  |d| 4037955119330    966k mv/s  1024   0.0  2048   0.0  4096   0.0  8192   0.0  16k   0.0  32k   0.0
ep 500000         89s  mean      1416  max     6444  V 3468389781259  |d| 3862957911639    967k mv/s  1024   0.0  2048   0.0  4096   0.0  8192   0.0  16k   0.0  32k   0.0
ep 520000         92s  mean      1373  max     6560  V 3066403471753  |d| 3767116621485    966k mv/s  1024   0.0  2048   0.0  4096   0.0  8192   0.0  16k   0.0  32k   0.0
ep 540000         95s  mean      1330  max     6320  V 2815523776608  |d| 3617006828829    966k mv/s  1024   0.0  2048   0.0  4096   0.0  8192   0.0  16k   0.0  32k   0.0
ep 560000         98s  mean      1313  max     5676  V 2555218609888  |d| 3545721901869    966k mv/s  1024   0.0  2048   0.0  4096   0.0  8192   0.0  16k   0.0  32k   0.0
ep 580000        101s  mean      1285  max     5800  V 2365225887763  |d| 3418214612592    965k mv/s  1024   0.0  2048   0.0  4096   0.0  8192   0.0  16k   0.0  32k   0.0
ep 600000        103s  mean      1245  max     6164  V 2092384104047  |d| 3302304367961    965k mv/s  1024   0.0  2048   0.0  4096   0.0  8192   0.0  16k   0.0  32k   0.0
ep 620000        106s  mean      1219  max     5484  V 1939748782591  |d| 3172956451078    966k mv/s  1024   0.0  2048   0.0  4096   0.0  8192   0.0  16k   0.0  32k   0.0
ep 640000        109s  mean      1194  max     6272  V 1747685942124  |d| 3075111911491    966k mv/s  1024   0.0  2048   0.0  4096   0.0  8192   0.0  16k   0.0  32k   0.0
ep 660000        111s  mean      1162  max     5416  V 1565777094656  |d| 3021892745745    966k mv/s  1024   0.0  2048   0.0  4096   0.0  8192   0.0  16k   0.0  32k   0.0
ep 680000        114s  mean      1139  max     6312  V 1492105315128  |d| 2917636902274    966k mv/s  1024   0.0  2048   0.0  4096   0.0  8192   0.0  16k   0.0  32k   0.0
ep 700000        116s  mean      1120  max     5496  V 1328940895838  |d| 2857240621067    966k mv/s  1024   0.0  2048   0.0  4096   0.0  8192   0.0  16k   0.0  32k   0.0
ep 720000        119s  mean      1100  max     5540  V 1247598241677  |d| 2796026998128    966k mv/s  1024   0.0  2048   0.0  4096   0.0  8192   0.0  16k   0.0  32k   0.0
ep 740000        121s  mean      1080  max     5472  V 1168253051190  |d| 2707185016980    965k mv/s  1024   0.0  2048   0.0  4096   0.0  8192   0.0  16k   0.0  32k   0.0
ep 760000        124s  mean      1067  max     5644  V 1078191256709  |d| 2631807207203    965k mv/s  1024   0.0  2048   0.0  4096   0.0  8192   0.0  16k   0.0  32k   0.0
ep 780000        126s  mean      1045  max     5260  V 990348812843  |d| 2595132002299    965k mv/s  1024   0.0  2048   0.0  4096   0.0  8192   0.0  16k   0.0  32k   0.0
ep 800000        129s  mean      1030  max     5472  V 904314498455  |d| 2557161293208    965k mv/s  1024   0.0  2048   0.0  4096   0.0  8192   0.0  16k   0.0  32k   0.0
ep 820000        131s  mean      1016  max     5216  V 865051902056  |d| 2480196926077    964k mv/s  1024   0.0  2048   0.0  4096   0.0  8192   0.0  16k   0.0  32k   0.0
ep 840000        133s  mean       987  max     4996  V 777153569211  |d| 2385358604912    964k mv/s  1024   0.0  2048   0.0  4096   0.0  8192   0.0  16k   0.0  32k   0.0
ep 860000        136s  mean       982  max     5416  V 733520843374  |d| 2353838043968    964k mv/s  1024   0.0  2048   0.0  4096   0.0  8192   0.0  16k   0.0  32k   0.0
ep 880000        138s  mean       968  max     5012  V 672932647715  |d| 2299907548027    964k mv/s  1024   0.0  2048   0.0  4096   0.0  8192   0.0  16k   0.0  32k   0.0
ep 900000        140s  mean       953  max     5036  V 597055766714  |d| 2248942649699    963k mv/s  1024   0.0  2048   0.0  4096   0.0  8192   0.0  16k   0.0  32k   0.0
ep 920000        143s  mean       936  max     5136  V 546233106814  |d| 2226172176584    963k mv/s  1024   0.0  2048   0.0  4096   0.0  8192   0.0  16k   0.0  32k   0.0
ep 940000        145s  mean       934  max     5064  V 547495578041  |d| 2207793211198    963k mv/s  1024   0.0  2048   0.0  4096   0.0  8192   0.0  16k   0.0  32k   0.0
ep 960000        147s  mean       919  max     5376  V 527326821800  |d| 2153841406510    963k mv/s  1024   0.0  2048   0.0  4096   0.0  8192   0.0  16k   0.0  32k   0.0
ep 980000        149s  mean       904  max     5104  V 489729300348  |d| 2095338134100    962k mv/s  1024   0.0  2048   0.0  4096   0.0  8192   0.0  16k   0.0  32k   0.0
ep 1000000       151s  mean       900  max     5344  V 496944149700  |d| 2078406755693    963k mv/s  1024   0.0  2048   0.0  4096   0.0  8192   0.0  16k   0.0  32k   0.0
ep 1020000       154s  mean       889  max     5180  V 454656969892  |d| 2016306376986    963k mv/s  1024   0.0  2048   0.0  4096   0.0  8192   0.0  16k   0.0  32k   0.0
ep 1040000       156s  mean       876  max     5200  V 435693197308  |d| 2010384586072    963k mv/s  1024   0.0  2048   0.0  4096   0.0  8192   0.0  16k   0.0  32k   0.0
ep 1060000       158s  mean       879  max     3292  V 395936349964  |d| 1956020961203    962k mv/s  1024   0.0  2048   0.0  4096   0.0  8192   0.0  16k   0.0  32k   0.0
ep 1080000       160s  mean       872  max     5092  V 409143499500  |d| 1937567450282    962k mv/s  1024   0.0  2048   0.0  4096   0.0  8192   0.0  16k   0.0  32k   0.0
ep 1100000       162s  mean       859  max     5024  V 378285726257  |d| 1889936683369    962k mv/s  1024   0.0  2048   0.0  4096   0.0  8192   0.0  16k   0.0  32k   0.0
ep 1120000       164s  mean       850  max     4944  V 375247003120  |d| 1859230458561    962k mv/s  1024   0.0  2048   0.0  4096   0.0  8192   0.0  16k   0.0  32k   0.0
ep 1140000       167s  mean       838  max     5172  V 366629230838  |d| 1845132435618    962k mv/s  1024   0.0  2048   0.0  4096   0.0  8192   0.0  16k   0.0  32k   0.0
ep 1160000       169s  mean       830  max     5268  V 314951515306  |d| 1795436313599    962k mv/s  1024   0.0  2048   0.0  4096   0.0  8192   0.0  16k   0.0  32k   0.0
ep 1180000       171s  mean       825  max     4480  V 303627675964  |d| 1768196006297    962k mv/s  1024   0.0  2048   0.0  4096   0.0  8192   0.0  16k   0.0  32k   0.0
ep 1200000       173s  mean       815  max     5308  V 290234065895  |d| 1745426326955    963k mv/s  1024   0.0  2048   0.0  4096   0.0  8192   0.0  16k   0.0  32k   0.0
ep 1220000       175s  mean       813  max     4828  V 254914327389  |d| 1767852533546    963k mv/s  1024   0.0  2048   0.0  4096   0.0  8192   0.0  16k   0.0  32k   0.0
ep 1240000       177s  mean       807  max     5648  V 279029469255  |d| 1673903010913    964k mv/s  1024   0.0  2048   0.0  4096   0.0  8192   0.0  16k   0.0  32k   0.0
ep 1260000       179s  mean       801  max     5460  V 247802264575  |d| 1667219215279    964k mv/s  1024   0.0  2048   0.0  4096   0.0  8192   0.0  16k   0.0  32k   0.0
saving final checkpoint -> runs/sweep/a0.5.bin
done: 1275132 episodes, 173589073 moves, 183.6 s
exit=0
=== alpha=0.2 ===
patterns=8  weights/stage=134217728  stages=1  memory=1.50 GiB  threads=14  alpha=0.200  TC=on
ep 20000           5s  mean      2444  max    12288  V      4141  |d|    1279    876k mv/s  1024   0.0  2048   0.0  4096   0.0  8192   0.0  16k   0.0  32k   0.0
ep 40000          11s  mean      3444  max    15224  V      2483  |d|     440    893k mv/s  1024   1.0  2048   0.0  4096   0.0  8192   0.0  16k   0.0  32k   0.0
ep 60000          18s  mean      4341  max    16512  V      2267  |d|     315    893k mv/s  1024   4.1  2048   0.0  4096   0.0  8192   0.0  16k   0.0  32k   0.0
ep 80000          26s  mean      5366  max    25892  V      2239  |d|     244    902k mv/s  1024  11.1  2048   0.0  4096   0.0  8192   0.0  16k   0.0  32k   0.0
ep 100000         35s  mean      6725  max    34196  V      2350  |d|     197    908k mv/s  1024  23.9  2048   0.2  4096   0.0  8192   0.0  16k   0.0  32k   0.0
ep 120000         46s  mean      8210  max    32548  V      2602  |d|     165    911k mv/s  1024  38.5  2048   1.1  4096   0.0  8192   0.0  16k   0.0  32k   0.0
ep 140000         59s  mean     10152  max    34180  V      2971  |d|     143    917k mv/s  1024  53.6  2048   4.0  4096   0.0  8192   0.0  16k   0.0  32k   0.0
ep 160000         74s  mean     11782  max    36080  V      3519  |d|     130    928k mv/s  1024  63.6  2048   8.9  4096   0.0  8192   0.0  16k   0.0  32k   0.0
ep 180000         89s  mean     13120  max    36776  V      4263  |d|     126    936k mv/s  1024  69.7  2048  14.3  4096   0.0  8192   0.0  16k   0.0  32k   0.0
ep 200000        105s  mean     14194  max    49600  V      5352  |d|     125    944k mv/s  1024  71.6  2048  20.8  4096   0.0  8192   0.0  16k   0.0  32k   0.0
ep 220000        124s  mean     15853  max    58556  V      6379  |d|     130    948k mv/s  1024  76.2  2048  27.8  4096   0.0  8192   0.0  16k   0.0  32k   0.0
ep 240000        143s  mean     17414  max    50860  V      7426  |d|     135    955k mv/s  1024  78.7  2048  35.5  4096   0.1  8192   0.0  16k   0.0  32k   0.0
ep 260000        163s  mean     18783  max    56168  V      8581  |d|     141    960k mv/s  1024  79.4  2048  42.5  4096   0.1  8192   0.0  16k   0.0  32k   0.0
saving final checkpoint -> runs/sweep/a0.2.bin
done: 275587 episodes, 173337979 moves, 183.6 s
exit=0
=== alpha=0.1 ===
patterns=8  weights/stage=134217728  stages=1  memory=1.50 GiB  threads=14  alpha=0.100  TC=on
ep 20000          28s  mean     21521  max    81072  V      4051  |d|     108    865k mv/s  1024  82.8  2048  36.3  4096   1.7  8192   0.0  16k   0.0  32k   0.0
ep 40000          68s  mean     34200  max   126492  V      8413  |d|     143    870k mv/s  1024  96.8  2048  72.3  4096  12.4  8192   0.1  16k   0.0  32k   0.0
ep 60000         117s  mean     43038  max   156948  V     12149  |d|     166    872k mv/s  1024  98.2  2048  81.5  4096  29.7  8192   0.5  16k   0.0  32k   0.0
ep 80000         172s  mean     49688  max   168548  V     15473  |d|     181    876k mv/s  1024  98.7  2048  86.3  4096  41.5  8192   1.5  16k   0.0  32k   0.0
saving final checkpoint -> runs/sweep/a0.1.bin
done: 82749 episodes, 157804731 moves, 183.6 s
exit=0
=== alpha=0.05 ===
patterns=8  weights/stage=134217728  stages=1  memory=1.50 GiB  threads=14  alpha=0.050  TC=on
ep 20000          23s  mean     16862  max    67200  V      2526  |d|      89    854k mv/s  1024  72.3  2048  19.2  4096   0.2  8192   0.0  16k   0.0  32k   0.0
ep 40000          55s  mean     25195  max    77532  V      5128  |d|     119    863k mv/s  1024  91.8  2048  50.2  4096   2.3  8192   0.0  16k   0.0  32k   0.0
ep 60000          92s  mean     31095  max   113444  V      7233  |d|     135    866k mv/s  1024  96.2  2048  67.5  4096   7.7  8192   0.0  16k   0.0  32k   0.0
ep 80000         134s  mean     35947  max   138504  V      9191  |d|     147    872k mv/s  1024  97.4  2048  75.5  4096  15.1  8192   0.1  16k   0.0  32k   0.0
saving final checkpoint -> runs/sweep/a0.05.bin
done: 99868 episodes, 157374636 moves, 183.8 s
exit=0
SWEEP COMPLETE
