loading runs/ab/base.bin ...
re-staged 1 -> 3 stage(s), all seeded from stage 0
patterns=8  weights/stage=134217728  stages=3  memory=4.50 GiB  threads=4  alpha=0.100  TC=on
ep 2000           50s  mean    208728  max   410264  V    144440  |d|     380    334k mv/s  1024  99.8  2048  98.8  4096  95.7  8192  86.8  16k  40.8  32k   0.0
ep 4000           98s  mean    206330  max   475524  V    144712  |d|     377    335k mv/s  1024  99.8  2048  98.6  4096  94.9  8192  84.4  16k  40.9  32k   0.1
ep 6000          147s  mean    206659  max   424124  V    144682  |d|     377    336k mv/s  1024  99.8  2048  99.1  4096  95.8  8192  85.9  16k  40.0  32k   0.0
ep 8000          196s  mean    208386  max   404964  V    144665  |d|     378    336k mv/s  1024  99.8  2048  98.8  4096  95.8  8192  86.2  16k  41.5  32k   0.0
ep 10000         244s  mean    203618  max   387588  V    145226  |d|     377    337k mv/s  1024  99.9  2048  98.8  4096  95.8  8192  85.5  16k  39.1  32k   0.0
ep 12000         293s  mean    208806  max   387336  V    144561  |d|     379    337k mv/s  1024  99.7  2048  98.7  4096  95.5  8192  84.8  16k  42.0  32k   0.0
ep 14000         341s  mean    204654  max   423944  V    144957  |d|     378    336k mv/s  1024  99.9  2048  98.5  4096  95.4  8192  84.3  16k  40.5  32k   0.0
ep 16000         389s  mean    208198  max   466068  V    144624  |d|     380    337k mv/s  1024  99.9  2048  99.0  4096  95.6  8192  85.6  16k  40.6  32k   0.1
ep 18000         439s  mean    208289  max   417440  V    144973  |d|     378    337k mv/s  1024  99.9  2048  99.0  4096  95.4  8192  85.5  16k  42.2  32k   0.0
ep 20000         487s  mean    206639  max   387360  V    145164  |d|     377    337k mv/s  1024  99.7  2048  98.4  4096  95.3  8192  85.0  16k  41.1  32k   0.0
ep 22000         536s  mean    205749  max   420628  V    145120  |d|     377    337k mv/s  1024  99.8  2048  99.3  4096  95.5  8192  85.4  16k  40.2  32k   0.0
ep 24000         585s  mean    205478  max   456760  V    145248  |d|     377    337k mv/s  1024  99.8  2048  99.0  4096  96.2  8192  85.1  16k  39.4  32k   0.1
ep 26000         633s  mean    208241  max   469012  V    145041  |d|     379    337k mv/s  1024  99.9  2048  99.1  4096  96.3  8192  86.6  16k  41.2  32k   0.1
ep 28000         683s  mean    208758  max   389244  V    144712  |d|     379    336k mv/s  1024 100.0  2048  98.8  4096  95.2  8192  84.0  16k  42.0  32k   0.0
ep 30000         732s  mean    205407  max   408812  V    145037  |d|     380    336k mv/s  1024 100.0  2048  98.8  4096  95.1  8192  84.5  16k  40.6  32k   0.0
ep 32000         781s  mean    205123  max   411668  V    145541  |d|     378    336k mv/s  1024  99.8  2048  98.8  4096  95.8  8192  85.9  16k  39.8  32k   0.0
ep 34000         830s  mean    210550  max   387076  V    145107  |d|     376    336k mv/s  1024  99.9  2048  99.2  4096  96.2  8192  87.0  16k  41.9  32k   0.0
ep 36000         879s  mean    205945  max   388536  V    145423  |d|     379    336k mv/s  1024  99.8  2048  99.0  4096  95.9  8192  86.0  16k  40.3  32k   0.0
checkpoint -> runs/ab/classic.bin (ep 36876)
ep 38000         927s  mean    204413  max   553604  V    145285  |d|     382    336k mv/s  1024  99.8  2048  98.5  4096  95.5  8192  84.3  16k  40.0  32k   0.1
ep 40000         976s  mean    209657  max   387724  V    145144  |d|     376    336k mv/s  1024  99.8  2048  98.8  4096  96.0  8192  85.1  16k  42.1  32k   0.0
ep 42000        1027s  mean    214464  max   523592  V    144728  |d|     378    336k mv/s  1024  99.9  2048  99.2  4096  96.0  8192  87.3  16k  42.9  32k   0.1
ep 44000        1076s  mean    207520  max   439740  V    145672  |d|     376    336k mv/s  1024  99.8  2048  99.2  4096  95.9  8192  86.5  16k  41.4  32k   0.0
