loading runs/ab/base.bin ...
re-staged 1 -> 3 stage(s), all seeded from stage 0
patterns=8  weights/stage=134217728  stages=3  memory=4.50 GiB  threads=4  alpha=0.100  TC=on
ep 2000           48s  mean    204722  max   405472  V    144995  |d|     378    339k mv/s  1024  99.7  2048  98.8  4096  95.3  8192  85.6  16k  39.9  32k   0.0
ep 4000           95s  mean    203958  max   411816  V    144922  |d|     375    340k mv/s  1024  99.8  2048  98.8  4096  95.0  8192  84.8  16k  39.3  32k   0.0
ep 6000          143s  mean    206687  max   405268  V    144670  |d|     377    341k mv/s  1024  99.9  2048  98.5  4096  95.3  8192  84.3  16k  40.1  32k   0.0
ep 8000          192s  mean    209812  max   417684  V    144761  |d|     374    341k mv/s  1024 100.0  2048  99.0  4096  95.4  8192  86.6  16k  41.6  32k   0.0
ep 10000         240s  mean    207428  max   405424  V    144984  |d|     374    341k mv/s  1024  99.8  2048  98.8  4096  95.8  8192  85.5  16k  40.9  32k   0.0
ep 12000         289s  mean    209124  max   531300  V    144854  |d|     375    341k mv/s  1024  99.8  2048  98.6  4096  95.2  8192  86.5  16k  40.9  32k   0.1
ep 14000         337s  mean    208171  max   579336  V    144841  |d|     377    341k mv/s  1024  99.8  2048  98.9  4096  95.2  8192  85.2  16k  41.5  32k   0.1
ep 16000         386s  mean    210421  max   473832  V    144910  |d|     374    341k mv/s  1024  99.8  2048  99.0  4096  95.2  8192  86.3  16k  42.1  32k   0.0
ep 18000         434s  mean    207635  max   415676  V    145080  |d|     378    341k mv/s  1024  99.9  2048  98.8  4096  96.4  8192  85.2  16k  41.6  32k   0.0
ep 20000         482s  mean    209220  max   409628  V    145101  |d|     375    341k mv/s  1024 100.0  2048  99.0  4096  95.8  8192  86.2  16k  41.1  32k   0.0
ep 22000         531s  mean    210397  max   406740  V    145002  |d|     375    342k mv/s  1024  99.9  2048  98.8  4096  95.3  8192  86.6  16k  42.0  32k   0.0
ep 24000         580s  mean    208938  max   581548  V    145249  |d|     375    341k mv/s  1024  99.8  2048  98.5  4096  95.2  8192  86.0  16k  41.5  32k   0.1
ep 26000         628s  mean    208278  max   557660  V    145264  |d|     375    341k mv/s  1024  99.9  2048  99.0  4096  95.5  8192  85.0  16k  41.4  32k   0.1
ep 28000         676s  mean    208467  max   467948  V    145375  |d|     375    341k mv/s  1024  99.7  2048  99.0  4096  95.2  8192  85.6  16k  42.0  32k   0.1
ep 30000         724s  mean    207144  max   422148  V    145487  |d|     374    342k mv/s  1024  99.8  2048  98.6  4096  95.0  8192  84.7  16k  41.5  32k   0.0
ep 32000         773s  mean    210339  max   530064  V    144963  |d|     380    342k mv/s  1024  99.8  2048  98.6  4096  95.2  8192  85.0  16k  42.6  32k   0.1
ep 34000         821s  mean    207882  max   409660  V    145474  |d|     375    341k mv/s  1024  99.8  2048  98.9  4096  95.5  8192  86.2  16k  41.2  32k   0.0
ep 36000         870s  mean    208599  max   529300  V    145779  |d|     375    341k mv/s  1024  99.8  2048  99.0  4096  95.2  8192  85.3  16k  42.4  32k   0.1
checkpoint -> runs/ab/derived.bin (ep 37270)
ep 38000         918s  mean    204704  max   388160  V    145694  |d|     375    341k mv/s  1024  99.6  2048  98.3  4096  94.7  8192  84.0  16k  39.8  32k   0.0
ep 40000         967s  mean    210803  max   411472  V    145390  |d|     377    341k mv/s  1024  99.8  2048  98.8  4096  95.7  8192  85.7  16k  42.9  32k   0.0
ep 42000        1015s  mean    210340  max   510712  V    145732  |d|     374    341k mv/s  1024  99.8  2048  98.7  4096  95.6  8192  86.9  16k  42.2  32k   0.1
ep 44000        1063s  mean    211100  max   431448  V    145392  |d|     378    342k mv/s  1024  99.8  2048  99.0  4096  95.9  8192  86.8  16k  42.9  32k   0.0
