loading runs/ab/base.bin ...
resumed 1 stage(s)
patterns=8  weights/stage=134217728  stages=1  memory=1.50 GiB  threads=4  alpha=0.100  TC=on
ep 2000           55s  mean    207060  max   512300  V    144414  |d|     382    299k mv/s  1024  99.9  2048  98.9  4096  95.8  8192  86.7  16k  40.0  32k   0.1
ep 4000          110s  mean    210288  max   515312  V    144537  |d|     380    301k mv/s  1024 100.0  2048  99.2  4096  96.0  8192  85.0  16k  42.6  32k   0.1
ep 6000          165s  mean    206069  max   419540  V    144947  |d|     378    300k mv/s  1024  99.8  2048  98.8  4096  95.0  8192  84.5  16k  40.9  32k   0.0
ep 8000          220s  mean    208726  max   508528  V    144638  |d|     378    300k mv/s  1024  99.8  2048  98.5  4096  95.0  8192  85.8  16k  41.1  32k   0.1
ep 10000         275s  mean    205690  max   488556  V    144705  |d|     384    299k mv/s  1024  99.8  2048  98.6  4096  95.2  8192  84.2  16k  41.5  32k   0.1
ep 12000         328s  mean    203373  max   409956  V    145354  |d|     379    300k mv/s  1024  99.7  2048  98.5  4096  95.1  8192  84.6  16k  39.6  32k   0.0
ep 14000         383s  mean    208839  max   411748  V    144677  |d|     380    300k mv/s  1024  99.8  2048  98.5  4096  95.0  8192  85.5  16k  41.4  32k   0.0
ep 16000         437s  mean    207450  max   583400  V    145115  |d|     378    300k mv/s  1024  99.8  2048  98.7  4096  95.5  8192  85.2  16k  40.9  32k   0.1
ep 18000         492s  mean    206357  max   551148  V    145041  |d|     381    300k mv/s  1024  99.7  2048  98.4  4096  95.0  8192  85.4  16k  40.4  32k   0.1
ep 20000         548s  mean    210223  max   488648  V    144995  |d|     380    300k mv/s  1024  99.9  2048  98.5  4096  95.3  8192  86.1  16k  42.0  32k   0.1
ep 22000         603s  mean    207720  max   456268  V    145420  |d|     377    300k mv/s  1024  99.9  2048  99.0  4096  95.7  8192  86.5  16k  40.4  32k   0.0
ep 24000         659s  mean    208199  max   509548  V    145154  |d|     379    299k mv/s  1024 100.0  2048  98.5  4096  95.2  8192  84.9  16k  40.9  32k   0.1
ep 26000         715s  mean    210222  max   425028  V    145074  |d|     381    299k mv/s  1024  99.8  2048  98.8  4096  96.2  8192  86.5  16k  41.4  32k   0.0
ep 28000         771s  mean    211399  max   479992  V    145137  |d|     380    299k mv/s  1024  99.9  2048  99.0  4096  95.5  8192  86.2  16k  42.8  32k   0.1
ep 30000         826s  mean    205204  max   411300  V    145359  |d|     382    299k mv/s  1024  99.9  2048  98.5  4096  95.2  8192  84.5  16k  39.4  32k   0.0
ep 32000         882s  mean    209767  max   532740  V    145299  |d|     381    299k mv/s  1024 100.0  2048  99.2  4096  95.9  8192  86.1  16k  41.2  32k   0.1
checkpoint -> runs/ab/single.bin (ep 32691)
ep 34000         937s  mean    206913  max   484916  V    145700  |d|     378    299k mv/s  1024 100.0  2048  99.0  4096  95.2  8192  85.2  16k  40.5  32k   0.1
ep 36000         992s  mean    209977  max   407372  V    145665  |d|     378    299k mv/s  1024  99.9  2048  98.7  4096  95.6  8192  85.8  16k  42.0  32k   0.0
ep 38000        1046s  mean    206479  max   388556  V    146008  |d|     376    299k mv/s  1024  99.8  2048  98.8  4096  95.8  8192  84.9  16k  40.2  32k   0.0
